
============================================================
Alpha = 0.3
T = 5
L = 128
Batch size = 128
Steps = 15000
Checkpoints = /home/egalarraga/beam_dad/model_checkpoints/mean_var_loss/checkpoints_nx8/models/alpha_0.3/T5_L128_B128
============================================================
step      1 | loss = -0.2555 | mean(g_L) = +0.4053 | EMA = +0.4053 | std(g_L) = 0.7066 | grad = 0.1448
step     20 | loss = -0.2128 | mean(g_L) = +0.3830 | EMA = +0.4012 | std(g_L) = 0.7533 | grad = 0.0980
step     40 | loss = -0.2004 | mean(g_L) = +0.4068 | EMA = +0.3983 | std(g_L) = 0.8295 | grad = 0.1587
step     60 | loss = -0.2616 | mean(g_L) = +0.4169 | EMA = +0.4166 | std(g_L) = 0.7194 | grad = 0.1333
step     80 | loss = -0.2240 | mean(g_L) = +0.4086 | EMA = +0.4334 | std(g_L) = 0.7844 | grad = 0.1647
step    100 | loss = -0.2428 | mean(g_L) = +0.4729 | EMA = +0.4709 | std(g_L) = 0.8759 | grad = 0.2925
step    120 | loss = -0.3731 | mean(g_L) = +0.5940 | EMA = +0.5384 | std(g_L) = 0.8581 | grad = 0.1697
step    140 | loss = -0.2683 | mean(g_L) = +0.5936 | EMA = +0.6538 | std(g_L) = 1.0413 | grad = 0.3020
step    160 | loss = -0.5199 | mean(g_L) = +0.7645 | EMA = +0.7244 | std(g_L) = 0.9029 | grad = 0.3694
step    180 | loss = -0.6073 | mean(g_L) = +0.9016 | EMA = +0.8374 | std(g_L) = 0.9905 | grad = 0.3048
step    200 | loss = -0.9429 | mean(g_L) = +1.2726 | EMA = +1.0077 | std(g_L) = 1.0484 | grad = 0.3110
step    220 | loss = -0.9643 | mean(g_L) = +1.2303 | EMA = +1.1615 | std(g_L) = 0.9416 | grad = 0.6199
step    240 | loss = -0.7786 | mean(g_L) = +1.1660 | EMA = +1.2214 | std(g_L) = 1.1364 | grad = 0.6361
step    260 | loss = -1.1001 | mean(g_L) = +1.3709 | EMA = +1.3523 | std(g_L) = 0.9500 | grad = 0.5537
step    280 | loss = -1.4660 | mean(g_L) = +1.7187 | EMA = +1.4684 | std(g_L) = 0.9177 | grad = 0.3994
step    300 | loss = -1.3592 | mean(g_L) = +1.6370 | EMA = +1.5050 | std(g_L) = 0.9623 | grad = 0.4115
step    320 | loss = -1.3629 | mean(g_L) = +1.5864 | EMA = +1.5250 | std(g_L) = 0.8631 | grad = 0.4472
step    340 | loss = -1.3199 | mean(g_L) = +1.6407 | EMA = +1.5316 | std(g_L) = 1.0342 | grad = 0.6813
step    360 | loss = -1.1984 | mean(g_L) = +1.4709 | EMA = +1.5142 | std(g_L) = 0.9530 | grad = 0.5562
step    380 | loss = -1.3672 | mean(g_L) = +1.6320 | EMA = +1.5199 | std(g_L) = 0.9395 | grad = 0.5207
step    400 | loss = -1.3393 | mean(g_L) = +1.6251 | EMA = +1.5435 | std(g_L) = 0.9759 | grad = 0.4406
step    420 | loss = -1.2425 | mean(g_L) = +1.5309 | EMA = +1.5528 | std(g_L) = 0.9804 | grad = 0.5845
step    440 | loss = -1.3460 | mean(g_L) = +1.6680 | EMA = +1.5682 | std(g_L) = 1.0359 | grad = 0.6145
step    460 | loss = -1.1184 | mean(g_L) = +1.4260 | EMA = +1.5452 | std(g_L) = 1.0126 | grad = 0.5443
step    480 | loss = -1.2789 | mean(g_L) = +1.5774 | EMA = +1.5489 | std(g_L) = 0.9976 | grad = 1.0166
step    500 | loss = -1.3020 | mean(g_L) = +1.5746 | EMA = +1.5643 | std(g_L) = 0.9532 | grad = 0.6017
step    520 | loss = -1.2642 | mean(g_L) = +1.5646 | EMA = +1.5827 | std(g_L) = 1.0006 | grad = 0.6842
step    540 | loss = -1.3867 | mean(g_L) = +1.6797 | EMA = +1.5665 | std(g_L) = 0.9884 | grad = 0.4655
step    560 | loss = -1.2103 | mean(g_L) = +1.5844 | EMA = +1.5680 | std(g_L) = 1.1168 | grad = 0.4500
step    580 | loss = -1.2029 | mean(g_L) = +1.5283 | EMA = +1.5624 | std(g_L) = 1.0415 | grad = 0.4155
step    600 | loss = -1.3804 | mean(g_L) = +1.7090 | EMA = +1.5723 | std(g_L) = 1.0466 | grad = 0.6361
step    620 | loss = -1.2263 | mean(g_L) = +1.5370 | EMA = +1.5667 | std(g_L) = 1.0177 | grad = 0.3988
step    640 | loss = -1.3329 | mean(g_L) = +1.5934 | EMA = +1.5645 | std(g_L) = 0.9317 | grad = 0.4306
step    660 | loss = -1.3718 | mean(g_L) = +1.6530 | EMA = +1.5743 | std(g_L) = 0.9681 | grad = 0.3944
step    680 | loss = -1.2578 | mean(g_L) = +1.5352 | EMA = +1.5509 | std(g_L) = 0.9616 | grad = 0.2764
step    700 | loss = -1.3438 | mean(g_L) = +1.6762 | EMA = +1.5719 | std(g_L) = 1.0525 | grad = 0.4896
step    720 | loss = -1.2369 | mean(g_L) = +1.4881 | EMA = +1.5739 | std(g_L) = 0.9152 | grad = 0.3720
step    740 | loss = -1.1300 | mean(g_L) = +1.5142 | EMA = +1.5957 | std(g_L) = 1.1316 | grad = 1.1540
step    760 | loss = -0.8576 | mean(g_L) = +1.3208 | EMA = +1.5577 | std(g_L) = 1.2426 | grad = 0.4917
step    780 | loss = -1.3604 | mean(g_L) = +1.6576 | EMA = +1.5907 | std(g_L) = 0.9952 | grad = 0.8897
step    800 | loss = -1.1945 | mean(g_L) = +1.5631 | EMA = +1.5947 | std(g_L) = 1.1084 | grad = 0.3651
step    820 | loss = -1.0463 | mean(g_L) = +1.4452 | EMA = +1.5948 | std(g_L) = 1.1531 | grad = 0.4627
step    840 | loss = -1.2574 | mean(g_L) = +1.6139 | EMA = +1.6209 | std(g_L) = 1.0901 | grad = 1.2501
step    860 | loss = -1.2732 | mean(g_L) = +1.6464 | EMA = +1.6198 | std(g_L) = 1.1154 | grad = 1.0156
step    880 | loss = -1.4341 | mean(g_L) = +1.7141 | EMA = +1.6265 | std(g_L) = 0.9661 | grad = 0.6681
step    900 | loss = -1.4919 | mean(g_L) = +1.7867 | EMA = +1.6339 | std(g_L) = 0.9914 | grad = 0.6082
step    920 | loss = -1.3520 | mean(g_L) = +1.6661 | EMA = +1.6362 | std(g_L) = 1.0231 | grad = 0.5133
step    940 | loss = -1.2807 | mean(g_L) = +1.6805 | EMA = +1.6268 | std(g_L) = 1.1544 | grad = 0.4778
step    960 | loss = -1.3993 | mean(g_L) = +1.7442 | EMA = +1.6430 | std(g_L) = 1.0722 | grad = 0.6322
step    980 | loss = -1.4016 | mean(g_L) = +1.6440 | EMA = +1.6305 | std(g_L) = 0.8989 | grad = 0.7811
step   1000 | loss = -1.2960 | mean(g_L) = +1.6484 | EMA = +1.6091 | std(g_L) = 1.0837 | grad = 0.5364
step   1020 | loss = -1.2583 | mean(g_L) = +1.5761 | EMA = +1.6512 | std(g_L) = 1.0293 | grad = 0.6074
step   1040 | loss = -1.3382 | mean(g_L) = +1.7140 | EMA = +1.6608 | std(g_L) = 1.1192 | grad = 0.8566
step   1060 | loss = -1.3210 | mean(g_L) = +1.6907 | EMA = +1.6738 | std(g_L) = 1.1101 | grad = 0.4442
step   1080 | loss = -1.1858 | mean(g_L) = +1.5782 | EMA = +1.6369 | std(g_L) = 1.1438 | grad = 1.0376
step   1100 | loss = -1.3401 | mean(g_L) = +1.6127 | EMA = +1.6333 | std(g_L) = 0.9531 | grad = 0.3969
step   1120 | loss = -1.2155 | mean(g_L) = +1.5695 | EMA = +1.6330 | std(g_L) = 1.0863 | grad = 0.7412
step   1140 | loss = -1.4372 | mean(g_L) = +1.6723 | EMA = +1.6594 | std(g_L) = 0.8851 | grad = 0.7613
step   1160 | loss = -1.4424 | mean(g_L) = +1.7625 | EMA = +1.6783 | std(g_L) = 1.0328 | grad = 0.3557
step   1180 | loss = -1.3199 | mean(g_L) = +1.6123 | EMA = +1.6721 | std(g_L) = 0.9872 | grad = 0.3592
step   1200 | loss = -1.2100 | mean(g_L) = +1.6222 | EMA = +1.6699 | std(g_L) = 1.1722 | grad = 0.4690
step   1220 | loss = -1.2485 | mean(g_L) = +1.5293 | EMA = +1.6463 | std(g_L) = 0.9675 | grad = 0.5749
step   1240 | loss = -1.4808 | mean(g_L) = +1.7692 | EMA = +1.6724 | std(g_L) = 0.9806 | grad = 0.6482
step   1260 | loss = -1.5386 | mean(g_L) = +1.7770 | EMA = +1.6855 | std(g_L) = 0.8915 | grad = 0.2747
step   1280 | loss = -1.2987 | mean(g_L) = +1.6174 | EMA = +1.6683 | std(g_L) = 1.0306 | grad = 1.0690
step   1300 | loss = -1.3069 | mean(g_L) = +1.6520 | EMA = +1.6726 | std(g_L) = 1.0726 | grad = 1.1054
step   1320 | loss = -1.4194 | mean(g_L) = +1.7664 | EMA = +1.6798 | std(g_L) = 1.0755 | grad = 0.6909
step   1340 | loss = -1.3769 | mean(g_L) = +1.6651 | EMA = +1.6837 | std(g_L) = 0.9801 | grad = 1.2395
step   1360 | loss = -1.5652 | mean(g_L) = +1.8599 | EMA = +1.6859 | std(g_L) = 0.9911 | grad = 0.6918
step   1380 | loss = -1.2665 | mean(g_L) = +1.5871 | EMA = +1.6940 | std(g_L) = 1.0337 | grad = 0.3539
step   1400 | loss = -1.1997 | mean(g_L) = +1.5507 | EMA = +1.7004 | std(g_L) = 1.0816 | grad = 0.2056
step   1420 | loss = -1.3955 | mean(g_L) = +1.6803 | EMA = +1.7039 | std(g_L) = 0.9743 | grad = 0.5888
step   1440 | loss = -1.4216 | mean(g_L) = +1.7789 | EMA = +1.6997 | std(g_L) = 1.0914 | grad = 0.4550
step   1460 | loss = -1.4752 | mean(g_L) = +1.6840 | EMA = +1.7014 | std(g_L) = 0.8344 | grad = 0.1650
step   1480 | loss = -1.3563 | mean(g_L) = +1.7545 | EMA = +1.7326 | std(g_L) = 1.1521 | grad = 0.7115
step   1500 | loss = -1.4959 | mean(g_L) = +1.7689 | EMA = +1.7347 | std(g_L) = 0.9539 | grad = 0.3027
step   1520 | loss = -1.4024 | mean(g_L) = +1.6966 | EMA = +1.7174 | std(g_L) = 0.9904 | grad = 0.3804
step   1540 | loss = -1.5913 | mean(g_L) = +1.8707 | EMA = +1.7366 | std(g_L) = 0.9651 | grad = 0.2874
step   1560 | loss = -1.3922 | mean(g_L) = +1.7312 | EMA = +1.7476 | std(g_L) = 1.0630 | grad = 0.7072
step   1580 | loss = -1.5024 | mean(g_L) = +1.7649 | EMA = +1.7474 | std(g_L) = 0.9353 | grad = 0.9523
step   1600 | loss = -1.4046 | mean(g_L) = +1.7231 | EMA = +1.7717 | std(g_L) = 1.0303 | grad = 0.6627
step   1620 | loss = -1.3367 | mean(g_L) = +1.6105 | EMA = +1.7346 | std(g_L) = 0.9553 | grad = 0.4704
step   1640 | loss = -1.3432 | mean(g_L) = +1.7295 | EMA = +1.7371 | std(g_L) = 1.1348 | grad = 0.4755
step   1660 | loss = -1.4380 | mean(g_L) = +1.7591 | EMA = +1.7540 | std(g_L) = 1.0346 | grad = 0.9420
step   1680 | loss = -1.7152 | mean(g_L) = +1.9698 | EMA = +1.8051 | std(g_L) = 0.9213 | grad = 0.2458
step   1700 | loss = -1.3543 | mean(g_L) = +1.7079 | EMA = +1.7724 | std(g_L) = 1.0856 | grad = 1.7701
step   1720 | loss = -1.5030 | mean(g_L) = +1.7993 | EMA = +1.7900 | std(g_L) = 0.9939 | grad = 0.6136
step   1740 | loss = -1.5849 | mean(g_L) = +1.8461 | EMA = +1.7968 | std(g_L) = 0.9332 | grad = 0.3590
step   1760 | loss = -1.5154 | mean(g_L) = +1.7814 | EMA = +1.8120 | std(g_L) = 0.9416 | grad = 0.8003
step   1780 | loss = -1.4087 | mean(g_L) = +1.7115 | EMA = +1.7834 | std(g_L) = 1.0046 | grad = 0.7364
step   1800 | loss = -1.4937 | mean(g_L) = +1.7630 | EMA = +1.7911 | std(g_L) = 0.9475 | grad = 0.5008
step   1820 | loss = -1.5256 | mean(g_L) = +1.8137 | EMA = +1.8061 | std(g_L) = 0.9799 | grad = 0.5824
step   1840 | loss = -1.6051 | mean(g_L) = +1.8204 | EMA = +1.8075 | std(g_L) = 0.8471 | grad = 0.3043
step   1860 | loss = -1.2244 | mean(g_L) = +1.5924 | EMA = +1.8102 | std(g_L) = 1.1075 | grad = 0.7620
step   1880 | loss = -1.4989 | mean(g_L) = +1.8047 | EMA = +1.8082 | std(g_L) = 1.0097 | grad = 0.7183
step   1900 | loss = -1.4685 | mean(g_L) = +1.7620 | EMA = +1.8119 | std(g_L) = 0.9891 | grad = 0.7721
step   1920 | loss = -1.5080 | mean(g_L) = +1.8302 | EMA = +1.8127 | std(g_L) = 1.0364 | grad = 1.6328
step   1940 | loss = -1.7532 | mean(g_L) = +1.9223 | EMA = +1.8235 | std(g_L) = 0.7508 | grad = 0.4484
step   1960 | loss = -1.5719 | mean(g_L) = +1.8493 | EMA = +1.8151 | std(g_L) = 0.9616 | grad = 0.3577
step   1980 | loss = -1.4433 | mean(g_L) = +1.7696 | EMA = +1.8308 | std(g_L) = 1.0428 | grad = 0.4562
step   2000 | loss = -1.5631 | mean(g_L) = +1.8163 | EMA = +1.8317 | std(g_L) = 0.9186 | grad = 1.3857
step   2020 | loss = -1.4542 | mean(g_L) = +1.7891 | EMA = +1.8275 | std(g_L) = 1.0565 | grad = 0.6632
step   2040 | loss = -1.4467 | mean(g_L) = +1.7912 | EMA = +1.8057 | std(g_L) = 1.0717 | grad = 0.6986
step   2060 | loss = -1.4560 | mean(g_L) = +1.7627 | EMA = +1.8139 | std(g_L) = 1.0111 | grad = 0.6023
step   2080 | loss = -1.5221 | mean(g_L) = +1.7574 | EMA = +1.8122 | std(g_L) = 0.8856 | grad = 0.6011
step   2100 | loss = -1.5603 | mean(g_L) = +1.8505 | EMA = +1.8128 | std(g_L) = 0.9835 | grad = 0.7303
step   2120 | loss = -1.7273 | mean(g_L) = +1.9405 | EMA = +1.8113 | std(g_L) = 0.8430 | grad = 0.6630
step   2140 | loss = -1.5542 | mean(g_L) = +1.8215 | EMA = +1.8383 | std(g_L) = 0.9440 | grad = 1.3958
step   2160 | loss = -1.5482 | mean(g_L) = +1.8754 | EMA = +1.8367 | std(g_L) = 1.0443 | grad = 0.5474
step   2180 | loss = -1.6842 | mean(g_L) = +1.8955 | EMA = +1.8481 | std(g_L) = 0.8392 | grad = 0.6632
step   2200 | loss = -1.4146 | mean(g_L) = +1.7578 | EMA = +1.8331 | std(g_L) = 1.0696 | grad = 0.2492
step   2220 | loss = -1.5622 | mean(g_L) = +1.8613 | EMA = +1.8374 | std(g_L) = 0.9985 | grad = 0.5995
step   2240 | loss = -1.6944 | mean(g_L) = +1.9744 | EMA = +1.8473 | std(g_L) = 0.9661 | grad = 0.7923
step   2260 | loss = -1.8533 | mean(g_L) = +2.0417 | EMA = +1.8477 | std(g_L) = 0.7925 | grad = 0.7903
step   2280 | loss = -1.6834 | mean(g_L) = +1.9593 | EMA = +1.8394 | std(g_L) = 0.9589 | grad = 0.4768
step   2300 | loss = -1.6031 | mean(g_L) = +1.8874 | EMA = +1.8356 | std(g_L) = 0.9736 | grad = 0.9254
step   2320 | loss = -1.7577 | mean(g_L) = +1.9848 | EMA = +1.8281 | std(g_L) = 0.8701 | grad = 0.2977
step   2340 | loss = -1.5881 | mean(g_L) = +1.7814 | EMA = +1.8582 | std(g_L) = 0.8026 | grad = 0.9326
step   2360 | loss = -1.5430 | mean(g_L) = +1.8835 | EMA = +1.8541 | std(g_L) = 1.0654 | grad = 0.8751
step   2380 | loss = -1.8136 | mean(g_L) = +2.0217 | EMA = +1.8419 | std(g_L) = 0.8329 | grad = 0.6611
step   2400 | loss = -1.5895 | mean(g_L) = +1.9061 | EMA = +1.8424 | std(g_L) = 1.0273 | grad = 0.4987
step   2420 | loss = -1.7415 | mean(g_L) = +1.9533 | EMA = +1.8396 | std(g_L) = 0.8402 | grad = 0.6856
step   2440 | loss = -1.4831 | mean(g_L) = +1.8242 | EMA = +1.8360 | std(g_L) = 1.0664 | grad = 0.7730
step   2460 | loss = -1.5900 | mean(g_L) = +1.8471 | EMA = +1.8591 | std(g_L) = 0.9258 | grad = 0.6656
step   2480 | loss = -1.7839 | mean(g_L) = +2.0149 | EMA = +1.8725 | std(g_L) = 0.8775 | grad = 0.5148
step   2500 | loss = -1.4371 | mean(g_L) = +1.7789 | EMA = +1.8594 | std(g_L) = 1.0673 | grad = 0.8129
step   2520 | loss = -1.6359 | mean(g_L) = +1.8422 | EMA = +1.8624 | std(g_L) = 0.8291 | grad = 0.7779
step   2540 | loss = -1.6777 | mean(g_L) = +1.9230 | EMA = +1.8780 | std(g_L) = 0.9042 | grad = 0.6607
step   2560 | loss = -1.5479 | mean(g_L) = +1.8271 | EMA = +1.8744 | std(g_L) = 0.9647 | grad = 0.6153
step   2580 | loss = -1.5112 | mean(g_L) = +1.8567 | EMA = +1.8950 | std(g_L) = 1.0733 | grad = 0.3870
step   2600 | loss = -1.5273 | mean(g_L) = +1.8032 | EMA = +1.8891 | std(g_L) = 0.9589 | grad = 0.4360
step   2620 | loss = -1.4250 | mean(g_L) = +1.7782 | EMA = +1.8915 | std(g_L) = 1.0850 | grad = 0.8437
step   2640 | loss = -1.6091 | mean(g_L) = +1.8297 | EMA = +1.9058 | std(g_L) = 0.8575 | grad = 0.6013
step   2660 | loss = -1.6062 | mean(g_L) = +1.8574 | EMA = +1.9027 | std(g_L) = 0.9149 | grad = 0.5932
step   2680 | loss = -1.6773 | mean(g_L) = +1.9620 | EMA = +1.9006 | std(g_L) = 0.9742 | grad = 0.6932
step   2700 | loss = -1.7097 | mean(g_L) = +1.9204 | EMA = +1.9191 | std(g_L) = 0.8380 | grad = 0.3845
step   2720 | loss = -1.6573 | mean(g_L) = +2.0030 | EMA = +1.9401 | std(g_L) = 1.0734 | grad = 1.1566
step   2740 | loss = -1.7196 | mean(g_L) = +2.0009 | EMA = +1.9155 | std(g_L) = 0.9684 | grad = 0.5901
step   2760 | loss = -1.6521 | mean(g_L) = +1.9323 | EMA = +1.9169 | std(g_L) = 0.9663 | grad = 0.4102
step   2780 | loss = -1.5879 | mean(g_L) = +1.9396 | EMA = +1.9356 | std(g_L) = 1.0827 | grad = 0.7621
step   2800 | loss = -1.5330 | mean(g_L) = +1.7967 | EMA = +1.9387 | std(g_L) = 0.9375 | grad = 1.0678
step   2820 | loss = -1.5161 | mean(g_L) = +1.8989 | EMA = +1.9237 | std(g_L) = 1.1297 | grad = 0.6137
step   2840 | loss = -1.6408 | mean(g_L) = +1.9554 | EMA = +1.9100 | std(g_L) = 1.0241 | grad = 0.6171
step   2860 | loss = -1.7865 | mean(g_L) = +2.0533 | EMA = +1.9283 | std(g_L) = 0.9431 | grad = 1.0306
step   2880 | loss = -1.6385 | mean(g_L) = +1.9165 | EMA = +1.9365 | std(g_L) = 0.9627 | grad = 0.6164
step   2900 | loss = -1.4585 | mean(g_L) = +1.8326 | EMA = +1.9221 | std(g_L) = 1.1166 | grad = 0.6075
step   2920 | loss = -1.6854 | mean(g_L) = +1.9478 | EMA = +1.9429 | std(g_L) = 0.9352 | grad = 0.9619
step   2940 | loss = -1.6610 | mean(g_L) = +1.9858 | EMA = +1.9505 | std(g_L) = 1.0404 | grad = 0.8785
step   2960 | loss = -1.9410 | mean(g_L) = +2.1198 | EMA = +1.9469 | std(g_L) = 0.7721 | grad = 0.1897
step   2980 | loss = -1.7423 | mean(g_L) = +2.0012 | EMA = +1.9424 | std(g_L) = 0.9290 | grad = 0.6748
step   3000 | loss = -1.6976 | mean(g_L) = +1.9637 | EMA = +1.9534 | std(g_L) = 0.9418 | grad = 0.8255
step   3020 | loss = -1.6812 | mean(g_L) = +1.9721 | EMA = +1.9725 | std(g_L) = 0.9847 | grad = 0.6549
step   3040 | loss = -1.6755 | mean(g_L) = +1.9309 | EMA = +1.9548 | std(g_L) = 0.9227 | grad = 0.6094
step   3060 | loss = -1.7542 | mean(g_L) = +2.0465 | EMA = +1.9816 | std(g_L) = 0.9870 | grad = 0.3597
step   3080 | loss = -1.6997 | mean(g_L) = +1.9548 | EMA = +1.9693 | std(g_L) = 0.9220 | grad = 1.0937
step   3100 | loss = -1.9479 | mean(g_L) = +2.1615 | EMA = +1.9775 | std(g_L) = 0.8437 | grad = 0.7998
step   3120 | loss = -1.6866 | mean(g_L) = +1.9537 | EMA = +1.9705 | std(g_L) = 0.9436 | grad = 0.4438
step   3140 | loss = -1.7069 | mean(g_L) = +1.9519 | EMA = +1.9562 | std(g_L) = 0.9038 | grad = 0.6585
step   3160 | loss = -1.7078 | mean(g_L) = +1.9883 | EMA = +1.9636 | std(g_L) = 0.9670 | grad = 0.4815
step   3180 | loss = -1.7516 | mean(g_L) = +1.9983 | EMA = +1.9656 | std(g_L) = 0.9067 | grad = 0.4530
step   3200 | loss = -1.4325 | mean(g_L) = +1.8271 | EMA = +1.9698 | std(g_L) = 1.1468 | grad = 0.7270
step   3220 | loss = -1.9019 | mean(g_L) = +2.1645 | EMA = +2.0016 | std(g_L) = 0.9356 | grad = 0.5688
step   3240 | loss = -1.7564 | mean(g_L) = +2.0026 | EMA = +2.0001 | std(g_L) = 0.9058 | grad = 0.5981
step   3260 | loss = -1.7193 | mean(g_L) = +1.9980 | EMA = +1.9960 | std(g_L) = 0.9638 | grad = 0.5985
step   3280 | loss = -1.8086 | mean(g_L) = +2.0733 | EMA = +2.0078 | std(g_L) = 0.9393 | grad = 0.5934
step   3300 | loss = -1.7765 | mean(g_L) = +2.0879 | EMA = +1.9987 | std(g_L) = 1.0188 | grad = 0.3980
step   3320 | loss = -1.8172 | mean(g_L) = +2.0249 | EMA = +1.9975 | std(g_L) = 0.8320 | grad = 0.6861
step   3340 | loss = -1.8516 | mean(g_L) = +2.1472 | EMA = +2.0100 | std(g_L) = 0.9926 | grad = 0.4324
step   3360 | loss = -1.7060 | mean(g_L) = +1.9732 | EMA = +2.0214 | std(g_L) = 0.9438 | grad = 0.4739
step   3380 | loss = -1.8836 | mean(g_L) = +2.1248 | EMA = +2.0292 | std(g_L) = 0.8967 | grad = 0.4663
step   3400 | loss = -1.8431 | mean(g_L) = +2.1146 | EMA = +2.0320 | std(g_L) = 0.9513 | grad = 1.1918
step   3420 | loss = -1.7782 | mean(g_L) = +2.0525 | EMA = +2.0253 | std(g_L) = 0.9562 | grad = 0.5083
step   3440 | loss = -1.8485 | mean(g_L) = +2.0908 | EMA = +2.0271 | std(g_L) = 0.8987 | grad = 0.5724
step   3460 | loss = -1.5281 | mean(g_L) = +1.8609 | EMA = +1.9960 | std(g_L) = 1.0532 | grad = 0.9210
step   3480 | loss = -1.8179 | mean(g_L) = +2.0425 | EMA = +2.0341 | std(g_L) = 0.8653 | grad = 0.3490
step   3500 | loss = -1.6956 | mean(g_L) = +1.9822 | EMA = +2.0372 | std(g_L) = 0.9774 | grad = 0.4677
step   3520 | loss = -1.8940 | mean(g_L) = +2.1371 | EMA = +2.0401 | std(g_L) = 0.9002 | grad = 0.8647
step   3540 | loss = -1.7940 | mean(g_L) = +2.0767 | EMA = +2.0320 | std(g_L) = 0.9706 | grad = 0.6834
step   3560 | loss = -1.6907 | mean(g_L) = +1.9829 | EMA = +2.0285 | std(g_L) = 0.9869 | grad = 0.9160
step   3580 | loss = -1.7739 | mean(g_L) = +2.0245 | EMA = +2.0410 | std(g_L) = 0.9139 | grad = 0.8455
step   3600 | loss = -1.9792 | mean(g_L) = +2.1579 | EMA = +2.0251 | std(g_L) = 0.7719 | grad = 0.9260
step   3620 | loss = -1.8433 | mean(g_L) = +2.1231 | EMA = +2.0413 | std(g_L) = 0.9658 | grad = 0.2940
step   3640 | loss = -1.6215 | mean(g_L) = +1.9212 | EMA = +2.0322 | std(g_L) = 0.9995 | grad = 0.5071
step   3660 | loss = -1.7635 | mean(g_L) = +2.0635 | EMA = +2.0393 | std(g_L) = 1.0000 | grad = 1.0138
step   3680 | loss = -1.6989 | mean(g_L) = +2.0074 | EMA = +2.0356 | std(g_L) = 1.0141 | grad = 1.4593
step   3700 | loss = -1.8152 | mean(g_L) = +2.0461 | EMA = +2.0129 | std(g_L) = 0.8772 | grad = 0.7412
step   3720 | loss = -1.7490 | mean(g_L) = +1.9652 | EMA = +2.0459 | std(g_L) = 0.8488 | grad = 0.6358
step   3740 | loss = -1.7837 | mean(g_L) = +2.0768 | EMA = +2.0301 | std(g_L) = 0.9884 | grad = 0.7633
step   3760 | loss = -1.8780 | mean(g_L) = +2.1074 | EMA = +2.0416 | std(g_L) = 0.8744 | grad = 0.2458
step   3780 | loss = -1.8126 | mean(g_L) = +2.0670 | EMA = +2.0266 | std(g_L) = 0.9208 | grad = 0.3656
step   3800 | loss = -1.9482 | mean(g_L) = +2.1791 | EMA = +2.0341 | std(g_L) = 0.8773 | grad = 0.7304
step   3820 | loss = -1.6122 | mean(g_L) = +1.9281 | EMA = +2.0324 | std(g_L) = 1.0261 | grad = 0.8495
step   3840 | loss = -1.6448 | mean(g_L) = +1.9902 | EMA = +2.0323 | std(g_L) = 1.0729 | grad = 0.5087
step   3860 | loss = -1.9070 | mean(g_L) = +2.1153 | EMA = +2.0333 | std(g_L) = 0.8332 | grad = 0.5121
step   3880 | loss = -1.8069 | mean(g_L) = +2.1001 | EMA = +2.0395 | std(g_L) = 0.9887 | grad = 0.9778
step   3900 | loss = -1.8024 | mean(g_L) = +2.0514 | EMA = +2.0366 | std(g_L) = 0.9111 | grad = 0.3176
step   3920 | loss = -1.6546 | mean(g_L) = +1.9308 | EMA = +2.0550 | std(g_L) = 0.9596 | grad = 0.8394
step   3940 | loss = -1.8155 | mean(g_L) = +2.0130 | EMA = +2.0448 | std(g_L) = 0.8114 | grad = 0.8889
step   3960 | loss = -1.8951 | mean(g_L) = +2.1207 | EMA = +2.0453 | std(g_L) = 0.8672 | grad = 0.7270
step   3980 | loss = -1.6785 | mean(g_L) = +1.9272 | EMA = +2.0632 | std(g_L) = 0.9104 | grad = 0.7049
step   4000 | loss = -2.0332 | mean(g_L) = +2.2107 | EMA = +2.0809 | std(g_L) = 0.7692 | grad = 0.3183
step   4020 | loss = -1.5636 | mean(g_L) = +1.9205 | EMA = +2.0603 | std(g_L) = 1.0908 | grad = 0.6050
step   4040 | loss = -1.7317 | mean(g_L) = +2.0512 | EMA = +2.0516 | std(g_L) = 1.0321 | grad = 0.8243
step   4060 | loss = -1.5481 | mean(g_L) = +1.8619 | EMA = +2.0401 | std(g_L) = 1.0227 | grad = 0.7170
step   4080 | loss = -1.8433 | mean(g_L) = +2.1091 | EMA = +2.0440 | std(g_L) = 0.9413 | grad = 0.5272
step   4100 | loss = -1.5533 | mean(g_L) = +1.9091 | EMA = +2.0477 | std(g_L) = 1.0891 | grad = 1.0917
step   4120 | loss = -1.8067 | mean(g_L) = +1.9980 | EMA = +2.0436 | std(g_L) = 0.7986 | grad = 0.7328
step   4140 | loss = -1.6675 | mean(g_L) = +1.9350 | EMA = +2.0343 | std(g_L) = 0.9444 | grad = 0.3162
step   4160 | loss = -1.6744 | mean(g_L) = +1.9903 | EMA = +2.0645 | std(g_L) = 1.0261 | grad = 0.8881
step   4180 | loss = -1.9410 | mean(g_L) = +2.1160 | EMA = +2.0463 | std(g_L) = 0.7637 | grad = 0.6417
step   4200 | loss = -1.7199 | mean(g_L) = +1.9497 | EMA = +2.0471 | std(g_L) = 0.8751 | grad = 0.7170
step   4220 | loss = -1.7527 | mean(g_L) = +2.0433 | EMA = +2.0527 | std(g_L) = 0.9843 | grad = 1.0415
step   4240 | loss = -1.8727 | mean(g_L) = +2.1093 | EMA = +2.0573 | std(g_L) = 0.8881 | grad = 0.5471
step   4260 | loss = -1.7829 | mean(g_L) = +2.0663 | EMA = +2.0531 | std(g_L) = 0.9719 | grad = 0.2854
step   4280 | loss = -1.7550 | mean(g_L) = +2.0338 | EMA = +2.0348 | std(g_L) = 0.9639 | grad = 1.4214
step   4300 | loss = -1.8055 | mean(g_L) = +2.0873 | EMA = +2.0498 | std(g_L) = 0.9693 | grad = 0.4302
step   4320 | loss = -1.8329 | mean(g_L) = +2.0543 | EMA = +2.0418 | std(g_L) = 0.8591 | grad = 0.4567
step   4340 | loss = -1.9957 | mean(g_L) = +2.1560 | EMA = +2.0626 | std(g_L) = 0.7309 | grad = 0.5404
step   4360 | loss = -1.8347 | mean(g_L) = +2.0943 | EMA = +2.0478 | std(g_L) = 0.9302 | grad = 0.6759
step   4380 | loss = -1.8500 | mean(g_L) = +2.1237 | EMA = +2.0508 | std(g_L) = 0.9550 | grad = 0.5733
step   4400 | loss = -1.6522 | mean(g_L) = +2.0257 | EMA = +2.0497 | std(g_L) = 1.1159 | grad = 1.2824
step   4420 | loss = -1.6124 | mean(g_L) = +1.8667 | EMA = +2.0624 | std(g_L) = 0.9206 | grad = 0.4436
step   4440 | loss = -1.7854 | mean(g_L) = +2.0541 | EMA = +2.0682 | std(g_L) = 0.9465 | grad = 0.8906
step   4460 | loss = -1.9323 | mean(g_L) = +2.1480 | EMA = +2.0409 | std(g_L) = 0.8479 | grad = 0.5858
step   4480 | loss = -1.6872 | mean(g_L) = +1.9538 | EMA = +2.0432 | std(g_L) = 0.9427 | grad = 0.5150
step   4500 | loss = -1.8466 | mean(g_L) = +2.1146 | EMA = +2.0497 | std(g_L) = 0.9452 | grad = 0.6657
step   4520 | loss = -1.9022 | mean(g_L) = +2.1533 | EMA = +2.0513 | std(g_L) = 0.9149 | grad = 0.5593
step   4540 | loss = -1.7660 | mean(g_L) = +2.0218 | EMA = +2.0599 | std(g_L) = 0.9235 | grad = 1.2774
step   4560 | loss = -1.7399 | mean(g_L) = +1.9888 | EMA = +2.0698 | std(g_L) = 0.9108 | grad = 0.4626
step   4580 | loss = -1.7863 | mean(g_L) = +2.0935 | EMA = +2.0751 | std(g_L) = 1.0120 | grad = 0.4806
step   4600 | loss = -1.7015 | mean(g_L) = +2.0200 | EMA = +2.0613 | std(g_L) = 1.0303 | grad = 1.1016
step   4620 | loss = -1.8007 | mean(g_L) = +2.0315 | EMA = +2.0343 | std(g_L) = 0.8771 | grad = 0.6039
step   4640 | loss = -1.7828 | mean(g_L) = +2.0559 | EMA = +2.0522 | std(g_L) = 0.9542 | grad = 0.6058
step   4660 | loss = -1.8566 | mean(g_L) = +2.0601 | EMA = +2.0391 | std(g_L) = 0.8235 | grad = 1.1660
step   4680 | loss = -1.7031 | mean(g_L) = +2.0452 | EMA = +2.0500 | std(g_L) = 1.0680 | grad = 1.6195
step   4700 | loss = -1.9873 | mean(g_L) = +2.1858 | EMA = +2.0711 | std(g_L) = 0.8135 | grad = 0.8163
step   4720 | loss = -1.6935 | mean(g_L) = +2.0117 | EMA = +2.0701 | std(g_L) = 1.0299 | grad = 0.8525
step   4740 | loss = -1.6891 | mean(g_L) = +1.9555 | EMA = +2.0505 | std(g_L) = 0.9424 | grad = 0.3757
step   4760 | loss = -1.7261 | mean(g_L) = +2.0477 | EMA = +2.0676 | std(g_L) = 1.0354 | grad = 0.3431
step   4780 | loss = -1.8324 | mean(g_L) = +2.0623 | EMA = +2.0784 | std(g_L) = 0.8754 | grad = 1.0494
step   4800 | loss = -1.6632 | mean(g_L) = +2.0232 | EMA = +2.0621 | std(g_L) = 1.0953 | grad = 1.2497
step   4820 | loss = -1.8348 | mean(g_L) = +2.0841 | EMA = +2.0697 | std(g_L) = 0.9115 | grad = 0.5221
step   4840 | loss = -1.8484 | mean(g_L) = +2.1106 | EMA = +2.0815 | std(g_L) = 0.9347 | grad = 0.3134
step   4860 | loss = -1.5767 | mean(g_L) = +2.0083 | EMA = +2.0708 | std(g_L) = 1.1995 | grad = 1.1340
step   4880 | loss = -2.0088 | mean(g_L) = +2.2001 | EMA = +2.0896 | std(g_L) = 0.7985 | grad = 1.0281
step   4900 | loss = -1.7755 | mean(g_L) = +2.0445 | EMA = +2.0662 | std(g_L) = 0.9470 | grad = 0.9745
step   4920 | loss = -1.8062 | mean(g_L) = +2.0894 | EMA = +2.0577 | std(g_L) = 0.9716 | grad = 0.5373
step   4940 | loss = -1.7846 | mean(g_L) = +2.0447 | EMA = +2.0799 | std(g_L) = 0.9311 | grad = 0.7190
step   4960 | loss = -1.6852 | mean(g_L) = +2.0323 | EMA = +2.0743 | std(g_L) = 1.0757 | grad = 1.7544
step   4980 | loss = -1.8128 | mean(g_L) = +2.0680 | EMA = +2.0602 | std(g_L) = 0.9222 | grad = 1.2388
step   5000 | loss = -1.9238 | mean(g_L) = +2.1616 | EMA = +2.0670 | std(g_L) = 0.8902 | grad = 1.2773
step   5020 | loss = -1.8772 | mean(g_L) = +2.1312 | EMA = +2.0630 | std(g_L) = 0.9202 | grad = 0.8646
step   5040 | loss = -1.7729 | mean(g_L) = +2.0435 | EMA = +2.0645 | std(g_L) = 0.9499 | grad = 0.9464
step   5060 | loss = -1.8944 | mean(g_L) = +2.1367 | EMA = +2.0723 | std(g_L) = 0.8986 | grad = 0.7662
step   5080 | loss = -1.6818 | mean(g_L) = +1.9304 | EMA = +2.0558 | std(g_L) = 0.9103 | grad = 0.4377
step   5100 | loss = -1.7176 | mean(g_L) = +2.0231 | EMA = +2.0518 | std(g_L) = 1.0092 | grad = 0.5873
step   5120 | loss = -1.6522 | mean(g_L) = +1.9144 | EMA = +2.0577 | std(g_L) = 0.9349 | grad = 1.1344
step   5140 | loss = -1.6861 | mean(g_L) = +2.0385 | EMA = +2.0466 | std(g_L) = 1.0838 | grad = 0.8428
step   5160 | loss = -1.9992 | mean(g_L) = +2.1840 | EMA = +2.0789 | std(g_L) = 0.7848 | grad = 0.9044
step   5180 | loss = -1.9013 | mean(g_L) = +2.1212 | EMA = +2.0630 | std(g_L) = 0.8561 | grad = 0.6558
step   5200 | loss = -1.7542 | mean(g_L) = +2.0156 | EMA = +2.0733 | std(g_L) = 0.9335 | grad = 0.5637
step   5220 | loss = -1.8016 | mean(g_L) = +2.0809 | EMA = +2.0783 | std(g_L) = 0.9649 | grad = 0.5319
step   5240 | loss = -1.6715 | mean(g_L) = +2.0382 | EMA = +2.0554 | std(g_L) = 1.1056 | grad = 0.4341
step   5260 | loss = -1.7470 | mean(g_L) = +2.0984 | EMA = +2.0559 | std(g_L) = 1.0822 | grad = 1.4969
step   5280 | loss = -1.8201 | mean(g_L) = +2.0927 | EMA = +2.0754 | std(g_L) = 0.9533 | grad = 2.6730
step   5300 | loss = -1.8445 | mean(g_L) = +2.0539 | EMA = +2.0721 | std(g_L) = 0.8355 | grad = 0.5884
step   5320 | loss = -1.9775 | mean(g_L) = +2.1980 | EMA = +2.0713 | std(g_L) = 0.8573 | grad = 1.0497
step   5340 | loss = -1.9858 | mean(g_L) = +2.2175 | EMA = +2.0766 | std(g_L) = 0.8788 | grad = 0.9163
step   5360 | loss = -1.7010 | mean(g_L) = +1.9898 | EMA = +2.0644 | std(g_L) = 0.9811 | grad = 0.7771
step   5380 | loss = -1.7690 | mean(g_L) = +1.9825 | EMA = +2.0488 | std(g_L) = 0.8437 | grad = 0.3419
step   5400 | loss = -1.8963 | mean(g_L) = +2.1260 | EMA = +2.0687 | std(g_L) = 0.8750 | grad = 1.0660
step   5420 | loss = -1.7359 | mean(g_L) = +2.0396 | EMA = +2.0780 | std(g_L) = 1.0061 | grad = 0.4039
step   5440 | loss = -1.8951 | mean(g_L) = +2.0877 | EMA = +2.0719 | std(g_L) = 0.8011 | grad = 1.2453
step   5460 | loss = -1.8779 | mean(g_L) = +2.1495 | EMA = +2.0954 | std(g_L) = 0.9515 | grad = 0.3517
step   5480 | loss = -1.7437 | mean(g_L) = +2.0132 | EMA = +2.0899 | std(g_L) = 0.9479 | grad = 0.7814
step   5500 | loss = -1.8150 | mean(g_L) = +2.0437 | EMA = +2.0674 | std(g_L) = 0.8732 | grad = 1.0196
step   5520 | loss = -1.9673 | mean(g_L) = +2.1944 | EMA = +2.0738 | std(g_L) = 0.8702 | grad = 0.6351
step   5540 | loss = -1.6535 | mean(g_L) = +2.0191 | EMA = +2.0678 | std(g_L) = 1.1039 | grad = 1.2309
step   5560 | loss = -1.9548 | mean(g_L) = +2.1651 | EMA = +2.0882 | std(g_L) = 0.8373 | grad = 0.6886
step   5580 | loss = -1.8543 | mean(g_L) = +2.1366 | EMA = +2.0953 | std(g_L) = 0.9701 | grad = 1.7021
step   5600 | loss = -1.6572 | mean(g_L) = +1.9628 | EMA = +2.0656 | std(g_L) = 1.0093 | grad = 0.9308
step   5620 | loss = -1.7613 | mean(g_L) = +2.0911 | EMA = +2.0602 | std(g_L) = 1.0485 | grad = 0.4473
step   5640 | loss = -1.8515 | mean(g_L) = +2.1264 | EMA = +2.0665 | std(g_L) = 0.9572 | grad = 0.2717
step   5660 | loss = -1.8734 | mean(g_L) = +2.1036 | EMA = +2.0932 | std(g_L) = 0.8760 | grad = 0.8001
step   5680 | loss = -1.5875 | mean(g_L) = +1.9170 | EMA = +2.0651 | std(g_L) = 1.0480 | grad = 1.3734
step   5700 | loss = -1.8103 | mean(g_L) = +2.0930 | EMA = +2.0671 | std(g_L) = 0.9707 | grad = 0.5543
step   5720 | loss = -1.7796 | mean(g_L) = +2.0192 | EMA = +2.0700 | std(g_L) = 0.8937 | grad = 0.8004
step   5740 | loss = -2.0484 | mean(g_L) = +2.2620 | EMA = +2.0916 | std(g_L) = 0.8439 | grad = 0.7747
step   5760 | loss = -1.7304 | mean(g_L) = +1.9811 | EMA = +2.0660 | std(g_L) = 0.9142 | grad = 0.4775
step   5780 | loss = -1.6019 | mean(g_L) = +2.0016 | EMA = +2.0700 | std(g_L) = 1.1542 | grad = 0.6296
step   5800 | loss = -1.9298 | mean(g_L) = +2.1683 | EMA = +2.0924 | std(g_L) = 0.8916 | grad = 0.3139
step   5820 | loss = -1.6567 | mean(g_L) = +1.9874 | EMA = +2.0669 | std(g_L) = 1.0500 | grad = 0.9788
step   5840 | loss = -1.7624 | mean(g_L) = +2.0700 | EMA = +2.0853 | std(g_L) = 1.0126 | grad = 1.3707
step   5860 | loss = -1.8707 | mean(g_L) = +2.0857 | EMA = +2.0674 | std(g_L) = 0.8465 | grad = 0.3311
step   5880 | loss = -1.6321 | mean(g_L) = +1.9434 | EMA = +2.0671 | std(g_L) = 1.0186 | grad = 0.6475
step   5900 | loss = -1.9160 | mean(g_L) = +2.1362 | EMA = +2.0626 | std(g_L) = 0.8567 | grad = 0.4294
step   5920 | loss = -1.9416 | mean(g_L) = +2.1602 | EMA = +2.0946 | std(g_L) = 0.8537 | grad = 0.8130
step   5940 | loss = -1.7439 | mean(g_L) = +2.0770 | EMA = +2.0918 | std(g_L) = 1.0537 | grad = 0.7319
step   5960 | loss = -2.0741 | mean(g_L) = +2.2544 | EMA = +2.1037 | std(g_L) = 0.7752 | grad = 0.3517
step   5980 | loss = -1.9097 | mean(g_L) = +2.1729 | EMA = +2.1074 | std(g_L) = 0.9367 | grad = 0.8312
step   6000 | loss = -1.7940 | mean(g_L) = +2.0443 | EMA = +2.0840 | std(g_L) = 0.9134 | grad = 0.8393
step   6020 | loss = -1.8625 | mean(g_L) = +2.1072 | EMA = +2.0826 | std(g_L) = 0.9033 | grad = 2.4701
step   6040 | loss = -1.8264 | mean(g_L) = +2.1149 | EMA = +2.0773 | std(g_L) = 0.9805 | grad = 0.7495
step   6060 | loss = -1.8815 | mean(g_L) = +2.1489 | EMA = +2.1024 | std(g_L) = 0.9442 | grad = 0.7093
step   6080 | loss = -1.8890 | mean(g_L) = +2.1283 | EMA = +2.0852 | std(g_L) = 0.8931 | grad = 0.7311
step   6100 | loss = -1.6544 | mean(g_L) = +1.9500 | EMA = +2.0782 | std(g_L) = 0.9926 | grad = 2.0331
step   6120 | loss = -1.8848 | mean(g_L) = +2.0943 | EMA = +2.0709 | std(g_L) = 0.8357 | grad = 1.2431
step   6140 | loss = -1.9677 | mean(g_L) = +2.2016 | EMA = +2.0933 | std(g_L) = 0.8831 | grad = 0.7061
step   6160 | loss = -1.9342 | mean(g_L) = +2.1544 | EMA = +2.0839 | std(g_L) = 0.8567 | grad = 1.0578
step   6180 | loss = -1.8224 | mean(g_L) = +2.1121 | EMA = +2.0791 | std(g_L) = 0.9825 | grad = 0.6867
step   6200 | loss = -1.9517 | mean(g_L) = +2.2064 | EMA = +2.0944 | std(g_L) = 0.9214 | grad = 0.6435
step   6220 | loss = -1.9785 | mean(g_L) = +2.2316 | EMA = +2.0918 | std(g_L) = 0.9184 | grad = 0.5945
step   6240 | loss = -1.8811 | mean(g_L) = +2.1364 | EMA = +2.0736 | std(g_L) = 0.9224 | grad = 1.1734
step   6260 | loss = -1.7033 | mean(g_L) = +2.0834 | EMA = +2.1102 | std(g_L) = 1.1257 | grad = 1.6141
step   6280 | loss = -1.7784 | mean(g_L) = +2.0713 | EMA = +2.0853 | std(g_L) = 0.9881 | grad = 0.7746
step   6300 | loss = -1.9197 | mean(g_L) = +2.1260 | EMA = +2.0982 | std(g_L) = 0.8294 | grad = 0.8697
step   6320 | loss = -1.9717 | mean(g_L) = +2.2098 | EMA = +2.1042 | std(g_L) = 0.8909 | grad = 1.1627
step   6340 | loss = -1.8312 | mean(g_L) = +2.1192 | EMA = +2.0835 | std(g_L) = 0.9798 | grad = 1.6316
step   6360 | loss = -1.7784 | mean(g_L) = +2.0118 | EMA = +2.1058 | std(g_L) = 0.8821 | grad = 1.4463
step   6380 | loss = -1.9998 | mean(g_L) = +2.2504 | EMA = +2.1126 | std(g_L) = 0.9141 | grad = 3.0168
step   6400 | loss = -1.8999 | mean(g_L) = +2.1241 | EMA = +2.0959 | std(g_L) = 0.8644 | grad = 1.9862
step   6420 | loss = -1.8948 | mean(g_L) = +2.1251 | EMA = +2.0688 | std(g_L) = 0.8762 | grad = 0.7010
step   6440 | loss = -1.9601 | mean(g_L) = +2.1869 | EMA = +2.0807 | std(g_L) = 0.8695 | grad = 1.1432
step   6460 | loss = -1.7685 | mean(g_L) = +2.0919 | EMA = +2.0732 | std(g_L) = 1.0382 | grad = 0.8992
step   6480 | loss = -1.6372 | mean(g_L) = +1.9930 | EMA = +2.1030 | std(g_L) = 1.0891 | grad = 0.6535
step   6500 | loss = -1.7786 | mean(g_L) = +2.1422 | EMA = +2.0893 | std(g_L) = 1.1009 | grad = 1.8687
step   6520 | loss = -1.9081 | mean(g_L) = +2.1749 | EMA = +2.0835 | std(g_L) = 0.9430 | grad = 0.4497
step   6540 | loss = -1.9929 | mean(g_L) = +2.1637 | EMA = +2.0833 | std(g_L) = 0.7544 | grad = 1.0043
step   6560 | loss = -1.8600 | mean(g_L) = +2.0915 | EMA = +2.0881 | std(g_L) = 0.8785 | grad = 0.6532
step   6580 | loss = -1.9332 | mean(g_L) = +2.2040 | EMA = +2.0901 | std(g_L) = 0.9500 | grad = 1.5280
step   6600 | loss = -1.8714 | mean(g_L) = +2.1309 | EMA = +2.0763 | std(g_L) = 0.9301 | grad = 0.6826
step   6620 | loss = -2.0323 | mean(g_L) = +2.2159 | EMA = +2.0713 | std(g_L) = 0.7823 | grad = 0.8400
step   6640 | loss = -1.9967 | mean(g_L) = +2.2271 | EMA = +2.0961 | std(g_L) = 0.8765 | grad = 1.1244
step   6660 | loss = -1.8477 | mean(g_L) = +2.1119 | EMA = +2.0846 | std(g_L) = 0.9384 | grad = 0.7671
step   6680 | loss = -1.7910 | mean(g_L) = +2.0831 | EMA = +2.0678 | std(g_L) = 0.9868 | grad = 3.4663
step   6700 | loss = -1.8982 | mean(g_L) = +2.1017 | EMA = +2.0939 | std(g_L) = 0.8237 | grad = 0.5196
step   6720 | loss = -1.8532 | mean(g_L) = +2.0737 | EMA = +2.0803 | std(g_L) = 0.8575 | grad = 0.8069
step   6740 | loss = -1.9761 | mean(g_L) = +2.1796 | EMA = +2.0863 | std(g_L) = 0.8237 | grad = 0.2129
step   6760 | loss = -1.7987 | mean(g_L) = +2.0469 | EMA = +2.0852 | std(g_L) = 0.9094 | grad = 0.5669
step   6780 | loss = -1.4554 | mean(g_L) = +1.8362 | EMA = +2.0881 | std(g_L) = 1.1267 | grad = 1.2276
step   6800 | loss = -1.7924 | mean(g_L) = +2.0661 | EMA = +2.0837 | std(g_L) = 0.9552 | grad = 1.2057
step   6820 | loss = -1.8409 | mean(g_L) = +2.0934 | EMA = +2.0909 | std(g_L) = 0.9175 | grad = 1.2257
step   6840 | loss = -1.8990 | mean(g_L) = +2.1913 | EMA = +2.1023 | std(g_L) = 0.9870 | grad = 0.5380
step   6860 | loss = -1.9003 | mean(g_L) = +2.1512 | EMA = +2.0940 | std(g_L) = 0.9145 | grad = 0.7728
step   6880 | loss = -1.9863 | mean(g_L) = +2.1909 | EMA = +2.1056 | std(g_L) = 0.8260 | grad = 1.2797
step   6900 | loss = -1.9244 | mean(g_L) = +2.1590 | EMA = +2.1014 | std(g_L) = 0.8842 | grad = 1.2266
step   6920 | loss = -1.6943 | mean(g_L) = +1.9800 | EMA = +2.0956 | std(g_L) = 0.9759 | grad = 0.6411
step   6940 | loss = -1.6773 | mean(g_L) = +2.0340 | EMA = +2.1094 | std(g_L) = 1.0904 | grad = 1.2139
step   6960 | loss = -1.9020 | mean(g_L) = +2.1390 | EMA = +2.0969 | std(g_L) = 0.8888 | grad = 0.9210
step   6980 | loss = -1.9248 | mean(g_L) = +2.1990 | EMA = +2.1242 | std(g_L) = 0.9562 | grad = 2.2184
step   7000 | loss = -1.7227 | mean(g_L) = +2.0138 | EMA = +2.0738 | std(g_L) = 0.9852 | grad = 0.5836
step   7020 | loss = -1.8471 | mean(g_L) = +2.1002 | EMA = +2.0898 | std(g_L) = 0.9185 | grad = 2.4211
step   7040 | loss = -1.6445 | mean(g_L) = +1.9511 | EMA = +2.0705 | std(g_L) = 1.0109 | grad = 0.6819
step   7060 | loss = -1.6999 | mean(g_L) = +2.0057 | EMA = +2.0927 | std(g_L) = 1.0097 | grad = 1.1007
step   7080 | loss = -1.9774 | mean(g_L) = +2.1608 | EMA = +2.0817 | std(g_L) = 0.7821 | grad = 1.0298
step   7100 | loss = -1.6138 | mean(g_L) = +1.9552 | EMA = +2.0794 | std(g_L) = 1.0667 | grad = 2.2351
step   7120 | loss = -1.6203 | mean(g_L) = +1.9330 | EMA = +2.0870 | std(g_L) = 1.0210 | grad = 0.8283
step   7140 | loss = -1.8852 | mean(g_L) = +2.1960 | EMA = +2.1019 | std(g_L) = 1.0179 | grad = 0.6645
step   7160 | loss = -1.8289 | mean(g_L) = +2.0419 | EMA = +2.1117 | std(g_L) = 0.8426 | grad = 0.3748
step   7180 | loss = -1.7480 | mean(g_L) = +2.0059 | EMA = +2.0904 | std(g_L) = 0.9273 | grad = 1.0497
step   7200 | loss = -1.7461 | mean(g_L) = +1.9877 | EMA = +2.0842 | std(g_L) = 0.8973 | grad = 1.1747
step   7220 | loss = -1.6914 | mean(g_L) = +1.9509 | EMA = +2.0888 | std(g_L) = 0.9300 | grad = 0.8216
step   7240 | loss = -1.7156 | mean(g_L) = +2.0174 | EMA = +2.0946 | std(g_L) = 1.0031 | grad = 0.8144
step   7260 | loss = -1.7830 | mean(g_L) = +2.0240 | EMA = +2.0841 | std(g_L) = 0.8964 | grad = 1.0618
step   7280 | loss = -1.9306 | mean(g_L) = +2.1476 | EMA = +2.1355 | std(g_L) = 0.8506 | grad = 1.1797
step   7300 | loss = -1.8693 | mean(g_L) = +2.1299 | EMA = +2.0893 | std(g_L) = 0.9320 | grad = 0.4055
step   7320 | loss = -1.9136 | mean(g_L) = +2.1756 | EMA = +2.1173 | std(g_L) = 0.9344 | grad = 0.5187
step   7340 | loss = -1.8236 | mean(g_L) = +2.0500 | EMA = +2.1040 | std(g_L) = 0.8688 | grad = 1.3489
step   7360 | loss = -2.0331 | mean(g_L) = +2.2492 | EMA = +2.1117 | std(g_L) = 0.8486 | grad = 0.4084
step   7380 | loss = -1.9804 | mean(g_L) = +2.1873 | EMA = +2.1071 | std(g_L) = 0.8304 | grad = 0.5127
step   7400 | loss = -1.8493 | mean(g_L) = +2.1274 | EMA = +2.1238 | std(g_L) = 0.9628 | grad = 0.3920
step   7420 | loss = -1.6744 | mean(g_L) = +2.0595 | EMA = +2.1013 | std(g_L) = 1.1330 | grad = 1.6363
step   7440 | loss = -1.8224 | mean(g_L) = +2.0650 | EMA = +2.1043 | std(g_L) = 0.8992 | grad = 0.8396
step   7460 | loss = -1.9749 | mean(g_L) = +2.1882 | EMA = +2.0985 | std(g_L) = 0.8433 | grad = 0.3760
step   7480 | loss = -1.7337 | mean(g_L) = +2.0816 | EMA = +2.1033 | std(g_L) = 1.0768 | grad = 0.8963
step   7500 | loss = -1.9702 | mean(g_L) = +2.2823 | EMA = +2.1101 | std(g_L) = 1.0199 | grad = 1.3047
step   7520 | loss = -1.7996 | mean(g_L) = +2.1196 | EMA = +2.1135 | std(g_L) = 1.0328 | grad = 0.5411
step   7540 | loss = -1.7810 | mean(g_L) = +2.0593 | EMA = +2.1090 | std(g_L) = 0.9632 | grad = 1.5221
step   7560 | loss = -1.7314 | mean(g_L) = +2.0058 | EMA = +2.1309 | std(g_L) = 0.9564 | grad = 2.0929
step   7580 | loss = -1.8129 | mean(g_L) = +2.1104 | EMA = +2.1118 | std(g_L) = 0.9958 | grad = 0.4981
step   7600 | loss = -1.8250 | mean(g_L) = +2.0981 | EMA = +2.1056 | std(g_L) = 0.9541 | grad = 0.5270
step   7620 | loss = -1.8421 | mean(g_L) = +2.1201 | EMA = +2.0747 | std(g_L) = 0.9626 | grad = 1.0355
step   7640 | loss = -1.8269 | mean(g_L) = +2.0608 | EMA = +2.1046 | std(g_L) = 0.8830 | grad = 0.5502
step   7660 | loss = -1.7570 | mean(g_L) = +2.0724 | EMA = +2.1040 | std(g_L) = 1.0253 | grad = 2.0358
step   7680 | loss = -1.7855 | mean(g_L) = +2.1157 | EMA = +2.1256 | std(g_L) = 1.0493 | grad = 1.1496
step   7700 | loss = -1.9593 | mean(g_L) = +2.1602 | EMA = +2.1146 | std(g_L) = 0.8183 | grad = 1.5603
step   7720 | loss = -2.1245 | mean(g_L) = +2.2902 | EMA = +2.1324 | std(g_L) = 0.7432 | grad = 0.6610
step   7740 | loss = -1.9397 | mean(g_L) = +2.1382 | EMA = +2.1120 | std(g_L) = 0.8135 | grad = 0.4658
step   7760 | loss = -2.0162 | mean(g_L) = +2.2084 | EMA = +2.1175 | std(g_L) = 0.8004 | grad = 1.0010
step   7780 | loss = -1.9793 | mean(g_L) = +2.2032 | EMA = +2.1277 | std(g_L) = 0.8640 | grad = 1.1274
step   7800 | loss = -1.8893 | mean(g_L) = +2.1950 | EMA = +2.1268 | std(g_L) = 1.0094 | grad = 1.5849
step   7820 | loss = -1.6553 | mean(g_L) = +1.8984 | EMA = +2.1062 | std(g_L) = 0.9002 | grad = 0.7684
step   7840 | loss = -1.6831 | mean(g_L) = +1.9055 | EMA = +2.1046 | std(g_L) = 0.8611 | grad = 0.8436
step   7860 | loss = -1.8700 | mean(g_L) = +2.1239 | EMA = +2.0883 | std(g_L) = 0.9199 | grad = 1.2280
step   7880 | loss = -1.8739 | mean(g_L) = +2.1571 | EMA = +2.0981 | std(g_L) = 0.9715 | grad = 0.8349
step   7900 | loss = -1.8295 | mean(g_L) = +2.0915 | EMA = +2.0963 | std(g_L) = 0.9345 | grad = 0.6163
step   7920 | loss = -1.7649 | mean(g_L) = +2.0515 | EMA = +2.1080 | std(g_L) = 0.9775 | grad = 0.4309
step   7940 | loss = -1.9017 | mean(g_L) = +2.1566 | EMA = +2.0947 | std(g_L) = 0.9217 | grad = 1.1165
step   7960 | loss = -1.6998 | mean(g_L) = +1.9749 | EMA = +2.1100 | std(g_L) = 0.9575 | grad = 0.9130
step   7980 | loss = -1.8208 | mean(g_L) = +2.0871 | EMA = +2.1168 | std(g_L) = 0.9422 | grad = 0.9726
step   8000 | loss = -1.9230 | mean(g_L) = +2.1503 | EMA = +2.1013 | std(g_L) = 0.8705 | grad = 0.9565
step   8020 | loss = -1.8391 | mean(g_L) = +2.1120 | EMA = +2.0970 | std(g_L) = 0.9537 | grad = 1.1958
step   8040 | loss = -1.7018 | mean(g_L) = +2.0885 | EMA = +2.1004 | std(g_L) = 1.1353 | grad = 1.4062
step   8060 | loss = -1.7996 | mean(g_L) = +2.0644 | EMA = +2.1062 | std(g_L) = 0.9395 | grad = 0.9992
step   8080 | loss = -1.8246 | mean(g_L) = +2.0946 | EMA = +2.0894 | std(g_L) = 0.9485 | grad = 0.7076
step   8100 | loss = -1.7732 | mean(g_L) = +2.0776 | EMA = +2.0991 | std(g_L) = 1.0072 | grad = 1.6124
step   8120 | loss = -1.8800 | mean(g_L) = +2.1430 | EMA = +2.1035 | std(g_L) = 0.9364 | grad = 0.8672
step   8140 | loss = -1.6857 | mean(g_L) = +2.0744 | EMA = +2.1094 | std(g_L) = 1.1383 | grad = 1.9704
step   8160 | loss = -1.7982 | mean(g_L) = +2.0667 | EMA = +2.1016 | std(g_L) = 0.9459 | grad = 0.4591
step   8180 | loss = -1.9983 | mean(g_L) = +2.2314 | EMA = +2.1085 | std(g_L) = 0.8815 | grad = 1.0580
step   8200 | loss = -1.9469 | mean(g_L) = +2.1329 | EMA = +2.1069 | std(g_L) = 0.7876 | grad = 0.8994
step   8220 | loss = -1.8918 | mean(g_L) = +2.1445 | EMA = +2.1094 | std(g_L) = 0.9179 | grad = 0.8785
step   8240 | loss = -1.9818 | mean(g_L) = +2.1571 | EMA = +2.0842 | std(g_L) = 0.7643 | grad = 1.0565
step   8260 | loss = -1.6852 | mean(g_L) = +2.0455 | EMA = +2.1008 | std(g_L) = 1.0958 | grad = 1.3212
step   8280 | loss = -1.5995 | mean(g_L) = +2.0422 | EMA = +2.1134 | std(g_L) = 1.2147 | grad = 2.1443
step   8300 | loss = -1.9568 | mean(g_L) = +2.1480 | EMA = +2.1185 | std(g_L) = 0.7983 | grad = 0.8255
step   8320 | loss = -1.8824 | mean(g_L) = +2.1410 | EMA = +2.1183 | std(g_L) = 0.9285 | grad = 1.1120
step   8340 | loss = -1.8217 | mean(g_L) = +2.0235 | EMA = +2.1191 | std(g_L) = 0.8202 | grad = 1.7735
step   8360 | loss = -1.9620 | mean(g_L) = +2.2059 | EMA = +2.1338 | std(g_L) = 0.9017 | grad = 1.6496
step   8380 | loss = -1.7511 | mean(g_L) = +2.0609 | EMA = +2.1131 | std(g_L) = 1.0163 | grad = 0.7227
step   8400 | loss = -1.9846 | mean(g_L) = +2.2158 | EMA = +2.1013 | std(g_L) = 0.8778 | grad = 1.4526
step   8420 | loss = -1.6940 | mean(g_L) = +1.9754 | EMA = +2.1255 | std(g_L) = 0.9686 | grad = 1.0140
step   8440 | loss = -1.8045 | mean(g_L) = +2.0366 | EMA = +2.1204 | std(g_L) = 0.8796 | grad = 0.8993
step   8460 | loss = -2.1042 | mean(g_L) = +2.3115 | EMA = +2.1217 | std(g_L) = 0.8312 | grad = 0.9741
step   8480 | loss = -2.0233 | mean(g_L) = +2.2409 | EMA = +2.1265 | std(g_L) = 0.8516 | grad = 0.4897
step   8500 | loss = -1.8067 | mean(g_L) = +2.0817 | EMA = +2.1211 | std(g_L) = 0.9575 | grad = 0.9731
step   8520 | loss = -1.9320 | mean(g_L) = +2.1384 | EMA = +2.1144 | std(g_L) = 0.8295 | grad = 1.1394
step   8540 | loss = -1.7658 | mean(g_L) = +2.1108 | EMA = +2.1110 | std(g_L) = 1.0724 | grad = 1.0857
step   8560 | loss = -1.9751 | mean(g_L) = +2.1957 | EMA = +2.1243 | std(g_L) = 0.8576 | grad = 1.3748
step   8580 | loss = -1.8287 | mean(g_L) = +2.0999 | EMA = +2.1063 | std(g_L) = 0.9508 | grad = 1.1949
step   8600 | loss = -1.8743 | mean(g_L) = +2.1026 | EMA = +2.1117 | std(g_L) = 0.8722 | grad = 1.4230
step   8620 | loss = -1.7357 | mean(g_L) = +2.0108 | EMA = +2.1280 | std(g_L) = 0.9576 | grad = 0.4917
step   8640 | loss = -2.0064 | mean(g_L) = +2.2076 | EMA = +2.1115 | std(g_L) = 0.8190 | grad = 1.5771
step   8660 | loss = -1.8126 | mean(g_L) = +2.0498 | EMA = +2.0927 | std(g_L) = 0.8891 | grad = 1.3008
step   8680 | loss = -1.8928 | mean(g_L) = +2.1140 | EMA = +2.1062 | std(g_L) = 0.8586 | grad = 0.8421
step   8700 | loss = -1.8955 | mean(g_L) = +2.1196 | EMA = +2.0829 | std(g_L) = 0.8643 | grad = 1.2708
step   8720 | loss = -1.8553 | mean(g_L) = +2.1320 | EMA = +2.1107 | std(g_L) = 0.9604 | grad = 1.5080
step   8740 | loss = -1.8820 | mean(g_L) = +2.0811 | EMA = +2.0990 | std(g_L) = 0.8145 | grad = 0.7274
step   8760 | loss = -1.7580 | mean(g_L) = +2.1138 | EMA = +2.1029 | std(g_L) = 1.0890 | grad = 2.3638
step   8780 | loss = -1.8449 | mean(g_L) = +2.0818 | EMA = +2.1182 | std(g_L) = 0.8887 | grad = 0.4196
step   8800 | loss = -1.8988 | mean(g_L) = +2.1143 | EMA = +2.1559 | std(g_L) = 0.8476 | grad = 0.6461
step   8820 | loss = -1.8976 | mean(g_L) = +2.1354 | EMA = +2.1214 | std(g_L) = 0.8904 | grad = 2.4889
step   8840 | loss = -1.8722 | mean(g_L) = +2.0970 | EMA = +2.1138 | std(g_L) = 0.8655 | grad = 0.5872
step   8860 | loss = -1.8757 | mean(g_L) = +2.1110 | EMA = +2.0871 | std(g_L) = 0.8855 | grad = 2.1153
step   8880 | loss = -1.7662 | mean(g_L) = +2.0125 | EMA = +2.0856 | std(g_L) = 0.9061 | grad = 3.8819
step   8900 | loss = -1.8387 | mean(g_L) = +2.0895 | EMA = +2.1120 | std(g_L) = 0.9143 | grad = 1.0167
step   8920 | loss = -1.8977 | mean(g_L) = +2.0958 | EMA = +2.1060 | std(g_L) = 0.8127 | grad = 0.3182
step   8940 | loss = -1.6861 | mean(g_L) = +1.9860 | EMA = +2.1195 | std(g_L) = 0.9998 | grad = 0.5309
step   8960 | loss = -1.7974 | mean(g_L) = +2.0866 | EMA = +2.1236 | std(g_L) = 0.9819 | grad = 2.7283
step   8980 | loss = -1.9945 | mean(g_L) = +2.2155 | EMA = +2.1165 | std(g_L) = 0.8582 | grad = 0.6213
step   9000 | loss = -2.0520 | mean(g_L) = +2.2898 | EMA = +2.1482 | std(g_L) = 0.8904 | grad = 0.4055
step   9020 | loss = -1.8107 | mean(g_L) = +2.1144 | EMA = +2.1214 | std(g_L) = 1.0061 | grad = 1.9690
step   9040 | loss = -1.7421 | mean(g_L) = +1.9847 | EMA = +2.1233 | std(g_L) = 0.8992 | grad = 2.7462
step   9060 | loss = -1.9816 | mean(g_L) = +2.1996 | EMA = +2.1257 | std(g_L) = 0.8526 | grad = 0.5085
step   9080 | loss = -1.8206 | mean(g_L) = +2.0783 | EMA = +2.1220 | std(g_L) = 0.9270 | grad = 1.3647
step   9100 | loss = -1.7620 | mean(g_L) = +2.0847 | EMA = +2.0989 | std(g_L) = 1.0371 | grad = 1.0243
step   9120 | loss = -1.8523 | mean(g_L) = +2.1429 | EMA = +2.1192 | std(g_L) = 0.9843 | grad = 0.6341
step   9140 | loss = -1.8397 | mean(g_L) = +2.1271 | EMA = +2.1229 | std(g_L) = 0.9788 | grad = 0.6588
step   9160 | loss = -1.8868 | mean(g_L) = +2.1550 | EMA = +2.1222 | std(g_L) = 0.9454 | grad = 2.3037
step   9180 | loss = -1.8280 | mean(g_L) = +2.1068 | EMA = +2.0998 | std(g_L) = 0.9640 | grad = 1.5265
step   9200 | loss = -1.8368 | mean(g_L) = +2.1076 | EMA = +2.1193 | std(g_L) = 0.9501 | grad = 0.7249
step   9220 | loss = -1.8639 | mean(g_L) = +2.1111 | EMA = +2.1149 | std(g_L) = 0.9078 | grad = 0.9984
step   9240 | loss = -1.7531 | mean(g_L) = +2.0308 | EMA = +2.1204 | std(g_L) = 0.9621 | grad = 1.2001
step   9260 | loss = -1.9500 | mean(g_L) = +2.1390 | EMA = +2.1077 | std(g_L) = 0.7937 | grad = 2.6575
step   9280 | loss = -1.7911 | mean(g_L) = +2.0789 | EMA = +2.1011 | std(g_L) = 0.9795 | grad = 1.3480
step   9300 | loss = -1.8495 | mean(g_L) = +2.1442 | EMA = +2.1137 | std(g_L) = 0.9911 | grad = 0.3615
step   9320 | loss = -1.4983 | mean(g_L) = +1.9178 | EMA = +2.1014 | std(g_L) = 1.1825 | grad = 1.5519
step   9340 | loss = -1.8720 | mean(g_L) = +2.1315 | EMA = +2.1159 | std(g_L) = 0.9300 | grad = 0.5884
step   9360 | loss = -1.9352 | mean(g_L) = +2.1609 | EMA = +2.1259 | std(g_L) = 0.8673 | grad = 1.5057
step   9380 | loss = -1.8357 | mean(g_L) = +2.1022 | EMA = +2.1397 | std(g_L) = 0.9425 | grad = 0.9892
step   9400 | loss = -1.9312 | mean(g_L) = +2.1814 | EMA = +2.1343 | std(g_L) = 0.9132 | grad = 0.6781
step   9420 | loss = -1.7040 | mean(g_L) = +2.0594 | EMA = +2.1176 | std(g_L) = 1.0884 | grad = 1.2891
step   9440 | loss = -1.9812 | mean(g_L) = +2.1579 | EMA = +2.1373 | std(g_L) = 0.7674 | grad = 0.6787
step   9460 | loss = -1.7978 | mean(g_L) = +2.1022 | EMA = +2.1179 | std(g_L) = 1.0074 | grad = 2.1674
step   9480 | loss = -1.9817 | mean(g_L) = +2.2072 | EMA = +2.1256 | std(g_L) = 0.8671 | grad = 2.3357
step   9500 | loss = -1.8915 | mean(g_L) = +2.1326 | EMA = +2.1325 | std(g_L) = 0.8964 | grad = 0.8268
step   9520 | loss = -1.8757 | mean(g_L) = +2.1563 | EMA = +2.1382 | std(g_L) = 0.9671 | grad = 0.8338
step   9540 | loss = -2.0972 | mean(g_L) = +2.2615 | EMA = +2.1615 | std(g_L) = 0.7400 | grad = 1.2488
step   9560 | loss = -1.9921 | mean(g_L) = +2.2214 | EMA = +2.1335 | std(g_L) = 0.8744 | grad = 0.6779
step   9580 | loss = -1.7918 | mean(g_L) = +2.0507 | EMA = +2.1102 | std(g_L) = 0.9289 | grad = 3.8173
step   9600 | loss = -1.8505 | mean(g_L) = +2.0746 | EMA = +2.1181 | std(g_L) = 0.8644 | grad = 0.5347
step   9620 | loss = -1.8942 | mean(g_L) = +2.1129 | EMA = +2.1098 | std(g_L) = 0.8538 | grad = 0.7302
step   9640 | loss = -1.7317 | mean(g_L) = +2.0986 | EMA = +2.1136 | std(g_L) = 1.1059 | grad = 1.1086
step   9660 | loss = -1.9659 | mean(g_L) = +2.1620 | EMA = +2.1425 | std(g_L) = 0.8085 | grad = 1.8807
step   9680 | loss = -1.7406 | mean(g_L) = +2.0549 | EMA = +2.1355 | std(g_L) = 1.0235 | grad = 1.0404
step   9700 | loss = -2.0556 | mean(g_L) = +2.2736 | EMA = +2.1406 | std(g_L) = 0.8524 | grad = 0.4238
step   9720 | loss = -1.5341 | mean(g_L) = +1.9042 | EMA = +2.1170 | std(g_L) = 1.1107 | grad = 1.7819
step   9740 | loss = -1.6455 | mean(g_L) = +1.9929 | EMA = +2.1147 | std(g_L) = 1.0761 | grad = 2.2454
step   9760 | loss = -1.7328 | mean(g_L) = +2.0152 | EMA = +2.1222 | std(g_L) = 0.9702 | grad = 0.3833
step   9780 | loss = -1.9961 | mean(g_L) = +2.2263 | EMA = +2.1320 | std(g_L) = 0.8759 | grad = 0.3404
step   9800 | loss = -1.9336 | mean(g_L) = +2.1427 | EMA = +2.1286 | std(g_L) = 0.8348 | grad = 2.2393
step   9820 | loss = -1.8437 | mean(g_L) = +2.0969 | EMA = +2.1278 | std(g_L) = 0.9186 | grad = 2.7554
step   9840 | loss = -1.9557 | mean(g_L) = +2.1439 | EMA = +2.0964 | std(g_L) = 0.7919 | grad = 0.6707
step   9860 | loss = -1.9979 | mean(g_L) = +2.2322 | EMA = +2.0971 | std(g_L) = 0.8837 | grad = 1.5615
step   9880 | loss = -1.8431 | mean(g_L) = +2.1058 | EMA = +2.1087 | std(g_L) = 0.9358 | grad = 0.5666
step   9900 | loss = -1.8298 | mean(g_L) = +2.0427 | EMA = +2.1172 | std(g_L) = 0.8423 | grad = 0.8406
step   9920 | loss = -1.8565 | mean(g_L) = +2.0895 | EMA = +2.1152 | std(g_L) = 0.8813 | grad = 0.9370
step   9940 | loss = -1.8606 | mean(g_L) = +2.1479 | EMA = +2.1442 | std(g_L) = 0.9786 | grad = 0.5084
step   9960 | loss = -1.9343 | mean(g_L) = +2.1333 | EMA = +2.1648 | std(g_L) = 0.8144 | grad = 0.7581
step   9980 | loss = -1.7067 | mean(g_L) = +2.0320 | EMA = +2.1697 | std(g_L) = 1.0415 | grad = 1.8032
step  10000 | loss = -1.7725 | mean(g_L) = +2.0084 | EMA = +2.1359 | std(g_L) = 0.8869 | grad = 1.0321
step  10020 | loss = -1.8915 | mean(g_L) = +2.1386 | EMA = +2.1292 | std(g_L) = 0.9076 | grad = 0.9539
step  10040 | loss = -1.9206 | mean(g_L) = +2.1482 | EMA = +2.1540 | std(g_L) = 0.8709 | grad = 0.5753
step  10060 | loss = -1.7152 | mean(g_L) = +1.9825 | EMA = +2.1296 | std(g_L) = 0.9440 | grad = 3.1829
step  10080 | loss = -1.6497 | mean(g_L) = +1.9819 | EMA = +2.1230 | std(g_L) = 1.0523 | grad = 0.8811
step  10100 | loss = -1.9236 | mean(g_L) = +2.1766 | EMA = +2.1066 | std(g_L) = 0.9184 | grad = 2.0465
step  10120 | loss = -1.8304 | mean(g_L) = +2.0673 | EMA = +2.1407 | std(g_L) = 0.8886 | grad = 1.0769
step  10140 | loss = -1.9110 | mean(g_L) = +2.1499 | EMA = +2.1305 | std(g_L) = 0.8925 | grad = 0.5989
step  10160 | loss = -2.0255 | mean(g_L) = +2.2098 | EMA = +2.1466 | std(g_L) = 0.7837 | grad = 2.3853
step  10180 | loss = -1.6558 | mean(g_L) = +1.9717 | EMA = +2.1122 | std(g_L) = 1.0261 | grad = 0.8634
step  10200 | loss = -1.7713 | mean(g_L) = +2.0661 | EMA = +2.1509 | std(g_L) = 0.9912 | grad = 0.9981
step  10220 | loss = -2.0280 | mean(g_L) = +2.2378 | EMA = +2.1337 | std(g_L) = 0.8362 | grad = 1.4578
step  10240 | loss = -1.7077 | mean(g_L) = +2.0453 | EMA = +2.1000 | std(g_L) = 1.0610 | grad = 1.3125
step  10260 | loss = -1.9566 | mean(g_L) = +2.1793 | EMA = +2.1158 | std(g_L) = 0.8614 | grad = 1.1103
step  10280 | loss = -1.8686 | mean(g_L) = +2.1309 | EMA = +2.1116 | std(g_L) = 0.9349 | grad = 1.1293
step  10300 | loss = -2.0827 | mean(g_L) = +2.2358 | EMA = +2.1249 | std(g_L) = 0.7145 | grad = 0.8715
step  10320 | loss = -1.9880 | mean(g_L) = +2.2337 | EMA = +2.1438 | std(g_L) = 0.9050 | grad = 1.0309
step  10340 | loss = -1.9416 | mean(g_L) = +2.2332 | EMA = +2.1548 | std(g_L) = 0.9858 | grad = 1.0051
step  10360 | loss = -1.9327 | mean(g_L) = +2.1387 | EMA = +2.1384 | std(g_L) = 0.8287 | grad = 1.4659
step  10380 | loss = -1.8164 | mean(g_L) = +2.0767 | EMA = +2.1314 | std(g_L) = 0.9314 | grad = 0.9309
step  10400 | loss = -1.8780 | mean(g_L) = +2.0997 | EMA = +2.1336 | std(g_L) = 0.8596 | grad = 0.7899
step  10420 | loss = -1.8572 | mean(g_L) = +2.1222 | EMA = +2.1354 | std(g_L) = 0.9398 | grad = 0.4172
step  10440 | loss = -1.8650 | mean(g_L) = +2.1580 | EMA = +2.1321 | std(g_L) = 0.9883 | grad = 2.7425
step  10460 | loss = -1.8055 | mean(g_L) = +2.1101 | EMA = +2.1412 | std(g_L) = 1.0076 | grad = 2.2773
step  10480 | loss = -1.7192 | mean(g_L) = +2.1123 | EMA = +2.1175 | std(g_L) = 1.1447 | grad = 2.0588
step  10500 | loss = -1.8317 | mean(g_L) = +2.0937 | EMA = +2.1362 | std(g_L) = 0.9345 | grad = 1.7202
step  10520 | loss = -2.0460 | mean(g_L) = +2.2394 | EMA = +2.1353 | std(g_L) = 0.8030 | grad = 0.7482
step  10540 | loss = -1.8405 | mean(g_L) = +2.1047 | EMA = +2.1434 | std(g_L) = 0.9384 | grad = 1.4053
step  10560 | loss = -1.9724 | mean(g_L) = +2.1795 | EMA = +2.1177 | std(g_L) = 0.8310 | grad = 1.3186
step  10580 | loss = -2.0765 | mean(g_L) = +2.2840 | EMA = +2.1442 | std(g_L) = 0.8317 | grad = 2.0764
step  10600 | loss = -2.0097 | mean(g_L) = +2.2081 | EMA = +2.1519 | std(g_L) = 0.8132 | grad = 1.0214
step  10620 | loss = -1.9745 | mean(g_L) = +2.1971 | EMA = +2.1284 | std(g_L) = 0.8613 | grad = 0.5676
step  10640 | loss = -1.9579 | mean(g_L) = +2.2063 | EMA = +2.1436 | std(g_L) = 0.9099 | grad = 2.1919
step  10660 | loss = -1.8913 | mean(g_L) = +2.1597 | EMA = +2.1447 | std(g_L) = 0.9458 | grad = 1.5389
step  10680 | loss = -1.8100 | mean(g_L) = +2.0823 | EMA = +2.1271 | std(g_L) = 0.9528 | grad = 2.6005
step  10700 | loss = -1.8531 | mean(g_L) = +2.0917 | EMA = +2.1259 | std(g_L) = 0.8918 | grad = 0.9146
step  10720 | loss = -2.1786 | mean(g_L) = +2.3167 | EMA = +2.1670 | std(g_L) = 0.6784 | grad = 0.9780
step  10740 | loss = -1.8429 | mean(g_L) = +2.1187 | EMA = +2.1480 | std(g_L) = 0.9588 | grad = 1.3963
step  10760 | loss = -1.8813 | mean(g_L) = +2.1683 | EMA = +2.1517 | std(g_L) = 0.9781 | grad = 0.5979
step  10780 | loss = -1.9165 | mean(g_L) = +2.1427 | EMA = +2.1611 | std(g_L) = 0.8685 | grad = 2.1891
step  10800 | loss = -1.6465 | mean(g_L) = +2.0048 | EMA = +2.1373 | std(g_L) = 1.0928 | grad = 2.8992
step  10820 | loss = -1.8517 | mean(g_L) = +2.1323 | EMA = +2.1425 | std(g_L) = 0.9672 | grad = 1.4284
step  10840 | loss = -1.9417 | mean(g_L) = +2.1525 | EMA = +2.1437 | std(g_L) = 0.8382 | grad = 0.7354
step  10860 | loss = -1.8660 | mean(g_L) = +2.1049 | EMA = +2.1470 | std(g_L) = 0.8924 | grad = 1.6253
step  10880 | loss = -1.8596 | mean(g_L) = +2.1233 | EMA = +2.1400 | std(g_L) = 0.9376 | grad = 1.0098
step  10900 | loss = -1.6555 | mean(g_L) = +1.9733 | EMA = +2.1339 | std(g_L) = 1.0292 | grad = 0.7230
step  10920 | loss = -1.9181 | mean(g_L) = +2.2050 | EMA = +2.1466 | std(g_L) = 0.9780 | grad = 0.8720
step  10940 | loss = -1.6927 | mean(g_L) = +1.9357 | EMA = +2.1403 | std(g_L) = 0.8999 | grad = 0.8399
step  10960 | loss = -1.6262 | mean(g_L) = +2.0336 | EMA = +2.1367 | std(g_L) = 1.1653 | grad = 1.2967
step  10980 | loss = -1.7575 | mean(g_L) = +2.0625 | EMA = +2.1326 | std(g_L) = 1.0084 | grad = 0.5440
step  11000 | loss = -1.9929 | mean(g_L) = +2.2453 | EMA = +2.1391 | std(g_L) = 0.9172 | grad = 0.9311
step  11020 | loss = -1.7292 | mean(g_L) = +2.0592 | EMA = +2.1320 | std(g_L) = 1.0488 | grad = 1.1053
step  11040 | loss = -2.0346 | mean(g_L) = +2.2069 | EMA = +2.1647 | std(g_L) = 0.7576 | grad = 0.7054
step  11060 | loss = -1.8799 | mean(g_L) = +2.1318 | EMA = +2.1355 | std(g_L) = 0.9163 | grad = 0.2880
step  11080 | loss = -1.8124 | mean(g_L) = +2.0631 | EMA = +2.1472 | std(g_L) = 0.9142 | grad = 0.8176
step  11100 | loss = -2.1610 | mean(g_L) = +2.3536 | EMA = +2.1591 | std(g_L) = 0.8014 | grad = 0.9949
step  11120 | loss = -2.0629 | mean(g_L) = +2.2314 | EMA = +2.1563 | std(g_L) = 0.7494 | grad = 1.3225
step  11140 | loss = -1.9874 | mean(g_L) = +2.1833 | EMA = +2.1488 | std(g_L) = 0.8081 | grad = 0.8286
step  11160 | loss = -1.9983 | mean(g_L) = +2.2125 | EMA = +2.1492 | std(g_L) = 0.8450 | grad = 1.3677
step  11180 | loss = -2.0824 | mean(g_L) = +2.2761 | EMA = +2.1266 | std(g_L) = 0.8036 | grad = 1.0401
step  11200 | loss = -1.7265 | mean(g_L) = +2.0017 | EMA = +2.1179 | std(g_L) = 0.9577 | grad = 2.2180
step  11220 | loss = -2.0844 | mean(g_L) = +2.2594 | EMA = +2.1414 | std(g_L) = 0.7637 | grad = 0.6945
step  11240 | loss = -1.8264 | mean(g_L) = +2.0634 | EMA = +2.1486 | std(g_L) = 0.8888 | grad = 0.3381
step  11260 | loss = -2.0153 | mean(g_L) = +2.2653 | EMA = +2.1402 | std(g_L) = 0.9129 | grad = 1.6942
step  11280 | loss = -1.9353 | mean(g_L) = +2.1862 | EMA = +2.1502 | std(g_L) = 0.9145 | grad = 0.3442
step  11300 | loss = -1.7920 | mean(g_L) = +2.0577 | EMA = +2.1422 | std(g_L) = 0.9412 | grad = 0.6207
step  11320 | loss = -1.9531 | mean(g_L) = +2.2018 | EMA = +2.1554 | std(g_L) = 0.9105 | grad = 1.1092
step  11340 | loss = -1.8975 | mean(g_L) = +2.2175 | EMA = +2.1499 | std(g_L) = 1.0328 | grad = 0.8661
step  11360 | loss = -2.0574 | mean(g_L) = +2.2543 | EMA = +2.1533 | std(g_L) = 0.8101 | grad = 1.0913
step  11380 | loss = -1.8978 | mean(g_L) = +2.1404 | EMA = +2.1382 | std(g_L) = 0.8991 | grad = 0.7544
step  11400 | loss = -1.8295 | mean(g_L) = +2.0907 | EMA = +2.1402 | std(g_L) = 0.9331 | grad = 0.9096
step  11420 | loss = -1.8004 | mean(g_L) = +2.1218 | EMA = +2.1456 | std(g_L) = 1.0351 | grad = 3.0072
step  11440 | loss = -1.8081 | mean(g_L) = +2.0833 | EMA = +2.1234 | std(g_L) = 0.9578 | grad = 1.4319
step  11460 | loss = -2.0160 | mean(g_L) = +2.1864 | EMA = +2.1431 | std(g_L) = 0.7537 | grad = 0.9974
step  11480 | loss = -1.9095 | mean(g_L) = +2.1259 | EMA = +2.1253 | std(g_L) = 0.8492 | grad = 1.2122
step  11500 | loss = -1.7729 | mean(g_L) = +2.0368 | EMA = +2.1323 | std(g_L) = 0.9379 | grad = 0.9597
step  11520 | loss = -2.1071 | mean(g_L) = +2.2737 | EMA = +2.1555 | std(g_L) = 0.7452 | grad = 0.4448
step  11540 | loss = -1.9756 | mean(g_L) = +2.2446 | EMA = +2.1369 | std(g_L) = 0.9469 | grad = 0.5718
step  11560 | loss = -1.8633 | mean(g_L) = +2.1283 | EMA = +2.1460 | std(g_L) = 0.9397 | grad = 1.0950
step  11580 | loss = -1.8129 | mean(g_L) = +2.0689 | EMA = +2.1268 | std(g_L) = 0.9238 | grad = 0.9467
step  11600 | loss = -1.9835 | mean(g_L) = +2.2230 | EMA = +2.1474 | std(g_L) = 0.8935 | grad = 2.6300
step  11620 | loss = -1.6739 | mean(g_L) = +2.0344 | EMA = +2.1514 | std(g_L) = 1.0961 | grad = 1.7104
step  11640 | loss = -2.0900 | mean(g_L) = +2.2639 | EMA = +2.1760 | std(g_L) = 0.7615 | grad = 0.8293
step  11660 | loss = -1.8982 | mean(g_L) = +2.1660 | EMA = +2.1664 | std(g_L) = 0.9448 | grad = 0.6562
step  11680 | loss = -1.6670 | mean(g_L) = +2.0228 | EMA = +2.1367 | std(g_L) = 1.0890 | grad = 2.5976
step  11700 | loss = -1.7612 | mean(g_L) = +2.1097 | EMA = +2.1295 | std(g_L) = 1.0778 | grad = 2.5430
step  11720 | loss = -1.8264 | mean(g_L) = +2.1032 | EMA = +2.1065 | std(g_L) = 0.9606 | grad = 0.8775
step  11740 | loss = -1.9071 | mean(g_L) = +2.0963 | EMA = +2.1283 | std(g_L) = 0.7942 | grad = 0.4602
step  11760 | loss = -2.1473 | mean(g_L) = +2.3404 | EMA = +2.1413 | std(g_L) = 0.8023 | grad = 0.4626
step  11780 | loss = -1.7550 | mean(g_L) = +2.0823 | EMA = +2.1302 | std(g_L) = 1.0446 | grad = 0.2953
step  11800 | loss = -1.7928 | mean(g_L) = +2.1062 | EMA = +2.1267 | std(g_L) = 1.0221 | grad = 1.2966
step  11820 | loss = -1.8168 | mean(g_L) = +2.0828 | EMA = +2.1139 | std(g_L) = 0.9416 | grad = 0.8936
step  11840 | loss = -1.9238 | mean(g_L) = +2.1776 | EMA = +2.1283 | std(g_L) = 0.9199 | grad = 1.0086
step  11860 | loss = -1.8802 | mean(g_L) = +2.1201 | EMA = +2.1505 | std(g_L) = 0.8943 | grad = 0.6561
step  11880 | loss = -1.8849 | mean(g_L) = +2.1677 | EMA = +2.1434 | std(g_L) = 0.9710 | grad = 1.4468
step  11900 | loss = -1.9796 | mean(g_L) = +2.1851 | EMA = +2.1437 | std(g_L) = 0.8276 | grad = 1.0597
step  11920 | loss = -1.9672 | mean(g_L) = +2.2103 | EMA = +2.1375 | std(g_L) = 0.9003 | grad = 0.5786
step  11940 | loss = -1.9918 | mean(g_L) = +2.2128 | EMA = +2.1306 | std(g_L) = 0.8583 | grad = 1.1240
step  11960 | loss = -1.8565 | mean(g_L) = +2.0896 | EMA = +2.1467 | std(g_L) = 0.8815 | grad = 1.6772
step  11980 | loss = -1.9038 | mean(g_L) = +2.1002 | EMA = +2.1579 | std(g_L) = 0.8091 | grad = 0.5764
step  12000 | loss = -1.8681 | mean(g_L) = +2.1331 | EMA = +2.1581 | std(g_L) = 0.9398 | grad = 1.3697
step  12020 | loss = -1.8531 | mean(g_L) = +2.1154 | EMA = +2.1634 | std(g_L) = 0.9352 | grad = 2.3754
step  12040 | loss = -2.0042 | mean(g_L) = +2.2437 | EMA = +2.1492 | std(g_L) = 0.8934 | grad = 1.2731
step  12060 | loss = -1.8179 | mean(g_L) = +2.0984 | EMA = +2.1226 | std(g_L) = 0.9670 | grad = 0.6697
step  12080 | loss = -1.8774 | mean(g_L) = +2.0786 | EMA = +2.1500 | std(g_L) = 0.8190 | grad = 0.8560
step  12100 | loss = -1.9056 | mean(g_L) = +2.1736 | EMA = +2.1408 | std(g_L) = 0.9452 | grad = 0.4327
step  12120 | loss = -1.4767 | mean(g_L) = +1.8668 | EMA = +2.1461 | std(g_L) = 1.1404 | grad = 0.4324
step  12140 | loss = -1.9613 | mean(g_L) = +2.1431 | EMA = +2.1438 | std(g_L) = 0.7784 | grad = 1.1234
step  12160 | loss = -1.7910 | mean(g_L) = +2.0808 | EMA = +2.1375 | std(g_L) = 0.9828 | grad = 0.9344
step  12180 | loss = -1.9776 | mean(g_L) = +2.1958 | EMA = +2.1542 | std(g_L) = 0.8527 | grad = 2.5903
step  12200 | loss = -1.7056 | mean(g_L) = +2.0130 | EMA = +2.1710 | std(g_L) = 1.0122 | grad = 0.8557
step  12220 | loss = -1.9809 | mean(g_L) = +2.1727 | EMA = +2.1510 | std(g_L) = 0.7995 | grad = 0.3956
step  12240 | loss = -1.8696 | mean(g_L) = +2.1303 | EMA = +2.1245 | std(g_L) = 0.9322 | grad = 0.6148
step  12260 | loss = -1.9349 | mean(g_L) = +2.1722 | EMA = +2.1222 | std(g_L) = 0.8894 | grad = 0.6266
step  12280 | loss = -2.0407 | mean(g_L) = +2.2669 | EMA = +2.1408 | std(g_L) = 0.8685 | grad = 0.6026
step  12300 | loss = -1.8537 | mean(g_L) = +2.0862 | EMA = +2.1342 | std(g_L) = 0.8804 | grad = 0.9547
step  12320 | loss = -1.8391 | mean(g_L) = +2.0901 | EMA = +2.1594 | std(g_L) = 0.9148 | grad = 2.7312
step  12340 | loss = -1.8051 | mean(g_L) = +2.0986 | EMA = +2.1349 | std(g_L) = 0.9891 | grad = 1.3217
step  12360 | loss = -1.8653 | mean(g_L) = +2.1176 | EMA = +2.1392 | std(g_L) = 0.9171 | grad = 0.4744
step  12380 | loss = -1.8209 | mean(g_L) = +2.0902 | EMA = +2.1370 | std(g_L) = 0.9474 | grad = 1.1393
step  12400 | loss = -1.9687 | mean(g_L) = +2.1731 | EMA = +2.1532 | std(g_L) = 0.8253 | grad = 1.2952
step  12420 | loss = -1.8876 | mean(g_L) = +2.1791 | EMA = +2.1394 | std(g_L) = 0.9858 | grad = 1.3590
step  12440 | loss = -1.9725 | mean(g_L) = +2.1994 | EMA = +2.1541 | std(g_L) = 0.8697 | grad = 0.7223
step  12460 | loss = -1.8983 | mean(g_L) = +2.1822 | EMA = +2.1344 | std(g_L) = 0.9728 | grad = 0.9829
step  12480 | loss = -1.9247 | mean(g_L) = +2.1918 | EMA = +2.1620 | std(g_L) = 0.9436 | grad = 1.9290
step  12500 | loss = -2.1694 | mean(g_L) = +2.3650 | EMA = +2.1487 | std(g_L) = 0.8076 | grad = 2.5805
step  12520 | loss = -1.9756 | mean(g_L) = +2.1748 | EMA = +2.1375 | std(g_L) = 0.8148 | grad = 1.2052
step  12540 | loss = -1.8813 | mean(g_L) = +2.1465 | EMA = +2.1419 | std(g_L) = 0.9402 | grad = 2.6310
step  12560 | loss = -1.9761 | mean(g_L) = +2.1933 | EMA = +2.1445 | std(g_L) = 0.8509 | grad = 0.5255
step  12580 | loss = -1.8522 | mean(g_L) = +2.0989 | EMA = +2.1407 | std(g_L) = 0.9068 | grad = 1.1335
step  12600 | loss = -1.8531 | mean(g_L) = +2.1021 | EMA = +2.1519 | std(g_L) = 0.9110 | grad = 2.1723
step  12620 | loss = -1.8609 | mean(g_L) = +2.1630 | EMA = +2.1428 | std(g_L) = 1.0035 | grad = 1.1349
step  12640 | loss = -1.6209 | mean(g_L) = +2.0349 | EMA = +2.1247 | std(g_L) = 1.1748 | grad = 0.5496
step  12660 | loss = -1.7517 | mean(g_L) = +2.0366 | EMA = +2.1176 | std(g_L) = 0.9745 | grad = 1.2463
step  12680 | loss = -1.9149 | mean(g_L) = +2.1660 | EMA = +2.1277 | std(g_L) = 0.9149 | grad = 1.4729
step  12700 | loss = -1.7749 | mean(g_L) = +2.1122 | EMA = +2.1449 | std(g_L) = 1.0603 | grad = 0.6092
step  12720 | loss = -1.6213 | mean(g_L) = +1.9724 | EMA = +2.1194 | std(g_L) = 1.0819 | grad = 1.5265
step  12740 | loss = -1.7469 | mean(g_L) = +2.1460 | EMA = +2.1455 | std(g_L) = 1.1534 | grad = 0.6623
step  12760 | loss = -1.8023 | mean(g_L) = +2.1397 | EMA = +2.1521 | std(g_L) = 1.0605 | grad = 1.0448
step  12780 | loss = -1.9074 | mean(g_L) = +2.1300 | EMA = +2.1350 | std(g_L) = 0.8614 | grad = 0.5638
step  12800 | loss = -1.9801 | mean(g_L) = +2.2253 | EMA = +2.1512 | std(g_L) = 0.9040 | grad = 1.5345
step  12820 | loss = -1.8509 | mean(g_L) = +2.1203 | EMA = +2.1449 | std(g_L) = 0.9477 | grad = 1.0881
step  12840 | loss = -1.9274 | mean(g_L) = +2.2072 | EMA = +2.1542 | std(g_L) = 0.9658 | grad = 1.5339
step  12860 | loss = -1.9240 | mean(g_L) = +2.1426 | EMA = +2.1410 | std(g_L) = 0.8536 | grad = 0.7360
step  12880 | loss = -1.7855 | mean(g_L) = +2.1073 | EMA = +2.1691 | std(g_L) = 1.0358 | grad = 0.7098
step  12900 | loss = -1.8599 | mean(g_L) = +2.1104 | EMA = +2.1712 | std(g_L) = 0.9137 | grad = 0.8882
step  12920 | loss = -1.9702 | mean(g_L) = +2.1913 | EMA = +2.1487 | std(g_L) = 0.8584 | grad = 0.5600
step  12940 | loss = -1.8591 | mean(g_L) = +2.1266 | EMA = +2.1513 | std(g_L) = 0.9443 | grad = 1.9020
step  12960 | loss = -1.9968 | mean(g_L) = +2.1936 | EMA = +2.1609 | std(g_L) = 0.8100 | grad = 0.6096
step  12980 | loss = -1.8807 | mean(g_L) = +2.1368 | EMA = +2.1381 | std(g_L) = 0.9240 | grad = 1.3413
step  13000 | loss = -1.8617 | mean(g_L) = +2.1579 | EMA = +2.1498 | std(g_L) = 0.9936 | grad = 1.1780
step  13020 | loss = -1.8352 | mean(g_L) = +2.0748 | EMA = +2.1324 | std(g_L) = 0.8937 | grad = 1.9613
step  13040 | loss = -1.8221 | mean(g_L) = +2.0529 | EMA = +2.1236 | std(g_L) = 0.8772 | grad = 1.7833
step  13060 | loss = -1.8507 | mean(g_L) = +2.0784 | EMA = +2.1350 | std(g_L) = 0.8711 | grad = 0.8464
step  13080 | loss = -2.0475 | mean(g_L) = +2.2431 | EMA = +2.1653 | std(g_L) = 0.8074 | grad = 0.5036
step  13100 | loss = -1.8172 | mean(g_L) = +2.0848 | EMA = +2.1302 | std(g_L) = 0.9444 | grad = 0.5031
step  13120 | loss = -1.8983 | mean(g_L) = +2.1178 | EMA = +2.1354 | std(g_L) = 0.8554 | grad = 1.5489
step  13140 | loss = -1.9589 | mean(g_L) = +2.1959 | EMA = +2.1493 | std(g_L) = 0.8888 | grad = 1.2990
step  13160 | loss = -1.7987 | mean(g_L) = +2.0626 | EMA = +2.1294 | std(g_L) = 0.9379 | grad = 1.2968
step  13180 | loss = -2.0288 | mean(g_L) = +2.2071 | EMA = +2.1323 | std(g_L) = 0.7710 | grad = 0.7967
step  13200 | loss = -1.8775 | mean(g_L) = +2.1593 | EMA = +2.1254 | std(g_L) = 0.9691 | grad = 1.9956
step  13220 | loss = -1.9274 | mean(g_L) = +2.2154 | EMA = +2.1309 | std(g_L) = 0.9799 | grad = 0.9388
step  13240 | loss = -1.8774 | mean(g_L) = +2.0790 | EMA = +2.1246 | std(g_L) = 0.8198 | grad = 1.1291
step  13260 | loss = -1.8259 | mean(g_L) = +2.0580 | EMA = +2.1474 | std(g_L) = 0.8796 | grad = 0.6486
step  13280 | loss = -2.0692 | mean(g_L) = +2.2351 | EMA = +2.1456 | std(g_L) = 0.7436 | grad = 1.4323
step  13300 | loss = -2.0168 | mean(g_L) = +2.2786 | EMA = +2.1582 | std(g_L) = 0.9342 | grad = 1.2349
step  13320 | loss = -1.7889 | mean(g_L) = +2.0773 | EMA = +2.1659 | std(g_L) = 0.9806 | grad = 0.5522
step  13340 | loss = -1.8342 | mean(g_L) = +2.0730 | EMA = +2.1441 | std(g_L) = 0.8923 | grad = 3.4016
step  13360 | loss = -1.7728 | mean(g_L) = +2.0388 | EMA = +2.1352 | std(g_L) = 0.9416 | grad = 1.1873
step  13380 | loss = -1.7961 | mean(g_L) = +2.0840 | EMA = +2.1225 | std(g_L) = 0.9797 | grad = 0.7074
step  13400 | loss = -2.0699 | mean(g_L) = +2.2351 | EMA = +2.1496 | std(g_L) = 0.7420 | grad = 0.7637
step  13420 | loss = -1.8487 | mean(g_L) = +2.1210 | EMA = +2.1283 | std(g_L) = 0.9526 | grad = 0.7507
step  13440 | loss = -1.8760 | mean(g_L) = +2.1432 | EMA = +2.1533 | std(g_L) = 0.9437 | grad = 0.6645
step  13460 | loss = -1.9780 | mean(g_L) = +2.1930 | EMA = +2.1370 | std(g_L) = 0.8466 | grad = 0.8648
step  13480 | loss = -1.8970 | mean(g_L) = +2.1451 | EMA = +2.1491 | std(g_L) = 0.9094 | grad = 1.6433
step  13500 | loss = -1.8852 | mean(g_L) = +2.1282 | EMA = +2.1368 | std(g_L) = 0.9001 | grad = 1.3934
step  13520 | loss = -2.0745 | mean(g_L) = +2.2893 | EMA = +2.1487 | std(g_L) = 0.8460 | grad = 1.6611
step  13540 | loss = -2.0534 | mean(g_L) = +2.2387 | EMA = +2.1394 | std(g_L) = 0.7859 | grad = 0.6949
step  13560 | loss = -1.6802 | mean(g_L) = +1.9907 | EMA = +2.1429 | std(g_L) = 1.0174 | grad = 2.0865
step  13580 | loss = -2.0215 | mean(g_L) = +2.2788 | EMA = +2.1416 | std(g_L) = 0.9262 | grad = 2.5706
step  13600 | loss = -1.8832 | mean(g_L) = +2.1672 | EMA = +2.1484 | std(g_L) = 0.9730 | grad = 0.8678
step  13620 | loss = -1.8218 | mean(g_L) = +2.0690 | EMA = +2.1542 | std(g_L) = 0.9077 | grad = 1.6169
step  13640 | loss = -1.9129 | mean(g_L) = +2.2080 | EMA = +2.1737 | std(g_L) = 0.9918 | grad = 0.4156
step  13660 | loss = -1.8726 | mean(g_L) = +2.1541 | EMA = +2.1823 | std(g_L) = 0.9686 | grad = 1.6311
step  13680 | loss = -1.9900 | mean(g_L) = +2.1763 | EMA = +2.1603 | std(g_L) = 0.7881 | grad = 2.2311
step  13700 | loss = -1.7131 | mean(g_L) = +2.0210 | EMA = +2.1597 | std(g_L) = 1.0132 | grad = 0.5320
step  13720 | loss = -1.6430 | mean(g_L) = +2.0272 | EMA = +2.1359 | std(g_L) = 1.1316 | grad = 1.6154
step  13740 | loss = -1.8521 | mean(g_L) = +2.0901 | EMA = +2.1487 | std(g_L) = 0.8908 | grad = 0.9739
step  13760 | loss = -1.9179 | mean(g_L) = +2.1850 | EMA = +2.1464 | std(g_L) = 0.9435 | grad = 1.7045
step  13780 | loss = -2.0062 | mean(g_L) = +2.2474 | EMA = +2.1585 | std(g_L) = 0.8965 | grad = 3.0462
step  13800 | loss = -1.7922 | mean(g_L) = +2.1103 | EMA = +2.1669 | std(g_L) = 1.0297 | grad = 3.5664
step  13820 | loss = -2.0711 | mean(g_L) = +2.2207 | EMA = +2.1594 | std(g_L) = 0.7063 | grad = 0.2827
step  13840 | loss = -1.9435 | mean(g_L) = +2.2066 | EMA = +2.1638 | std(g_L) = 0.9365 | grad = 0.7104
step  13860 | loss = -1.8192 | mean(g_L) = +2.1386 | EMA = +2.1420 | std(g_L) = 1.0319 | grad = 0.6367
step  13880 | loss = -1.9802 | mean(g_L) = +2.2047 | EMA = +2.1564 | std(g_L) = 0.8650 | grad = 2.2115
step  13900 | loss = -1.7309 | mean(g_L) = +2.0906 | EMA = +2.1548 | std(g_L) = 1.0950 | grad = 0.5347
step  13920 | loss = -1.9591 | mean(g_L) = +2.2187 | EMA = +2.1586 | std(g_L) = 0.9303 | grad = 1.4802
step  13940 | loss = -1.8889 | mean(g_L) = +2.1308 | EMA = +2.1500 | std(g_L) = 0.8980 | grad = 1.1777
step  13960 | loss = -1.8528 | mean(g_L) = +2.0876 | EMA = +2.1446 | std(g_L) = 0.8846 | grad = 1.3021
step  13980 | loss = -1.9416 | mean(g_L) = +2.1309 | EMA = +2.1480 | std(g_L) = 0.7944 | grad = 0.6567
step  14000 | loss = -1.8580 | mean(g_L) = +2.1713 | EMA = +2.1570 | std(g_L) = 1.0220 | grad = 2.8215
step  14020 | loss = -2.0660 | mean(g_L) = +2.2372 | EMA = +2.1800 | std(g_L) = 0.7554 | grad = 0.6823
step  14040 | loss = -1.8336 | mean(g_L) = +2.1617 | EMA = +2.1687 | std(g_L) = 1.0458 | grad = 1.5251
step  14060 | loss = -1.8975 | mean(g_L) = +2.1273 | EMA = +2.1490 | std(g_L) = 0.8751 | grad = 2.2894
step  14080 | loss = -1.9537 | mean(g_L) = +2.2086 | EMA = +2.1386 | std(g_L) = 0.9218 | grad = 0.9974
step  14100 | loss = -1.9201 | mean(g_L) = +2.1801 | EMA = +2.1563 | std(g_L) = 0.9311 | grad = 1.3869
step  14120 | loss = -1.8937 | mean(g_L) = +2.1195 | EMA = +2.1553 | std(g_L) = 0.8676 | grad = 0.6321
step  14140 | loss = -2.0049 | mean(g_L) = +2.2070 | EMA = +2.1369 | std(g_L) = 0.8208 | grad = 0.7858
step  14160 | loss = -2.0098 | mean(g_L) = +2.1817 | EMA = +2.1523 | std(g_L) = 0.7569 | grad = 1.1152
step  14180 | loss = -1.9974 | mean(g_L) = +2.2103 | EMA = +2.1638 | std(g_L) = 0.8423 | grad = 1.0118
step  14200 | loss = -1.8995 | mean(g_L) = +2.1526 | EMA = +2.1447 | std(g_L) = 0.9184 | grad = 3.5054
step  14220 | loss = -1.7716 | mean(g_L) = +2.0918 | EMA = +2.1402 | std(g_L) = 1.0331 | grad = 0.6916
step  14240 | loss = -1.9167 | mean(g_L) = +2.1031 | EMA = +2.1471 | std(g_L) = 0.7882 | grad = 1.4548
step  14260 | loss = -1.9032 | mean(g_L) = +2.1472 | EMA = +2.1725 | std(g_L) = 0.9018 | grad = 1.8601
step  14280 | loss = -1.9918 | mean(g_L) = +2.2001 | EMA = +2.1770 | std(g_L) = 0.8333 | grad = 0.6518
step  14300 | loss = -2.1534 | mean(g_L) = +2.3157 | EMA = +2.1746 | std(g_L) = 0.7354 | grad = 0.6933
step  14320 | loss = -1.5428 | mean(g_L) = +1.9396 | EMA = +2.1800 | std(g_L) = 1.1501 | grad = 2.0167
step  14340 | loss = -1.7391 | mean(g_L) = +2.0816 | EMA = +2.1770 | std(g_L) = 1.0684 | grad = 1.6854
step  14360 | loss = -1.8593 | mean(g_L) = +2.1444 | EMA = +2.1731 | std(g_L) = 0.9749 | grad = 0.9690
step  14380 | loss = -1.9184 | mean(g_L) = +2.1263 | EMA = +2.1246 | std(g_L) = 0.8325 | grad = 1.6987
step  14400 | loss = -2.0241 | mean(g_L) = +2.2302 | EMA = +2.1584 | std(g_L) = 0.8290 | grad = 0.8788
step  14420 | loss = -2.0256 | mean(g_L) = +2.2357 | EMA = +2.1604 | std(g_L) = 0.8368 | grad = 3.0991
step  14440 | loss = -1.7642 | mean(g_L) = +2.0791 | EMA = +2.1559 | std(g_L) = 1.0245 | grad = 0.7745
step  14460 | loss = -1.9253 | mean(g_L) = +2.1421 | EMA = +2.1516 | std(g_L) = 0.8502 | grad = 0.8287
step  14480 | loss = -1.8912 | mean(g_L) = +2.0836 | EMA = +2.1568 | std(g_L) = 0.8008 | grad = 1.0378
step  14500 | loss = -2.1146 | mean(g_L) = +2.3073 | EMA = +2.1523 | std(g_L) = 0.8013 | grad = 0.3043
step  14520 | loss = -2.0314 | mean(g_L) = +2.2416 | EMA = +2.1747 | std(g_L) = 0.8372 | grad = 2.3176
step  14540 | loss = -1.8300 | mean(g_L) = +2.1266 | EMA = +2.1540 | std(g_L) = 0.9942 | grad = 0.7102
step  14560 | loss = -2.0125 | mean(g_L) = +2.2119 | EMA = +2.1509 | std(g_L) = 0.8154 | grad = 1.3458
step  14580 | loss = -1.8712 | mean(g_L) = +2.2210 | EMA = +2.1600 | std(g_L) = 1.0798 | grad = 0.9373
step  14600 | loss = -1.5862 | mean(g_L) = +1.9781 | EMA = +2.1606 | std(g_L) = 1.1431 | grad = 3.6944
step  14620 | loss = -2.0251 | mean(g_L) = +2.2379 | EMA = +2.1719 | std(g_L) = 0.8422 | grad = 0.8778
step  14640 | loss = -1.9191 | mean(g_L) = +2.1655 | EMA = +2.1704 | std(g_L) = 0.9062 | grad = 1.9517
step  14660 | loss = -1.8992 | mean(g_L) = +2.1364 | EMA = +2.1837 | std(g_L) = 0.8892 | grad = 2.0445
step  14680 | loss = -2.0938 | mean(g_L) = +2.3364 | EMA = +2.1637 | std(g_L) = 0.8992 | grad = 2.1210
step  14700 | loss = -1.7196 | mean(g_L) = +1.9942 | EMA = +2.1816 | std(g_L) = 0.9566 | grad = 0.6626
step  14720 | loss = -1.8545 | mean(g_L) = +2.1181 | EMA = +2.1746 | std(g_L) = 0.9374 | grad = 0.6965
step  14740 | loss = -1.9735 | mean(g_L) = +2.2115 | EMA = +2.1568 | std(g_L) = 0.8907 | grad = 3.7554
step  14760 | loss = -1.8497 | mean(g_L) = +2.1357 | EMA = +2.1453 | std(g_L) = 0.9764 | grad = 1.4288
step  14780 | loss = -2.1272 | mean(g_L) = +2.3030 | EMA = +2.1791 | std(g_L) = 0.7654 | grad = 0.8843
step  14800 | loss = -2.1916 | mean(g_L) = +2.3491 | EMA = +2.1739 | std(g_L) = 0.7245 | grad = 0.6714
step  14820 | loss = -1.9761 | mean(g_L) = +2.1882 | EMA = +2.1700 | std(g_L) = 0.8409 | grad = 0.4639
step  14840 | loss = -1.8732 | mean(g_L) = +2.1542 | EMA = +2.1540 | std(g_L) = 0.9677 | grad = 0.5772
step  14860 | loss = -1.9423 | mean(g_L) = +2.1516 | EMA = +2.1398 | std(g_L) = 0.8352 | grad = 1.1301
step  14880 | loss = -1.7883 | mean(g_L) = +2.0578 | EMA = +2.1668 | std(g_L) = 0.9478 | grad = 1.1789
step  14900 | loss = -1.9544 | mean(g_L) = +2.1458 | EMA = +2.1752 | std(g_L) = 0.7988 | grad = 1.5909
step  14920 | loss = -1.8026 | mean(g_L) = +2.2000 | EMA = +2.1820 | std(g_L) = 1.1509 | grad = 1.4966
step  14940 | loss = -1.7938 | mean(g_L) = +2.1055 | EMA = +2.1777 | std(g_L) = 1.0194 | grad = 0.9388
step  14960 | loss = -1.8591 | mean(g_L) = +2.1421 | EMA = +2.1632 | std(g_L) = 0.9712 | grad = 1.0964
step  14980 | loss = -2.0609 | mean(g_L) = +2.2624 | EMA = +2.1690 | std(g_L) = 0.8195 | grad = 0.6312
step  15000 | loss = -1.9354 | mean(g_L) = +2.2076 | EMA = +2.1938 | std(g_L) = 0.9526 | grad = 3.0017
T=5 finished.
