
============================================================
T = 3
L = 128
Batch size = 128
Steps = 15000
Checkpoints = model_checkpoints/fixed_sigma_summary_stats_screen/T3_L128_B128
============================================================
step      1 | loss = -0.3252 | g_L = +0.3252 | EMA = +0.3252 | std(g_L) = 0.7293 | grad = 0.0815
step     20 | loss = -0.2952 | g_L = +0.2952 | EMA = +0.3273 | std(g_L) = 0.7337 | grad = 0.0404
step     40 | loss = -0.2686 | g_L = +0.2686 | EMA = +0.3122 | std(g_L) = 0.7024 | grad = 0.0934
step     60 | loss = -0.4863 | g_L = +0.4863 | EMA = +0.3390 | std(g_L) = 0.8398 | grad = 0.0585
step     80 | loss = -0.4897 | g_L = +0.4897 | EMA = +0.3654 | std(g_L) = 0.7866 | grad = 0.1609
step    100 | loss = -0.4103 | g_L = +0.4103 | EMA = +0.3894 | std(g_L) = 0.8255 | grad = 0.1510
step    120 | loss = -0.3186 | g_L = +0.3186 | EMA = +0.4032 | std(g_L) = 0.7814 | grad = 0.1173
step    140 | loss = -0.4935 | g_L = +0.4935 | EMA = +0.4767 | std(g_L) = 0.8239 | grad = 0.1589
step    160 | loss = -0.6965 | g_L = +0.6965 | EMA = +0.5479 | std(g_L) = 1.0241 | grad = 0.1830
step    180 | loss = -0.8901 | g_L = +0.8901 | EMA = +0.6454 | std(g_L) = 1.0976 | grad = 0.2340
step    200 | loss = -0.7330 | g_L = +0.7330 | EMA = +0.7048 | std(g_L) = 1.0414 | grad = 0.1310
step    220 | loss = -0.9260 | g_L = +0.9260 | EMA = +0.7406 | std(g_L) = 1.0625 | grad = 0.2623
step    240 | loss = -0.9111 | g_L = +0.9111 | EMA = +0.7949 | std(g_L) = 0.9624 | grad = 0.2173
step    260 | loss = -0.6677 | g_L = +0.6677 | EMA = +0.7792 | std(g_L) = 0.9420 | grad = 0.3786
step    280 | loss = -0.9470 | g_L = +0.9470 | EMA = +0.8210 | std(g_L) = 0.9944 | grad = 0.1868
step    300 | loss = -0.8998 | g_L = +0.8998 | EMA = +0.8577 | std(g_L) = 0.9527 | grad = 0.1628
step    320 | loss = -0.8669 | g_L = +0.8669 | EMA = +0.8796 | std(g_L) = 0.9975 | grad = 0.5135
step    340 | loss = -0.9578 | g_L = +0.9578 | EMA = +0.8881 | std(g_L) = 1.0314 | grad = 0.3537
step    360 | loss = -0.8285 | g_L = +0.8285 | EMA = +0.9325 | std(g_L) = 1.0126 | grad = 0.7373
step    380 | loss = -0.8713 | g_L = +0.8713 | EMA = +0.9344 | std(g_L) = 1.0530 | grad = 0.4842
step    400 | loss = -1.0657 | g_L = +1.0657 | EMA = +0.9665 | std(g_L) = 1.3296 | grad = 0.1352
step    420 | loss = -0.7952 | g_L = +0.7952 | EMA = +1.0047 | std(g_L) = 1.0475 | grad = 0.3845
step    440 | loss = -1.0403 | g_L = +1.0403 | EMA = +1.0125 | std(g_L) = 1.1128 | grad = 0.7305
step    460 | loss = -0.8718 | g_L = +0.8718 | EMA = +0.9931 | std(g_L) = 0.9732 | grad = 0.2911
step    480 | loss = -1.1540 | g_L = +1.1540 | EMA = +1.0347 | std(g_L) = 1.2659 | grad = 0.3943
step    500 | loss = -0.7598 | g_L = +0.7598 | EMA = +1.0059 | std(g_L) = 1.0908 | grad = 0.4949
step    520 | loss = -0.9880 | g_L = +0.9880 | EMA = +1.0093 | std(g_L) = 1.1378 | grad = 0.3258
step    540 | loss = -1.1550 | g_L = +1.1550 | EMA = +1.0195 | std(g_L) = 1.1582 | grad = 0.3145
step    560 | loss = -1.1851 | g_L = +1.1851 | EMA = +1.0444 | std(g_L) = 1.1774 | grad = 0.2771
step    580 | loss = -1.0018 | g_L = +1.0018 | EMA = +1.0386 | std(g_L) = 1.0220 | grad = 0.2982
step    600 | loss = -1.0124 | g_L = +1.0124 | EMA = +1.0165 | std(g_L) = 1.1890 | grad = 0.1222
step    620 | loss = -0.9689 | g_L = +0.9689 | EMA = +1.0140 | std(g_L) = 1.2769 | grad = 0.1772
step    640 | loss = -0.9091 | g_L = +0.9091 | EMA = +1.0106 | std(g_L) = 1.2915 | grad = 0.1598
step    660 | loss = -1.0075 | g_L = +1.0075 | EMA = +1.0277 | std(g_L) = 1.1117 | grad = 0.3227
step    680 | loss = -1.1014 | g_L = +1.1014 | EMA = +1.0248 | std(g_L) = 1.1500 | grad = 0.3650
step    700 | loss = -1.1534 | g_L = +1.1534 | EMA = +1.0348 | std(g_L) = 1.2805 | grad = 0.3204
step    720 | loss = -1.0396 | g_L = +1.0396 | EMA = +1.0512 | std(g_L) = 1.0160 | grad = 0.2343
step    740 | loss = -0.9958 | g_L = +0.9958 | EMA = +1.0292 | std(g_L) = 1.1111 | grad = 0.2117
step    760 | loss = -1.1846 | g_L = +1.1846 | EMA = +1.0310 | std(g_L) = 1.2545 | grad = 0.1346
step    780 | loss = -1.1535 | g_L = +1.1535 | EMA = +1.0146 | std(g_L) = 1.1864 | grad = 0.3560
step    800 | loss = -1.0662 | g_L = +1.0662 | EMA = +1.0281 | std(g_L) = 1.1425 | grad = 0.2619
step    820 | loss = -1.1496 | g_L = +1.1496 | EMA = +1.0249 | std(g_L) = 1.1992 | grad = 0.2589
step    840 | loss = -1.0397 | g_L = +1.0397 | EMA = +1.0098 | std(g_L) = 1.2212 | grad = 0.3306
step    860 | loss = -0.9717 | g_L = +0.9717 | EMA = +1.0131 | std(g_L) = 1.1932 | grad = 0.3625
step    880 | loss = -1.2122 | g_L = +1.2122 | EMA = +1.0466 | std(g_L) = 1.2923 | grad = 0.3361
step    900 | loss = -0.9501 | g_L = +0.9501 | EMA = +1.0301 | std(g_L) = 1.1618 | grad = 0.2395
step    920 | loss = -0.7782 | g_L = +0.7782 | EMA = +1.0157 | std(g_L) = 1.0798 | grad = 0.3497
step    940 | loss = -1.0348 | g_L = +1.0348 | EMA = +1.0148 | std(g_L) = 1.0747 | grad = 0.2636
step    960 | loss = -1.0350 | g_L = +1.0350 | EMA = +1.0300 | std(g_L) = 1.1877 | grad = 0.2279
step    980 | loss = -0.7898 | g_L = +0.7898 | EMA = +1.0335 | std(g_L) = 1.0232 | grad = 0.3918
step   1000 | loss = -0.9854 | g_L = +0.9854 | EMA = +1.0339 | std(g_L) = 1.1162 | grad = 0.2533
step   1020 | loss = -0.8458 | g_L = +0.8458 | EMA = +1.0307 | std(g_L) = 0.9524 | grad = 0.1911
step   1040 | loss = -0.9126 | g_L = +0.9126 | EMA = +1.0224 | std(g_L) = 1.0178 | grad = 0.1732
step   1060 | loss = -0.8381 | g_L = +0.8381 | EMA = +0.9977 | std(g_L) = 1.2332 | grad = 0.4106
step   1080 | loss = -1.1504 | g_L = +1.1504 | EMA = +1.0533 | std(g_L) = 1.1344 | grad = 0.0484
step   1100 | loss = -0.9445 | g_L = +0.9445 | EMA = +1.0276 | std(g_L) = 1.1497 | grad = 0.1957
step   1120 | loss = -1.0521 | g_L = +1.0521 | EMA = +1.0532 | std(g_L) = 1.1517 | grad = 0.5534
step   1140 | loss = -1.0477 | g_L = +1.0477 | EMA = +1.0276 | std(g_L) = 1.0625 | grad = 0.3366
step   1160 | loss = -1.0421 | g_L = +1.0421 | EMA = +1.0306 | std(g_L) = 1.2171 | grad = 0.4183
step   1180 | loss = -1.1580 | g_L = +1.1580 | EMA = +1.0556 | std(g_L) = 1.1129 | grad = 0.6208
step   1200 | loss = -1.1509 | g_L = +1.1509 | EMA = +1.0494 | std(g_L) = 1.1729 | grad = 0.5989
step   1220 | loss = -1.1317 | g_L = +1.1317 | EMA = +1.0550 | std(g_L) = 1.2043 | grad = 0.1905
step   1240 | loss = -1.0014 | g_L = +1.0014 | EMA = +1.0274 | std(g_L) = 1.1110 | grad = 0.5720
step   1260 | loss = -0.9704 | g_L = +0.9704 | EMA = +1.0238 | std(g_L) = 1.1291 | grad = 0.2385
step   1280 | loss = -1.0294 | g_L = +1.0294 | EMA = +1.0160 | std(g_L) = 1.1903 | grad = 0.3774
step   1300 | loss = -1.0793 | g_L = +1.0793 | EMA = +1.0517 | std(g_L) = 1.1949 | grad = 0.3923
step   1320 | loss = -1.1684 | g_L = +1.1684 | EMA = +1.0737 | std(g_L) = 1.0961 | grad = 0.3786
step   1340 | loss = -0.9554 | g_L = +0.9554 | EMA = +1.0626 | std(g_L) = 1.0783 | grad = 0.1798
step   1360 | loss = -0.9259 | g_L = +0.9259 | EMA = +1.0639 | std(g_L) = 0.9510 | grad = 0.3187
step   1380 | loss = -0.9726 | g_L = +0.9726 | EMA = +1.0384 | std(g_L) = 1.1042 | grad = 0.2784
step   1400 | loss = -1.0447 | g_L = +1.0447 | EMA = +1.0544 | std(g_L) = 0.9713 | grad = 0.2615
step   1420 | loss = -1.0003 | g_L = +1.0003 | EMA = +1.0482 | std(g_L) = 1.2118 | grad = 0.1415
step   1440 | loss = -0.9889 | g_L = +0.9889 | EMA = +1.0329 | std(g_L) = 1.1545 | grad = 0.2600
step   1460 | loss = -1.1449 | g_L = +1.1449 | EMA = +1.0406 | std(g_L) = 1.1851 | grad = 0.1997
step   1480 | loss = -1.0238 | g_L = +1.0238 | EMA = +1.0443 | std(g_L) = 1.1289 | grad = 0.1732
step   1500 | loss = -1.1173 | g_L = +1.1173 | EMA = +1.0467 | std(g_L) = 1.1405 | grad = 0.2416
step   1520 | loss = -0.9570 | g_L = +0.9570 | EMA = +1.0523 | std(g_L) = 1.3421 | grad = 0.3300
step   1540 | loss = -1.0488 | g_L = +1.0488 | EMA = +1.0399 | std(g_L) = 1.1089 | grad = 0.2171
step   1560 | loss = -1.1025 | g_L = +1.1025 | EMA = +1.0552 | std(g_L) = 1.1582 | grad = 0.4412
step   1580 | loss = -0.8217 | g_L = +0.8217 | EMA = +1.0426 | std(g_L) = 0.9875 | grad = 0.6628
step   1600 | loss = -1.1344 | g_L = +1.1344 | EMA = +1.0611 | std(g_L) = 1.0926 | grad = 0.3043
step   1620 | loss = -1.0229 | g_L = +1.0229 | EMA = +1.0793 | std(g_L) = 1.2441 | grad = 0.3151
step   1640 | loss = -1.0383 | g_L = +1.0383 | EMA = +1.0708 | std(g_L) = 1.0665 | grad = 0.4411
step   1660 | loss = -1.0999 | g_L = +1.0999 | EMA = +1.0734 | std(g_L) = 1.0291 | grad = 0.3940
step   1680 | loss = -0.9725 | g_L = +0.9725 | EMA = +1.0747 | std(g_L) = 1.1775 | grad = 0.3792
step   1700 | loss = -1.1567 | g_L = +1.1567 | EMA = +1.0392 | std(g_L) = 1.1347 | grad = 0.2513
step   1720 | loss = -1.0562 | g_L = +1.0562 | EMA = +1.0547 | std(g_L) = 1.0288 | grad = 0.4329
step   1740 | loss = -1.0620 | g_L = +1.0620 | EMA = +1.0615 | std(g_L) = 1.1154 | grad = 0.3339
step   1760 | loss = -1.1368 | g_L = +1.1368 | EMA = +1.0525 | std(g_L) = 1.1902 | grad = 0.7970
step   1780 | loss = -1.1592 | g_L = +1.1592 | EMA = +1.0560 | std(g_L) = 1.0807 | grad = 0.3423
step   1800 | loss = -1.0253 | g_L = +1.0253 | EMA = +1.0337 | std(g_L) = 0.9880 | grad = 0.3888
step   1820 | loss = -1.0010 | g_L = +1.0010 | EMA = +1.0628 | std(g_L) = 1.1153 | grad = 0.2450
step   1840 | loss = -1.0470 | g_L = +1.0470 | EMA = +1.0447 | std(g_L) = 1.0143 | grad = 0.9219
step   1860 | loss = -1.0409 | g_L = +1.0409 | EMA = +1.0628 | std(g_L) = 1.1840 | grad = 0.3794
step   1880 | loss = -1.0302 | g_L = +1.0302 | EMA = +1.0859 | std(g_L) = 1.0692 | grad = 0.3219
step   1900 | loss = -1.2470 | g_L = +1.2470 | EMA = +1.0617 | std(g_L) = 1.0648 | grad = 0.7428
step   1920 | loss = -0.9924 | g_L = +0.9924 | EMA = +1.0799 | std(g_L) = 1.0342 | grad = 0.2347
step   1940 | loss = -1.0153 | g_L = +1.0153 | EMA = +1.0834 | std(g_L) = 1.1345 | grad = 0.3348
step   1960 | loss = -1.1459 | g_L = +1.1459 | EMA = +1.0781 | std(g_L) = 1.1658 | grad = 0.4179
step   1980 | loss = -1.1415 | g_L = +1.1415 | EMA = +1.0674 | std(g_L) = 1.0794 | grad = 1.1807
step   2000 | loss = -1.1650 | g_L = +1.1650 | EMA = +1.0708 | std(g_L) = 1.0628 | grad = 0.2226
step   2020 | loss = -0.9543 | g_L = +0.9543 | EMA = +1.0613 | std(g_L) = 1.1237 | grad = 0.2492
step   2040 | loss = -1.0668 | g_L = +1.0668 | EMA = +1.0569 | std(g_L) = 1.2237 | grad = 0.3162
step   2060 | loss = -1.2495 | g_L = +1.2495 | EMA = +1.0865 | std(g_L) = 1.1922 | grad = 0.3817
step   2080 | loss = -0.9767 | g_L = +0.9767 | EMA = +1.0834 | std(g_L) = 1.1615 | grad = 0.4857
step   2100 | loss = -0.9856 | g_L = +0.9856 | EMA = +1.0668 | std(g_L) = 1.0273 | grad = 0.4320
step   2120 | loss = -1.1410 | g_L = +1.1410 | EMA = +1.0821 | std(g_L) = 1.2195 | grad = 0.2791
step   2140 | loss = -1.0815 | g_L = +1.0815 | EMA = +1.0759 | std(g_L) = 1.1173 | grad = 0.7476
step   2160 | loss = -1.0650 | g_L = +1.0650 | EMA = +1.0673 | std(g_L) = 1.0569 | grad = 0.4897
step   2180 | loss = -1.1158 | g_L = +1.1158 | EMA = +1.0821 | std(g_L) = 1.1262 | grad = 0.2457
step   2200 | loss = -1.2073 | g_L = +1.2073 | EMA = +1.0954 | std(g_L) = 1.1681 | grad = 0.2346
step   2220 | loss = -0.7942 | g_L = +0.7942 | EMA = +1.0959 | std(g_L) = 1.1209 | grad = 0.3118
step   2240 | loss = -1.0492 | g_L = +1.0492 | EMA = +1.0989 | std(g_L) = 1.1170 | grad = 0.2968
step   2260 | loss = -1.0585 | g_L = +1.0585 | EMA = +1.0987 | std(g_L) = 1.1322 | grad = 0.9057
step   2280 | loss = -0.9419 | g_L = +0.9419 | EMA = +1.0746 | std(g_L) = 1.1503 | grad = 0.8997
step   2300 | loss = -0.9032 | g_L = +0.9032 | EMA = +1.0639 | std(g_L) = 1.0047 | grad = 0.2875
step   2320 | loss = -1.0731 | g_L = +1.0731 | EMA = +1.0801 | std(g_L) = 1.1236 | grad = 0.2794
step   2340 | loss = -0.9458 | g_L = +0.9458 | EMA = +1.0786 | std(g_L) = 1.1054 | grad = 0.1884
step   2360 | loss = -1.1781 | g_L = +1.1781 | EMA = +1.0655 | std(g_L) = 1.2083 | grad = 0.5620
step   2380 | loss = -1.0615 | g_L = +1.0615 | EMA = +1.0792 | std(g_L) = 1.0694 | grad = 0.3192
step   2400 | loss = -1.0698 | g_L = +1.0698 | EMA = +1.1069 | std(g_L) = 1.0736 | grad = 0.2964
step   2420 | loss = -0.9599 | g_L = +0.9599 | EMA = +1.0911 | std(g_L) = 1.0779 | grad = 0.4415
step   2440 | loss = -1.1974 | g_L = +1.1974 | EMA = +1.0800 | std(g_L) = 1.1310 | grad = 0.2272
step   2460 | loss = -1.0025 | g_L = +1.0025 | EMA = +1.0761 | std(g_L) = 1.1226 | grad = 0.3021
step   2480 | loss = -1.0822 | g_L = +1.0822 | EMA = +1.0751 | std(g_L) = 1.0096 | grad = 0.3089
step   2500 | loss = -1.1355 | g_L = +1.1355 | EMA = +1.0925 | std(g_L) = 1.1627 | grad = 0.3157
step   2520 | loss = -1.0317 | g_L = +1.0317 | EMA = +1.0946 | std(g_L) = 1.2427 | grad = 0.2480
step   2540 | loss = -1.2715 | g_L = +1.2715 | EMA = +1.0977 | std(g_L) = 1.1359 | grad = 0.4909
step   2560 | loss = -0.9305 | g_L = +0.9305 | EMA = +1.0370 | std(g_L) = 1.0520 | grad = 0.3443
step   2580 | loss = -0.8577 | g_L = +0.8577 | EMA = +1.0579 | std(g_L) = 0.9902 | grad = 0.3709
step   2600 | loss = -1.0982 | g_L = +1.0982 | EMA = +1.0595 | std(g_L) = 1.1308 | grad = 0.3025
step   2620 | loss = -1.0232 | g_L = +1.0232 | EMA = +1.0628 | std(g_L) = 1.0393 | grad = 0.3394
step   2640 | loss = -0.9639 | g_L = +0.9639 | EMA = +1.0636 | std(g_L) = 1.0232 | grad = 0.5005
step   2660 | loss = -1.1159 | g_L = +1.1159 | EMA = +1.0915 | std(g_L) = 1.1610 | grad = 1.0349
step   2680 | loss = -1.2712 | g_L = +1.2712 | EMA = +1.1036 | std(g_L) = 1.1189 | grad = 0.1868
step   2700 | loss = -1.0385 | g_L = +1.0385 | EMA = +1.0906 | std(g_L) = 1.1258 | grad = 0.2728
step   2720 | loss = -1.0942 | g_L = +1.0942 | EMA = +1.0999 | std(g_L) = 0.9880 | grad = 0.5275
step   2740 | loss = -1.1643 | g_L = +1.1643 | EMA = +1.1084 | std(g_L) = 1.1687 | grad = 0.2603
step   2760 | loss = -1.1202 | g_L = +1.1202 | EMA = +1.0886 | std(g_L) = 1.1388 | grad = 0.3108
step   2780 | loss = -1.0153 | g_L = +1.0153 | EMA = +1.0935 | std(g_L) = 1.1069 | grad = 0.3701
step   2800 | loss = -1.1571 | g_L = +1.1571 | EMA = +1.0830 | std(g_L) = 1.1637 | grad = 0.4746
step   2820 | loss = -1.1170 | g_L = +1.1170 | EMA = +1.0806 | std(g_L) = 1.1323 | grad = 0.1182
step   2840 | loss = -1.0432 | g_L = +1.0432 | EMA = +1.0880 | std(g_L) = 1.0720 | grad = 0.6018
step   2860 | loss = -1.0991 | g_L = +1.0991 | EMA = +1.0931 | std(g_L) = 1.0244 | grad = 0.2113
step   2880 | loss = -1.1331 | g_L = +1.1331 | EMA = +1.0502 | std(g_L) = 1.1669 | grad = 0.2182
step   2900 | loss = -1.2176 | g_L = +1.2176 | EMA = +1.0741 | std(g_L) = 1.0904 | grad = 0.2820
step   2920 | loss = -1.0541 | g_L = +1.0541 | EMA = +1.0550 | std(g_L) = 1.1809 | grad = 0.5907
step   2940 | loss = -1.2699 | g_L = +1.2699 | EMA = +1.0630 | std(g_L) = 1.0716 | grad = 0.4504
step   2960 | loss = -0.8414 | g_L = +0.8414 | EMA = +1.0540 | std(g_L) = 0.9576 | grad = 0.2030
step   2980 | loss = -1.1218 | g_L = +1.1218 | EMA = +1.0682 | std(g_L) = 1.0346 | grad = 0.2699
step   3000 | loss = -1.1712 | g_L = +1.1712 | EMA = +1.0830 | std(g_L) = 1.0637 | grad = 0.3368
step   3020 | loss = -1.0006 | g_L = +1.0006 | EMA = +1.0925 | std(g_L) = 1.0959 | grad = 0.6018
step   3040 | loss = -0.9622 | g_L = +0.9622 | EMA = +1.0973 | std(g_L) = 0.9770 | grad = 0.3189
step   3060 | loss = -1.1054 | g_L = +1.1054 | EMA = +1.1108 | std(g_L) = 1.0907 | grad = 0.2879
step   3080 | loss = -1.0672 | g_L = +1.0672 | EMA = +1.0948 | std(g_L) = 1.0718 | grad = 0.9741
step   3100 | loss = -1.1854 | g_L = +1.1854 | EMA = +1.0836 | std(g_L) = 1.1644 | grad = 0.4579
step   3120 | loss = -1.0656 | g_L = +1.0656 | EMA = +1.0890 | std(g_L) = 1.0559 | grad = 0.4610
step   3140 | loss = -1.1772 | g_L = +1.1772 | EMA = +1.1029 | std(g_L) = 1.2387 | grad = 0.3882
step   3160 | loss = -1.0486 | g_L = +1.0486 | EMA = +1.1040 | std(g_L) = 1.1019 | grad = 0.3257
step   3180 | loss = -1.1331 | g_L = +1.1331 | EMA = +1.0928 | std(g_L) = 1.0982 | grad = 0.2735
step   3200 | loss = -1.0486 | g_L = +1.0486 | EMA = +1.0925 | std(g_L) = 0.9997 | grad = 0.5665
step   3220 | loss = -1.0574 | g_L = +1.0574 | EMA = +1.0912 | std(g_L) = 1.1225 | grad = 0.3321
step   3240 | loss = -1.0353 | g_L = +1.0353 | EMA = +1.1026 | std(g_L) = 1.1536 | grad = 0.2667
step   3260 | loss = -1.1808 | g_L = +1.1808 | EMA = +1.1137 | std(g_L) = 1.1127 | grad = 0.3188
step   3280 | loss = -0.9514 | g_L = +0.9514 | EMA = +1.0733 | std(g_L) = 0.8918 | grad = 0.2648
step   3300 | loss = -1.1159 | g_L = +1.1159 | EMA = +1.0654 | std(g_L) = 0.9394 | grad = 0.6732
step   3320 | loss = -1.1830 | g_L = +1.1830 | EMA = +1.0740 | std(g_L) = 1.0733 | grad = 0.2335
step   3340 | loss = -1.2511 | g_L = +1.2511 | EMA = +1.0835 | std(g_L) = 1.2328 | grad = 0.3789
step   3360 | loss = -1.1301 | g_L = +1.1301 | EMA = +1.1103 | std(g_L) = 1.1513 | grad = 0.4412
step   3380 | loss = -1.2949 | g_L = +1.2949 | EMA = +1.1039 | std(g_L) = 1.1044 | grad = 0.3211
step   3400 | loss = -1.1780 | g_L = +1.1780 | EMA = +1.1111 | std(g_L) = 0.9807 | grad = 0.4969
step   3420 | loss = -1.1493 | g_L = +1.1493 | EMA = +1.0970 | std(g_L) = 1.1362 | grad = 0.4062
step   3440 | loss = -1.1472 | g_L = +1.1472 | EMA = +1.0921 | std(g_L) = 1.0433 | grad = 0.2873
step   3460 | loss = -1.1711 | g_L = +1.1711 | EMA = +1.1083 | std(g_L) = 1.0168 | grad = 0.4790
step   3480 | loss = -1.0541 | g_L = +1.0541 | EMA = +1.1134 | std(g_L) = 1.1622 | grad = 0.1603
step   3500 | loss = -1.2492 | g_L = +1.2492 | EMA = +1.1139 | std(g_L) = 1.0444 | grad = 0.2630
step   3520 | loss = -1.1346 | g_L = +1.1346 | EMA = +1.1101 | std(g_L) = 1.0174 | grad = 0.4909
step   3540 | loss = -1.1219 | g_L = +1.1219 | EMA = +1.0964 | std(g_L) = 1.1577 | grad = 0.1623
step   3560 | loss = -1.1645 | g_L = +1.1645 | EMA = +1.1182 | std(g_L) = 1.0463 | grad = 0.2854
step   3580 | loss = -1.1690 | g_L = +1.1690 | EMA = +1.1196 | std(g_L) = 0.9658 | grad = 0.1743
step   3600 | loss = -1.1130 | g_L = +1.1130 | EMA = +1.1268 | std(g_L) = 1.0016 | grad = 0.4176
step   3620 | loss = -1.1230 | g_L = +1.1230 | EMA = +1.1327 | std(g_L) = 0.9996 | grad = 0.5985
step   3640 | loss = -1.1758 | g_L = +1.1758 | EMA = +1.1310 | std(g_L) = 1.1062 | grad = 0.4198
step   3660 | loss = -1.0815 | g_L = +1.0815 | EMA = +1.1234 | std(g_L) = 0.9786 | grad = 0.2753
step   3680 | loss = -1.1199 | g_L = +1.1199 | EMA = +1.1243 | std(g_L) = 1.1159 | grad = 0.2894
step   3700 | loss = -1.0949 | g_L = +1.0949 | EMA = +1.1054 | std(g_L) = 1.0322 | grad = 0.5175
step   3720 | loss = -1.1745 | g_L = +1.1745 | EMA = +1.1254 | std(g_L) = 0.9809 | grad = 0.5999
step   3740 | loss = -1.0734 | g_L = +1.0734 | EMA = +1.1564 | std(g_L) = 0.9452 | grad = 0.5405
step   3760 | loss = -1.1114 | g_L = +1.1114 | EMA = +1.1410 | std(g_L) = 1.0097 | grad = 0.4199
step   3780 | loss = -1.1864 | g_L = +1.1864 | EMA = +1.1253 | std(g_L) = 1.0590 | grad = 0.4712
step   3800 | loss = -1.1847 | g_L = +1.1847 | EMA = +1.1459 | std(g_L) = 1.0558 | grad = 0.6398
step   3820 | loss = -1.2199 | g_L = +1.2199 | EMA = +1.1621 | std(g_L) = 0.9046 | grad = 0.6721
step   3840 | loss = -1.1210 | g_L = +1.1210 | EMA = +1.1689 | std(g_L) = 1.0730 | grad = 0.6823
step   3860 | loss = -1.1929 | g_L = +1.1929 | EMA = +1.1881 | std(g_L) = 0.9780 | grad = 0.5636
step   3880 | loss = -1.1878 | g_L = +1.1878 | EMA = +1.1634 | std(g_L) = 1.0340 | grad = 0.2558
step   3900 | loss = -1.2462 | g_L = +1.2462 | EMA = +1.1663 | std(g_L) = 1.0265 | grad = 0.5828
step   3920 | loss = -1.0399 | g_L = +1.0399 | EMA = +1.1857 | std(g_L) = 0.9821 | grad = 0.2231
step   3940 | loss = -0.9995 | g_L = +0.9995 | EMA = +1.1759 | std(g_L) = 1.1098 | grad = 0.3071
step   3960 | loss = -1.1792 | g_L = +1.1792 | EMA = +1.1464 | std(g_L) = 1.0085 | grad = 0.2095
step   3980 | loss = -1.3250 | g_L = +1.3250 | EMA = +1.1750 | std(g_L) = 1.0940 | grad = 0.6788
step   4000 | loss = -1.2273 | g_L = +1.2273 | EMA = +1.1971 | std(g_L) = 0.9934 | grad = 0.2914
step   4020 | loss = -1.3087 | g_L = +1.3087 | EMA = +1.1976 | std(g_L) = 1.0045 | grad = 0.4366
step   4040 | loss = -1.1623 | g_L = +1.1623 | EMA = +1.1846 | std(g_L) = 0.9208 | grad = 0.3442
step   4060 | loss = -1.1884 | g_L = +1.1884 | EMA = +1.1966 | std(g_L) = 0.9993 | grad = 0.4247
step   4080 | loss = -1.1094 | g_L = +1.1094 | EMA = +1.1811 | std(g_L) = 0.9663 | grad = 0.6973
step   4100 | loss = -1.2594 | g_L = +1.2594 | EMA = +1.1745 | std(g_L) = 1.0033 | grad = 0.5549
step   4120 | loss = -1.1393 | g_L = +1.1393 | EMA = +1.1812 | std(g_L) = 1.0111 | grad = 0.4887
step   4140 | loss = -1.1572 | g_L = +1.1572 | EMA = +1.1648 | std(g_L) = 1.0150 | grad = 0.3415
step   4160 | loss = -1.1053 | g_L = +1.1053 | EMA = +1.1758 | std(g_L) = 1.0481 | grad = 0.1552
step   4180 | loss = -1.1190 | g_L = +1.1190 | EMA = +1.1634 | std(g_L) = 0.9426 | grad = 0.2677
step   4200 | loss = -1.2832 | g_L = +1.2832 | EMA = +1.1884 | std(g_L) = 1.0178 | grad = 0.4893
step   4220 | loss = -1.1880 | g_L = +1.1880 | EMA = +1.1792 | std(g_L) = 1.0638 | grad = 0.7153
step   4240 | loss = -1.1397 | g_L = +1.1397 | EMA = +1.1799 | std(g_L) = 1.0445 | grad = 0.9627
step   4260 | loss = -1.1746 | g_L = +1.1746 | EMA = +1.1877 | std(g_L) = 0.8628 | grad = 0.8494
step   4280 | loss = -1.1277 | g_L = +1.1277 | EMA = +1.1847 | std(g_L) = 1.0429 | grad = 0.2911
step   4300 | loss = -1.1037 | g_L = +1.1037 | EMA = +1.1855 | std(g_L) = 1.0346 | grad = 0.4488
step   4320 | loss = -1.1251 | g_L = +1.1251 | EMA = +1.1993 | std(g_L) = 1.0133 | grad = 0.6972
step   4340 | loss = -1.1359 | g_L = +1.1359 | EMA = +1.1641 | std(g_L) = 1.0915 | grad = 0.5780
step   4360 | loss = -1.2942 | g_L = +1.2942 | EMA = +1.2266 | std(g_L) = 1.1177 | grad = 0.5126
step   4380 | loss = -1.1057 | g_L = +1.1057 | EMA = +1.2104 | std(g_L) = 1.0653 | grad = 0.5327
step   4400 | loss = -1.2114 | g_L = +1.2114 | EMA = +1.1727 | std(g_L) = 1.0232 | grad = 0.4840
step   4420 | loss = -1.1882 | g_L = +1.1882 | EMA = +1.1887 | std(g_L) = 1.1351 | grad = 0.4140
step   4440 | loss = -1.1946 | g_L = +1.1946 | EMA = +1.1807 | std(g_L) = 1.0315 | grad = 0.2506
step   4460 | loss = -1.2461 | g_L = +1.2461 | EMA = +1.1766 | std(g_L) = 0.9952 | grad = 0.3552
step   4480 | loss = -1.2090 | g_L = +1.2090 | EMA = +1.1591 | std(g_L) = 1.0197 | grad = 0.3303
step   4500 | loss = -1.0974 | g_L = +1.0974 | EMA = +1.1618 | std(g_L) = 0.9834 | grad = 0.3002
step   4520 | loss = -1.1474 | g_L = +1.1474 | EMA = +1.1732 | std(g_L) = 0.9937 | grad = 0.6424
step   4540 | loss = -1.2820 | g_L = +1.2820 | EMA = +1.2124 | std(g_L) = 0.9695 | grad = 0.6098
step   4560 | loss = -1.1816 | g_L = +1.1816 | EMA = +1.1898 | std(g_L) = 0.9463 | grad = 0.4062
step   4580 | loss = -1.1951 | g_L = +1.1951 | EMA = +1.1930 | std(g_L) = 1.1403 | grad = 0.4038
step   4600 | loss = -1.2054 | g_L = +1.2054 | EMA = +1.1903 | std(g_L) = 1.0617 | grad = 0.4612
step   4620 | loss = -1.2420 | g_L = +1.2420 | EMA = +1.2013 | std(g_L) = 1.1183 | grad = 0.4390
step   4640 | loss = -1.0726 | g_L = +1.0726 | EMA = +1.2141 | std(g_L) = 1.1405 | grad = 0.5457
step   4660 | loss = -1.0628 | g_L = +1.0628 | EMA = +1.1958 | std(g_L) = 1.0179 | grad = 0.2620
step   4680 | loss = -1.0476 | g_L = +1.0476 | EMA = +1.1942 | std(g_L) = 1.0536 | grad = 0.4989
step   4700 | loss = -1.1619 | g_L = +1.1619 | EMA = +1.2005 | std(g_L) = 0.9833 | grad = 0.4215
step   4720 | loss = -1.3160 | g_L = +1.3160 | EMA = +1.2070 | std(g_L) = 1.0831 | grad = 0.4596
step   4740 | loss = -1.1375 | g_L = +1.1375 | EMA = +1.1933 | std(g_L) = 1.0006 | grad = 0.4392
step   4760 | loss = -1.1848 | g_L = +1.1848 | EMA = +1.1873 | std(g_L) = 1.0284 | grad = 0.1751
step   4780 | loss = -1.0189 | g_L = +1.0189 | EMA = +1.1965 | std(g_L) = 1.1057 | grad = 0.6950
step   4800 | loss = -1.2421 | g_L = +1.2421 | EMA = +1.1929 | std(g_L) = 1.0087 | grad = 0.3328
step   4820 | loss = -1.2130 | g_L = +1.2130 | EMA = +1.2016 | std(g_L) = 1.0012 | grad = 0.1982
step   4840 | loss = -1.1348 | g_L = +1.1348 | EMA = +1.1877 | std(g_L) = 1.1507 | grad = 0.4589
step   4860 | loss = -1.0849 | g_L = +1.0849 | EMA = +1.1827 | std(g_L) = 0.9166 | grad = 0.1820
step   4880 | loss = -1.2802 | g_L = +1.2802 | EMA = +1.2143 | std(g_L) = 1.0665 | grad = 0.3721
step   4900 | loss = -1.2172 | g_L = +1.2172 | EMA = +1.1946 | std(g_L) = 1.0156 | grad = 0.2626
step   4920 | loss = -1.2582 | g_L = +1.2582 | EMA = +1.2247 | std(g_L) = 1.2432 | grad = 0.5849
step   4940 | loss = -1.4774 | g_L = +1.4774 | EMA = +1.2266 | std(g_L) = 0.9875 | grad = 0.2526
step   4960 | loss = -1.2314 | g_L = +1.2314 | EMA = +1.2273 | std(g_L) = 0.9962 | grad = 0.5799
step   4980 | loss = -1.3293 | g_L = +1.3293 | EMA = +1.2044 | std(g_L) = 1.1266 | grad = 0.3506
step   5000 | loss = -1.3890 | g_L = +1.3890 | EMA = +1.2064 | std(g_L) = 1.0578 | grad = 0.3379
step   5020 | loss = -1.0928 | g_L = +1.0928 | EMA = +1.2025 | std(g_L) = 1.0258 | grad = 0.1921
step   5040 | loss = -1.2482 | g_L = +1.2482 | EMA = +1.2174 | std(g_L) = 1.1470 | grad = 0.4058
step   5060 | loss = -1.1081 | g_L = +1.1081 | EMA = +1.2025 | std(g_L) = 0.9355 | grad = 0.3424
step   5080 | loss = -1.3078 | g_L = +1.3078 | EMA = +1.2082 | std(g_L) = 1.1037 | grad = 0.4406
step   5100 | loss = -1.0862 | g_L = +1.0862 | EMA = +1.2051 | std(g_L) = 1.0072 | grad = 0.3965
step   5120 | loss = -1.2901 | g_L = +1.2901 | EMA = +1.2149 | std(g_L) = 1.0510 | grad = 0.2734
step   5140 | loss = -1.1383 | g_L = +1.1383 | EMA = +1.2104 | std(g_L) = 0.9275 | grad = 0.3478
step   5160 | loss = -1.1064 | g_L = +1.1064 | EMA = +1.2112 | std(g_L) = 1.0054 | grad = 0.3330
step   5180 | loss = -1.0891 | g_L = +1.0891 | EMA = +1.1904 | std(g_L) = 0.9180 | grad = 0.5969
step   5200 | loss = -1.3456 | g_L = +1.3456 | EMA = +1.2277 | std(g_L) = 1.0126 | grad = 0.3066
step   5220 | loss = -1.0723 | g_L = +1.0723 | EMA = +1.2030 | std(g_L) = 1.0657 | grad = 0.4083
step   5240 | loss = -1.1977 | g_L = +1.1977 | EMA = +1.2073 | std(g_L) = 0.9082 | grad = 0.4679
step   5260 | loss = -1.3791 | g_L = +1.3791 | EMA = +1.2362 | std(g_L) = 1.0095 | grad = 0.2195
step   5280 | loss = -1.2766 | g_L = +1.2766 | EMA = +1.1993 | std(g_L) = 1.1562 | grad = 0.6688
step   5300 | loss = -1.1714 | g_L = +1.1714 | EMA = +1.1960 | std(g_L) = 1.0777 | grad = 0.3711
step   5320 | loss = -1.2532 | g_L = +1.2532 | EMA = +1.1863 | std(g_L) = 1.1655 | grad = 0.3474
step   5340 | loss = -1.2851 | g_L = +1.2851 | EMA = +1.2014 | std(g_L) = 1.0671 | grad = 0.2004
step   5360 | loss = -1.2230 | g_L = +1.2230 | EMA = +1.1949 | std(g_L) = 1.0164 | grad = 0.4853
step   5380 | loss = -1.1907 | g_L = +1.1907 | EMA = +1.2162 | std(g_L) = 1.1639 | grad = 0.5377
step   5400 | loss = -1.3587 | g_L = +1.3587 | EMA = +1.2266 | std(g_L) = 1.0695 | grad = 0.2773
step   5420 | loss = -1.1496 | g_L = +1.1496 | EMA = +1.2038 | std(g_L) = 1.2360 | grad = 0.3384
step   5440 | loss = -1.2342 | g_L = +1.2342 | EMA = +1.1981 | std(g_L) = 1.0648 | grad = 0.4520
step   5460 | loss = -1.2021 | g_L = +1.2021 | EMA = +1.2053 | std(g_L) = 1.0140 | grad = 0.3570
step   5480 | loss = -1.1086 | g_L = +1.1086 | EMA = +1.2296 | std(g_L) = 1.1198 | grad = 0.2991
step   5500 | loss = -1.1691 | g_L = +1.1691 | EMA = +1.2106 | std(g_L) = 1.0299 | grad = 0.4126
step   5520 | loss = -1.1593 | g_L = +1.1593 | EMA = +1.1891 | std(g_L) = 1.0849 | grad = 0.3830
step   5540 | loss = -1.3553 | g_L = +1.3553 | EMA = +1.2134 | std(g_L) = 0.9951 | grad = 0.3870
step   5560 | loss = -1.2401 | g_L = +1.2401 | EMA = +1.1814 | std(g_L) = 1.0905 | grad = 0.3922
step   5580 | loss = -1.2707 | g_L = +1.2707 | EMA = +1.1894 | std(g_L) = 1.0106 | grad = 0.6862
step   5600 | loss = -1.2760 | g_L = +1.2760 | EMA = +1.2004 | std(g_L) = 1.0749 | grad = 0.4235
step   5620 | loss = -1.2557 | g_L = +1.2557 | EMA = +1.2308 | std(g_L) = 1.0077 | grad = 0.3497
step   5640 | loss = -1.2175 | g_L = +1.2175 | EMA = +1.2116 | std(g_L) = 1.1481 | grad = 0.2219
step   5660 | loss = -1.1367 | g_L = +1.1367 | EMA = +1.2185 | std(g_L) = 1.1316 | grad = 0.2648
step   5680 | loss = -1.0935 | g_L = +1.0935 | EMA = +1.2089 | std(g_L) = 1.1340 | grad = 0.3938
step   5700 | loss = -1.0568 | g_L = +1.0568 | EMA = +1.2041 | std(g_L) = 1.0332 | grad = 0.3238
step   5720 | loss = -1.2864 | g_L = +1.2864 | EMA = +1.2364 | std(g_L) = 1.0725 | grad = 0.2120
step   5740 | loss = -1.0706 | g_L = +1.0706 | EMA = +1.2126 | std(g_L) = 0.9517 | grad = 0.1688
step   5760 | loss = -1.2113 | g_L = +1.2113 | EMA = +1.2188 | std(g_L) = 1.3134 | grad = 0.2610
step   5780 | loss = -1.2031 | g_L = +1.2031 | EMA = +1.2368 | std(g_L) = 1.1328 | grad = 0.4501
step   5800 | loss = -1.2624 | g_L = +1.2624 | EMA = +1.2244 | std(g_L) = 0.9769 | grad = 0.1831
step   5820 | loss = -1.2595 | g_L = +1.2595 | EMA = +1.2153 | std(g_L) = 1.0845 | grad = 0.6059
step   5840 | loss = -1.1979 | g_L = +1.1979 | EMA = +1.2144 | std(g_L) = 1.0354 | grad = 0.5972
step   5860 | loss = -1.2659 | g_L = +1.2659 | EMA = +1.2352 | std(g_L) = 1.0168 | grad = 0.4166
step   5880 | loss = -1.3344 | g_L = +1.3344 | EMA = +1.1857 | std(g_L) = 1.0783 | grad = 0.4036
step   5900 | loss = -1.1869 | g_L = +1.1869 | EMA = +1.2007 | std(g_L) = 1.1339 | grad = 0.3066
step   5920 | loss = -1.0066 | g_L = +1.0066 | EMA = +1.1840 | std(g_L) = 1.0467 | grad = 0.3923
step   5940 | loss = -1.1442 | g_L = +1.1442 | EMA = +1.1884 | std(g_L) = 1.0321 | grad = 0.4498
step   5960 | loss = -1.1468 | g_L = +1.1468 | EMA = +1.1984 | std(g_L) = 0.9692 | grad = 0.3099
step   5980 | loss = -1.1988 | g_L = +1.1988 | EMA = +1.2183 | std(g_L) = 1.1411 | grad = 0.4455
step   6000 | loss = -0.9890 | g_L = +0.9890 | EMA = +1.2299 | std(g_L) = 0.9919 | grad = 0.2573
step   6020 | loss = -1.1564 | g_L = +1.1564 | EMA = +1.2207 | std(g_L) = 1.1268 | grad = 0.3790
step   6040 | loss = -1.2314 | g_L = +1.2314 | EMA = +1.2106 | std(g_L) = 1.2234 | grad = 0.1805
step   6060 | loss = -1.3327 | g_L = +1.3327 | EMA = +1.2391 | std(g_L) = 0.9970 | grad = 0.2946
step   6080 | loss = -1.2133 | g_L = +1.2133 | EMA = +1.2418 | std(g_L) = 1.1055 | grad = 0.4701
step   6100 | loss = -1.0625 | g_L = +1.0625 | EMA = +1.2000 | std(g_L) = 1.0176 | grad = 0.2807
step   6120 | loss = -1.3100 | g_L = +1.3100 | EMA = +1.2237 | std(g_L) = 1.0315 | grad = 0.4134
step   6140 | loss = -1.1898 | g_L = +1.1898 | EMA = +1.2382 | std(g_L) = 0.9250 | grad = 0.3571
step   6160 | loss = -1.0073 | g_L = +1.0073 | EMA = +1.2005 | std(g_L) = 0.9952 | grad = 0.2946
step   6180 | loss = -1.2234 | g_L = +1.2234 | EMA = +1.2287 | std(g_L) = 1.1441 | grad = 0.7410
step   6200 | loss = -1.2328 | g_L = +1.2328 | EMA = +1.2161 | std(g_L) = 1.1499 | grad = 0.1171
step   6220 | loss = -1.1648 | g_L = +1.1648 | EMA = +1.2090 | std(g_L) = 1.0872 | grad = 0.9456
step   6240 | loss = -1.2548 | g_L = +1.2548 | EMA = +1.2179 | std(g_L) = 0.9743 | grad = 0.8584
step   6260 | loss = -1.2855 | g_L = +1.2855 | EMA = +1.2162 | std(g_L) = 1.0546 | grad = 0.2966
step   6280 | loss = -1.1550 | g_L = +1.1550 | EMA = +1.2073 | std(g_L) = 1.2344 | grad = 0.2959
step   6300 | loss = -1.1929 | g_L = +1.1929 | EMA = +1.1999 | std(g_L) = 0.9837 | grad = 0.2351
step   6320 | loss = -1.2656 | g_L = +1.2656 | EMA = +1.2181 | std(g_L) = 1.0511 | grad = 0.3406
step   6340 | loss = -1.2277 | g_L = +1.2277 | EMA = +1.2106 | std(g_L) = 1.0275 | grad = 0.4378
step   6360 | loss = -1.1712 | g_L = +1.1712 | EMA = +1.2120 | std(g_L) = 1.1158 | grad = 0.3504
step   6380 | loss = -1.1521 | g_L = +1.1521 | EMA = +1.2124 | std(g_L) = 1.0007 | grad = 0.2025
step   6400 | loss = -1.4323 | g_L = +1.4323 | EMA = +1.2162 | std(g_L) = 1.0869 | grad = 0.1887
step   6420 | loss = -1.2379 | g_L = +1.2379 | EMA = +1.2352 | std(g_L) = 1.0444 | grad = 0.2854
step   6440 | loss = -1.2562 | g_L = +1.2562 | EMA = +1.2300 | std(g_L) = 0.9981 | grad = 0.3875
step   6460 | loss = -1.2353 | g_L = +1.2353 | EMA = +1.2261 | std(g_L) = 0.9986 | grad = 0.6428
step   6480 | loss = -1.1416 | g_L = +1.1416 | EMA = +1.1974 | std(g_L) = 1.1792 | grad = 0.4903
step   6500 | loss = -1.1183 | g_L = +1.1183 | EMA = +1.1933 | std(g_L) = 0.9586 | grad = 0.1845
step   6520 | loss = -0.9926 | g_L = +0.9926 | EMA = +1.1939 | std(g_L) = 1.0872 | grad = 0.1792
step   6540 | loss = -1.3397 | g_L = +1.3397 | EMA = +1.2022 | std(g_L) = 1.0416 | grad = 0.3266
step   6560 | loss = -1.2303 | g_L = +1.2303 | EMA = +1.1921 | std(g_L) = 0.8980 | grad = 0.4384
step   6580 | loss = -1.4411 | g_L = +1.4411 | EMA = +1.2232 | std(g_L) = 1.0197 | grad = 0.3946
step   6600 | loss = -1.2348 | g_L = +1.2348 | EMA = +1.2303 | std(g_L) = 1.0293 | grad = 0.5108
step   6620 | loss = -1.3018 | g_L = +1.3018 | EMA = +1.2367 | std(g_L) = 1.0124 | grad = 0.3725
step   6640 | loss = -1.2181 | g_L = +1.2181 | EMA = +1.2319 | std(g_L) = 1.2141 | grad = 0.4673
step   6660 | loss = -1.1793 | g_L = +1.1793 | EMA = +1.2123 | std(g_L) = 1.0382 | grad = 0.6375
step   6680 | loss = -1.0993 | g_L = +1.0993 | EMA = +1.1909 | std(g_L) = 1.0495 | grad = 0.4959
step   6700 | loss = -1.2387 | g_L = +1.2387 | EMA = +1.2048 | std(g_L) = 1.2364 | grad = 0.4094
step   6720 | loss = -1.0689 | g_L = +1.0689 | EMA = +1.2034 | std(g_L) = 1.1588 | grad = 0.3579
step   6740 | loss = -1.0945 | g_L = +1.0945 | EMA = +1.2066 | std(g_L) = 0.9615 | grad = 0.1705
step   6760 | loss = -1.2192 | g_L = +1.2192 | EMA = +1.1972 | std(g_L) = 1.0906 | grad = 0.3072
step   6780 | loss = -1.0994 | g_L = +1.0994 | EMA = +1.2103 | std(g_L) = 0.9563 | grad = 0.6824
step   6800 | loss = -1.1344 | g_L = +1.1344 | EMA = +1.1971 | std(g_L) = 1.1533 | grad = 0.2489
step   6820 | loss = -1.1972 | g_L = +1.1972 | EMA = +1.1978 | std(g_L) = 1.0438 | grad = 0.2672
step   6840 | loss = -1.1877 | g_L = +1.1877 | EMA = +1.2087 | std(g_L) = 1.1195 | grad = 0.5504
step   6860 | loss = -1.3269 | g_L = +1.3269 | EMA = +1.2442 | std(g_L) = 0.9907 | grad = 0.4871
step   6880 | loss = -1.3163 | g_L = +1.3163 | EMA = +1.2348 | std(g_L) = 1.0801 | grad = 0.4798
step   6900 | loss = -1.3505 | g_L = +1.3505 | EMA = +1.2552 | std(g_L) = 1.0637 | grad = 0.4087
step   6920 | loss = -1.2153 | g_L = +1.2153 | EMA = +1.2476 | std(g_L) = 1.0897 | grad = 0.2452
step   6940 | loss = -1.2136 | g_L = +1.2136 | EMA = +1.2506 | std(g_L) = 0.9913 | grad = 0.3408
step   6960 | loss = -1.2811 | g_L = +1.2811 | EMA = +1.2300 | std(g_L) = 1.1014 | grad = 0.3987
step   6980 | loss = -1.1231 | g_L = +1.1231 | EMA = +1.2143 | std(g_L) = 1.1009 | grad = 0.6452
step   7000 | loss = -1.4783 | g_L = +1.4783 | EMA = +1.2404 | std(g_L) = 1.1010 | grad = 0.2805
step   7020 | loss = -1.1371 | g_L = +1.1371 | EMA = +1.2163 | std(g_L) = 1.1720 | grad = 0.2759
step   7040 | loss = -1.3267 | g_L = +1.3267 | EMA = +1.2302 | std(g_L) = 1.1254 | grad = 0.2362
step   7060 | loss = -1.0997 | g_L = +1.0997 | EMA = +1.2099 | std(g_L) = 1.0068 | grad = 0.4324
step   7080 | loss = -1.2008 | g_L = +1.2008 | EMA = +1.2494 | std(g_L) = 0.9545 | grad = 0.4406
step   7100 | loss = -1.2831 | g_L = +1.2831 | EMA = +1.2100 | std(g_L) = 1.0804 | grad = 0.5438
step   7120 | loss = -1.0713 | g_L = +1.0713 | EMA = +1.2067 | std(g_L) = 1.0102 | grad = 0.1800
step   7140 | loss = -1.3040 | g_L = +1.3040 | EMA = +1.2071 | std(g_L) = 1.1207 | grad = 0.2794
step   7160 | loss = -1.1653 | g_L = +1.1653 | EMA = +1.2102 | std(g_L) = 1.0147 | grad = 0.3451
step   7180 | loss = -1.1541 | g_L = +1.1541 | EMA = +1.2385 | std(g_L) = 1.1273 | grad = 0.3521
step   7200 | loss = -1.2202 | g_L = +1.2202 | EMA = +1.2492 | std(g_L) = 1.1416 | grad = 0.2922
step   7220 | loss = -1.1902 | g_L = +1.1902 | EMA = +1.2031 | std(g_L) = 0.9859 | grad = 0.7288
step   7240 | loss = -1.2456 | g_L = +1.2456 | EMA = +1.1983 | std(g_L) = 1.1151 | grad = 0.3179
step   7260 | loss = -1.0747 | g_L = +1.0747 | EMA = +1.2125 | std(g_L) = 1.0429 | grad = 0.2196
step   7280 | loss = -1.3661 | g_L = +1.3661 | EMA = +1.2338 | std(g_L) = 1.0940 | grad = 0.2596
step   7300 | loss = -1.1889 | g_L = +1.1889 | EMA = +1.2331 | std(g_L) = 0.9811 | grad = 0.5123
step   7320 | loss = -1.1779 | g_L = +1.1779 | EMA = +1.2393 | std(g_L) = 0.9296 | grad = 0.5244
step   7340 | loss = -1.2309 | g_L = +1.2309 | EMA = +1.2312 | std(g_L) = 0.9275 | grad = 0.3928
step   7360 | loss = -1.1729 | g_L = +1.1729 | EMA = +1.2263 | std(g_L) = 1.0443 | grad = 0.4740
step   7380 | loss = -1.1902 | g_L = +1.1902 | EMA = +1.2015 | std(g_L) = 0.9746 | grad = 0.3671
step   7400 | loss = -1.3015 | g_L = +1.3015 | EMA = +1.2160 | std(g_L) = 1.0570 | grad = 0.5292
step   7420 | loss = -1.1286 | g_L = +1.1286 | EMA = +1.2285 | std(g_L) = 1.0213 | grad = 0.2565
step   7440 | loss = -1.0774 | g_L = +1.0774 | EMA = +1.2533 | std(g_L) = 1.0999 | grad = 0.2415
step   7460 | loss = -1.2029 | g_L = +1.2029 | EMA = +1.2519 | std(g_L) = 1.0655 | grad = 0.2024
step   7480 | loss = -1.1991 | g_L = +1.1991 | EMA = +1.2233 | std(g_L) = 1.0079 | grad = 0.3818
step   7500 | loss = -1.3166 | g_L = +1.3166 | EMA = +1.2120 | std(g_L) = 1.0806 | grad = 0.4467
step   7520 | loss = -1.1846 | g_L = +1.1846 | EMA = +1.2125 | std(g_L) = 1.1766 | grad = 0.2672
step   7540 | loss = -1.2298 | g_L = +1.2298 | EMA = +1.1958 | std(g_L) = 1.0569 | grad = 0.7048
step   7560 | loss = -1.3302 | g_L = +1.3302 | EMA = +1.2179 | std(g_L) = 1.1033 | grad = 0.3445
step   7580 | loss = -1.2189 | g_L = +1.2189 | EMA = +1.2133 | std(g_L) = 0.9608 | grad = 0.2839
step   7600 | loss = -1.0743 | g_L = +1.0743 | EMA = +1.2039 | std(g_L) = 1.1387 | grad = 0.3588
step   7620 | loss = -1.2573 | g_L = +1.2573 | EMA = +1.2206 | std(g_L) = 0.9502 | grad = 0.3103
step   7640 | loss = -1.3268 | g_L = +1.3268 | EMA = +1.2137 | std(g_L) = 1.0697 | grad = 0.4925
step   7660 | loss = -1.0867 | g_L = +1.0867 | EMA = +1.2021 | std(g_L) = 1.0405 | grad = 0.7460
step   7680 | loss = -1.3991 | g_L = +1.3991 | EMA = +1.2323 | std(g_L) = 1.0078 | grad = 0.6245
step   7700 | loss = -1.0654 | g_L = +1.0654 | EMA = +1.2194 | std(g_L) = 1.1769 | grad = 0.2777
step   7720 | loss = -1.1280 | g_L = +1.1280 | EMA = +1.1978 | std(g_L) = 0.9402 | grad = 0.2319
step   7740 | loss = -1.2672 | g_L = +1.2672 | EMA = +1.2179 | std(g_L) = 1.1084 | grad = 0.4549
step   7760 | loss = -1.1292 | g_L = +1.1292 | EMA = +1.1878 | std(g_L) = 1.1321 | grad = 0.5935
step   7780 | loss = -1.2898 | g_L = +1.2898 | EMA = +1.2363 | std(g_L) = 0.9736 | grad = 0.5365
step   7800 | loss = -1.2131 | g_L = +1.2131 | EMA = +1.2270 | std(g_L) = 1.0218 | grad = 0.4102
step   7820 | loss = -1.3309 | g_L = +1.3309 | EMA = +1.2193 | std(g_L) = 1.0128 | grad = 0.2338
step   7840 | loss = -1.2353 | g_L = +1.2353 | EMA = +1.2278 | std(g_L) = 1.0322 | grad = 0.1857
step   7860 | loss = -1.2781 | g_L = +1.2781 | EMA = +1.2084 | std(g_L) = 1.0621 | grad = 0.2662
step   7880 | loss = -1.1340 | g_L = +1.1340 | EMA = +1.2324 | std(g_L) = 1.0732 | grad = 0.4005
step   7900 | loss = -1.3787 | g_L = +1.3787 | EMA = +1.2355 | std(g_L) = 1.1928 | grad = 0.3038
step   7920 | loss = -1.1968 | g_L = +1.1968 | EMA = +1.2030 | std(g_L) = 1.0574 | grad = 0.2779
step   7940 | loss = -1.2745 | g_L = +1.2745 | EMA = +1.2205 | std(g_L) = 0.9945 | grad = 0.3102
step   7960 | loss = -1.3352 | g_L = +1.3352 | EMA = +1.2462 | std(g_L) = 1.0887 | grad = 0.1728
step   7980 | loss = -1.3238 | g_L = +1.3238 | EMA = +1.2237 | std(g_L) = 1.0103 | grad = 0.5758
step   8000 | loss = -0.9589 | g_L = +0.9589 | EMA = +1.1986 | std(g_L) = 1.0893 | grad = 0.3765
step   8020 | loss = -1.1520 | g_L = +1.1520 | EMA = +1.2228 | std(g_L) = 0.9964 | grad = 0.1891
step   8040 | loss = -1.2658 | g_L = +1.2658 | EMA = +1.2066 | std(g_L) = 1.0769 | grad = 0.4697
step   8060 | loss = -1.1965 | g_L = +1.1965 | EMA = +1.2113 | std(g_L) = 0.9586 | grad = 0.3395
step   8080 | loss = -1.1152 | g_L = +1.1152 | EMA = +1.2018 | std(g_L) = 1.1221 | grad = 0.2569
step   8100 | loss = -1.1223 | g_L = +1.1223 | EMA = +1.2263 | std(g_L) = 0.9593 | grad = 0.7419
step   8120 | loss = -1.3615 | g_L = +1.3615 | EMA = +1.2362 | std(g_L) = 1.0480 | grad = 0.5603
step   8140 | loss = -1.2392 | g_L = +1.2392 | EMA = +1.2555 | std(g_L) = 1.0341 | grad = 0.3319
step   8160 | loss = -1.2540 | g_L = +1.2540 | EMA = +1.2305 | std(g_L) = 1.0892 | grad = 0.7172
step   8180 | loss = -1.2831 | g_L = +1.2831 | EMA = +1.2478 | std(g_L) = 1.0047 | grad = 0.2222
step   8200 | loss = -1.1385 | g_L = +1.1385 | EMA = +1.2035 | std(g_L) = 1.0817 | grad = 0.4897
step   8220 | loss = -1.3087 | g_L = +1.3087 | EMA = +1.2302 | std(g_L) = 1.0399 | grad = 0.4175
step   8240 | loss = -1.2950 | g_L = +1.2950 | EMA = +1.2425 | std(g_L) = 1.1434 | grad = 0.2317
step   8260 | loss = -1.3085 | g_L = +1.3085 | EMA = +1.2506 | std(g_L) = 1.0958 | grad = 0.4536
step   8280 | loss = -1.2001 | g_L = +1.2001 | EMA = +1.2301 | std(g_L) = 1.0929 | grad = 0.2685
step   8300 | loss = -0.9930 | g_L = +0.9930 | EMA = +1.2192 | std(g_L) = 0.9974 | grad = 0.3782
step   8320 | loss = -1.2410 | g_L = +1.2410 | EMA = +1.2069 | std(g_L) = 1.1420 | grad = 0.4663
step   8340 | loss = -1.2526 | g_L = +1.2526 | EMA = +1.2254 | std(g_L) = 1.0889 | grad = 0.4704
step   8360 | loss = -1.0837 | g_L = +1.0837 | EMA = +1.2223 | std(g_L) = 1.1505 | grad = 0.4423
step   8380 | loss = -0.9679 | g_L = +0.9679 | EMA = +1.2087 | std(g_L) = 1.0340 | grad = 0.3203
step   8400 | loss = -1.2501 | g_L = +1.2501 | EMA = +1.2198 | std(g_L) = 1.1578 | grad = 0.6616
step   8420 | loss = -1.1500 | g_L = +1.1500 | EMA = +1.2228 | std(g_L) = 1.2198 | grad = 0.2410
step   8440 | loss = -1.3112 | g_L = +1.3112 | EMA = +1.2500 | std(g_L) = 1.1007 | grad = 0.1594
step   8460 | loss = -1.1504 | g_L = +1.1504 | EMA = +1.2532 | std(g_L) = 1.0614 | grad = 0.3091
step   8480 | loss = -1.1215 | g_L = +1.1215 | EMA = +1.2215 | std(g_L) = 1.0489 | grad = 0.4822
step   8500 | loss = -1.1944 | g_L = +1.1944 | EMA = +1.2036 | std(g_L) = 0.9772 | grad = 0.4378
step   8520 | loss = -1.3138 | g_L = +1.3138 | EMA = +1.2240 | std(g_L) = 1.0951 | grad = 0.7112
step   8540 | loss = -1.0612 | g_L = +1.0612 | EMA = +1.2348 | std(g_L) = 1.0577 | grad = 0.3258
step   8560 | loss = -1.2766 | g_L = +1.2766 | EMA = +1.2582 | std(g_L) = 1.1982 | grad = 0.4211
step   8580 | loss = -1.4119 | g_L = +1.4119 | EMA = +1.2559 | std(g_L) = 1.0584 | grad = 0.4831
step   8600 | loss = -1.3037 | g_L = +1.3037 | EMA = +1.2772 | std(g_L) = 1.1665 | grad = 0.4281
step   8620 | loss = -1.2611 | g_L = +1.2611 | EMA = +1.2293 | std(g_L) = 0.9818 | grad = 0.2356
step   8640 | loss = -1.3827 | g_L = +1.3827 | EMA = +1.2137 | std(g_L) = 1.0530 | grad = 0.5046
step   8660 | loss = -1.0823 | g_L = +1.0823 | EMA = +1.2297 | std(g_L) = 1.1140 | grad = 0.4624
step   8680 | loss = -1.3825 | g_L = +1.3825 | EMA = +1.2403 | std(g_L) = 1.0616 | grad = 0.3299
step   8700 | loss = -1.1189 | g_L = +1.1189 | EMA = +1.2180 | std(g_L) = 1.0334 | grad = 0.3265
step   8720 | loss = -1.1518 | g_L = +1.1518 | EMA = +1.2291 | std(g_L) = 1.1523 | grad = 0.2364
step   8740 | loss = -1.2160 | g_L = +1.2160 | EMA = +1.2190 | std(g_L) = 1.0012 | grad = 0.3393
step   8760 | loss = -1.0352 | g_L = +1.0352 | EMA = +1.2230 | std(g_L) = 0.9493 | grad = 0.5295
step   8780 | loss = -1.1360 | g_L = +1.1360 | EMA = +1.2194 | std(g_L) = 1.0557 | grad = 0.3876
step   8800 | loss = -1.3155 | g_L = +1.3155 | EMA = +1.2468 | std(g_L) = 1.0906 | grad = 0.3884
step   8820 | loss = -1.1605 | g_L = +1.1605 | EMA = +1.2382 | std(g_L) = 1.0560 | grad = 0.5822
step   8840 | loss = -1.4499 | g_L = +1.4499 | EMA = +1.2576 | std(g_L) = 1.0692 | grad = 0.4345
step   8860 | loss = -1.1052 | g_L = +1.1052 | EMA = +1.2299 | std(g_L) = 1.0524 | grad = 0.3329
step   8880 | loss = -1.2267 | g_L = +1.2267 | EMA = +1.2451 | std(g_L) = 1.0673 | grad = 0.3358
step   8900 | loss = -1.3782 | g_L = +1.3782 | EMA = +1.2472 | std(g_L) = 1.0936 | grad = 0.2878
step   8920 | loss = -1.0909 | g_L = +1.0909 | EMA = +1.2302 | std(g_L) = 1.0098 | grad = 0.3876
step   8940 | loss = -1.1602 | g_L = +1.1602 | EMA = +1.2269 | std(g_L) = 1.2270 | grad = 0.4388
step   8960 | loss = -1.3645 | g_L = +1.3645 | EMA = +1.2639 | std(g_L) = 1.1473 | grad = 0.2867
step   8980 | loss = -1.3099 | g_L = +1.3099 | EMA = +1.2285 | std(g_L) = 1.0243 | grad = 0.7190
step   9000 | loss = -1.3749 | g_L = +1.3749 | EMA = +1.2303 | std(g_L) = 1.1250 | grad = 0.4119
step   9020 | loss = -1.1723 | g_L = +1.1723 | EMA = +1.2414 | std(g_L) = 0.9388 | grad = 0.2894
step   9040 | loss = -1.2346 | g_L = +1.2346 | EMA = +1.2196 | std(g_L) = 1.0867 | grad = 0.1876
step   9060 | loss = -1.1667 | g_L = +1.1667 | EMA = +1.2344 | std(g_L) = 1.0332 | grad = 0.5592
step   9080 | loss = -1.2521 | g_L = +1.2521 | EMA = +1.2448 | std(g_L) = 1.0372 | grad = 0.1239
step   9100 | loss = -1.1440 | g_L = +1.1440 | EMA = +1.2339 | std(g_L) = 1.1193 | grad = 0.2109
step   9120 | loss = -1.1645 | g_L = +1.1645 | EMA = +1.2425 | std(g_L) = 1.2454 | grad = 0.3162
step   9140 | loss = -1.1735 | g_L = +1.1735 | EMA = +1.2291 | std(g_L) = 1.1749 | grad = 0.4029
step   9160 | loss = -1.2383 | g_L = +1.2383 | EMA = +1.2368 | std(g_L) = 1.0630 | grad = 0.6397
step   9180 | loss = -1.1323 | g_L = +1.1323 | EMA = +1.2502 | std(g_L) = 1.1140 | grad = 0.6695
step   9200 | loss = -1.2126 | g_L = +1.2126 | EMA = +1.2318 | std(g_L) = 1.0883 | grad = 0.2331
step   9220 | loss = -1.2925 | g_L = +1.2925 | EMA = +1.2218 | std(g_L) = 1.1875 | grad = 0.1950
step   9240 | loss = -1.2120 | g_L = +1.2120 | EMA = +1.2579 | std(g_L) = 1.0670 | grad = 0.2600
step   9260 | loss = -0.9557 | g_L = +0.9557 | EMA = +1.2348 | std(g_L) = 1.2719 | grad = 0.2493
step   9280 | loss = -1.2301 | g_L = +1.2301 | EMA = +1.2403 | std(g_L) = 1.0982 | grad = 0.5224
step   9300 | loss = -1.2514 | g_L = +1.2514 | EMA = +1.2465 | std(g_L) = 1.1135 | grad = 0.6034
step   9320 | loss = -1.1194 | g_L = +1.1194 | EMA = +1.2341 | std(g_L) = 1.2250 | grad = 0.2214
step   9340 | loss = -1.2998 | g_L = +1.2998 | EMA = +1.2420 | std(g_L) = 1.0174 | grad = 0.3866
step   9360 | loss = -1.3136 | g_L = +1.3136 | EMA = +1.2422 | std(g_L) = 1.1809 | grad = 0.3231
step   9380 | loss = -1.2125 | g_L = +1.2125 | EMA = +1.2251 | std(g_L) = 0.9937 | grad = 0.2522
step   9400 | loss = -1.3507 | g_L = +1.3507 | EMA = +1.2284 | std(g_L) = 1.1716 | grad = 0.3357
step   9420 | loss = -1.3125 | g_L = +1.3125 | EMA = +1.2238 | std(g_L) = 1.1894 | grad = 0.4024
step   9440 | loss = -1.4002 | g_L = +1.4002 | EMA = +1.2609 | std(g_L) = 1.1000 | grad = 0.3455
step   9460 | loss = -1.3831 | g_L = +1.3831 | EMA = +1.2596 | std(g_L) = 1.0154 | grad = 0.2485
step   9480 | loss = -1.1831 | g_L = +1.1831 | EMA = +1.2323 | std(g_L) = 1.0187 | grad = 0.3841
step   9500 | loss = -1.1083 | g_L = +1.1083 | EMA = +1.2402 | std(g_L) = 1.0305 | grad = 0.7222
step   9520 | loss = -1.2202 | g_L = +1.2202 | EMA = +1.2266 | std(g_L) = 1.1752 | grad = 0.3202
step   9540 | loss = -1.2393 | g_L = +1.2393 | EMA = +1.2213 | std(g_L) = 1.0554 | grad = 0.1779
step   9560 | loss = -1.3673 | g_L = +1.3673 | EMA = +1.2612 | std(g_L) = 1.1266 | grad = 0.2933
step   9580 | loss = -0.9830 | g_L = +0.9830 | EMA = +1.2435 | std(g_L) = 1.0613 | grad = 0.3429
step   9600 | loss = -1.3110 | g_L = +1.3110 | EMA = +1.2570 | std(g_L) = 1.1745 | grad = 0.2351
step   9620 | loss = -1.4661 | g_L = +1.4661 | EMA = +1.2641 | std(g_L) = 1.1510 | grad = 0.3227
step   9640 | loss = -1.1243 | g_L = +1.1243 | EMA = +1.2362 | std(g_L) = 1.1295 | grad = 0.2583
step   9660 | loss = -1.3486 | g_L = +1.3486 | EMA = +1.2418 | std(g_L) = 1.1356 | grad = 0.4011
step   9680 | loss = -1.1868 | g_L = +1.1868 | EMA = +1.2445 | std(g_L) = 1.1659 | grad = 0.4264
step   9700 | loss = -1.1439 | g_L = +1.1439 | EMA = +1.2426 | std(g_L) = 1.0826 | grad = 0.3842
step   9720 | loss = -1.2154 | g_L = +1.2154 | EMA = +1.2404 | std(g_L) = 1.0393 | grad = 0.5034
step   9740 | loss = -1.3329 | g_L = +1.3329 | EMA = +1.2299 | std(g_L) = 1.1679 | grad = 0.2288
step   9760 | loss = -1.1744 | g_L = +1.1744 | EMA = +1.2403 | std(g_L) = 1.0936 | grad = 0.3958
step   9780 | loss = -1.1722 | g_L = +1.1722 | EMA = +1.2076 | std(g_L) = 1.3129 | grad = 0.3514
step   9800 | loss = -1.4432 | g_L = +1.4432 | EMA = +1.2392 | std(g_L) = 1.1511 | grad = 0.5430
step   9820 | loss = -1.2504 | g_L = +1.2504 | EMA = +1.2391 | std(g_L) = 0.9511 | grad = 0.5049
step   9840 | loss = -1.3013 | g_L = +1.3013 | EMA = +1.2222 | std(g_L) = 1.1484 | grad = 0.2924
step   9860 | loss = -1.1527 | g_L = +1.1527 | EMA = +1.2445 | std(g_L) = 0.9631 | grad = 0.2000
step   9880 | loss = -1.2650 | g_L = +1.2650 | EMA = +1.2623 | std(g_L) = 1.1105 | grad = 0.2034
step   9900 | loss = -1.1483 | g_L = +1.1483 | EMA = +1.2499 | std(g_L) = 1.0511 | grad = 0.7169
step   9920 | loss = -1.1990 | g_L = +1.1990 | EMA = +1.2410 | std(g_L) = 1.1590 | grad = 0.4275
step   9940 | loss = -1.2128 | g_L = +1.2128 | EMA = +1.2449 | std(g_L) = 1.0782 | grad = 0.5912
step   9960 | loss = -1.4088 | g_L = +1.4088 | EMA = +1.2502 | std(g_L) = 1.1463 | grad = 0.5076
step   9980 | loss = -1.1509 | g_L = +1.1509 | EMA = +1.2322 | std(g_L) = 1.1777 | grad = 0.4655
step  10000 | loss = -1.0570 | g_L = +1.0570 | EMA = +1.2290 | std(g_L) = 1.0808 | grad = 0.4113
step  10020 | loss = -1.2253 | g_L = +1.2253 | EMA = +1.2550 | std(g_L) = 1.0491 | grad = 0.4766
step  10040 | loss = -1.2605 | g_L = +1.2605 | EMA = +1.2690 | std(g_L) = 1.0710 | grad = 0.3420
step  10060 | loss = -1.3788 | g_L = +1.3788 | EMA = +1.2470 | std(g_L) = 1.1474 | grad = 0.3158
step  10080 | loss = -1.2912 | g_L = +1.2912 | EMA = +1.2651 | std(g_L) = 1.0972 | grad = 0.3673
step  10100 | loss = -1.1397 | g_L = +1.1397 | EMA = +1.2495 | std(g_L) = 1.1156 | grad = 0.3486
step  10120 | loss = -1.1856 | g_L = +1.1856 | EMA = +1.2368 | std(g_L) = 1.1158 | grad = 0.5041
step  10140 | loss = -1.2301 | g_L = +1.2301 | EMA = +1.2426 | std(g_L) = 1.0911 | grad = 0.4324
step  10160 | loss = -1.0554 | g_L = +1.0554 | EMA = +1.2500 | std(g_L) = 1.0640 | grad = 0.2858
step  10180 | loss = -1.1183 | g_L = +1.1183 | EMA = +1.2269 | std(g_L) = 1.0820 | grad = 0.2052
step  10200 | loss = -1.3248 | g_L = +1.3248 | EMA = +1.2369 | std(g_L) = 1.1519 | grad = 0.5953
step  10220 | loss = -1.2256 | g_L = +1.2256 | EMA = +1.2332 | std(g_L) = 1.0663 | grad = 0.5026
step  10240 | loss = -1.2896 | g_L = +1.2896 | EMA = +1.2080 | std(g_L) = 1.1616 | grad = 0.5686
step  10260 | loss = -1.3761 | g_L = +1.3761 | EMA = +1.2461 | std(g_L) = 1.0508 | grad = 0.3216
step  10280 | loss = -1.3213 | g_L = +1.3213 | EMA = +1.2319 | std(g_L) = 1.0375 | grad = 0.5205
step  10300 | loss = -1.1822 | g_L = +1.1822 | EMA = +1.2471 | std(g_L) = 1.2294 | grad = 0.2881
step  10320 | loss = -1.1376 | g_L = +1.1376 | EMA = +1.2526 | std(g_L) = 1.0973 | grad = 0.6228
step  10340 | loss = -1.3717 | g_L = +1.3717 | EMA = +1.2710 | std(g_L) = 1.1655 | grad = 0.3950
step  10360 | loss = -1.2117 | g_L = +1.2117 | EMA = +1.2599 | std(g_L) = 1.1674 | grad = 0.3367
step  10380 | loss = -1.2717 | g_L = +1.2717 | EMA = +1.2563 | std(g_L) = 0.9534 | grad = 0.2475
step  10400 | loss = -1.2387 | g_L = +1.2387 | EMA = +1.2708 | std(g_L) = 1.0734 | grad = 0.7362
step  10420 | loss = -1.3425 | g_L = +1.3425 | EMA = +1.2663 | std(g_L) = 1.1312 | grad = 0.4431
step  10440 | loss = -1.2504 | g_L = +1.2504 | EMA = +1.2592 | std(g_L) = 1.0415 | grad = 0.9382
step  10460 | loss = -1.1754 | g_L = +1.1754 | EMA = +1.2388 | std(g_L) = 1.1751 | grad = 0.1318
step  10480 | loss = -1.1259 | g_L = +1.1259 | EMA = +1.2190 | std(g_L) = 1.0377 | grad = 0.3658
step  10500 | loss = -1.2186 | g_L = +1.2186 | EMA = +1.2393 | std(g_L) = 1.1169 | grad = 0.3571
step  10520 | loss = -1.1828 | g_L = +1.1828 | EMA = +1.2553 | std(g_L) = 1.0909 | grad = 0.5117
step  10540 | loss = -1.4597 | g_L = +1.4597 | EMA = +1.2674 | std(g_L) = 1.1792 | grad = 0.3855
step  10560 | loss = -1.2916 | g_L = +1.2916 | EMA = +1.2412 | std(g_L) = 1.1698 | grad = 0.6698
step  10580 | loss = -1.2722 | g_L = +1.2722 | EMA = +1.2651 | std(g_L) = 1.1068 | grad = 0.4622
step  10600 | loss = -1.4207 | g_L = +1.4207 | EMA = +1.2925 | std(g_L) = 1.0840 | grad = 0.4086
step  10620 | loss = -1.1803 | g_L = +1.1803 | EMA = +1.2505 | std(g_L) = 1.0424 | grad = 0.2867
step  10640 | loss = -1.1769 | g_L = +1.1769 | EMA = +1.2614 | std(g_L) = 1.1182 | grad = 0.5191
step  10660 | loss = -1.4427 | g_L = +1.4427 | EMA = +1.2868 | std(g_L) = 1.0765 | grad = 0.2842
step  10680 | loss = -1.1622 | g_L = +1.1622 | EMA = +1.2619 | std(g_L) = 1.0130 | grad = 0.2372
step  10700 | loss = -1.1917 | g_L = +1.1917 | EMA = +1.2325 | std(g_L) = 1.0865 | grad = 0.3518
step  10720 | loss = -1.1489 | g_L = +1.1489 | EMA = +1.2410 | std(g_L) = 1.1322 | grad = 0.4106
step  10740 | loss = -1.3200 | g_L = +1.3200 | EMA = +1.2484 | std(g_L) = 1.1829 | grad = 0.2042
step  10760 | loss = -1.1327 | g_L = +1.1327 | EMA = +1.2278 | std(g_L) = 0.9956 | grad = 0.2078
step  10780 | loss = -1.3654 | g_L = +1.3654 | EMA = +1.2793 | std(g_L) = 1.1224 | grad = 0.1735
step  10800 | loss = -1.3246 | g_L = +1.3246 | EMA = +1.2544 | std(g_L) = 1.0569 | grad = 0.3141
step  10820 | loss = -1.3211 | g_L = +1.3211 | EMA = +1.2736 | std(g_L) = 1.0816 | grad = 0.4449
step  10840 | loss = -1.2743 | g_L = +1.2743 | EMA = +1.2694 | std(g_L) = 1.0687 | grad = 0.4465
step  10860 | loss = -1.2970 | g_L = +1.2970 | EMA = +1.2500 | std(g_L) = 1.2597 | grad = 0.4001
step  10880 | loss = -1.2419 | g_L = +1.2419 | EMA = +1.2449 | std(g_L) = 1.1152 | grad = 0.3374
step  10900 | loss = -1.2799 | g_L = +1.2799 | EMA = +1.2467 | std(g_L) = 1.1423 | grad = 0.3312
step  10920 | loss = -1.2606 | g_L = +1.2606 | EMA = +1.2533 | std(g_L) = 1.0953 | grad = 0.2920
step  10940 | loss = -1.1738 | g_L = +1.1738 | EMA = +1.2613 | std(g_L) = 1.1047 | grad = 0.3136
step  10960 | loss = -1.2976 | g_L = +1.2976 | EMA = +1.2887 | std(g_L) = 1.0866 | grad = 0.3784
step  10980 | loss = -1.0906 | g_L = +1.0906 | EMA = +1.2402 | std(g_L) = 1.0844 | grad = 0.5391
step  11000 | loss = -1.2229 | g_L = +1.2229 | EMA = +1.2526 | std(g_L) = 0.8896 | grad = 0.2025
step  11020 | loss = -1.4091 | g_L = +1.4091 | EMA = +1.2439 | std(g_L) = 1.1457 | grad = 0.5748
step  11040 | loss = -1.2511 | g_L = +1.2511 | EMA = +1.2577 | std(g_L) = 1.1365 | grad = 0.5636
step  11060 | loss = -1.3507 | g_L = +1.3507 | EMA = +1.2325 | std(g_L) = 1.1204 | grad = 0.3161
step  11080 | loss = -1.2155 | g_L = +1.2155 | EMA = +1.2497 | std(g_L) = 1.0601 | grad = 0.4048
step  11100 | loss = -1.4105 | g_L = +1.4105 | EMA = +1.2573 | std(g_L) = 1.1545 | grad = 0.2387
step  11120 | loss = -1.0222 | g_L = +1.0222 | EMA = +1.2477 | std(g_L) = 1.0988 | grad = 0.4766
step  11140 | loss = -1.3270 | g_L = +1.3270 | EMA = +1.2485 | std(g_L) = 1.1987 | grad = 0.5131
step  11160 | loss = -1.3224 | g_L = +1.3224 | EMA = +1.2692 | std(g_L) = 1.1412 | grad = 0.3474
step  11180 | loss = -1.0470 | g_L = +1.0470 | EMA = +1.2606 | std(g_L) = 0.9917 | grad = 0.3377
step  11200 | loss = -1.2912 | g_L = +1.2912 | EMA = +1.2718 | std(g_L) = 1.0077 | grad = 0.3522
step  11220 | loss = -1.1950 | g_L = +1.1950 | EMA = +1.2408 | std(g_L) = 1.1336 | grad = 0.3138
step  11240 | loss = -1.3777 | g_L = +1.3777 | EMA = +1.2908 | std(g_L) = 1.1291 | grad = 0.5057
step  11260 | loss = -1.2197 | g_L = +1.2197 | EMA = +1.2662 | std(g_L) = 1.0441 | grad = 0.2640
step  11280 | loss = -1.3125 | g_L = +1.3125 | EMA = +1.2612 | std(g_L) = 1.0377 | grad = 0.6621
step  11300 | loss = -1.2808 | g_L = +1.2808 | EMA = +1.2528 | std(g_L) = 1.1253 | grad = 0.4489
step  11320 | loss = -1.2910 | g_L = +1.2910 | EMA = +1.2648 | std(g_L) = 1.1820 | grad = 0.2373
step  11340 | loss = -1.3671 | g_L = +1.3671 | EMA = +1.2526 | std(g_L) = 1.0022 | grad = 0.4840
step  11360 | loss = -1.1407 | g_L = +1.1407 | EMA = +1.2350 | std(g_L) = 1.1223 | grad = 0.4768
step  11380 | loss = -1.1525 | g_L = +1.1525 | EMA = +1.2200 | std(g_L) = 1.0941 | grad = 0.3362
step  11400 | loss = -1.3560 | g_L = +1.3560 | EMA = +1.2344 | std(g_L) = 1.0759 | grad = 0.2155
step  11420 | loss = -1.3271 | g_L = +1.3271 | EMA = +1.2552 | std(g_L) = 1.0972 | grad = 0.3060
step  11440 | loss = -1.1920 | g_L = +1.1920 | EMA = +1.2723 | std(g_L) = 1.1012 | grad = 0.4063
step  11460 | loss = -1.3866 | g_L = +1.3866 | EMA = +1.2608 | std(g_L) = 1.0464 | grad = 0.4172
step  11480 | loss = -1.1034 | g_L = +1.1034 | EMA = +1.2686 | std(g_L) = 0.9871 | grad = 0.3622
step  11500 | loss = -1.2801 | g_L = +1.2801 | EMA = +1.2487 | std(g_L) = 1.1301 | grad = 0.5408
step  11520 | loss = -1.0825 | g_L = +1.0825 | EMA = +1.2528 | std(g_L) = 1.1017 | grad = 0.4295
step  11540 | loss = -1.1797 | g_L = +1.1797 | EMA = +1.2347 | std(g_L) = 1.0460 | grad = 0.4503
step  11560 | loss = -1.2137 | g_L = +1.2137 | EMA = +1.2301 | std(g_L) = 1.2615 | grad = 0.1719
step  11580 | loss = -1.3490 | g_L = +1.3490 | EMA = +1.2509 | std(g_L) = 1.0549 | grad = 0.1829
step  11600 | loss = -1.2977 | g_L = +1.2977 | EMA = +1.2520 | std(g_L) = 1.1070 | grad = 0.5352
step  11620 | loss = -1.1918 | g_L = +1.1918 | EMA = +1.2501 | std(g_L) = 1.0469 | grad = 0.2926
step  11640 | loss = -1.1770 | g_L = +1.1770 | EMA = +1.2472 | std(g_L) = 1.0855 | grad = 0.2736
step  11660 | loss = -1.3203 | g_L = +1.3203 | EMA = +1.2571 | std(g_L) = 1.1021 | grad = 0.4399
step  11680 | loss = -1.3866 | g_L = +1.3866 | EMA = +1.2571 | std(g_L) = 1.1525 | grad = 0.2156
step  11700 | loss = -1.2159 | g_L = +1.2159 | EMA = +1.2533 | std(g_L) = 1.0513 | grad = 0.4907
step  11720 | loss = -1.2152 | g_L = +1.2152 | EMA = +1.2549 | std(g_L) = 1.0865 | grad = 0.2941
step  11740 | loss = -1.3286 | g_L = +1.3286 | EMA = +1.2375 | std(g_L) = 1.0865 | grad = 0.1677
step  11760 | loss = -1.1472 | g_L = +1.1472 | EMA = +1.2326 | std(g_L) = 1.1337 | grad = 0.4156
step  11780 | loss = -1.2789 | g_L = +1.2789 | EMA = +1.2682 | std(g_L) = 1.1993 | grad = 0.4462
step  11800 | loss = -1.2225 | g_L = +1.2225 | EMA = +1.2633 | std(g_L) = 1.1436 | grad = 0.8938
step  11820 | loss = -1.3090 | g_L = +1.3090 | EMA = +1.2755 | std(g_L) = 1.1288 | grad = 0.7086
step  11840 | loss = -1.1972 | g_L = +1.1972 | EMA = +1.2793 | std(g_L) = 1.1682 | grad = 0.5473
step  11860 | loss = -1.1630 | g_L = +1.1630 | EMA = +1.2730 | std(g_L) = 1.2504 | grad = 0.3397
step  11880 | loss = -1.2136 | g_L = +1.2136 | EMA = +1.2568 | std(g_L) = 1.1674 | grad = 0.3316
step  11900 | loss = -1.1669 | g_L = +1.1669 | EMA = +1.2618 | std(g_L) = 1.0683 | grad = 0.2630
step  11920 | loss = -1.3758 | g_L = +1.3758 | EMA = +1.2765 | std(g_L) = 1.2015 | grad = 0.2580
step  11940 | loss = -1.2398 | g_L = +1.2398 | EMA = +1.2843 | std(g_L) = 1.1182 | grad = 0.2223
step  11960 | loss = -1.2638 | g_L = +1.2638 | EMA = +1.2722 | std(g_L) = 1.1301 | grad = 0.4971
step  11980 | loss = -1.3164 | g_L = +1.3164 | EMA = +1.2923 | std(g_L) = 1.1806 | grad = 0.2363
step  12000 | loss = -1.1629 | g_L = +1.1629 | EMA = +1.2736 | std(g_L) = 1.1300 | grad = 0.6132
step  12020 | loss = -1.1410 | g_L = +1.1410 | EMA = +1.2660 | std(g_L) = 1.0768 | grad = 0.4288
step  12040 | loss = -1.3310 | g_L = +1.3310 | EMA = +1.2658 | std(g_L) = 1.1513 | grad = 0.4427
step  12060 | loss = -1.3427 | g_L = +1.3427 | EMA = +1.2620 | std(g_L) = 1.0835 | grad = 0.4780
step  12080 | loss = -1.3294 | g_L = +1.3294 | EMA = +1.2678 | std(g_L) = 1.1404 | grad = 0.3680
step  12100 | loss = -1.4015 | g_L = +1.4015 | EMA = +1.2272 | std(g_L) = 1.1656 | grad = 0.2817
step  12120 | loss = -1.2378 | g_L = +1.2378 | EMA = +1.2386 | std(g_L) = 1.0912 | grad = 0.3885
step  12140 | loss = -1.2901 | g_L = +1.2901 | EMA = +1.2529 | std(g_L) = 1.1145 | grad = 0.2032
step  12160 | loss = -1.2495 | g_L = +1.2495 | EMA = +1.2535 | std(g_L) = 0.9862 | grad = 0.2561
step  12180 | loss = -1.4487 | g_L = +1.4487 | EMA = +1.2689 | std(g_L) = 1.1507 | grad = 0.3454
step  12200 | loss = -1.3040 | g_L = +1.3040 | EMA = +1.2593 | std(g_L) = 1.1449 | grad = 0.3893
step  12220 | loss = -1.2742 | g_L = +1.2742 | EMA = +1.2745 | std(g_L) = 1.0986 | grad = 0.3426
step  12240 | loss = -1.2165 | g_L = +1.2165 | EMA = +1.2812 | std(g_L) = 1.1204 | grad = 0.6223
step  12260 | loss = -1.3103 | g_L = +1.3103 | EMA = +1.2890 | std(g_L) = 1.1578 | grad = 0.6408
step  12280 | loss = -1.1945 | g_L = +1.1945 | EMA = +1.2702 | std(g_L) = 1.0663 | grad = 0.5478
step  12300 | loss = -1.2361 | g_L = +1.2361 | EMA = +1.2655 | std(g_L) = 1.1045 | grad = 0.4936
step  12320 | loss = -1.2929 | g_L = +1.2929 | EMA = +1.2599 | std(g_L) = 1.1539 | grad = 0.4764
step  12340 | loss = -1.3110 | g_L = +1.3110 | EMA = +1.2600 | std(g_L) = 1.1363 | grad = 0.2236
step  12360 | loss = -1.3886 | g_L = +1.3886 | EMA = +1.2728 | std(g_L) = 1.1132 | grad = 0.6074
step  12380 | loss = -1.3550 | g_L = +1.3550 | EMA = +1.2940 | std(g_L) = 1.0445 | grad = 0.3089
step  12400 | loss = -1.1788 | g_L = +1.1788 | EMA = +1.2880 | std(g_L) = 1.0763 | grad = 0.3752
step  12420 | loss = -1.2882 | g_L = +1.2882 | EMA = +1.2638 | std(g_L) = 1.1446 | grad = 0.3745
step  12440 | loss = -1.1787 | g_L = +1.1787 | EMA = +1.2534 | std(g_L) = 1.0264 | grad = 0.2153
step  12460 | loss = -1.0101 | g_L = +1.0101 | EMA = +1.2380 | std(g_L) = 0.9492 | grad = 0.3027
step  12480 | loss = -1.1851 | g_L = +1.1851 | EMA = +1.2492 | std(g_L) = 1.0984 | grad = 0.9270
step  12500 | loss = -1.3223 | g_L = +1.3223 | EMA = +1.2528 | std(g_L) = 1.2042 | grad = 0.3901
step  12520 | loss = -1.3313 | g_L = +1.3313 | EMA = +1.2429 | std(g_L) = 1.2255 | grad = 0.5638
step  12540 | loss = -1.2204 | g_L = +1.2204 | EMA = +1.2369 | std(g_L) = 1.1152 | grad = 0.2722
step  12560 | loss = -1.1555 | g_L = +1.1555 | EMA = +1.2705 | std(g_L) = 1.1740 | grad = 0.3670
step  12580 | loss = -1.4380 | g_L = +1.4380 | EMA = +1.2793 | std(g_L) = 1.1324 | grad = 0.4952
step  12600 | loss = -1.2203 | g_L = +1.2203 | EMA = +1.2621 | std(g_L) = 1.1331 | grad = 0.5072
step  12620 | loss = -1.3040 | g_L = +1.3040 | EMA = +1.2484 | std(g_L) = 1.1245 | grad = 0.4720
step  12640 | loss = -1.1059 | g_L = +1.1059 | EMA = +1.2357 | std(g_L) = 1.1430 | grad = 0.3307
step  12660 | loss = -1.2141 | g_L = +1.2141 | EMA = +1.2484 | std(g_L) = 1.0017 | grad = 0.2519
step  12680 | loss = -1.3438 | g_L = +1.3438 | EMA = +1.2386 | std(g_L) = 1.0941 | grad = 0.5432
step  12700 | loss = -1.3094 | g_L = +1.3094 | EMA = +1.2699 | std(g_L) = 1.1919 | grad = 0.5281
step  12720 | loss = -1.2696 | g_L = +1.2696 | EMA = +1.2740 | std(g_L) = 0.9436 | grad = 0.2089
step  12740 | loss = -1.3314 | g_L = +1.3314 | EMA = +1.2836 | std(g_L) = 1.0857 | grad = 0.2820
step  12760 | loss = -1.1816 | g_L = +1.1816 | EMA = +1.2484 | std(g_L) = 1.0199 | grad = 0.2768
step  12780 | loss = -1.4118 | g_L = +1.4118 | EMA = +1.2594 | std(g_L) = 1.0592 | grad = 0.5091
step  12800 | loss = -1.1339 | g_L = +1.1339 | EMA = +1.2624 | std(g_L) = 1.0338 | grad = 0.2828
step  12820 | loss = -1.3946 | g_L = +1.3946 | EMA = +1.3034 | std(g_L) = 1.0364 | grad = 0.2892
step  12840 | loss = -1.2198 | g_L = +1.2198 | EMA = +1.2792 | std(g_L) = 1.1495 | grad = 0.3108
step  12860 | loss = -1.1924 | g_L = +1.1924 | EMA = +1.2822 | std(g_L) = 1.0496 | grad = 0.3164
step  12880 | loss = -1.2537 | g_L = +1.2537 | EMA = +1.2568 | std(g_L) = 1.0787 | grad = 0.8569
step  12900 | loss = -1.3140 | g_L = +1.3140 | EMA = +1.2661 | std(g_L) = 1.1879 | grad = 0.6177
step  12920 | loss = -1.3399 | g_L = +1.3399 | EMA = +1.2917 | std(g_L) = 1.0767 | grad = 0.6742
step  12940 | loss = -1.2305 | g_L = +1.2305 | EMA = +1.2865 | std(g_L) = 1.1144 | grad = 0.4111
step  12960 | loss = -1.0894 | g_L = +1.0894 | EMA = +1.2753 | std(g_L) = 1.2705 | grad = 0.3516
step  12980 | loss = -1.2329 | g_L = +1.2329 | EMA = +1.2813 | std(g_L) = 1.1336 | grad = 0.4881
step  13000 | loss = -1.3068 | g_L = +1.3068 | EMA = +1.2861 | std(g_L) = 0.9813 | grad = 0.4494
step  13020 | loss = -1.3175 | g_L = +1.3175 | EMA = +1.2651 | std(g_L) = 1.0549 | grad = 0.1818
step  13040 | loss = -1.4030 | g_L = +1.4030 | EMA = +1.2848 | std(g_L) = 1.0702 | grad = 0.3085
step  13060 | loss = -1.3265 | g_L = +1.3265 | EMA = +1.2871 | std(g_L) = 1.1565 | grad = 0.4543
step  13080 | loss = -1.1652 | g_L = +1.1652 | EMA = +1.2818 | std(g_L) = 1.0880 | grad = 0.3287
step  13100 | loss = -1.2482 | g_L = +1.2482 | EMA = +1.2647 | std(g_L) = 1.1288 | grad = 0.2698
step  13120 | loss = -1.2970 | g_L = +1.2970 | EMA = +1.2685 | std(g_L) = 1.0529 | grad = 1.0494
step  13140 | loss = -1.2883 | g_L = +1.2883 | EMA = +1.2489 | std(g_L) = 1.1122 | grad = 0.3659
step  13160 | loss = -1.3740 | g_L = +1.3740 | EMA = +1.2598 | std(g_L) = 1.1572 | grad = 0.1904
step  13180 | loss = -1.3201 | g_L = +1.3201 | EMA = +1.2763 | std(g_L) = 1.1490 | grad = 0.2959
step  13200 | loss = -1.2571 | g_L = +1.2571 | EMA = +1.2556 | std(g_L) = 1.0876 | grad = 0.6739
step  13220 | loss = -1.2365 | g_L = +1.2365 | EMA = +1.2592 | std(g_L) = 1.0588 | grad = 0.1790
step  13240 | loss = -1.2580 | g_L = +1.2580 | EMA = +1.2398 | std(g_L) = 1.0478 | grad = 0.7009
step  13260 | loss = -1.2907 | g_L = +1.2907 | EMA = +1.2657 | std(g_L) = 1.0682 | grad = 0.4710
step  13280 | loss = -1.2099 | g_L = +1.2099 | EMA = +1.2535 | std(g_L) = 1.1080 | grad = 0.3605
step  13300 | loss = -1.4133 | g_L = +1.4133 | EMA = +1.2698 | std(g_L) = 1.1946 | grad = 0.6574
step  13320 | loss = -1.2990 | g_L = +1.2990 | EMA = +1.2612 | std(g_L) = 1.2163 | grad = 0.5522
step  13340 | loss = -1.2911 | g_L = +1.2911 | EMA = +1.2832 | std(g_L) = 1.2074 | grad = 0.2918
step  13360 | loss = -1.3119 | g_L = +1.3119 | EMA = +1.2894 | std(g_L) = 1.2779 | grad = 0.4151
step  13380 | loss = -1.0541 | g_L = +1.0541 | EMA = +1.2749 | std(g_L) = 1.0852 | grad = 0.2385
step  13400 | loss = -1.1143 | g_L = +1.1143 | EMA = +1.2683 | std(g_L) = 1.2133 | grad = 0.5849
step  13420 | loss = -1.2831 | g_L = +1.2831 | EMA = +1.2755 | std(g_L) = 1.0996 | grad = 0.4281
step  13440 | loss = -1.1260 | g_L = +1.1260 | EMA = +1.2605 | std(g_L) = 1.0925 | grad = 0.2385
step  13460 | loss = -1.2413 | g_L = +1.2413 | EMA = +1.2619 | std(g_L) = 1.1007 | grad = 0.3151
step  13480 | loss = -1.2145 | g_L = +1.2145 | EMA = +1.2508 | std(g_L) = 1.2338 | grad = 0.5842
step  13500 | loss = -1.4385 | g_L = +1.4385 | EMA = +1.2538 | std(g_L) = 1.1885 | grad = 0.3262
step  13520 | loss = -1.2109 | g_L = +1.2109 | EMA = +1.2494 | std(g_L) = 1.0848 | grad = 0.4760
step  13540 | loss = -1.3016 | g_L = +1.3016 | EMA = +1.2647 | std(g_L) = 1.2369 | grad = 0.6510
step  13560 | loss = -1.2734 | g_L = +1.2734 | EMA = +1.2446 | std(g_L) = 1.2041 | grad = 0.5155
step  13580 | loss = -1.1044 | g_L = +1.1044 | EMA = +1.2645 | std(g_L) = 1.1043 | grad = 0.6211
step  13600 | loss = -1.2409 | g_L = +1.2409 | EMA = +1.2457 | std(g_L) = 1.0493 | grad = 0.6566
step  13620 | loss = -1.3491 | g_L = +1.3491 | EMA = +1.3015 | std(g_L) = 1.1141 | grad = 0.5275
step  13640 | loss = -1.1554 | g_L = +1.1554 | EMA = +1.2836 | std(g_L) = 1.1823 | grad = 0.7589
step  13660 | loss = -1.0326 | g_L = +1.0326 | EMA = +1.2640 | std(g_L) = 1.3014 | grad = 0.3533
step  13680 | loss = -1.2065 | g_L = +1.2065 | EMA = +1.2825 | std(g_L) = 1.0203 | grad = 0.4265
step  13700 | loss = -1.2643 | g_L = +1.2643 | EMA = +1.2608 | std(g_L) = 1.1536 | grad = 0.3994
step  13720 | loss = -1.1313 | g_L = +1.1313 | EMA = +1.2566 | std(g_L) = 1.1633 | grad = 0.5708
step  13740 | loss = -1.2294 | g_L = +1.2294 | EMA = +1.2816 | std(g_L) = 1.1521 | grad = 0.8375
step  13760 | loss = -1.3061 | g_L = +1.3061 | EMA = +1.2850 | std(g_L) = 1.1061 | grad = 0.4944
step  13780 | loss = -1.2948 | g_L = +1.2948 | EMA = +1.2689 | std(g_L) = 1.1621 | grad = 1.3917
step  13800 | loss = -1.1891 | g_L = +1.1891 | EMA = +1.2983 | std(g_L) = 1.0685 | grad = 0.2684
step  13820 | loss = -1.3563 | g_L = +1.3563 | EMA = +1.2839 | std(g_L) = 1.0350 | grad = 0.1177
step  13840 | loss = -1.5006 | g_L = +1.5006 | EMA = +1.2755 | std(g_L) = 1.2143 | grad = 0.3508
step  13860 | loss = -1.3167 | g_L = +1.3167 | EMA = +1.2892 | std(g_L) = 1.1012 | grad = 0.1445
step  13880 | loss = -1.4343 | g_L = +1.4343 | EMA = +1.2949 | std(g_L) = 1.1400 | grad = 0.3561
step  13900 | loss = -1.2217 | g_L = +1.2217 | EMA = +1.2908 | std(g_L) = 1.0819 | grad = 0.4381
step  13920 | loss = -1.1608 | g_L = +1.1608 | EMA = +1.2608 | std(g_L) = 1.2235 | grad = 0.3602
step  13940 | loss = -1.2297 | g_L = +1.2297 | EMA = +1.2588 | std(g_L) = 1.2315 | grad = 0.5227
step  13960 | loss = -1.2826 | g_L = +1.2826 | EMA = +1.2859 | std(g_L) = 1.1646 | grad = 0.4966
step  13980 | loss = -1.2829 | g_L = +1.2829 | EMA = +1.2805 | std(g_L) = 1.1585 | grad = 0.3911
step  14000 | loss = -1.2147 | g_L = +1.2147 | EMA = +1.2611 | std(g_L) = 1.1200 | grad = 0.5456
step  14020 | loss = -1.2317 | g_L = +1.2317 | EMA = +1.2605 | std(g_L) = 1.1472 | grad = 0.4084
step  14040 | loss = -1.3155 | g_L = +1.3155 | EMA = +1.2568 | std(g_L) = 1.0072 | grad = 0.4610
step  14060 | loss = -1.2513 | g_L = +1.2513 | EMA = +1.2931 | std(g_L) = 1.0590 | grad = 0.7337
step  14080 | loss = -1.2326 | g_L = +1.2326 | EMA = +1.2775 | std(g_L) = 1.0450 | grad = 0.3901
step  14100 | loss = -1.2634 | g_L = +1.2634 | EMA = +1.2863 | std(g_L) = 1.2121 | grad = 0.2362
step  14120 | loss = -1.2974 | g_L = +1.2974 | EMA = +1.2655 | std(g_L) = 1.0888 | grad = 0.3355
step  14140 | loss = -1.2566 | g_L = +1.2566 | EMA = +1.2353 | std(g_L) = 1.1279 | grad = 0.5621
step  14160 | loss = -1.4696 | g_L = +1.4696 | EMA = +1.2717 | std(g_L) = 1.1312 | grad = 0.3529
step  14180 | loss = -1.3554 | g_L = +1.3554 | EMA = +1.2791 | std(g_L) = 1.0269 | grad = 0.2608
step  14200 | loss = -1.0766 | g_L = +1.0766 | EMA = +1.2566 | std(g_L) = 1.0574 | grad = 0.3233
step  14220 | loss = -1.1559 | g_L = +1.1559 | EMA = +1.2659 | std(g_L) = 1.1736 | grad = 0.4753
step  14240 | loss = -1.0089 | g_L = +1.0089 | EMA = +1.2541 | std(g_L) = 1.0701 | grad = 0.4071
step  14260 | loss = -1.2965 | g_L = +1.2965 | EMA = +1.2592 | std(g_L) = 1.1413 | grad = 0.2751
step  14280 | loss = -1.2371 | g_L = +1.2371 | EMA = +1.2732 | std(g_L) = 1.1050 | grad = 0.1755
step  14300 | loss = -1.3327 | g_L = +1.3327 | EMA = +1.2837 | std(g_L) = 1.1393 | grad = 0.4754
step  14320 | loss = -1.4596 | g_L = +1.4596 | EMA = +1.2760 | std(g_L) = 1.1335 | grad = 0.4931
step  14340 | loss = -1.3849 | g_L = +1.3849 | EMA = +1.2867 | std(g_L) = 1.0547 | grad = 0.7250
step  14360 | loss = -1.1612 | g_L = +1.1612 | EMA = +1.2638 | std(g_L) = 1.1459 | grad = 0.6166
step  14380 | loss = -1.1980 | g_L = +1.1980 | EMA = +1.2548 | std(g_L) = 1.2129 | grad = 0.3801
step  14400 | loss = -1.3070 | g_L = +1.3070 | EMA = +1.2516 | std(g_L) = 1.1380 | grad = 0.1673
step  14420 | loss = -1.4678 | g_L = +1.4678 | EMA = +1.3124 | std(g_L) = 1.1604 | grad = 0.3029
step  14440 | loss = -1.3425 | g_L = +1.3425 | EMA = +1.2873 | std(g_L) = 1.0626 | grad = 0.5127
step  14460 | loss = -1.1795 | g_L = +1.1795 | EMA = +1.2686 | std(g_L) = 1.2712 | grad = 0.2029
step  14480 | loss = -1.4892 | g_L = +1.4892 | EMA = +1.2680 | std(g_L) = 1.1946 | grad = 0.3032
step  14500 | loss = -1.1378 | g_L = +1.1378 | EMA = +1.2790 | std(g_L) = 1.1051 | grad = 0.2636
step  14520 | loss = -1.1850 | g_L = +1.1850 | EMA = +1.2701 | std(g_L) = 1.0887 | grad = 0.3847
step  14540 | loss = -1.2379 | g_L = +1.2379 | EMA = +1.2587 | std(g_L) = 1.0899 | grad = 0.1672
step  14560 | loss = -1.3863 | g_L = +1.3863 | EMA = +1.2759 | std(g_L) = 1.2311 | grad = 0.1991
step  14580 | loss = -1.3405 | g_L = +1.3405 | EMA = +1.2847 | std(g_L) = 1.0959 | grad = 0.4835
step  14600 | loss = -1.2353 | g_L = +1.2353 | EMA = +1.2518 | std(g_L) = 1.1931 | grad = 0.4885
step  14620 | loss = -1.4491 | g_L = +1.4491 | EMA = +1.2614 | std(g_L) = 1.1321 | grad = 0.6098
step  14640 | loss = -1.4073 | g_L = +1.4073 | EMA = +1.2776 | std(g_L) = 1.0855 | grad = 0.4341
step  14660 | loss = -1.4256 | g_L = +1.4256 | EMA = +1.3168 | std(g_L) = 1.2563 | grad = 0.6860
step  14680 | loss = -1.2447 | g_L = +1.2447 | EMA = +1.2880 | std(g_L) = 0.9727 | grad = 0.3398
step  14700 | loss = -1.2733 | g_L = +1.2733 | EMA = +1.2939 | std(g_L) = 1.1974 | grad = 0.5013
step  14720 | loss = -1.3646 | g_L = +1.3646 | EMA = +1.3202 | std(g_L) = 1.1379 | grad = 0.1606
step  14740 | loss = -1.4390 | g_L = +1.4390 | EMA = +1.3251 | std(g_L) = 1.1853 | grad = 0.4385
step  14760 | loss = -1.1543 | g_L = +1.1543 | EMA = +1.2760 | std(g_L) = 1.1462 | grad = 0.3212
step  14780 | loss = -1.1756 | g_L = +1.1756 | EMA = +1.2482 | std(g_L) = 1.1079 | grad = 0.0952
step  14800 | loss = -1.3729 | g_L = +1.3729 | EMA = +1.2802 | std(g_L) = 1.1831 | grad = 0.5285
step  14820 | loss = -1.4071 | g_L = +1.4071 | EMA = +1.2770 | std(g_L) = 1.1202 | grad = 0.2140
step  14840 | loss = -1.3485 | g_L = +1.3485 | EMA = +1.2859 | std(g_L) = 1.0935 | grad = 0.6615
step  14860 | loss = -1.3273 | g_L = +1.3273 | EMA = +1.2813 | std(g_L) = 1.2029 | grad = 0.7001
step  14880 | loss = -1.1021 | g_L = +1.1021 | EMA = +1.2451 | std(g_L) = 1.0194 | grad = 0.2336
step  14900 | loss = -1.3756 | g_L = +1.3756 | EMA = +1.2668 | std(g_L) = 1.2227 | grad = 0.4801
step  14920 | loss = -1.3274 | g_L = +1.3274 | EMA = +1.3029 | std(g_L) = 1.0904 | grad = 0.4354
step  14940 | loss = -1.2709 | g_L = +1.2709 | EMA = +1.2740 | std(g_L) = 1.0772 | grad = 0.4296
step  14960 | loss = -1.2084 | g_L = +1.2084 | EMA = +1.2730 | std(g_L) = 1.2749 | grad = 0.3140
step  14980 | loss = -1.2268 | g_L = +1.2268 | EMA = +1.2666 | std(g_L) = 1.1369 | grad = 0.4730
step  15000 | loss = -1.1866 | g_L = +1.1866 | EMA = +1.2737 | std(g_L) = 1.0950 | grad = 0.4587
T=3 finished.
