Device: cuda
N antennas : 8
Ns         : 127
step      1 | loss = -0.0703 | g_L = +0.0703 | EMA = +0.0703 | std(g_L) = 1.4928 | grad = 0.0480
step     20 | loss = +0.1065 | g_L = -0.1065 | EMA = -0.0386 | std(g_L) = 3.1781 | grad = 0.0486
step     40 | loss = -0.0035 | g_L = +0.0035 | EMA = -0.0618 | std(g_L) = 2.3987 | grad = 0.0836
step     60 | loss = +0.2179 | g_L = -0.2179 | EMA = -0.0186 | std(g_L) = 2.3647 | grad = 0.0595
step     80 | loss = +0.1377 | g_L = -0.1377 | EMA = -0.0225 | std(g_L) = 1.9487 | grad = 0.1058
step    100 | loss = -0.0169 | g_L = +0.0169 | EMA = +0.0218 | std(g_L) = 2.4590 | grad = 0.2220
step    120 | loss = -0.3985 | g_L = +0.3985 | EMA = +0.1621 | std(g_L) = 1.2176 | grad = 0.2418
step    140 | loss = -0.8413 | g_L = +0.8413 | EMA = +0.4038 | std(g_L) = 1.4230 | grad = 0.2891
step    160 | loss = -0.9066 | g_L = +0.9066 | EMA = +0.5035 | std(g_L) = 1.3521 | grad = 0.4881
step    180 | loss = -0.3207 | g_L = +0.3207 | EMA = +0.6508 | std(g_L) = 3.1487 | grad = 1.0375
step    200 | loss = -0.5720 | g_L = +0.5720 | EMA = +0.7447 | std(g_L) = 3.8827 | grad = 0.7117
step    220 | loss = -0.5966 | g_L = +0.5966 | EMA = +0.8944 | std(g_L) = 3.3042 | grad = 0.8828
step    240 | loss = -1.2931 | g_L = +1.2931 | EMA = +1.0507 | std(g_L) = 1.4582 | grad = 0.7019
step    260 | loss = -1.5212 | g_L = +1.5212 | EMA = +1.3596 | std(g_L) = 1.3545 | grad = 0.5210
step    280 | loss = -1.9953 | g_L = +1.9953 | EMA = +1.5756 | std(g_L) = 1.2533 | grad = 0.3945
step    300 | loss = -1.6286 | g_L = +1.6286 | EMA = +1.6539 | std(g_L) = 1.7287 | grad = 0.6725
step    320 | loss = -1.7905 | g_L = +1.7905 | EMA = +1.6942 | std(g_L) = 1.3469 | grad = 0.6487
step    340 | loss = -1.7952 | g_L = +1.7952 | EMA = +1.7176 | std(g_L) = 1.1738 | grad = 1.2440
step    360 | loss = -1.6372 | g_L = +1.6372 | EMA = +1.7024 | std(g_L) = 1.5437 | grad = 0.5967
step    380 | loss = -2.0006 | g_L = +2.0006 | EMA = +1.7381 | std(g_L) = 1.1440 | grad = 0.8266
step    400 | loss = -1.6502 | g_L = +1.6502 | EMA = +1.7529 | std(g_L) = 2.1087 | grad = 0.5586
step    420 | loss = -1.8021 | g_L = +1.8021 | EMA = +1.7508 | std(g_L) = 1.2953 | grad = 0.6287
step    440 | loss = -1.9286 | g_L = +1.9286 | EMA = +1.7920 | std(g_L) = 1.2336 | grad = 0.7541
step    460 | loss = -1.9370 | g_L = +1.9370 | EMA = +1.7856 | std(g_L) = 1.2682 | grad = 0.7251
step    480 | loss = -1.6976 | g_L = +1.6976 | EMA = +1.7638 | std(g_L) = 1.4506 | grad = 0.3963
step    500 | loss = -2.0416 | g_L = +2.0416 | EMA = +1.8066 | std(g_L) = 1.2791 | grad = 0.3983
step    520 | loss = -1.4926 | g_L = +1.4926 | EMA = +1.7774 | std(g_L) = 2.0486 | grad = 1.7439
step    540 | loss = -1.7351 | g_L = +1.7351 | EMA = +1.7774 | std(g_L) = 1.5536 | grad = 1.2151
step    560 | loss = -1.7507 | g_L = +1.7507 | EMA = +1.8017 | std(g_L) = 1.5198 | grad = 0.9560
step    580 | loss = -1.5760 | g_L = +1.5760 | EMA = +1.7803 | std(g_L) = 2.0661 | grad = 0.7438
step    600 | loss = -1.6744 | g_L = +1.6744 | EMA = +1.7993 | std(g_L) = 1.6730 | grad = 0.8247
step    620 | loss = -1.8936 | g_L = +1.8936 | EMA = +1.8008 | std(g_L) = 1.2005 | grad = 0.5370
step    640 | loss = -1.9418 | g_L = +1.9418 | EMA = +1.8174 | std(g_L) = 1.2365 | grad = 0.4012
step    660 | loss = -1.8005 | g_L = +1.8005 | EMA = +1.7636 | std(g_L) = 1.2962 | grad = 0.9921
step    680 | loss = -1.7347 | g_L = +1.7347 | EMA = +1.8039 | std(g_L) = 1.6636 | grad = 1.6788
step    700 | loss = -1.8043 | g_L = +1.8043 | EMA = +1.7891 | std(g_L) = 1.6704 | grad = 0.7671
step    720 | loss = -1.8638 | g_L = +1.8638 | EMA = +1.7873 | std(g_L) = 1.3266 | grad = 2.1666
step    740 | loss = -1.9223 | g_L = +1.9223 | EMA = +1.7967 | std(g_L) = 1.2951 | grad = 0.4715
step    760 | loss = -1.9249 | g_L = +1.9249 | EMA = +1.8340 | std(g_L) = 1.2282 | grad = 0.8339
step    780 | loss = -1.8493 | g_L = +1.8493 | EMA = +1.8167 | std(g_L) = 1.2526 | grad = 0.9235
step    800 | loss = -1.7886 | g_L = +1.7886 | EMA = +1.8621 | std(g_L) = 1.7916 | grad = 0.6797
step    820 | loss = -1.6457 | g_L = +1.6457 | EMA = +1.8504 | std(g_L) = 1.8154 | grad = 0.8853
step    840 | loss = -2.0190 | g_L = +2.0190 | EMA = +1.8454 | std(g_L) = 1.1770 | grad = 0.9741
step    860 | loss = -2.0755 | g_L = +2.0755 | EMA = +1.8595 | std(g_L) = 1.2080 | grad = 0.3821
step    880 | loss = -1.9713 | g_L = +1.9713 | EMA = +1.8414 | std(g_L) = 1.3242 | grad = 0.6037
step    900 | loss = -1.7703 | g_L = +1.7703 | EMA = +1.8590 | std(g_L) = 1.8166 | grad = 1.0322
step    920 | loss = -2.0190 | g_L = +2.0190 | EMA = +1.8339 | std(g_L) = 1.4073 | grad = 0.9719
step    940 | loss = -1.9478 | g_L = +1.9478 | EMA = +1.8193 | std(g_L) = 1.6063 | grad = 0.9711
step    960 | loss = -2.0681 | g_L = +2.0681 | EMA = +1.9050 | std(g_L) = 1.2866 | grad = 0.9838
step    980 | loss = -1.8593 | g_L = +1.8593 | EMA = +1.8818 | std(g_L) = 1.3538 | grad = 0.3881
step   1000 | loss = -1.8063 | g_L = +1.8063 | EMA = +1.8472 | std(g_L) = 2.0096 | grad = 1.1482
step   1020 | loss = -1.7814 | g_L = +1.7814 | EMA = +1.8866 | std(g_L) = 1.3459 | grad = 0.3504
step   1040 | loss = -2.0197 | g_L = +2.0197 | EMA = +1.8818 | std(g_L) = 1.0756 | grad = 0.6141
step   1060 | loss = -2.0042 | g_L = +2.0042 | EMA = +1.8928 | std(g_L) = 1.2327 | grad = 0.7748
step   1080 | loss = -1.6770 | g_L = +1.6770 | EMA = +1.8455 | std(g_L) = 1.8607 | grad = 0.9324
step   1100 | loss = -2.1028 | g_L = +2.1028 | EMA = +1.8546 | std(g_L) = 0.9783 | grad = 0.7996
step   1120 | loss = -1.8555 | g_L = +1.8555 | EMA = +1.8472 | std(g_L) = 1.7990 | grad = 1.0498
step   1140 | loss = -1.9100 | g_L = +1.9100 | EMA = +1.8709 | std(g_L) = 1.7274 | grad = 0.4310
step   1160 | loss = -1.8437 | g_L = +1.8437 | EMA = +1.9032 | std(g_L) = 1.1839 | grad = 1.0358
step   1180 | loss = -1.8047 | g_L = +1.8047 | EMA = +1.8898 | std(g_L) = 1.7900 | grad = 0.8824
step   1200 | loss = -2.0656 | g_L = +2.0656 | EMA = +1.9033 | std(g_L) = 1.2669 | grad = 0.3773
step   1220 | loss = -1.8597 | g_L = +1.8597 | EMA = +1.9411 | std(g_L) = 1.4416 | grad = 1.5088
step   1240 | loss = -1.9423 | g_L = +1.9423 | EMA = +1.9466 | std(g_L) = 1.4330 | grad = 0.8703
step   1260 | loss = -1.9906 | g_L = +1.9906 | EMA = +1.9129 | std(g_L) = 1.1051 | grad = 0.6926
step   1280 | loss = -1.8125 | g_L = +1.8125 | EMA = +1.8714 | std(g_L) = 1.3070 | grad = 0.9975
step   1300 | loss = -1.9064 | g_L = +1.9064 | EMA = +1.9318 | std(g_L) = 1.4286 | grad = 0.9115
step   1320 | loss = -1.8536 | g_L = +1.8536 | EMA = +1.9130 | std(g_L) = 1.5465 | grad = 0.5877
step   1340 | loss = -2.0142 | g_L = +2.0142 | EMA = +1.9290 | std(g_L) = 1.1809 | grad = 1.3042
step   1360 | loss = -1.8816 | g_L = +1.8816 | EMA = +1.9245 | std(g_L) = 1.5038 | grad = 0.7540
step   1380 | loss = -1.9557 | g_L = +1.9557 | EMA = +1.9395 | std(g_L) = 1.2037 | grad = 0.8277
step   1400 | loss = -1.8893 | g_L = +1.8893 | EMA = +1.9406 | std(g_L) = 1.2411 | grad = 1.7264
step   1420 | loss = -2.0320 | g_L = +2.0320 | EMA = +1.9517 | std(g_L) = 1.3687 | grad = 1.5781
step   1440 | loss = -2.0668 | g_L = +2.0668 | EMA = +1.9201 | std(g_L) = 1.4481 | grad = 0.5934
step   1460 | loss = -1.9138 | g_L = +1.9138 | EMA = +1.9364 | std(g_L) = 2.1689 | grad = 0.3870
step   1480 | loss = -2.0750 | g_L = +2.0750 | EMA = +1.9875 | std(g_L) = 1.2613 | grad = 0.8142
step   1500 | loss = -1.7865 | g_L = +1.7865 | EMA = +1.9772 | std(g_L) = 1.4598 | grad = 0.8798
step   1520 | loss = -2.0408 | g_L = +2.0408 | EMA = +1.9463 | std(g_L) = 1.2877 | grad = 0.8910
step   1540 | loss = -2.0793 | g_L = +2.0793 | EMA = +1.9408 | std(g_L) = 1.0982 | grad = 0.3418
step   1560 | loss = -2.0249 | g_L = +2.0249 | EMA = +1.9635 | std(g_L) = 1.5669 | grad = 0.4457
step   1580 | loss = -1.9929 | g_L = +1.9929 | EMA = +1.9696 | std(g_L) = 1.0462 | grad = 0.7787
step   1600 | loss = -1.9431 | g_L = +1.9431 | EMA = +2.0084 | std(g_L) = 1.3911 | grad = 1.3828
step   1620 | loss = -1.9333 | g_L = +1.9333 | EMA = +1.9883 | std(g_L) = 1.5480 | grad = 0.8789
step   1640 | loss = -1.8815 | g_L = +1.8815 | EMA = +1.9756 | std(g_L) = 1.6599 | grad = 0.5404
step   1660 | loss = -1.9089 | g_L = +1.9089 | EMA = +1.9568 | std(g_L) = 1.3410 | grad = 0.4117
step   1680 | loss = -2.1759 | g_L = +2.1759 | EMA = +2.0045 | std(g_L) = 1.3002 | grad = 1.1581
step   1700 | loss = -2.0270 | g_L = +2.0270 | EMA = +1.9849 | std(g_L) = 1.2610 | grad = 1.5832
step   1720 | loss = -2.0309 | g_L = +2.0309 | EMA = +2.0211 | std(g_L) = 1.0474 | grad = 0.3979
step   1740 | loss = -2.0254 | g_L = +2.0254 | EMA = +1.9841 | std(g_L) = 1.2307 | grad = 0.8316
step   1760 | loss = -2.1256 | g_L = +2.1256 | EMA = +1.9851 | std(g_L) = 1.0514 | grad = 0.7243
step   1780 | loss = -1.9324 | g_L = +1.9324 | EMA = +1.9591 | std(g_L) = 1.6719 | grad = 0.7438
step   1800 | loss = -1.8975 | g_L = +1.8975 | EMA = +1.9650 | std(g_L) = 1.4430 | grad = 0.3988
step   1820 | loss = -2.0764 | g_L = +2.0764 | EMA = +1.9961 | std(g_L) = 1.3419 | grad = 0.3489
step   1840 | loss = -2.2399 | g_L = +2.2399 | EMA = +2.0335 | std(g_L) = 1.1157 | grad = 1.2338
step   1860 | loss = -1.8183 | g_L = +1.8183 | EMA = +2.0034 | std(g_L) = 1.4673 | grad = 0.7291
step   1880 | loss = -1.9918 | g_L = +1.9918 | EMA = +2.0106 | std(g_L) = 1.3045 | grad = 1.0803
step   1900 | loss = -2.0200 | g_L = +2.0200 | EMA = +2.0097 | std(g_L) = 1.0928 | grad = 0.3161
step   1920 | loss = -1.9936 | g_L = +1.9936 | EMA = +2.0314 | std(g_L) = 1.2421 | grad = 1.3665
step   1940 | loss = -2.0640 | g_L = +2.0640 | EMA = +2.0220 | std(g_L) = 1.3217 | grad = 0.6326
step   1960 | loss = -1.9782 | g_L = +1.9782 | EMA = +2.0136 | std(g_L) = 1.2923 | grad = 1.4006
step   1980 | loss = -2.0329 | g_L = +2.0329 | EMA = +1.9949 | std(g_L) = 1.1972 | grad = 0.9769
step   2000 | loss = -1.7900 | g_L = +1.7900 | EMA = +2.0081 | std(g_L) = 1.1282 | grad = 0.7007
step   2020 | loss = -1.9802 | g_L = +1.9802 | EMA = +2.0209 | std(g_L) = 1.4326 | grad = 1.0819
step   2040 | loss = -2.1222 | g_L = +2.1222 | EMA = +2.0067 | std(g_L) = 1.1210 | grad = 0.5025
step   2060 | loss = -1.6281 | g_L = +1.6281 | EMA = +1.9961 | std(g_L) = 2.2041 | grad = 2.1170
step   2080 | loss = -2.0916 | g_L = +2.0916 | EMA = +2.0054 | std(g_L) = 1.0357 | grad = 0.8537
step   2100 | loss = -2.0525 | g_L = +2.0525 | EMA = +2.0492 | std(g_L) = 1.2398 | grad = 0.5470
step   2120 | loss = -2.0204 | g_L = +2.0204 | EMA = +2.0531 | std(g_L) = 1.4222 | grad = 0.9924
step   2140 | loss = -2.0455 | g_L = +2.0455 | EMA = +2.0021 | std(g_L) = 1.4308 | grad = 0.4615
step   2160 | loss = -2.0579 | g_L = +2.0579 | EMA = +2.0142 | std(g_L) = 1.2232 | grad = 0.4601
step   2180 | loss = -2.0610 | g_L = +2.0610 | EMA = +2.0498 | std(g_L) = 1.4404 | grad = 0.7928
step   2200 | loss = -1.9374 | g_L = +1.9374 | EMA = +2.0116 | std(g_L) = 1.4661 | grad = 2.1720
step   2220 | loss = -1.9310 | g_L = +1.9310 | EMA = +2.0199 | std(g_L) = 1.6124 | grad = 1.1353
step   2240 | loss = -1.8003 | g_L = +1.8003 | EMA = +2.0034 | std(g_L) = 1.6221 | grad = 1.0036
step   2260 | loss = -1.9767 | g_L = +1.9767 | EMA = +2.0063 | std(g_L) = 1.4330 | grad = 0.6074
step   2280 | loss = -1.7620 | g_L = +1.7620 | EMA = +2.0226 | std(g_L) = 1.6700 | grad = 1.3703
step   2300 | loss = -2.0492 | g_L = +2.0492 | EMA = +2.0210 | std(g_L) = 1.5216 | grad = 1.2596
step   2320 | loss = -2.0920 | g_L = +2.0920 | EMA = +2.0368 | std(g_L) = 1.5953 | grad = 0.9337
step   2340 | loss = -1.9108 | g_L = +1.9108 | EMA = +2.0477 | std(g_L) = 1.7090 | grad = 0.8432
step   2360 | loss = -2.3212 | g_L = +2.3212 | EMA = +2.0488 | std(g_L) = 0.9871 | grad = 0.5010
step   2380 | loss = -2.1249 | g_L = +2.1249 | EMA = +2.0401 | std(g_L) = 1.5217 | grad = 0.9986
step   2400 | loss = -2.1051 | g_L = +2.1051 | EMA = +2.0492 | std(g_L) = 1.1054 | grad = 0.7839
step   2420 | loss = -2.0646 | g_L = +2.0646 | EMA = +2.0466 | std(g_L) = 1.0762 | grad = 1.1759
step   2440 | loss = -2.2177 | g_L = +2.2177 | EMA = +2.0449 | std(g_L) = 1.2398 | grad = 0.8701
step   2460 | loss = -2.1424 | g_L = +2.1424 | EMA = +2.0848 | std(g_L) = 1.2248 | grad = 1.0584
step   2480 | loss = -2.0915 | g_L = +2.0915 | EMA = +2.0546 | std(g_L) = 1.3019 | grad = 0.8940
step   2500 | loss = -1.9329 | g_L = +1.9329 | EMA = +2.0279 | std(g_L) = 1.4489 | grad = 1.3201
step   2520 | loss = -2.1282 | g_L = +2.1282 | EMA = +2.0484 | std(g_L) = 1.1056 | grad = 0.7635
step   2540 | loss = -2.1474 | g_L = +2.1474 | EMA = +2.0446 | std(g_L) = 1.2250 | grad = 1.0794
step   2560 | loss = -1.8374 | g_L = +1.8374 | EMA = +2.0444 | std(g_L) = 1.4129 | grad = 0.7944
step   2580 | loss = -1.9448 | g_L = +1.9448 | EMA = +2.0562 | std(g_L) = 1.4405 | grad = 0.7419
step   2600 | loss = -2.1131 | g_L = +2.1131 | EMA = +2.0639 | std(g_L) = 1.1866 | grad = 0.5637
step   2620 | loss = -1.9111 | g_L = +1.9111 | EMA = +2.0468 | std(g_L) = 1.4079 | grad = 0.8490
step   2640 | loss = -2.1581 | g_L = +2.1581 | EMA = +2.0512 | std(g_L) = 1.2872 | grad = 0.7756
step   2660 | loss = -2.0368 | g_L = +2.0368 | EMA = +2.0475 | std(g_L) = 1.2396 | grad = 0.9562
step   2680 | loss = -2.0179 | g_L = +2.0179 | EMA = +2.0284 | std(g_L) = 1.4896 | grad = 0.6737
step   2700 | loss = -1.7669 | g_L = +1.7669 | EMA = +2.0273 | std(g_L) = 2.1988 | grad = 1.5395
step   2720 | loss = -2.0475 | g_L = +2.0475 | EMA = +2.0706 | std(g_L) = 1.2476 | grad = 0.8331
step   2740 | loss = -2.1087 | g_L = +2.1087 | EMA = +2.0435 | std(g_L) = 1.4403 | grad = 1.3597
step   2760 | loss = -2.3008 | g_L = +2.3008 | EMA = +2.0604 | std(g_L) = 0.9984 | grad = 0.8116
step   2780 | loss = -2.0043 | g_L = +2.0043 | EMA = +2.0528 | std(g_L) = 1.2514 | grad = 0.6531
step   2800 | loss = -2.1909 | g_L = +2.1909 | EMA = +2.1067 | std(g_L) = 1.1660 | grad = 0.5797
step   2820 | loss = -2.1773 | g_L = +2.1773 | EMA = +2.0849 | std(g_L) = 1.0006 | grad = 0.5074
step   2840 | loss = -2.0266 | g_L = +2.0266 | EMA = +2.0583 | std(g_L) = 1.4353 | grad = 0.6662
step   2860 | loss = -2.2253 | g_L = +2.2253 | EMA = +2.0798 | std(g_L) = 0.9991 | grad = 0.5945
step   2880 | loss = -2.0906 | g_L = +2.0906 | EMA = +2.0738 | std(g_L) = 1.0389 | grad = 0.3640
step   2900 | loss = -2.1855 | g_L = +2.1855 | EMA = +2.0583 | std(g_L) = 1.0240 | grad = 1.2468
step   2920 | loss = -2.1181 | g_L = +2.1181 | EMA = +2.0554 | std(g_L) = 1.2153 | grad = 0.7648
step   2940 | loss = -2.0321 | g_L = +2.0321 | EMA = +2.0803 | std(g_L) = 1.2638 | grad = 0.5723
step   2960 | loss = -1.9578 | g_L = +1.9578 | EMA = +2.0823 | std(g_L) = 1.3764 | grad = 1.6574
step   2980 | loss = -2.1695 | g_L = +2.1695 | EMA = +2.0980 | std(g_L) = 1.3629 | grad = 0.6389
step   3000 | loss = -2.2048 | g_L = +2.2048 | EMA = +2.0938 | std(g_L) = 0.9578 | grad = 1.0925
step   3020 | loss = -2.1465 | g_L = +2.1465 | EMA = +2.0844 | std(g_L) = 1.2372 | grad = 1.1360
step   3040 | loss = -2.1735 | g_L = +2.1735 | EMA = +2.0921 | std(g_L) = 1.0272 | grad = 1.0442
step   3060 | loss = -2.1002 | g_L = +2.1002 | EMA = +2.0955 | std(g_L) = 1.1662 | grad = 1.2303
step   3080 | loss = -1.8623 | g_L = +1.8623 | EMA = +2.0820 | std(g_L) = 1.3955 | grad = 0.7172
step   3100 | loss = -2.2654 | g_L = +2.2654 | EMA = +2.0770 | std(g_L) = 1.1018 | grad = 0.9681
step   3120 | loss = -2.2105 | g_L = +2.2105 | EMA = +2.0976 | std(g_L) = 1.0350 | grad = 1.0061
step   3140 | loss = -2.1449 | g_L = +2.1449 | EMA = +2.0857 | std(g_L) = 0.9771 | grad = 1.3747
step   3160 | loss = -2.1587 | g_L = +2.1587 | EMA = +2.0880 | std(g_L) = 0.9850 | grad = 0.7181
step   3180 | loss = -2.3439 | g_L = +2.3439 | EMA = +2.0982 | std(g_L) = 1.1956 | grad = 1.4296
step   3200 | loss = -2.1528 | g_L = +2.1528 | EMA = +2.1148 | std(g_L) = 1.1818 | grad = 0.6135
step   3220 | loss = -2.2271 | g_L = +2.2271 | EMA = +2.1144 | std(g_L) = 0.9346 | grad = 0.9895
step   3240 | loss = -1.9994 | g_L = +1.9994 | EMA = +2.1132 | std(g_L) = 1.1293 | grad = 0.7422
step   3260 | loss = -2.0911 | g_L = +2.0911 | EMA = +2.0984 | std(g_L) = 1.0952 | grad = 0.6263
step   3280 | loss = -2.0744 | g_L = +2.0744 | EMA = +2.0762 | std(g_L) = 1.1240 | grad = 0.6818
step   3300 | loss = -2.0819 | g_L = +2.0819 | EMA = +2.0859 | std(g_L) = 1.2449 | grad = 1.7113
step   3320 | loss = -2.1449 | g_L = +2.1449 | EMA = +2.1146 | std(g_L) = 1.5156 | grad = 0.4290
step   3340 | loss = -2.3006 | g_L = +2.3006 | EMA = +2.1350 | std(g_L) = 1.1139 | grad = 0.5770
step   3360 | loss = -2.0577 | g_L = +2.0577 | EMA = +2.1371 | std(g_L) = 1.0635 | grad = 1.2093
step   3380 | loss = -2.1928 | g_L = +2.1928 | EMA = +2.1494 | std(g_L) = 0.8552 | grad = 1.2444
step   3400 | loss = -2.0808 | g_L = +2.0808 | EMA = +2.1505 | std(g_L) = 1.2305 | grad = 0.9183
step   3420 | loss = -2.3942 | g_L = +2.3942 | EMA = +2.1499 | std(g_L) = 0.9387 | grad = 1.0179
step   3440 | loss = -2.1139 | g_L = +2.1139 | EMA = +2.1279 | std(g_L) = 1.1199 | grad = 1.3175
step   3460 | loss = -2.0148 | g_L = +2.0148 | EMA = +2.0755 | std(g_L) = 1.0005 | grad = 0.8820
step   3480 | loss = -2.2177 | g_L = +2.2177 | EMA = +2.0919 | std(g_L) = 1.0296 | grad = 0.4769
step   3500 | loss = -2.1767 | g_L = +2.1767 | EMA = +2.1299 | std(g_L) = 1.0274 | grad = 0.3762
step   3520 | loss = -1.9602 | g_L = +1.9602 | EMA = +2.1408 | std(g_L) = 1.3525 | grad = 1.0810
step   3540 | loss = -2.0494 | g_L = +2.0494 | EMA = +2.1126 | std(g_L) = 1.1178 | grad = 0.6270
step   3560 | loss = -1.9792 | g_L = +1.9792 | EMA = +2.0922 | std(g_L) = 1.3883 | grad = 1.3879
step   3580 | loss = -2.0003 | g_L = +2.0003 | EMA = +2.1163 | std(g_L) = 1.5730 | grad = 0.5288
step   3600 | loss = -2.1680 | g_L = +2.1680 | EMA = +2.1229 | std(g_L) = 0.8780 | grad = 0.1969
step   3620 | loss = -2.1444 | g_L = +2.1444 | EMA = +2.1138 | std(g_L) = 1.1361 | grad = 0.9619
step   3640 | loss = -2.0196 | g_L = +2.0196 | EMA = +2.1115 | std(g_L) = 1.1103 | grad = 1.1213
step   3660 | loss = -1.8052 | g_L = +1.8052 | EMA = +2.0874 | std(g_L) = 1.7335 | grad = 1.6418
step   3680 | loss = -2.2113 | g_L = +2.2113 | EMA = +2.1128 | std(g_L) = 1.2746 | grad = 0.8420
step   3700 | loss = -2.2174 | g_L = +2.2174 | EMA = +2.1340 | std(g_L) = 1.0679 | grad = 0.4530
step   3720 | loss = -2.0461 | g_L = +2.0461 | EMA = +2.1376 | std(g_L) = 1.1368 | grad = 0.5672
step   3740 | loss = -2.1594 | g_L = +2.1594 | EMA = +2.1450 | std(g_L) = 0.8936 | grad = 0.6717
step   3760 | loss = -2.0622 | g_L = +2.0622 | EMA = +2.1161 | std(g_L) = 1.2205 | grad = 1.3532
step   3780 | loss = -2.1626 | g_L = +2.1626 | EMA = +2.1256 | std(g_L) = 0.8126 | grad = 0.2506
step   3800 | loss = -2.0210 | g_L = +2.0210 | EMA = +2.1042 | std(g_L) = 1.1924 | grad = 1.6594
step   3820 | loss = -2.2116 | g_L = +2.2116 | EMA = +2.1106 | std(g_L) = 0.8465 | grad = 0.8614
step   3840 | loss = -2.0974 | g_L = +2.0974 | EMA = +2.1098 | std(g_L) = 1.0875 | grad = 2.2239
step   3860 | loss = -2.0047 | g_L = +2.0047 | EMA = +2.1328 | std(g_L) = 1.3464 | grad = 0.9865
step   3880 | loss = -2.2607 | g_L = +2.2607 | EMA = +2.1542 | std(g_L) = 0.9354 | grad = 0.6019
step   3900 | loss = -2.0860 | g_L = +2.0860 | EMA = +2.1468 | std(g_L) = 1.1766 | grad = 1.2704
step   3920 | loss = -2.1437 | g_L = +2.1437 | EMA = +2.1623 | std(g_L) = 1.0978 | grad = 0.7023
step   3940 | loss = -2.1071 | g_L = +2.1071 | EMA = +2.1517 | std(g_L) = 1.2462 | grad = 0.5706
step   3960 | loss = -2.0527 | g_L = +2.0527 | EMA = +2.1568 | std(g_L) = 0.9027 | grad = 0.7166
step   3980 | loss = -2.2526 | g_L = +2.2526 | EMA = +2.1635 | std(g_L) = 0.8271 | grad = 0.5574
step   4000 | loss = -2.0956 | g_L = +2.0956 | EMA = +2.1855 | std(g_L) = 1.0312 | grad = 1.8055
step   4020 | loss = -2.0377 | g_L = +2.0377 | EMA = +2.1273 | std(g_L) = 1.0906 | grad = 0.9967
step   4040 | loss = -2.1409 | g_L = +2.1409 | EMA = +2.1391 | std(g_L) = 1.0392 | grad = 0.8369
step   4060 | loss = -2.3250 | g_L = +2.3250 | EMA = +2.1485 | std(g_L) = 0.9592 | grad = 1.0597
step   4080 | loss = -2.2716 | g_L = +2.2716 | EMA = +2.1496 | std(g_L) = 1.0886 | grad = 0.9924
step   4100 | loss = -1.9332 | g_L = +1.9332 | EMA = +2.1353 | std(g_L) = 1.1672 | grad = 1.4070
step   4120 | loss = -2.1473 | g_L = +2.1473 | EMA = +2.1350 | std(g_L) = 1.0064 | grad = 0.8493
step   4140 | loss = -2.2049 | g_L = +2.2049 | EMA = +2.1351 | std(g_L) = 1.1381 | grad = 0.3940
step   4160 | loss = -2.1750 | g_L = +2.1750 | EMA = +2.1554 | std(g_L) = 1.3530 | grad = 2.3726
step   4180 | loss = -1.9530 | g_L = +1.9530 | EMA = +2.1351 | std(g_L) = 1.2950 | grad = 1.9031
step   4200 | loss = -2.2619 | g_L = +2.2619 | EMA = +2.1785 | std(g_L) = 0.9621 | grad = 0.5341
step   4220 | loss = -2.3709 | g_L = +2.3709 | EMA = +2.1769 | std(g_L) = 1.0315 | grad = 0.8931
step   4240 | loss = -2.1280 | g_L = +2.1280 | EMA = +2.1638 | std(g_L) = 1.0018 | grad = 0.9581
step   4260 | loss = -2.1660 | g_L = +2.1660 | EMA = +2.1455 | std(g_L) = 0.9122 | grad = 0.9194
step   4280 | loss = -2.0658 | g_L = +2.0658 | EMA = +2.1349 | std(g_L) = 1.2573 | grad = 0.7755
step   4300 | loss = -2.1743 | g_L = +2.1743 | EMA = +2.1167 | std(g_L) = 1.1746 | grad = 1.2917
step   4320 | loss = -2.1982 | g_L = +2.1982 | EMA = +2.1549 | std(g_L) = 1.0283 | grad = 1.2911
step   4340 | loss = -2.2084 | g_L = +2.2084 | EMA = +2.1625 | std(g_L) = 1.0606 | grad = 0.5015
step   4360 | loss = -2.2790 | g_L = +2.2790 | EMA = +2.1418 | std(g_L) = 1.0400 | grad = 0.9587
step   4380 | loss = -2.1420 | g_L = +2.1420 | EMA = +2.1313 | std(g_L) = 1.1280 | grad = 0.7050
step   4400 | loss = -2.2485 | g_L = +2.2485 | EMA = +2.1779 | std(g_L) = 1.0865 | grad = 0.7638
step   4420 | loss = -1.9362 | g_L = +1.9362 | EMA = +2.1705 | std(g_L) = 1.1668 | grad = 1.7243
step   4440 | loss = -2.2809 | g_L = +2.2809 | EMA = +2.1765 | std(g_L) = 0.8753 | grad = 0.8205
step   4460 | loss = -2.1519 | g_L = +2.1519 | EMA = +2.1706 | std(g_L) = 1.2365 | grad = 0.4526
step   4480 | loss = -2.0719 | g_L = +2.0719 | EMA = +2.1477 | std(g_L) = 1.2244 | grad = 0.8122
step   4500 | loss = -2.2736 | g_L = +2.2736 | EMA = +2.1240 | std(g_L) = 1.0493 | grad = 0.3202
step   4520 | loss = -2.0559 | g_L = +2.0559 | EMA = +2.1399 | std(g_L) = 1.2385 | grad = 0.8359
step   4540 | loss = -2.2279 | g_L = +2.2279 | EMA = +2.1565 | std(g_L) = 0.9763 | grad = 0.7987
step   4560 | loss = -2.2667 | g_L = +2.2667 | EMA = +2.1518 | std(g_L) = 0.9876 | grad = 1.1291
step   4580 | loss = -2.2286 | g_L = +2.2286 | EMA = +2.1549 | std(g_L) = 1.0979 | grad = 1.7822
step   4600 | loss = -2.0910 | g_L = +2.0910 | EMA = +2.1359 | std(g_L) = 1.6068 | grad = 1.2114
step   4620 | loss = -2.1038 | g_L = +2.1038 | EMA = +2.1369 | std(g_L) = 1.1302 | grad = 1.7964
step   4640 | loss = -2.2822 | g_L = +2.2822 | EMA = +2.1551 | std(g_L) = 0.9965 | grad = 1.3957
step   4660 | loss = -2.2740 | g_L = +2.2740 | EMA = +2.1560 | std(g_L) = 1.0005 | grad = 0.9260
step   4680 | loss = -2.2637 | g_L = +2.2637 | EMA = +2.1630 | std(g_L) = 0.9826 | grad = 2.2751
step   4700 | loss = -2.2006 | g_L = +2.2006 | EMA = +2.1815 | std(g_L) = 0.9165 | grad = 1.1926
step   4720 | loss = -2.1242 | g_L = +2.1242 | EMA = +2.1569 | std(g_L) = 1.1145 | grad = 2.0377
step   4740 | loss = -2.3028 | g_L = +2.3028 | EMA = +2.1477 | std(g_L) = 0.9650 | grad = 1.4269
step   4760 | loss = -2.1394 | g_L = +2.1394 | EMA = +2.1675 | std(g_L) = 1.1373 | grad = 1.2642
step   4780 | loss = -2.1316 | g_L = +2.1316 | EMA = +2.1499 | std(g_L) = 1.0098 | grad = 0.4051
step   4800 | loss = -2.0687 | g_L = +2.0687 | EMA = +2.1587 | std(g_L) = 1.1635 | grad = 0.3393
step   4820 | loss = -2.2039 | g_L = +2.2039 | EMA = +2.1769 | std(g_L) = 1.0762 | grad = 1.0987
step   4840 | loss = -2.2668 | g_L = +2.2668 | EMA = +2.1780 | std(g_L) = 1.0072 | grad = 0.7865
step   4860 | loss = -2.0534 | g_L = +2.0534 | EMA = +2.1599 | std(g_L) = 1.2184 | grad = 1.7219
step   4880 | loss = -2.2697 | g_L = +2.2697 | EMA = +2.1654 | std(g_L) = 1.0019 | grad = 1.3935
step   4900 | loss = -2.1194 | g_L = +2.1194 | EMA = +2.1489 | std(g_L) = 1.1214 | grad = 1.4615
step   4920 | loss = -2.2154 | g_L = +2.2154 | EMA = +2.1519 | std(g_L) = 1.0529 | grad = 0.7937
step   4940 | loss = -2.0219 | g_L = +2.0219 | EMA = +2.1524 | std(g_L) = 1.3130 | grad = 1.3711
step   4960 | loss = -2.1387 | g_L = +2.1387 | EMA = +2.1592 | std(g_L) = 1.2027 | grad = 1.1641
step   4980 | loss = -2.1800 | g_L = +2.1800 | EMA = +2.1554 | std(g_L) = 1.1887 | grad = 1.3143
step   5000 | loss = -1.8946 | g_L = +1.8946 | EMA = +2.1320 | std(g_L) = 1.2300 | grad = 1.2310
step   5020 | loss = -2.1820 | g_L = +2.1820 | EMA = +2.1364 | std(g_L) = 1.4524 | grad = 0.5146
step   5040 | loss = -2.2884 | g_L = +2.2884 | EMA = +2.1722 | std(g_L) = 0.8722 | grad = 0.9984
step   5060 | loss = -2.1648 | g_L = +2.1648 | EMA = +2.1548 | std(g_L) = 1.1405 | grad = 1.4790
step   5080 | loss = -2.2383 | g_L = +2.2383 | EMA = +2.1476 | std(g_L) = 0.9259 | grad = 0.2659
step   5100 | loss = -2.0384 | g_L = +2.0384 | EMA = +2.1658 | std(g_L) = 1.1678 | grad = 0.2358
step   5120 | loss = -2.0093 | g_L = +2.0093 | EMA = +2.1590 | std(g_L) = 1.1241 | grad = 1.1227
step   5140 | loss = -2.3437 | g_L = +2.3437 | EMA = +2.1607 | std(g_L) = 0.8939 | grad = 0.9272
step   5160 | loss = -2.2587 | g_L = +2.2587 | EMA = +2.1875 | std(g_L) = 0.9546 | grad = 0.7970
step   5180 | loss = -2.2394 | g_L = +2.2394 | EMA = +2.1553 | std(g_L) = 0.9420 | grad = 0.3912
step   5200 | loss = -2.1460 | g_L = +2.1460 | EMA = +2.1830 | std(g_L) = 1.0078 | grad = 0.7206
step   5220 | loss = -2.0939 | g_L = +2.0939 | EMA = +2.1779 | std(g_L) = 1.0178 | grad = 1.6848
step   5240 | loss = -2.2690 | g_L = +2.2690 | EMA = +2.1574 | std(g_L) = 0.8753 | grad = 0.7293
step   5260 | loss = -2.1280 | g_L = +2.1280 | EMA = +2.1632 | std(g_L) = 1.2443 | grad = 1.9652
step   5280 | loss = -2.1067 | g_L = +2.1067 | EMA = +2.1521 | std(g_L) = 1.3617 | grad = 0.9458
step   5300 | loss = -2.2172 | g_L = +2.2172 | EMA = +2.1643 | std(g_L) = 0.9269 | grad = 0.9069
step   5320 | loss = -2.2237 | g_L = +2.2237 | EMA = +2.1844 | std(g_L) = 1.0329 | grad = 1.0059
step   5340 | loss = -2.1853 | g_L = +2.1853 | EMA = +2.1702 | std(g_L) = 0.9860 | grad = 1.0722
step   5360 | loss = -2.0958 | g_L = +2.0958 | EMA = +2.1680 | std(g_L) = 1.0462 | grad = 1.5562
step   5380 | loss = -2.1542 | g_L = +2.1542 | EMA = +2.1556 | std(g_L) = 1.0235 | grad = 0.6453
step   5400 | loss = -2.0066 | g_L = +2.0066 | EMA = +2.1608 | std(g_L) = 1.0974 | grad = 2.3794
step   5420 | loss = -2.0511 | g_L = +2.0511 | EMA = +2.1439 | std(g_L) = 1.3096 | grad = 1.1498
step   5440 | loss = -2.1331 | g_L = +2.1331 | EMA = +2.1715 | std(g_L) = 1.1925 | grad = 0.7511
step   5460 | loss = -2.1767 | g_L = +2.1767 | EMA = +2.1657 | std(g_L) = 1.0802 | grad = 0.3217
step   5480 | loss = -1.9579 | g_L = +1.9579 | EMA = +2.1656 | std(g_L) = 1.1807 | grad = 1.0532
step   5500 | loss = -2.1868 | g_L = +2.1868 | EMA = +2.1661 | std(g_L) = 1.0162 | grad = 1.3618
step   5520 | loss = -2.1212 | g_L = +2.1212 | EMA = +2.1745 | std(g_L) = 1.0188 | grad = 0.9768
step   5540 | loss = -2.2699 | g_L = +2.2699 | EMA = +2.1799 | std(g_L) = 1.0390 | grad = 0.8123
step   5560 | loss = -2.1891 | g_L = +2.1891 | EMA = +2.1697 | std(g_L) = 1.0522 | grad = 0.8993
step   5580 | loss = -2.1232 | g_L = +2.1232 | EMA = +2.1708 | std(g_L) = 1.2717 | grad = 0.9901
step   5600 | loss = -2.0864 | g_L = +2.0864 | EMA = +2.1489 | std(g_L) = 1.0078 | grad = 1.3548
step   5620 | loss = -2.2527 | g_L = +2.2527 | EMA = +2.1749 | std(g_L) = 1.0288 | grad = 0.4146
step   5640 | loss = -2.1149 | g_L = +2.1149 | EMA = +2.1829 | std(g_L) = 1.1278 | grad = 1.0359
step   5660 | loss = -2.1728 | g_L = +2.1728 | EMA = +2.1882 | std(g_L) = 1.1780 | grad = 2.0626
step   5680 | loss = -2.3090 | g_L = +2.3090 | EMA = +2.1928 | std(g_L) = 1.0499 | grad = 0.9426
step   5700 | loss = -2.0690 | g_L = +2.0690 | EMA = +2.1730 | std(g_L) = 1.2338 | grad = 0.7584
step   5720 | loss = -1.9999 | g_L = +1.9999 | EMA = +2.1608 | std(g_L) = 1.2268 | grad = 0.9210
step   5740 | loss = -2.2137 | g_L = +2.2137 | EMA = +2.1838 | std(g_L) = 1.0804 | grad = 1.2268
step   5760 | loss = -2.2480 | g_L = +2.2480 | EMA = +2.1836 | std(g_L) = 0.9392 | grad = 0.6903
step   5780 | loss = -2.3073 | g_L = +2.3073 | EMA = +2.1635 | std(g_L) = 0.9252 | grad = 2.2943
step   5800 | loss = -2.1930 | g_L = +2.1930 | EMA = +2.1899 | std(g_L) = 1.0234 | grad = 1.6515
step   5820 | loss = -2.3245 | g_L = +2.3245 | EMA = +2.1925 | std(g_L) = 0.9680 | grad = 1.1253
step   5840 | loss = -2.1659 | g_L = +2.1659 | EMA = +2.1947 | std(g_L) = 0.9930 | grad = 0.4710
step   5860 | loss = -2.1665 | g_L = +2.1665 | EMA = +2.1873 | std(g_L) = 0.9966 | grad = 1.3171
step   5880 | loss = -2.1443 | g_L = +2.1443 | EMA = +2.1786 | std(g_L) = 1.0050 | grad = 1.6118
step   5900 | loss = -2.1780 | g_L = +2.1780 | EMA = +2.1812 | std(g_L) = 1.1569 | grad = 3.2139
step   5920 | loss = -2.1857 | g_L = +2.1857 | EMA = +2.1918 | std(g_L) = 1.1482 | grad = 1.4548
step   5940 | loss = -2.1362 | g_L = +2.1362 | EMA = +2.1801 | std(g_L) = 1.1642 | grad = 0.7723
step   5960 | loss = -2.3052 | g_L = +2.3052 | EMA = +2.1671 | std(g_L) = 0.9845 | grad = 1.9936
step   5980 | loss = -2.1877 | g_L = +2.1877 | EMA = +2.1815 | std(g_L) = 1.1578 | grad = 1.4163
step   6000 | loss = -2.1495 | g_L = +2.1495 | EMA = +2.1588 | std(g_L) = 1.1332 | grad = 0.6517
step   6020 | loss = -2.1413 | g_L = +2.1413 | EMA = +2.1668 | std(g_L) = 1.1796 | grad = 1.5183
step   6040 | loss = -2.1245 | g_L = +2.1245 | EMA = +2.1866 | std(g_L) = 1.1285 | grad = 0.4988
step   6060 | loss = -2.1660 | g_L = +2.1660 | EMA = +2.1857 | std(g_L) = 1.0909 | grad = 1.9330
step   6080 | loss = -2.3473 | g_L = +2.3473 | EMA = +2.1855 | std(g_L) = 0.8837 | grad = 0.8675
step   6100 | loss = -2.1122 | g_L = +2.1122 | EMA = +2.1629 | std(g_L) = 1.1165 | grad = 0.6147
step   6120 | loss = -2.2585 | g_L = +2.2585 | EMA = +2.1697 | std(g_L) = 1.0617 | grad = 1.9463
step   6140 | loss = -2.3370 | g_L = +2.3370 | EMA = +2.2066 | std(g_L) = 0.9309 | grad = 1.5825
step   6160 | loss = -2.3197 | g_L = +2.3197 | EMA = +2.2182 | std(g_L) = 0.9517 | grad = 0.9373
step   6180 | loss = -2.3229 | g_L = +2.3229 | EMA = +2.1973 | std(g_L) = 0.9493 | grad = 0.7672
step   6200 | loss = -2.2746 | g_L = +2.2746 | EMA = +2.1941 | std(g_L) = 1.1435 | grad = 0.4850
step   6220 | loss = -2.1868 | g_L = +2.1868 | EMA = +2.1967 | std(g_L) = 0.9050 | grad = 0.5825
step   6240 | loss = -2.2948 | g_L = +2.2948 | EMA = +2.2044 | std(g_L) = 1.0628 | grad = 1.0315
step   6260 | loss = -2.1029 | g_L = +2.1029 | EMA = +2.2048 | std(g_L) = 1.1567 | grad = 1.6347
step   6280 | loss = -2.2264 | g_L = +2.2264 | EMA = +2.1919 | std(g_L) = 1.0503 | grad = 0.7627
step   6300 | loss = -2.2652 | g_L = +2.2652 | EMA = +2.1945 | std(g_L) = 0.9543 | grad = 0.4189
step   6320 | loss = -2.2057 | g_L = +2.2057 | EMA = +2.2006 | std(g_L) = 1.2342 | grad = 0.8707
step   6340 | loss = -2.2136 | g_L = +2.2136 | EMA = +2.2056 | std(g_L) = 0.9917 | grad = 1.1289
step   6360 | loss = -2.1904 | g_L = +2.1904 | EMA = +2.1954 | std(g_L) = 0.9594 | grad = 1.3667
step   6380 | loss = -2.0885 | g_L = +2.0885 | EMA = +2.1904 | std(g_L) = 1.1323 | grad = 1.4892
step   6400 | loss = -2.3090 | g_L = +2.3090 | EMA = +2.2004 | std(g_L) = 0.8483 | grad = 0.7288
step   6420 | loss = -2.1979 | g_L = +2.1979 | EMA = +2.1665 | std(g_L) = 0.8573 | grad = 1.2353
step   6440 | loss = -2.1221 | g_L = +2.1221 | EMA = +2.1842 | std(g_L) = 1.1868 | grad = 1.1315
step   6460 | loss = -2.3173 | g_L = +2.3173 | EMA = +2.2040 | std(g_L) = 1.1021 | grad = 0.8199
step   6480 | loss = -2.2122 | g_L = +2.2122 | EMA = +2.1876 | std(g_L) = 1.0645 | grad = 0.5987
step   6500 | loss = -2.3030 | g_L = +2.3030 | EMA = +2.2100 | std(g_L) = 1.0037 | grad = 0.9777
step   6520 | loss = -2.0936 | g_L = +2.0936 | EMA = +2.1981 | std(g_L) = 0.9531 | grad = 1.4879
step   6540 | loss = -2.1899 | g_L = +2.1899 | EMA = +2.1972 | std(g_L) = 1.0179 | grad = 1.0610
step   6560 | loss = -2.2056 | g_L = +2.2056 | EMA = +2.2193 | std(g_L) = 1.0567 | grad = 2.2088
step   6580 | loss = -2.2180 | g_L = +2.2180 | EMA = +2.2026 | std(g_L) = 1.0416 | grad = 2.7685
step   6600 | loss = -2.1349 | g_L = +2.1349 | EMA = +2.1999 | std(g_L) = 1.1646 | grad = 0.5263
step   6620 | loss = -2.2190 | g_L = +2.2190 | EMA = +2.2153 | std(g_L) = 1.0391 | grad = 0.8635
step   6640 | loss = -2.2725 | g_L = +2.2725 | EMA = +2.1965 | std(g_L) = 1.0405 | grad = 1.4822
step   6660 | loss = -2.2644 | g_L = +2.2644 | EMA = +2.1898 | std(g_L) = 1.0661 | grad = 1.3769
step   6680 | loss = -2.3247 | g_L = +2.3247 | EMA = +2.1817 | std(g_L) = 1.0216 | grad = 0.3012
step   6700 | loss = -2.1937 | g_L = +2.1937 | EMA = +2.1927 | std(g_L) = 1.1487 | grad = 0.9975
step   6720 | loss = -2.1982 | g_L = +2.1982 | EMA = +2.1974 | std(g_L) = 0.9857 | grad = 0.9426
step   6740 | loss = -2.0688 | g_L = +2.0688 | EMA = +2.2064 | std(g_L) = 1.1263 | grad = 1.8458
step   6760 | loss = -2.1457 | g_L = +2.1457 | EMA = +2.2197 | std(g_L) = 0.9609 | grad = 1.0545
step   6780 | loss = -2.2672 | g_L = +2.2672 | EMA = +2.2424 | std(g_L) = 1.1383 | grad = 0.7507
step   6800 | loss = -2.2262 | g_L = +2.2262 | EMA = +2.2149 | std(g_L) = 1.0763 | grad = 0.7294
step   6820 | loss = -2.2869 | g_L = +2.2869 | EMA = +2.2264 | std(g_L) = 0.9626 | grad = 0.6837
step   6840 | loss = -2.2259 | g_L = +2.2259 | EMA = +2.2302 | std(g_L) = 1.1205 | grad = 0.8793
step   6860 | loss = -2.1412 | g_L = +2.1412 | EMA = +2.1982 | std(g_L) = 0.9406 | grad = 1.6605
step   6880 | loss = -2.3198 | g_L = +2.3198 | EMA = +2.2447 | std(g_L) = 0.8834 | grad = 0.9632
step   6900 | loss = -2.1520 | g_L = +2.1520 | EMA = +2.2092 | std(g_L) = 1.1297 | grad = 2.1398
step   6920 | loss = -2.1929 | g_L = +2.1929 | EMA = +2.1964 | std(g_L) = 1.0185 | grad = 0.7198
step   6940 | loss = -2.1406 | g_L = +2.1406 | EMA = +2.2083 | std(g_L) = 1.0192 | grad = 2.2089
step   6960 | loss = -2.1600 | g_L = +2.1600 | EMA = +2.1986 | std(g_L) = 1.0638 | grad = 1.1688
step   6980 | loss = -2.2070 | g_L = +2.2070 | EMA = +2.1962 | std(g_L) = 0.9986 | grad = 3.4982
step   7000 | loss = -2.1877 | g_L = +2.1877 | EMA = +2.2093 | std(g_L) = 1.0611 | grad = 0.7006
step   7020 | loss = -2.2618 | g_L = +2.2618 | EMA = +2.2283 | std(g_L) = 0.9472 | grad = 1.4557
step   7040 | loss = -2.1925 | g_L = +2.1925 | EMA = +2.1995 | std(g_L) = 1.0779 | grad = 0.7723
step   7060 | loss = -2.1322 | g_L = +2.1322 | EMA = +2.1792 | std(g_L) = 0.9982 | grad = 1.4786
step   7080 | loss = -2.1900 | g_L = +2.1900 | EMA = +2.2034 | std(g_L) = 1.0308 | grad = 1.7843
step   7100 | loss = -2.2544 | g_L = +2.2544 | EMA = +2.2032 | std(g_L) = 0.9199 | grad = 1.6875
step   7120 | loss = -2.2869 | g_L = +2.2869 | EMA = +2.1983 | std(g_L) = 0.7925 | grad = 1.2009
step   7140 | loss = -2.1864 | g_L = +2.1864 | EMA = +2.2130 | std(g_L) = 1.0118 | grad = 1.4720
step   7160 | loss = -2.1652 | g_L = +2.1652 | EMA = +2.2265 | std(g_L) = 1.1746 | grad = 0.6470
step   7180 | loss = -2.2125 | g_L = +2.2125 | EMA = +2.2069 | std(g_L) = 1.1683 | grad = 0.5549
step   7200 | loss = -2.3086 | g_L = +2.3086 | EMA = +2.2331 | std(g_L) = 0.9571 | grad = 0.8914
step   7220 | loss = -2.1654 | g_L = +2.1654 | EMA = +2.2268 | std(g_L) = 1.1547 | grad = 0.7704
step   7240 | loss = -2.1466 | g_L = +2.1466 | EMA = +2.2278 | std(g_L) = 1.1529 | grad = 1.1072
step   7260 | loss = -2.2615 | g_L = +2.2615 | EMA = +2.2268 | std(g_L) = 1.0164 | grad = 0.5700
step   7280 | loss = -2.1359 | g_L = +2.1359 | EMA = +2.2205 | std(g_L) = 1.1977 | grad = 0.5226
step   7300 | loss = -2.1650 | g_L = +2.1650 | EMA = +2.2075 | std(g_L) = 1.1318 | grad = 1.3024
step   7320 | loss = -2.2448 | g_L = +2.2448 | EMA = +2.2193 | std(g_L) = 0.9865 | grad = 0.7814
step   7340 | loss = -2.2055 | g_L = +2.2055 | EMA = +2.2026 | std(g_L) = 1.0314 | grad = 1.0265
step   7360 | loss = -2.2342 | g_L = +2.2342 | EMA = +2.2127 | std(g_L) = 0.9620 | grad = 1.0455
step   7380 | loss = -2.3141 | g_L = +2.3141 | EMA = +2.2131 | std(g_L) = 0.8476 | grad = 1.7588
step   7400 | loss = -2.2518 | g_L = +2.2518 | EMA = +2.2133 | std(g_L) = 0.9396 | grad = 1.4646
step   7420 | loss = -2.1262 | g_L = +2.1262 | EMA = +2.2054 | std(g_L) = 1.0678 | grad = 1.1930
step   7440 | loss = -2.1829 | g_L = +2.1829 | EMA = +2.2064 | std(g_L) = 1.1294 | grad = 0.8728
step   7460 | loss = -2.2895 | g_L = +2.2895 | EMA = +2.2068 | std(g_L) = 1.0244 | grad = 2.4887
step   7480 | loss = -2.3711 | g_L = +2.3711 | EMA = +2.2329 | std(g_L) = 0.8970 | grad = 0.9987
step   7500 | loss = -2.2072 | g_L = +2.2072 | EMA = +2.2195 | std(g_L) = 0.9904 | grad = 0.7151
step   7520 | loss = -2.2418 | g_L = +2.2418 | EMA = +2.1970 | std(g_L) = 1.0221 | grad = 1.1100
step   7540 | loss = -2.3186 | g_L = +2.3186 | EMA = +2.2134 | std(g_L) = 1.1233 | grad = 0.8667
step   7560 | loss = -2.1810 | g_L = +2.1810 | EMA = +2.2220 | std(g_L) = 1.1301 | grad = 0.3926
step   7580 | loss = -2.2906 | g_L = +2.2906 | EMA = +2.2094 | std(g_L) = 0.9842 | grad = 0.5752
step   7600 | loss = -2.0905 | g_L = +2.0905 | EMA = +2.2255 | std(g_L) = 1.2139 | grad = 0.9184
step   7620 | loss = -2.3617 | g_L = +2.3617 | EMA = +2.1958 | std(g_L) = 0.8154 | grad = 0.5451
step   7640 | loss = -2.1748 | g_L = +2.1748 | EMA = +2.2497 | std(g_L) = 0.9041 | grad = 0.8977
step   7660 | loss = -2.4234 | g_L = +2.4234 | EMA = +2.2479 | std(g_L) = 0.8220 | grad = 1.3833
step   7680 | loss = -2.1588 | g_L = +2.1588 | EMA = +2.2351 | std(g_L) = 1.1904 | grad = 2.3917
step   7700 | loss = -2.1781 | g_L = +2.1781 | EMA = +2.2234 | std(g_L) = 0.9805 | grad = 1.0491
step   7720 | loss = -2.2508 | g_L = +2.2508 | EMA = +2.2131 | std(g_L) = 1.0072 | grad = 1.1951
step   7740 | loss = -2.3557 | g_L = +2.3557 | EMA = +2.2122 | std(g_L) = 0.9070 | grad = 0.8936
step   7760 | loss = -2.3422 | g_L = +2.3422 | EMA = +2.2180 | std(g_L) = 1.0840 | grad = 1.4980
step   7780 | loss = -2.1797 | g_L = +2.1797 | EMA = +2.2032 | std(g_L) = 1.2015 | grad = 1.0743
step   7800 | loss = -2.2319 | g_L = +2.2319 | EMA = +2.2064 | std(g_L) = 1.0337 | grad = 1.6127
step   7820 | loss = -2.3063 | g_L = +2.3063 | EMA = +2.2010 | std(g_L) = 0.8200 | grad = 2.5454
step   7840 | loss = -2.2821 | g_L = +2.2821 | EMA = +2.2142 | std(g_L) = 0.9450 | grad = 0.9459
step   7860 | loss = -2.1901 | g_L = +2.1901 | EMA = +2.2023 | std(g_L) = 1.1518 | grad = 1.5916
step   7880 | loss = -2.2425 | g_L = +2.2425 | EMA = +2.2226 | std(g_L) = 0.9162 | grad = 1.3612
step   7900 | loss = -2.3556 | g_L = +2.3556 | EMA = +2.2198 | std(g_L) = 0.9361 | grad = 1.2654
step   7920 | loss = -2.1851 | g_L = +2.1851 | EMA = +2.2207 | std(g_L) = 1.1688 | grad = 0.4905
step   7940 | loss = -2.3853 | g_L = +2.3853 | EMA = +2.2295 | std(g_L) = 0.9008 | grad = 0.3155
step   7960 | loss = -1.9925 | g_L = +1.9925 | EMA = +2.2179 | std(g_L) = 1.3009 | grad = 0.9554
step   7980 | loss = -1.9906 | g_L = +1.9906 | EMA = +2.1995 | std(g_L) = 1.2086 | grad = 0.8260
step   8000 | loss = -2.1655 | g_L = +2.1655 | EMA = +2.2194 | std(g_L) = 1.3072 | grad = 1.6813
step   8020 | loss = -2.0578 | g_L = +2.0578 | EMA = +2.2110 | std(g_L) = 1.0011 | grad = 0.8048
step   8040 | loss = -2.2065 | g_L = +2.2065 | EMA = +2.2244 | std(g_L) = 0.8467 | grad = 0.5161
step   8060 | loss = -2.2937 | g_L = +2.2937 | EMA = +2.2391 | std(g_L) = 0.9507 | grad = 1.6881
step   8080 | loss = -2.2449 | g_L = +2.2449 | EMA = +2.2422 | std(g_L) = 1.1127 | grad = 1.6664
step   8100 | loss = -2.2809 | g_L = +2.2809 | EMA = +2.2403 | std(g_L) = 0.9330 | grad = 1.7951
step   8120 | loss = -2.4796 | g_L = +2.4796 | EMA = +2.2417 | std(g_L) = 0.9622 | grad = 2.1408
step   8140 | loss = -2.1828 | g_L = +2.1828 | EMA = +2.2375 | std(g_L) = 0.9765 | grad = 0.6330
step   8160 | loss = -2.1051 | g_L = +2.1051 | EMA = +2.2246 | std(g_L) = 0.9804 | grad = 1.1755
step   8180 | loss = -2.2630 | g_L = +2.2630 | EMA = +2.2495 | std(g_L) = 1.0150 | grad = 0.5991
step   8200 | loss = -2.1764 | g_L = +2.1764 | EMA = +2.2320 | std(g_L) = 0.9881 | grad = 0.4746
step   8220 | loss = -2.2242 | g_L = +2.2242 | EMA = +2.2239 | std(g_L) = 0.9668 | grad = 1.2231
step   8240 | loss = -2.1991 | g_L = +2.1991 | EMA = +2.2098 | std(g_L) = 0.8586 | grad = 1.0167
step   8260 | loss = -2.1936 | g_L = +2.1936 | EMA = +2.2145 | std(g_L) = 1.0930 | grad = 0.4153
step   8280 | loss = -2.1851 | g_L = +2.1851 | EMA = +2.2359 | std(g_L) = 1.3314 | grad = 0.5754
step   8300 | loss = -2.2655 | g_L = +2.2655 | EMA = +2.2393 | std(g_L) = 1.2309 | grad = 0.7045
step   8320 | loss = -2.2813 | g_L = +2.2813 | EMA = +2.2453 | std(g_L) = 1.0410 | grad = 2.8224
step   8340 | loss = -2.2999 | g_L = +2.2999 | EMA = +2.2270 | std(g_L) = 1.0711 | grad = 0.5393
step   8360 | loss = -2.2376 | g_L = +2.2376 | EMA = +2.2357 | std(g_L) = 1.0642 | grad = 1.5784
step   8380 | loss = -2.2443 | g_L = +2.2443 | EMA = +2.2104 | std(g_L) = 0.8975 | grad = 1.2027
step   8400 | loss = -2.3644 | g_L = +2.3644 | EMA = +2.2232 | std(g_L) = 0.9601 | grad = 1.0251
step   8420 | loss = -2.0744 | g_L = +2.0744 | EMA = +2.2114 | std(g_L) = 1.2884 | grad = 1.4043
step   8440 | loss = -2.1218 | g_L = +2.1218 | EMA = +2.2186 | std(g_L) = 1.2482 | grad = 0.6773
step   8460 | loss = -2.1976 | g_L = +2.1976 | EMA = +2.2463 | std(g_L) = 1.0755 | grad = 0.7453
step   8480 | loss = -2.1147 | g_L = +2.1147 | EMA = +2.2509 | std(g_L) = 1.0850 | grad = 0.7142
step   8500 | loss = -2.1564 | g_L = +2.1564 | EMA = +2.2138 | std(g_L) = 1.1472 | grad = 1.1740
step   8520 | loss = -2.3159 | g_L = +2.3159 | EMA = +2.2158 | std(g_L) = 0.9582 | grad = 0.4729
step   8540 | loss = -2.1556 | g_L = +2.1556 | EMA = +2.2219 | std(g_L) = 0.9492 | grad = 0.3491
step   8560 | loss = -2.2766 | g_L = +2.2766 | EMA = +2.2262 | std(g_L) = 1.1402 | grad = 3.0159
step   8580 | loss = -2.2406 | g_L = +2.2406 | EMA = +2.1972 | std(g_L) = 1.0346 | grad = 1.2494
step   8600 | loss = -2.1690 | g_L = +2.1690 | EMA = +2.2127 | std(g_L) = 1.1477 | grad = 0.8737
step   8620 | loss = -2.1540 | g_L = +2.1540 | EMA = +2.2220 | std(g_L) = 1.0148 | grad = 2.3466
step   8640 | loss = -2.1452 | g_L = +2.1452 | EMA = +2.2222 | std(g_L) = 1.2914 | grad = 1.4590
step   8660 | loss = -2.2062 | g_L = +2.2062 | EMA = +2.2166 | std(g_L) = 1.0774 | grad = 1.5279
step   8680 | loss = -2.2239 | g_L = +2.2239 | EMA = +2.2326 | std(g_L) = 0.9054 | grad = 0.7154
step   8700 | loss = -2.3097 | g_L = +2.3097 | EMA = +2.2147 | std(g_L) = 0.8572 | grad = 1.3996
step   8720 | loss = -2.2273 | g_L = +2.2273 | EMA = +2.2310 | std(g_L) = 1.1079 | grad = 1.0557
step   8740 | loss = -2.1794 | g_L = +2.1794 | EMA = +2.1957 | std(g_L) = 0.9201 | grad = 1.1790
step   8760 | loss = -2.2087 | g_L = +2.2087 | EMA = +2.2260 | std(g_L) = 1.2177 | grad = 0.8812
step   8780 | loss = -2.2235 | g_L = +2.2235 | EMA = +2.2387 | std(g_L) = 0.9512 | grad = 1.5480
step   8800 | loss = -2.3432 | g_L = +2.3432 | EMA = +2.2583 | std(g_L) = 1.0494 | grad = 1.6049
step   8820 | loss = -2.2813 | g_L = +2.2813 | EMA = +2.2560 | std(g_L) = 0.8544 | grad = 1.7842
step   8840 | loss = -2.1434 | g_L = +2.1434 | EMA = +2.2461 | std(g_L) = 1.0906 | grad = 2.7634
step   8860 | loss = -2.1214 | g_L = +2.1214 | EMA = +2.2195 | std(g_L) = 1.2547 | grad = 1.0142
step   8880 | loss = -2.0978 | g_L = +2.0978 | EMA = +2.2226 | std(g_L) = 1.2331 | grad = 1.3345
step   8900 | loss = -2.1666 | g_L = +2.1666 | EMA = +2.2093 | std(g_L) = 1.2099 | grad = 1.4091
step   8920 | loss = -2.1453 | g_L = +2.1453 | EMA = +2.2139 | std(g_L) = 0.9527 | grad = 2.5074
step   8940 | loss = -2.1757 | g_L = +2.1757 | EMA = +2.2299 | std(g_L) = 1.0036 | grad = 0.3971
step   8960 | loss = -2.2653 | g_L = +2.2653 | EMA = +2.2492 | std(g_L) = 0.8909 | grad = 0.5231
step   8980 | loss = -2.3729 | g_L = +2.3729 | EMA = +2.2589 | std(g_L) = 0.9979 | grad = 1.4959
step   9000 | loss = -2.3593 | g_L = +2.3593 | EMA = +2.2403 | std(g_L) = 0.9892 | grad = 0.9286
step   9020 | loss = -2.3580 | g_L = +2.3580 | EMA = +2.2379 | std(g_L) = 0.9794 | grad = 0.8969
step   9040 | loss = -2.3394 | g_L = +2.3394 | EMA = +2.2580 | std(g_L) = 0.9034 | grad = 0.8894
step   9060 | loss = -2.2088 | g_L = +2.2088 | EMA = +2.2529 | std(g_L) = 0.9602 | grad = 1.5502
step   9080 | loss = -2.1788 | g_L = +2.1788 | EMA = +2.2414 | std(g_L) = 1.0109 | grad = 0.6418
step   9100 | loss = -2.0357 | g_L = +2.0357 | EMA = +2.2312 | std(g_L) = 1.1052 | grad = 0.7727
step   9120 | loss = -2.2878 | g_L = +2.2878 | EMA = +2.2625 | std(g_L) = 1.0642 | grad = 1.0144
step   9140 | loss = -2.1952 | g_L = +2.1952 | EMA = +2.2446 | std(g_L) = 0.9570 | grad = 1.4884
step   9160 | loss = -1.9801 | g_L = +1.9801 | EMA = +2.2293 | std(g_L) = 1.4791 | grad = 1.9645
step   9180 | loss = -2.3166 | g_L = +2.3166 | EMA = +2.2331 | std(g_L) = 0.9133 | grad = 1.4684
step   9200 | loss = -2.1250 | g_L = +2.1250 | EMA = +2.2507 | std(g_L) = 1.1134 | grad = 2.4542
step   9220 | loss = -2.3147 | g_L = +2.3147 | EMA = +2.2291 | std(g_L) = 0.9877 | grad = 2.6309
step   9240 | loss = -2.3008 | g_L = +2.3008 | EMA = +2.2356 | std(g_L) = 1.0711 | grad = 0.5479
step   9260 | loss = -2.3003 | g_L = +2.3003 | EMA = +2.2226 | std(g_L) = 0.8895 | grad = 0.6575
step   9280 | loss = -2.2457 | g_L = +2.2457 | EMA = +2.2392 | std(g_L) = 0.9154 | grad = 3.3492
step   9300 | loss = -2.4012 | g_L = +2.4012 | EMA = +2.2480 | std(g_L) = 0.7613 | grad = 0.9127
step   9320 | loss = -2.2177 | g_L = +2.2177 | EMA = +2.2360 | std(g_L) = 1.1381 | grad = 0.7142
step   9340 | loss = -2.2830 | g_L = +2.2830 | EMA = +2.2369 | std(g_L) = 1.0864 | grad = 0.3327
step   9360 | loss = -2.2930 | g_L = +2.2930 | EMA = +2.2519 | std(g_L) = 0.9578 | grad = 1.3901
step   9380 | loss = -2.3009 | g_L = +2.3009 | EMA = +2.2529 | std(g_L) = 1.0997 | grad = 2.3674
step   9400 | loss = -2.2796 | g_L = +2.2796 | EMA = +2.2566 | std(g_L) = 0.9793 | grad = 0.6283
step   9420 | loss = -2.1033 | g_L = +2.1033 | EMA = +2.2146 | std(g_L) = 1.1436 | grad = 0.9863
step   9440 | loss = -2.1903 | g_L = +2.1903 | EMA = +2.2308 | std(g_L) = 0.9327 | grad = 1.2789
step   9460 | loss = -2.2353 | g_L = +2.2353 | EMA = +2.2327 | std(g_L) = 1.0487 | grad = 0.8323
step   9480 | loss = -2.2239 | g_L = +2.2239 | EMA = +2.2243 | std(g_L) = 1.1256 | grad = 1.8357
step   9500 | loss = -2.3148 | g_L = +2.3148 | EMA = +2.2419 | std(g_L) = 1.1054 | grad = 1.1296
step   9520 | loss = -2.1231 | g_L = +2.1231 | EMA = +2.2400 | std(g_L) = 1.1763 | grad = 1.4695
step   9540 | loss = -2.3436 | g_L = +2.3436 | EMA = +2.2691 | std(g_L) = 1.0846 | grad = 1.0704
step   9560 | loss = -2.0969 | g_L = +2.0969 | EMA = +2.2493 | std(g_L) = 1.1203 | grad = 2.0664
step   9580 | loss = -2.2872 | g_L = +2.2872 | EMA = +2.2368 | std(g_L) = 1.1713 | grad = 1.1276
step   9600 | loss = -2.1377 | g_L = +2.1377 | EMA = +2.2473 | std(g_L) = 1.0803 | grad = 0.8121
step   9620 | loss = -2.2849 | g_L = +2.2849 | EMA = +2.2434 | std(g_L) = 1.0551 | grad = 1.1562
step   9640 | loss = -1.9840 | g_L = +1.9840 | EMA = +2.2414 | std(g_L) = 1.1829 | grad = 1.3484
step   9660 | loss = -2.1434 | g_L = +2.1434 | EMA = +2.2512 | std(g_L) = 1.0714 | grad = 1.7711
step   9680 | loss = -2.2377 | g_L = +2.2377 | EMA = +2.2275 | std(g_L) = 1.1831 | grad = 3.1649
step   9700 | loss = -2.2627 | g_L = +2.2627 | EMA = +2.2353 | std(g_L) = 1.0341 | grad = 0.7000
step   9720 | loss = -2.1309 | g_L = +2.1309 | EMA = +2.2302 | std(g_L) = 1.0690 | grad = 0.6281
step   9740 | loss = -2.2714 | g_L = +2.2714 | EMA = +2.2494 | std(g_L) = 0.9194 | grad = 1.3446
step   9760 | loss = -2.3601 | g_L = +2.3601 | EMA = +2.2466 | std(g_L) = 0.8986 | grad = 0.7320
step   9780 | loss = -2.3197 | g_L = +2.3197 | EMA = +2.2414 | std(g_L) = 0.9228 | grad = 1.9492
step   9800 | loss = -2.1042 | g_L = +2.1042 | EMA = +2.2268 | std(g_L) = 1.2573 | grad = 1.0565
step   9820 | loss = -2.2741 | g_L = +2.2741 | EMA = +2.2173 | std(g_L) = 1.0443 | grad = 0.6517
step   9840 | loss = -2.1880 | g_L = +2.1880 | EMA = +2.2326 | std(g_L) = 1.3203 | grad = 0.8041
step   9860 | loss = -2.1694 | g_L = +2.1694 | EMA = +2.2175 | std(g_L) = 1.1028 | grad = 0.5997
step   9880 | loss = -2.2856 | g_L = +2.2856 | EMA = +2.2434 | std(g_L) = 1.0990 | grad = 1.1020
step   9900 | loss = -2.1164 | g_L = +2.1164 | EMA = +2.2519 | std(g_L) = 1.0282 | grad = 2.0821
step   9920 | loss = -2.2523 | g_L = +2.2523 | EMA = +2.2395 | std(g_L) = 1.2196 | grad = 0.9140
step   9940 | loss = -2.3235 | g_L = +2.3235 | EMA = +2.2528 | std(g_L) = 1.0112 | grad = 1.0687
step   9960 | loss = -2.3833 | g_L = +2.3833 | EMA = +2.2735 | std(g_L) = 0.8429 | grad = 0.7213
step   9980 | loss = -2.1722 | g_L = +2.1722 | EMA = +2.2736 | std(g_L) = 1.0358 | grad = 1.2671
step  10000 | loss = -2.0001 | g_L = +2.0001 | EMA = +2.2337 | std(g_L) = 1.1922 | grad = 1.1475
Model saved.
