Device: cuda
N antennas : 4
Ns         : 127
step      1 | loss = +0.1899 | g_L = -0.1899 | EMA = -0.1899 | std(g_L) = 3.6234 | grad = 0.7637
step     20 | loss = -0.3510 | g_L = +0.3510 | EMA = -0.0485 | std(g_L) = 4.1922 | grad = 1.7902
step     40 | loss = +0.3918 | g_L = -0.3918 | EMA = +0.1485 | std(g_L) = 5.7863 | grad = 1.4827
step     60 | loss = -0.2121 | g_L = +0.2121 | EMA = +0.5888 | std(g_L) = 6.8200 | grad = 2.6115
step     80 | loss = -0.6435 | g_L = +0.6435 | EMA = +0.7821 | std(g_L) = 4.7384 | grad = 2.1499
step    100 | loss = -1.1730 | g_L = +1.1730 | EMA = +1.0993 | std(g_L) = 5.8804 | grad = 2.4429
step    120 | loss = -1.4290 | g_L = +1.4290 | EMA = +1.4799 | std(g_L) = 5.1831 | grad = 1.4823
step    140 | loss = -2.3829 | g_L = +2.3829 | EMA = +1.7763 | std(g_L) = 1.3420 | grad = 1.4767
step    160 | loss = -2.1171 | g_L = +2.1171 | EMA = +2.0047 | std(g_L) = 2.4295 | grad = 1.0645
step    180 | loss = -1.9811 | g_L = +1.9811 | EMA = +2.2071 | std(g_L) = 4.4305 | grad = 0.5917
step    200 | loss = -2.3515 | g_L = +2.3515 | EMA = +2.2830 | std(g_L) = 2.6653 | grad = 0.3718
step    220 | loss = -2.3173 | g_L = +2.3173 | EMA = +2.3126 | std(g_L) = 2.6550 | grad = 0.4127
step    240 | loss = -2.3283 | g_L = +2.3283 | EMA = +2.3850 | std(g_L) = 2.2214 | grad = 2.8492
step    260 | loss = -2.6425 | g_L = +2.6425 | EMA = +2.5867 | std(g_L) = 0.8628 | grad = 0.2767
step    280 | loss = -2.8584 | g_L = +2.8584 | EMA = +2.7030 | std(g_L) = 0.6824 | grad = 0.4636
step    300 | loss = -2.7698 | g_L = +2.7698 | EMA = +2.7469 | std(g_L) = 0.8214 | grad = 0.7452
step    320 | loss = -2.7168 | g_L = +2.7168 | EMA = +2.7693 | std(g_L) = 0.8939 | grad = 0.2548
step    340 | loss = -2.9475 | g_L = +2.9475 | EMA = +2.7914 | std(g_L) = 0.7728 | grad = 0.1842
step    360 | loss = -2.7280 | g_L = +2.7280 | EMA = +2.8092 | std(g_L) = 0.9383 | grad = 0.8797
step    380 | loss = -2.7346 | g_L = +2.7346 | EMA = +2.7932 | std(g_L) = 0.7974 | grad = 0.5438
step    400 | loss = -2.7781 | g_L = +2.7781 | EMA = +2.8002 | std(g_L) = 0.8254 | grad = 0.5384
step    420 | loss = -2.7828 | g_L = +2.7828 | EMA = +2.8075 | std(g_L) = 0.7975 | grad = 0.5919
step    440 | loss = -2.7849 | g_L = +2.7849 | EMA = +2.7980 | std(g_L) = 0.6607 | grad = 0.4761
step    460 | loss = -2.8951 | g_L = +2.8951 | EMA = +2.8070 | std(g_L) = 0.7606 | grad = 0.2698
step    480 | loss = -2.8934 | g_L = +2.8934 | EMA = +2.8164 | std(g_L) = 0.6467 | grad = 0.9277
step    500 | loss = -2.7739 | g_L = +2.7739 | EMA = +2.7898 | std(g_L) = 0.6367 | grad = 0.1972
step    520 | loss = -2.9479 | g_L = +2.9479 | EMA = +2.8034 | std(g_L) = 0.6742 | grad = 0.2197
step    540 | loss = -2.8607 | g_L = +2.8607 | EMA = +2.7992 | std(g_L) = 0.6331 | grad = 1.0321
step    560 | loss = -2.8400 | g_L = +2.8400 | EMA = +2.8078 | std(g_L) = 0.6974 | grad = 0.2045
step    580 | loss = -2.7479 | g_L = +2.7479 | EMA = +2.8007 | std(g_L) = 0.8605 | grad = 0.3446
step    600 | loss = -2.8957 | g_L = +2.8957 | EMA = +2.8188 | std(g_L) = 0.6826 | grad = 0.1128
step    620 | loss = -2.6923 | g_L = +2.6923 | EMA = +2.7974 | std(g_L) = 0.7738 | grad = 0.5951
step    640 | loss = -2.9191 | g_L = +2.9191 | EMA = +2.8161 | std(g_L) = 0.6756 | grad = 0.2840
step    660 | loss = -2.8205 | g_L = +2.8205 | EMA = +2.8255 | std(g_L) = 0.7489 | grad = 0.2957
step    680 | loss = -2.7259 | g_L = +2.7259 | EMA = +2.7993 | std(g_L) = 0.8946 | grad = 0.9106
step    700 | loss = -2.7990 | g_L = +2.7990 | EMA = +2.7652 | std(g_L) = 0.7903 | grad = 0.3829
step    720 | loss = -2.8670 | g_L = +2.8670 | EMA = +2.7826 | std(g_L) = 0.7442 | grad = 0.5784
step    740 | loss = -2.8189 | g_L = +2.8189 | EMA = +2.7964 | std(g_L) = 0.6929 | grad = 0.3857
step    760 | loss = -2.8128 | g_L = +2.8128 | EMA = +2.7829 | std(g_L) = 0.8705 | grad = 0.3832
step    780 | loss = -2.8026 | g_L = +2.8026 | EMA = +2.7799 | std(g_L) = 0.7349 | grad = 0.3630
step    800 | loss = -2.6750 | g_L = +2.6750 | EMA = +2.7808 | std(g_L) = 0.7708 | grad = 0.1085
step    820 | loss = -2.8277 | g_L = +2.8277 | EMA = +2.7879 | std(g_L) = 0.7256 | grad = 0.9141
step    840 | loss = -2.8795 | g_L = +2.8795 | EMA = +2.7860 | std(g_L) = 0.7391 | grad = 0.4556
step    860 | loss = -2.8650 | g_L = +2.8650 | EMA = +2.8000 | std(g_L) = 0.7104 | grad = 0.6428
step    880 | loss = -2.7126 | g_L = +2.7126 | EMA = +2.7953 | std(g_L) = 1.1482 | grad = 0.6242
step    900 | loss = -2.8155 | g_L = +2.8155 | EMA = +2.7985 | std(g_L) = 0.7410 | grad = 0.4824
step    920 | loss = -2.8379 | g_L = +2.8379 | EMA = +2.7973 | std(g_L) = 0.7458 | grad = 0.3068
step    940 | loss = -2.8048 | g_L = +2.8048 | EMA = +2.8026 | std(g_L) = 0.7238 | grad = 0.6518
step    960 | loss = -2.8744 | g_L = +2.8744 | EMA = +2.8052 | std(g_L) = 0.6647 | grad = 0.7259
step    980 | loss = -2.6896 | g_L = +2.6896 | EMA = +2.8002 | std(g_L) = 0.7937 | grad = 0.1005
step   1000 | loss = -2.8279 | g_L = +2.8279 | EMA = +2.8043 | std(g_L) = 0.7631 | grad = 0.4719
step   1020 | loss = -2.8996 | g_L = +2.8996 | EMA = +2.8009 | std(g_L) = 0.6892 | grad = 0.3516
step   1040 | loss = -2.6822 | g_L = +2.6822 | EMA = +2.7782 | std(g_L) = 0.7974 | grad = 0.7611
step   1060 | loss = -2.8199 | g_L = +2.8199 | EMA = +2.7936 | std(g_L) = 0.7123 | grad = 0.4961
step   1080 | loss = -2.7150 | g_L = +2.7150 | EMA = +2.8079 | std(g_L) = 0.8818 | grad = 0.4527
step   1100 | loss = -2.8582 | g_L = +2.8582 | EMA = +2.7984 | std(g_L) = 0.8474 | grad = 0.7319
step   1120 | loss = -2.7693 | g_L = +2.7693 | EMA = +2.7963 | std(g_L) = 0.7353 | grad = 0.6153
step   1140 | loss = -2.8276 | g_L = +2.8276 | EMA = +2.8002 | std(g_L) = 0.6345 | grad = 0.2570
step   1160 | loss = -2.7097 | g_L = +2.7097 | EMA = +2.7970 | std(g_L) = 1.0806 | grad = 0.4925
step   1180 | loss = -2.7457 | g_L = +2.7457 | EMA = +2.7774 | std(g_L) = 0.7255 | grad = 0.9449
step   1200 | loss = -2.6417 | g_L = +2.6417 | EMA = +2.7883 | std(g_L) = 0.8460 | grad = 1.2002
step   1220 | loss = -2.7620 | g_L = +2.7620 | EMA = +2.7905 | std(g_L) = 0.6891 | grad = 0.5856
step   1240 | loss = -2.7506 | g_L = +2.7506 | EMA = +2.7920 | std(g_L) = 0.8724 | grad = 0.4966
step   1260 | loss = -2.9255 | g_L = +2.9255 | EMA = +2.8048 | std(g_L) = 0.6552 | grad = 0.4922
step   1280 | loss = -2.7837 | g_L = +2.7837 | EMA = +2.8008 | std(g_L) = 0.7563 | grad = 0.6062
step   1300 | loss = -2.8446 | g_L = +2.8446 | EMA = +2.7991 | std(g_L) = 0.5930 | grad = 0.1149
step   1320 | loss = -2.8281 | g_L = +2.8281 | EMA = +2.7968 | std(g_L) = 0.8367 | grad = 0.4125
step   1340 | loss = -2.7933 | g_L = +2.7933 | EMA = +2.8061 | std(g_L) = 0.7840 | grad = 0.4228
step   1360 | loss = -2.7358 | g_L = +2.7358 | EMA = +2.7950 | std(g_L) = 0.9323 | grad = 0.3145
step   1380 | loss = -2.8163 | g_L = +2.8163 | EMA = +2.7957 | std(g_L) = 0.7172 | grad = 0.2713
step   1400 | loss = -2.7638 | g_L = +2.7638 | EMA = +2.7991 | std(g_L) = 0.7037 | grad = 0.7537
step   1420 | loss = -2.7099 | g_L = +2.7099 | EMA = +2.7919 | std(g_L) = 0.8140 | grad = 0.5521
step   1440 | loss = -2.8394 | g_L = +2.8394 | EMA = +2.8035 | std(g_L) = 0.7654 | grad = 0.4866
step   1460 | loss = -2.8589 | g_L = +2.8589 | EMA = +2.7845 | std(g_L) = 0.7084 | grad = 0.2617
step   1480 | loss = -2.7852 | g_L = +2.7852 | EMA = +2.7939 | std(g_L) = 0.7287 | grad = 0.4485
step   1500 | loss = -2.7939 | g_L = +2.7939 | EMA = +2.8059 | std(g_L) = 0.8938 | grad = 0.3245
step   1520 | loss = -2.7032 | g_L = +2.7032 | EMA = +2.7945 | std(g_L) = 1.0232 | grad = 0.5632
step   1540 | loss = -2.8409 | g_L = +2.8409 | EMA = +2.7949 | std(g_L) = 0.5554 | grad = 0.4061
step   1560 | loss = -2.6688 | g_L = +2.6688 | EMA = +2.7876 | std(g_L) = 0.8253 | grad = 0.6011
step   1580 | loss = -2.8189 | g_L = +2.8189 | EMA = +2.8053 | std(g_L) = 0.7772 | grad = 0.5761
step   1600 | loss = -2.7436 | g_L = +2.7436 | EMA = +2.8103 | std(g_L) = 0.8540 | grad = 0.4639
step   1620 | loss = -2.7840 | g_L = +2.7840 | EMA = +2.8096 | std(g_L) = 0.6986 | grad = 0.6153
step   1640 | loss = -2.8574 | g_L = +2.8574 | EMA = +2.8127 | std(g_L) = 0.6447 | grad = 0.2961
step   1660 | loss = -2.9053 | g_L = +2.9053 | EMA = +2.8070 | std(g_L) = 0.6813 | grad = 0.5112
step   1680 | loss = -2.8699 | g_L = +2.8699 | EMA = +2.8121 | std(g_L) = 0.8003 | grad = 0.3182
step   1700 | loss = -2.7956 | g_L = +2.7956 | EMA = +2.7895 | std(g_L) = 0.7264 | grad = 0.7905
step   1720 | loss = -2.8265 | g_L = +2.8265 | EMA = +2.7922 | std(g_L) = 0.7828 | grad = 0.4434
step   1740 | loss = -2.8649 | g_L = +2.8649 | EMA = +2.7997 | std(g_L) = 0.7389 | grad = 0.3978
step   1760 | loss = -2.6391 | g_L = +2.6391 | EMA = +2.7974 | std(g_L) = 0.8346 | grad = 0.6347
step   1780 | loss = -2.8217 | g_L = +2.8217 | EMA = +2.8195 | std(g_L) = 0.8198 | grad = 0.6565
step   1800 | loss = -2.6890 | g_L = +2.6890 | EMA = +2.8056 | std(g_L) = 0.9460 | grad = 0.5216
step   1820 | loss = -2.8031 | g_L = +2.8031 | EMA = +2.8207 | std(g_L) = 0.8861 | grad = 0.8998
step   1840 | loss = -2.8380 | g_L = +2.8380 | EMA = +2.8160 | std(g_L) = 0.6319 | grad = 0.6606
step   1860 | loss = -2.7215 | g_L = +2.7215 | EMA = +2.8122 | std(g_L) = 0.7232 | grad = 0.7632
step   1880 | loss = -2.8038 | g_L = +2.8038 | EMA = +2.8097 | std(g_L) = 0.8097 | grad = 0.4397
step   1900 | loss = -2.9580 | g_L = +2.9580 | EMA = +2.8293 | std(g_L) = 0.8231 | grad = 0.0779
step   1920 | loss = -2.7601 | g_L = +2.7601 | EMA = +2.8215 | std(g_L) = 0.6747 | grad = 0.8558
step   1940 | loss = -2.8214 | g_L = +2.8214 | EMA = +2.8100 | std(g_L) = 0.6835 | grad = 0.5657
step   1960 | loss = -2.8605 | g_L = +2.8605 | EMA = +2.8091 | std(g_L) = 0.6981 | grad = 0.4032
step   1980 | loss = -2.7711 | g_L = +2.7711 | EMA = +2.8048 | std(g_L) = 0.7200 | grad = 0.6896
step   2000 | loss = -2.7962 | g_L = +2.7962 | EMA = +2.8015 | std(g_L) = 0.6923 | grad = 0.1184
step   2020 | loss = -2.8497 | g_L = +2.8497 | EMA = +2.8002 | std(g_L) = 0.7579 | grad = 0.7793
step   2040 | loss = -2.8169 | g_L = +2.8169 | EMA = +2.8272 | std(g_L) = 0.7575 | grad = 0.4301
step   2060 | loss = -2.7680 | g_L = +2.7680 | EMA = +2.8037 | std(g_L) = 0.7741 | grad = 0.6465
step   2080 | loss = -2.8246 | g_L = +2.8246 | EMA = +2.8000 | std(g_L) = 0.7069 | grad = 0.1779
step   2100 | loss = -2.7155 | g_L = +2.7155 | EMA = +2.7923 | std(g_L) = 0.7753 | grad = 0.2721
step   2120 | loss = -2.8524 | g_L = +2.8524 | EMA = +2.8139 | std(g_L) = 0.7598 | grad = 0.4539
step   2140 | loss = -2.7899 | g_L = +2.7899 | EMA = +2.8233 | std(g_L) = 0.7525 | grad = 0.2961
step   2160 | loss = -2.7036 | g_L = +2.7036 | EMA = +2.8030 | std(g_L) = 0.7332 | grad = 0.5031
step   2180 | loss = -2.8004 | g_L = +2.8004 | EMA = +2.8028 | std(g_L) = 0.6066 | grad = 0.5812
step   2200 | loss = -2.6726 | g_L = +2.6726 | EMA = +2.8109 | std(g_L) = 0.9699 | grad = 0.9055
step   2220 | loss = -2.8172 | g_L = +2.8172 | EMA = +2.7847 | std(g_L) = 0.7671 | grad = 0.2034
step   2240 | loss = -2.8295 | g_L = +2.8295 | EMA = +2.7944 | std(g_L) = 0.6250 | grad = 0.6627
step   2260 | loss = -2.8561 | g_L = +2.8561 | EMA = +2.8213 | std(g_L) = 0.6410 | grad = 0.8744
step   2280 | loss = -2.6678 | g_L = +2.6678 | EMA = +2.7996 | std(g_L) = 1.0390 | grad = 0.1379
step   2300 | loss = -2.7660 | g_L = +2.7660 | EMA = +2.8049 | std(g_L) = 0.8853 | grad = 0.5766
step   2320 | loss = -2.7190 | g_L = +2.7190 | EMA = +2.8003 | std(g_L) = 0.9372 | grad = 0.3801
step   2340 | loss = -2.8094 | g_L = +2.8094 | EMA = +2.7744 | std(g_L) = 0.8596 | grad = 0.5481
step   2360 | loss = -2.7493 | g_L = +2.7493 | EMA = +2.7994 | std(g_L) = 0.9217 | grad = 0.9265
step   2380 | loss = -2.7932 | g_L = +2.7932 | EMA = +2.7947 | std(g_L) = 0.6116 | grad = 0.3638
step   2400 | loss = -2.8006 | g_L = +2.8006 | EMA = +2.8183 | std(g_L) = 0.8331 | grad = 0.6855
step   2420 | loss = -2.9087 | g_L = +2.9087 | EMA = +2.8054 | std(g_L) = 0.6894 | grad = 0.2812
step   2440 | loss = -2.8720 | g_L = +2.8720 | EMA = +2.8055 | std(g_L) = 0.6941 | grad = 0.7402
step   2460 | loss = -2.7236 | g_L = +2.7236 | EMA = +2.7922 | std(g_L) = 1.0385 | grad = 0.3094
step   2480 | loss = -2.7905 | g_L = +2.7905 | EMA = +2.7863 | std(g_L) = 0.6374 | grad = 0.5805
step   2500 | loss = -2.8854 | g_L = +2.8854 | EMA = +2.7923 | std(g_L) = 0.5382 | grad = 0.3468
step   2520 | loss = -2.7856 | g_L = +2.7856 | EMA = +2.8054 | std(g_L) = 0.8362 | grad = 0.2748
step   2540 | loss = -2.8375 | g_L = +2.8375 | EMA = +2.8073 | std(g_L) = 0.6819 | grad = 1.1325
step   2560 | loss = -2.6452 | g_L = +2.6452 | EMA = +2.7801 | std(g_L) = 0.8914 | grad = 0.2312
step   2580 | loss = -2.8064 | g_L = +2.8064 | EMA = +2.7892 | std(g_L) = 0.6581 | grad = 0.4714
step   2600 | loss = -2.8795 | g_L = +2.8795 | EMA = +2.8151 | std(g_L) = 0.6899 | grad = 0.7868
step   2620 | loss = -2.8549 | g_L = +2.8549 | EMA = +2.7991 | std(g_L) = 0.8037 | grad = 0.1501
step   2640 | loss = -2.8345 | g_L = +2.8345 | EMA = +2.8115 | std(g_L) = 0.7743 | grad = 0.3238
step   2660 | loss = -2.8487 | g_L = +2.8487 | EMA = +2.8059 | std(g_L) = 0.7122 | grad = 0.3474
step   2680 | loss = -2.7158 | g_L = +2.7158 | EMA = +2.7982 | std(g_L) = 0.9406 | grad = 0.5022
step   2700 | loss = -2.8002 | g_L = +2.8002 | EMA = +2.7986 | std(g_L) = 0.7668 | grad = 0.1537
step   2720 | loss = -2.7914 | g_L = +2.7914 | EMA = +2.8026 | std(g_L) = 0.7347 | grad = 0.9640
step   2740 | loss = -2.8324 | g_L = +2.8324 | EMA = +2.8060 | std(g_L) = 0.8486 | grad = 0.5036
step   2760 | loss = -2.7849 | g_L = +2.7849 | EMA = +2.8070 | std(g_L) = 0.9220 | grad = 0.8890
step   2780 | loss = -2.8797 | g_L = +2.8797 | EMA = +2.8198 | std(g_L) = 0.6916 | grad = 0.2101
step   2800 | loss = -2.8232 | g_L = +2.8232 | EMA = +2.8228 | std(g_L) = 0.8300 | grad = 0.8011
step   2820 | loss = -2.9491 | g_L = +2.9491 | EMA = +2.8100 | std(g_L) = 0.7166 | grad = 0.2714
step   2840 | loss = -2.7897 | g_L = +2.7897 | EMA = +2.8024 | std(g_L) = 0.7773 | grad = 0.3954
step   2860 | loss = -2.8263 | g_L = +2.8263 | EMA = +2.8029 | std(g_L) = 0.6625 | grad = 0.3463
step   2880 | loss = -2.9139 | g_L = +2.9139 | EMA = +2.8072 | std(g_L) = 0.6390 | grad = 0.4014
step   2900 | loss = -2.8400 | g_L = +2.8400 | EMA = +2.7948 | std(g_L) = 0.6758 | grad = 0.3612
step   2920 | loss = -2.7926 | g_L = +2.7926 | EMA = +2.7874 | std(g_L) = 0.6693 | grad = 0.8532
step   2940 | loss = -2.8958 | g_L = +2.8958 | EMA = +2.8160 | std(g_L) = 0.7236 | grad = 0.4347
step   2960 | loss = -2.8644 | g_L = +2.8644 | EMA = +2.8263 | std(g_L) = 0.6362 | grad = 0.4879
step   2980 | loss = -2.7431 | g_L = +2.7431 | EMA = +2.7987 | std(g_L) = 0.6493 | grad = 0.4462
step   3000 | loss = -2.8695 | g_L = +2.8695 | EMA = +2.8139 | std(g_L) = 0.7140 | grad = 0.3555
step   3020 | loss = -2.8463 | g_L = +2.8463 | EMA = +2.8286 | std(g_L) = 0.7142 | grad = 0.4684
step   3040 | loss = -2.9031 | g_L = +2.9031 | EMA = +2.8166 | std(g_L) = 0.5585 | grad = 0.5224
step   3060 | loss = -2.8402 | g_L = +2.8402 | EMA = +2.8247 | std(g_L) = 0.7131 | grad = 0.1590
step   3080 | loss = -2.9057 | g_L = +2.9057 | EMA = +2.8086 | std(g_L) = 0.7462 | grad = 0.2305
step   3100 | loss = -2.7702 | g_L = +2.7702 | EMA = +2.8013 | std(g_L) = 0.7887 | grad = 0.3015
step   3120 | loss = -2.8934 | g_L = +2.8934 | EMA = +2.8201 | std(g_L) = 0.6470 | grad = 0.2086
step   3140 | loss = -2.6553 | g_L = +2.6553 | EMA = +2.7927 | std(g_L) = 0.8019 | grad = 0.5570
step   3160 | loss = -2.7779 | g_L = +2.7779 | EMA = +2.8139 | std(g_L) = 0.8491 | grad = 0.4755
step   3180 | loss = -2.8471 | g_L = +2.8471 | EMA = +2.8221 | std(g_L) = 0.7491 | grad = 0.5952
step   3200 | loss = -2.8074 | g_L = +2.8074 | EMA = +2.8077 | std(g_L) = 0.8270 | grad = 0.2958
step   3220 | loss = -2.8744 | g_L = +2.8744 | EMA = +2.8116 | std(g_L) = 0.7462 | grad = 0.6517
step   3240 | loss = -2.7949 | g_L = +2.7949 | EMA = +2.8197 | std(g_L) = 0.8149 | grad = 0.1754
step   3260 | loss = -2.8770 | g_L = +2.8770 | EMA = +2.8039 | std(g_L) = 0.6361 | grad = 0.3400
step   3280 | loss = -2.8650 | g_L = +2.8650 | EMA = +2.7973 | std(g_L) = 0.7934 | grad = 0.1897
step   3300 | loss = -2.6492 | g_L = +2.6492 | EMA = +2.7897 | std(g_L) = 0.8806 | grad = 0.3218
step   3320 | loss = -2.8670 | g_L = +2.8670 | EMA = +2.8055 | std(g_L) = 0.7291 | grad = 0.4180
step   3340 | loss = -2.6800 | g_L = +2.6800 | EMA = +2.8050 | std(g_L) = 1.0448 | grad = 1.3615
step   3360 | loss = -2.7275 | g_L = +2.7275 | EMA = +2.8046 | std(g_L) = 0.8121 | grad = 0.1672
step   3380 | loss = -2.8320 | g_L = +2.8320 | EMA = +2.8088 | std(g_L) = 0.7817 | grad = 0.6140
step   3400 | loss = -2.8888 | g_L = +2.8888 | EMA = +2.8092 | std(g_L) = 0.7547 | grad = 0.7192
step   3420 | loss = -2.7271 | g_L = +2.7271 | EMA = +2.8022 | std(g_L) = 0.8233 | grad = 0.3266
step   3440 | loss = -2.8001 | g_L = +2.8001 | EMA = +2.8063 | std(g_L) = 0.8699 | grad = 0.6485
step   3460 | loss = -2.9055 | g_L = +2.9055 | EMA = +2.8189 | std(g_L) = 0.6179 | grad = 0.5346
step   3480 | loss = -2.7965 | g_L = +2.7965 | EMA = +2.8127 | std(g_L) = 0.8278 | grad = 0.4335
step   3500 | loss = -2.7392 | g_L = +2.7392 | EMA = +2.8080 | std(g_L) = 0.7363 | grad = 0.6571
step   3520 | loss = -2.8639 | g_L = +2.8639 | EMA = +2.8047 | std(g_L) = 0.6297 | grad = 0.4011
step   3540 | loss = -2.7989 | g_L = +2.7989 | EMA = +2.8257 | std(g_L) = 0.8086 | grad = 0.6108
step   3560 | loss = -2.8738 | g_L = +2.8738 | EMA = +2.8118 | std(g_L) = 0.7346 | grad = 0.0649
step   3580 | loss = -2.7790 | g_L = +2.7790 | EMA = +2.8145 | std(g_L) = 0.7131 | grad = 0.6050
step   3600 | loss = -2.8640 | g_L = +2.8640 | EMA = +2.7927 | std(g_L) = 0.7994 | grad = 0.4207
step   3620 | loss = -2.7939 | g_L = +2.7939 | EMA = +2.8056 | std(g_L) = 0.9031 | grad = 0.4069
step   3640 | loss = -2.8399 | g_L = +2.8399 | EMA = +2.8005 | std(g_L) = 0.7433 | grad = 0.4277
step   3660 | loss = -2.8141 | g_L = +2.8141 | EMA = +2.8077 | std(g_L) = 0.6629 | grad = 0.1887
step   3680 | loss = -2.8943 | g_L = +2.8943 | EMA = +2.8204 | std(g_L) = 0.6997 | grad = 0.2730
step   3700 | loss = -2.8257 | g_L = +2.8257 | EMA = +2.8200 | std(g_L) = 0.7113 | grad = 0.7319
step   3720 | loss = -2.9639 | g_L = +2.9639 | EMA = +2.8297 | std(g_L) = 0.6794 | grad = 0.2829
step   3740 | loss = -2.7232 | g_L = +2.7232 | EMA = +2.8327 | std(g_L) = 0.8600 | grad = 0.2343
step   3760 | loss = -2.8199 | g_L = +2.8199 | EMA = +2.8185 | std(g_L) = 0.8337 | grad = 0.3143
step   3780 | loss = -2.8007 | g_L = +2.8007 | EMA = +2.8178 | std(g_L) = 0.7637 | grad = 0.9431
step   3800 | loss = -2.7742 | g_L = +2.7742 | EMA = +2.8046 | std(g_L) = 0.8464 | grad = 0.0797
step   3820 | loss = -2.6954 | g_L = +2.6954 | EMA = +2.8235 | std(g_L) = 0.8036 | grad = 0.4625
step   3840 | loss = -2.7890 | g_L = +2.7890 | EMA = +2.8265 | std(g_L) = 0.7385 | grad = 0.1588
step   3860 | loss = -2.8482 | g_L = +2.8482 | EMA = +2.8156 | std(g_L) = 0.7687 | grad = 0.1445
step   3880 | loss = -2.9655 | g_L = +2.9655 | EMA = +2.8322 | std(g_L) = 0.8495 | grad = 0.1598
step   3900 | loss = -2.7970 | g_L = +2.7970 | EMA = +2.8436 | std(g_L) = 0.5567 | grad = 0.4716
step   3920 | loss = -2.8052 | g_L = +2.8052 | EMA = +2.8169 | std(g_L) = 0.8181 | grad = 0.6799
step   3940 | loss = -2.8598 | g_L = +2.8598 | EMA = +2.8332 | std(g_L) = 0.7650 | grad = 0.5026
step   3960 | loss = -2.8684 | g_L = +2.8684 | EMA = +2.8222 | std(g_L) = 0.6739 | grad = 0.6991
step   3980 | loss = -2.8212 | g_L = +2.8212 | EMA = +2.8285 | std(g_L) = 0.8260 | grad = 0.2687
step   4000 | loss = -2.8335 | g_L = +2.8335 | EMA = +2.8246 | std(g_L) = 0.7464 | grad = 0.9079
step   4020 | loss = -2.8346 | g_L = +2.8346 | EMA = +2.8366 | std(g_L) = 0.8427 | grad = 0.1456
step   4040 | loss = -2.7932 | g_L = +2.7932 | EMA = +2.8111 | std(g_L) = 0.7801 | grad = 0.4597
step   4060 | loss = -2.7567 | g_L = +2.7567 | EMA = +2.8099 | std(g_L) = 0.7640 | grad = 0.2183
step   4080 | loss = -2.7830 | g_L = +2.7830 | EMA = +2.8112 | std(g_L) = 0.7158 | grad = 0.4214
step   4100 | loss = -2.7287 | g_L = +2.7287 | EMA = +2.8185 | std(g_L) = 0.9290 | grad = 0.6219
step   4120 | loss = -2.8088 | g_L = +2.8088 | EMA = +2.8273 | std(g_L) = 0.8926 | grad = 0.1117
step   4140 | loss = -2.8281 | g_L = +2.8281 | EMA = +2.8239 | std(g_L) = 0.6987 | grad = 1.3186
step   4160 | loss = -2.9409 | g_L = +2.9409 | EMA = +2.8280 | std(g_L) = 0.6951 | grad = 0.2503
step   4180 | loss = -2.8466 | g_L = +2.8466 | EMA = +2.8349 | std(g_L) = 0.7305 | grad = 0.6801
step   4200 | loss = -2.8538 | g_L = +2.8538 | EMA = +2.8382 | std(g_L) = 0.8277 | grad = 0.0468
step   4220 | loss = -2.8544 | g_L = +2.8544 | EMA = +2.8243 | std(g_L) = 0.7455 | grad = 0.1724
step   4240 | loss = -2.8315 | g_L = +2.8315 | EMA = +2.8079 | std(g_L) = 0.9636 | grad = 0.4425
step   4260 | loss = -2.8814 | g_L = +2.8814 | EMA = +2.8155 | std(g_L) = 0.8290 | grad = 0.4007
step   4280 | loss = -2.7594 | g_L = +2.7594 | EMA = +2.8155 | std(g_L) = 0.9080 | grad = 0.6106
step   4300 | loss = -2.7630 | g_L = +2.7630 | EMA = +2.8176 | std(g_L) = 0.8929 | grad = 0.1267
step   4320 | loss = -2.7408 | g_L = +2.7408 | EMA = +2.8120 | std(g_L) = 0.9192 | grad = 0.7501
step   4340 | loss = -2.9242 | g_L = +2.9242 | EMA = +2.8208 | std(g_L) = 0.6408 | grad = 0.7907
step   4360 | loss = -2.7639 | g_L = +2.7639 | EMA = +2.8253 | std(g_L) = 0.7592 | grad = 0.2783
step   4380 | loss = -2.8427 | g_L = +2.8427 | EMA = +2.8263 | std(g_L) = 0.8425 | grad = 0.4844
step   4400 | loss = -2.7279 | g_L = +2.7279 | EMA = +2.8241 | std(g_L) = 0.8021 | grad = 0.2653
step   4420 | loss = -2.8384 | g_L = +2.8384 | EMA = +2.8378 | std(g_L) = 0.7916 | grad = 0.4927
step   4440 | loss = -2.7984 | g_L = +2.7984 | EMA = +2.8215 | std(g_L) = 0.7080 | grad = 0.2694
step   4460 | loss = -2.8681 | g_L = +2.8681 | EMA = +2.8320 | std(g_L) = 0.7242 | grad = 0.1111
step   4480 | loss = -2.9008 | g_L = +2.9008 | EMA = +2.8343 | std(g_L) = 0.6878 | grad = 0.2713
step   4500 | loss = -2.6604 | g_L = +2.6604 | EMA = +2.8399 | std(g_L) = 0.9199 | grad = 0.5194
step   4520 | loss = -2.8137 | g_L = +2.8137 | EMA = +2.8310 | std(g_L) = 0.7141 | grad = 0.7454
step   4540 | loss = -2.7163 | g_L = +2.7163 | EMA = +2.8332 | std(g_L) = 0.9713 | grad = 0.2813
step   4560 | loss = -2.8506 | g_L = +2.8506 | EMA = +2.8359 | std(g_L) = 0.7099 | grad = 0.5619
step   4580 | loss = -2.8536 | g_L = +2.8536 | EMA = +2.8155 | std(g_L) = 0.6599 | grad = 0.2502
step   4600 | loss = -2.8771 | g_L = +2.8771 | EMA = +2.8287 | std(g_L) = 0.7743 | grad = 0.4568
step   4620 | loss = -2.8764 | g_L = +2.8764 | EMA = +2.8229 | std(g_L) = 0.7355 | grad = 0.4110
step   4640 | loss = -2.9141 | g_L = +2.9141 | EMA = +2.8458 | std(g_L) = 0.7452 | grad = 0.4734
step   4660 | loss = -2.8936 | g_L = +2.8936 | EMA = +2.8272 | std(g_L) = 0.6811 | grad = 0.2294
step   4680 | loss = -2.7982 | g_L = +2.7982 | EMA = +2.8359 | std(g_L) = 0.9158 | grad = 0.4192
step   4700 | loss = -2.8700 | g_L = +2.8700 | EMA = +2.8411 | std(g_L) = 0.6575 | grad = 0.3514
step   4720 | loss = -2.7450 | g_L = +2.7450 | EMA = +2.8428 | std(g_L) = 0.8002 | grad = 0.3755
step   4740 | loss = -2.7696 | g_L = +2.7696 | EMA = +2.8378 | std(g_L) = 0.8206 | grad = 0.2160
step   4760 | loss = -2.8139 | g_L = +2.8139 | EMA = +2.8500 | std(g_L) = 0.7807 | grad = 0.3416
step   4780 | loss = -2.6702 | g_L = +2.6702 | EMA = +2.8208 | std(g_L) = 0.9036 | grad = 0.5196
step   4800 | loss = -2.6903 | g_L = +2.6903 | EMA = +2.8398 | std(g_L) = 0.7256 | grad = 0.7577
step   4820 | loss = -2.8848 | g_L = +2.8848 | EMA = +2.8472 | std(g_L) = 0.7140 | grad = 0.5407
step   4840 | loss = -2.8547 | g_L = +2.8547 | EMA = +2.8380 | std(g_L) = 0.7643 | grad = 0.5355
step   4860 | loss = -2.7876 | g_L = +2.7876 | EMA = +2.8340 | std(g_L) = 0.8554 | grad = 0.7777
step   4880 | loss = -2.9269 | g_L = +2.9269 | EMA = +2.8343 | std(g_L) = 0.6952 | grad = 0.4650
step   4900 | loss = -2.9051 | g_L = +2.9051 | EMA = +2.8358 | std(g_L) = 0.7768 | grad = 0.8268
step   4920 | loss = -2.8675 | g_L = +2.8675 | EMA = +2.8510 | std(g_L) = 0.7403 | grad = 0.3741
step   4940 | loss = -2.7865 | g_L = +2.7865 | EMA = +2.8513 | std(g_L) = 0.6897 | grad = 0.3115
step   4960 | loss = -2.7967 | g_L = +2.7967 | EMA = +2.8282 | std(g_L) = 0.8738 | grad = 0.4717
step   4980 | loss = -2.8289 | g_L = +2.8289 | EMA = +2.8414 | std(g_L) = 0.7785 | grad = 1.0788
step   5000 | loss = -2.8611 | g_L = +2.8611 | EMA = +2.8418 | std(g_L) = 0.7622 | grad = 0.4949
step   5020 | loss = -2.8134 | g_L = +2.8134 | EMA = +2.8274 | std(g_L) = 0.8259 | grad = 0.4380
step   5040 | loss = -2.9114 | g_L = +2.9114 | EMA = +2.8349 | std(g_L) = 0.7032 | grad = 0.9851
step   5060 | loss = -2.7731 | g_L = +2.7731 | EMA = +2.8497 | std(g_L) = 0.7736 | grad = 0.6377
step   5080 | loss = -2.8073 | g_L = +2.8073 | EMA = +2.8448 | std(g_L) = 0.7928 | grad = 0.3663
step   5100 | loss = -2.8639 | g_L = +2.8639 | EMA = +2.8510 | std(g_L) = 0.7704 | grad = 0.3714
step   5120 | loss = -3.0068 | g_L = +3.0068 | EMA = +2.8664 | std(g_L) = 0.5997 | grad = 0.2426
step   5140 | loss = -2.8356 | g_L = +2.8356 | EMA = +2.8620 | std(g_L) = 0.9492 | grad = 0.6936
step   5160 | loss = -2.8809 | g_L = +2.8809 | EMA = +2.8663 | std(g_L) = 0.6677 | grad = 0.6060
step   5180 | loss = -2.7296 | g_L = +2.7296 | EMA = +2.8254 | std(g_L) = 1.0180 | grad = 0.5335
step   5200 | loss = -2.7771 | g_L = +2.7771 | EMA = +2.8349 | std(g_L) = 0.8861 | grad = 0.3996
step   5220 | loss = -2.7624 | g_L = +2.7624 | EMA = +2.8258 | std(g_L) = 0.7011 | grad = 0.3714
step   5240 | loss = -2.8606 | g_L = +2.8606 | EMA = +2.8347 | std(g_L) = 0.8480 | grad = 0.4845
step   5260 | loss = -2.8709 | g_L = +2.8709 | EMA = +2.8430 | std(g_L) = 0.6887 | grad = 0.4340
step   5280 | loss = -2.8166 | g_L = +2.8166 | EMA = +2.8349 | std(g_L) = 0.8116 | grad = 0.1834
step   5300 | loss = -2.8390 | g_L = +2.8390 | EMA = +2.8298 | std(g_L) = 0.7411 | grad = 0.2216
step   5320 | loss = -2.8670 | g_L = +2.8670 | EMA = +2.8488 | std(g_L) = 0.6525 | grad = 1.0564
step   5340 | loss = -2.7761 | g_L = +2.7761 | EMA = +2.8404 | std(g_L) = 0.8316 | grad = 0.1350
step   5360 | loss = -2.8960 | g_L = +2.8960 | EMA = +2.8486 | std(g_L) = 0.7743 | grad = 0.4213
step   5380 | loss = -2.8993 | g_L = +2.8993 | EMA = +2.8648 | std(g_L) = 0.5497 | grad = 0.2700
step   5400 | loss = -2.8792 | g_L = +2.8792 | EMA = +2.8617 | std(g_L) = 0.7926 | grad = 1.0138
step   5420 | loss = -2.8483 | g_L = +2.8483 | EMA = +2.8590 | std(g_L) = 0.7020 | grad = 0.2197
step   5440 | loss = -2.8350 | g_L = +2.8350 | EMA = +2.8522 | std(g_L) = 0.6643 | grad = 0.5534
step   5460 | loss = -2.8080 | g_L = +2.8080 | EMA = +2.8454 | std(g_L) = 0.9952 | grad = 0.2783
step   5480 | loss = -2.8772 | g_L = +2.8772 | EMA = +2.8321 | std(g_L) = 0.7994 | grad = 0.8790
step   5500 | loss = -2.8316 | g_L = +2.8316 | EMA = +2.8392 | std(g_L) = 0.7757 | grad = 0.6436
step   5520 | loss = -2.8848 | g_L = +2.8848 | EMA = +2.8518 | std(g_L) = 0.7206 | grad = 1.1715
step   5540 | loss = -2.8059 | g_L = +2.8059 | EMA = +2.8467 | std(g_L) = 0.7052 | grad = 0.4335
step   5560 | loss = -2.7512 | g_L = +2.7512 | EMA = +2.8368 | std(g_L) = 1.0197 | grad = 0.4369
step   5580 | loss = -2.7616 | g_L = +2.7616 | EMA = +2.8320 | std(g_L) = 0.7176 | grad = 0.2312
step   5600 | loss = -2.9106 | g_L = +2.9106 | EMA = +2.8186 | std(g_L) = 0.7888 | grad = 0.0980
step   5620 | loss = -2.9611 | g_L = +2.9611 | EMA = +2.8359 | std(g_L) = 0.6224 | grad = 0.1279
step   5640 | loss = -2.8233 | g_L = +2.8233 | EMA = +2.8363 | std(g_L) = 0.7381 | grad = 0.6321
step   5660 | loss = -2.8619 | g_L = +2.8619 | EMA = +2.8354 | std(g_L) = 0.6497 | grad = 0.8980
step   5680 | loss = -2.8190 | g_L = +2.8190 | EMA = +2.8300 | std(g_L) = 0.7907 | grad = 0.6883
step   5700 | loss = -2.9322 | g_L = +2.9322 | EMA = +2.8600 | std(g_L) = 0.6564 | grad = 0.8871
step   5720 | loss = -2.8422 | g_L = +2.8422 | EMA = +2.8589 | std(g_L) = 0.7404 | grad = 0.1807
step   5740 | loss = -2.7842 | g_L = +2.7842 | EMA = +2.8361 | std(g_L) = 0.7023 | grad = 0.3383
step   5760 | loss = -2.8277 | g_L = +2.8277 | EMA = +2.8435 | std(g_L) = 0.7193 | grad = 0.3408
step   5780 | loss = -2.8682 | g_L = +2.8682 | EMA = +2.8338 | std(g_L) = 0.7497 | grad = 0.4265
step   5800 | loss = -2.8104 | g_L = +2.8104 | EMA = +2.8417 | std(g_L) = 0.8616 | grad = 0.3919
step   5820 | loss = -2.9049 | g_L = +2.9049 | EMA = +2.8480 | std(g_L) = 0.8878 | grad = 0.6042
step   5840 | loss = -2.8160 | g_L = +2.8160 | EMA = +2.8389 | std(g_L) = 0.8657 | grad = 0.4882
step   5860 | loss = -2.8320 | g_L = +2.8320 | EMA = +2.8454 | std(g_L) = 0.7590 | grad = 0.3592
step   5880 | loss = -2.9527 | g_L = +2.9527 | EMA = +2.8513 | std(g_L) = 0.6584 | grad = 0.9958
step   5900 | loss = -2.9286 | g_L = +2.9286 | EMA = +2.8685 | std(g_L) = 0.7506 | grad = 0.3996
step   5920 | loss = -2.7865 | g_L = +2.7865 | EMA = +2.8646 | std(g_L) = 0.6950 | grad = 0.5031
step   5940 | loss = -2.7603 | g_L = +2.7603 | EMA = +2.8475 | std(g_L) = 0.8905 | grad = 0.5976
step   5960 | loss = -2.6910 | g_L = +2.6910 | EMA = +2.8393 | std(g_L) = 1.0072 | grad = 0.3250
step   5980 | loss = -2.8650 | g_L = +2.8650 | EMA = +2.8420 | std(g_L) = 0.7348 | grad = 0.7652
step   6000 | loss = -2.6991 | g_L = +2.6991 | EMA = +2.8419 | std(g_L) = 0.8263 | grad = 0.7981
step   6020 | loss = -2.9040 | g_L = +2.9040 | EMA = +2.8622 | std(g_L) = 0.8191 | grad = 0.5047
step   6040 | loss = -2.7642 | g_L = +2.7642 | EMA = +2.8434 | std(g_L) = 0.8021 | grad = 0.4781
step   6060 | loss = -2.8545 | g_L = +2.8545 | EMA = +2.8519 | std(g_L) = 0.7812 | grad = 0.3124
step   6080 | loss = -2.9450 | g_L = +2.9450 | EMA = +2.8583 | std(g_L) = 0.6794 | grad = 0.6876
step   6100 | loss = -2.9181 | g_L = +2.9181 | EMA = +2.8641 | std(g_L) = 0.6464 | grad = 0.3379
step   6120 | loss = -2.8298 | g_L = +2.8298 | EMA = +2.8427 | std(g_L) = 0.7588 | grad = 0.7435
step   6140 | loss = -2.8944 | g_L = +2.8944 | EMA = +2.8399 | std(g_L) = 0.7585 | grad = 0.3823
step   6160 | loss = -2.8139 | g_L = +2.8139 | EMA = +2.8542 | std(g_L) = 0.8676 | grad = 0.6187
step   6180 | loss = -2.8847 | g_L = +2.8847 | EMA = +2.8430 | std(g_L) = 0.7672 | grad = 0.4740
step   6200 | loss = -2.8423 | g_L = +2.8423 | EMA = +2.8518 | std(g_L) = 0.8376 | grad = 0.3156
step   6220 | loss = -2.8971 | g_L = +2.8971 | EMA = +2.8614 | std(g_L) = 0.6519 | grad = 0.3768
step   6240 | loss = -2.8336 | g_L = +2.8336 | EMA = +2.8794 | std(g_L) = 0.8330 | grad = 0.4659
step   6260 | loss = -2.7763 | g_L = +2.7763 | EMA = +2.8709 | std(g_L) = 0.7999 | grad = 0.2089
step   6280 | loss = -2.8745 | g_L = +2.8745 | EMA = +2.8451 | std(g_L) = 0.7670 | grad = 0.2033
step   6300 | loss = -2.8037 | g_L = +2.8037 | EMA = +2.8361 | std(g_L) = 0.9135 | grad = 0.5565
step   6320 | loss = -2.9116 | g_L = +2.9116 | EMA = +2.8444 | std(g_L) = 0.7370 | grad = 0.3471
step   6340 | loss = -2.8246 | g_L = +2.8246 | EMA = +2.8347 | std(g_L) = 0.7763 | grad = 0.2502
step   6360 | loss = -2.7737 | g_L = +2.7737 | EMA = +2.8393 | std(g_L) = 0.9339 | grad = 0.6795
step   6380 | loss = -2.8647 | g_L = +2.8647 | EMA = +2.8480 | std(g_L) = 0.6994 | grad = 0.5938
step   6400 | loss = -2.9051 | g_L = +2.9051 | EMA = +2.8491 | std(g_L) = 0.6806 | grad = 0.4674
step   6420 | loss = -2.7822 | g_L = +2.7822 | EMA = +2.8497 | std(g_L) = 0.7217 | grad = 0.3040
step   6440 | loss = -2.6085 | g_L = +2.6085 | EMA = +2.8292 | std(g_L) = 0.8736 | grad = 0.8184
step   6460 | loss = -2.8988 | g_L = +2.8988 | EMA = +2.8527 | std(g_L) = 0.7483 | grad = 0.5277
step   6480 | loss = -2.9699 | g_L = +2.9699 | EMA = +2.8660 | std(g_L) = 0.6675 | grad = 0.5789
step   6500 | loss = -2.8317 | g_L = +2.8317 | EMA = +2.8587 | std(g_L) = 0.6509 | grad = 0.5180
step   6520 | loss = -2.8757 | g_L = +2.8757 | EMA = +2.8430 | std(g_L) = 0.6724 | grad = 0.6530
step   6540 | loss = -2.8684 | g_L = +2.8684 | EMA = +2.8495 | std(g_L) = 0.6204 | grad = 0.2845
step   6560 | loss = -2.7294 | g_L = +2.7294 | EMA = +2.8428 | std(g_L) = 0.8139 | grad = 0.2363
step   6580 | loss = -2.8400 | g_L = +2.8400 | EMA = +2.8312 | std(g_L) = 0.7688 | grad = 0.2750
step   6600 | loss = -2.8298 | g_L = +2.8298 | EMA = +2.8303 | std(g_L) = 0.8157 | grad = 0.5139
step   6620 | loss = -2.9104 | g_L = +2.9104 | EMA = +2.8624 | std(g_L) = 0.7776 | grad = 0.7187
step   6640 | loss = -2.8537 | g_L = +2.8537 | EMA = +2.8665 | std(g_L) = 0.6574 | grad = 0.3632
step   6660 | loss = -2.9122 | g_L = +2.9122 | EMA = +2.8436 | std(g_L) = 0.6482 | grad = 0.3290
step   6680 | loss = -2.8682 | g_L = +2.8682 | EMA = +2.8517 | std(g_L) = 0.7798 | grad = 0.4500
step   6700 | loss = -2.8378 | g_L = +2.8378 | EMA = +2.8499 | std(g_L) = 0.7947 | grad = 1.0331
step   6720 | loss = -2.8754 | g_L = +2.8754 | EMA = +2.8611 | std(g_L) = 0.6342 | grad = 0.1193
step   6740 | loss = -2.7259 | g_L = +2.7259 | EMA = +2.8449 | std(g_L) = 0.8253 | grad = 0.4599
step   6760 | loss = -2.9145 | g_L = +2.9145 | EMA = +2.8500 | std(g_L) = 0.6790 | grad = 0.2647
step   6780 | loss = -2.8933 | g_L = +2.8933 | EMA = +2.8629 | std(g_L) = 0.6724 | grad = 0.2697
step   6800 | loss = -2.7652 | g_L = +2.7652 | EMA = +2.8551 | std(g_L) = 0.8478 | grad = 0.8728
step   6820 | loss = -2.7433 | g_L = +2.7433 | EMA = +2.8520 | std(g_L) = 0.8088 | grad = 0.3848
step   6840 | loss = -2.8435 | g_L = +2.8435 | EMA = +2.8688 | std(g_L) = 0.7383 | grad = 0.2497
step   6860 | loss = -2.8333 | g_L = +2.8333 | EMA = +2.8698 | std(g_L) = 0.8689 | grad = 1.0776
step   6880 | loss = -2.9165 | g_L = +2.9165 | EMA = +2.8567 | std(g_L) = 0.6875 | grad = 0.4112
step   6900 | loss = -2.9497 | g_L = +2.9497 | EMA = +2.8493 | std(g_L) = 0.6872 | grad = 0.3176
step   6920 | loss = -2.9628 | g_L = +2.9628 | EMA = +2.8428 | std(g_L) = 0.6917 | grad = 0.3967
step   6940 | loss = -2.8630 | g_L = +2.8630 | EMA = +2.8489 | std(g_L) = 0.9821 | grad = 2.4586
step   6960 | loss = -2.9217 | g_L = +2.9217 | EMA = +2.8606 | std(g_L) = 0.7730 | grad = 0.2934
step   6980 | loss = -2.8787 | g_L = +2.8787 | EMA = +2.8591 | std(g_L) = 0.7941 | grad = 0.3752
step   7000 | loss = -2.9324 | g_L = +2.9324 | EMA = +2.8570 | std(g_L) = 0.7459 | grad = 0.4171
step   7020 | loss = -2.8803 | g_L = +2.8803 | EMA = +2.8476 | std(g_L) = 0.7800 | grad = 0.5825
step   7040 | loss = -2.7960 | g_L = +2.7960 | EMA = +2.8440 | std(g_L) = 0.8232 | grad = 0.3177
step   7060 | loss = -2.8689 | g_L = +2.8689 | EMA = +2.8344 | std(g_L) = 0.6365 | grad = 0.2599
step   7080 | loss = -2.8319 | g_L = +2.8319 | EMA = +2.8415 | std(g_L) = 0.8717 | grad = 0.2246
step   7100 | loss = -2.8062 | g_L = +2.8062 | EMA = +2.8437 | std(g_L) = 1.0415 | grad = 0.5293
step   7120 | loss = -2.9434 | g_L = +2.9434 | EMA = +2.8471 | std(g_L) = 0.7128 | grad = 0.6454
step   7140 | loss = -2.8010 | g_L = +2.8010 | EMA = +2.8533 | std(g_L) = 0.7588 | grad = 0.4086
step   7160 | loss = -2.8156 | g_L = +2.8156 | EMA = +2.8425 | std(g_L) = 0.7080 | grad = 0.4540
step   7180 | loss = -2.9939 | g_L = +2.9939 | EMA = +2.8477 | std(g_L) = 0.6852 | grad = 0.4911
step   7200 | loss = -2.7737 | g_L = +2.7737 | EMA = +2.8307 | std(g_L) = 0.7897 | grad = 0.2241
step   7220 | loss = -2.9146 | g_L = +2.9146 | EMA = +2.8462 | std(g_L) = 0.8354 | grad = 0.5488
step   7240 | loss = -2.8956 | g_L = +2.8956 | EMA = +2.8364 | std(g_L) = 0.9008 | grad = 0.3453
step   7260 | loss = -2.8960 | g_L = +2.8960 | EMA = +2.8493 | std(g_L) = 0.6962 | grad = 0.3589
step   7280 | loss = -2.9258 | g_L = +2.9258 | EMA = +2.8661 | std(g_L) = 0.6164 | grad = 0.3029
step   7300 | loss = -2.9612 | g_L = +2.9612 | EMA = +2.8583 | std(g_L) = 0.5818 | grad = 0.1847
step   7320 | loss = -2.7698 | g_L = +2.7698 | EMA = +2.8250 | std(g_L) = 0.8260 | grad = 0.3367
step   7340 | loss = -2.9383 | g_L = +2.9383 | EMA = +2.8486 | std(g_L) = 0.6132 | grad = 0.3900
step   7360 | loss = -2.7906 | g_L = +2.7906 | EMA = +2.8601 | std(g_L) = 0.8712 | grad = 0.3386
step   7380 | loss = -2.8959 | g_L = +2.8959 | EMA = +2.8473 | std(g_L) = 0.7650 | grad = 0.6535
step   7400 | loss = -2.8143 | g_L = +2.8143 | EMA = +2.8500 | std(g_L) = 0.8378 | grad = 0.5653
step   7420 | loss = -2.8779 | g_L = +2.8779 | EMA = +2.8515 | std(g_L) = 0.8132 | grad = 0.2990
step   7440 | loss = -2.7913 | g_L = +2.7913 | EMA = +2.8605 | std(g_L) = 0.6810 | grad = 0.4554
step   7460 | loss = -2.7747 | g_L = +2.7747 | EMA = +2.8460 | std(g_L) = 0.8216 | grad = 0.2547
step   7480 | loss = -2.8055 | g_L = +2.8055 | EMA = +2.8360 | std(g_L) = 0.7795 | grad = 0.2315
step   7500 | loss = -2.8077 | g_L = +2.8077 | EMA = +2.8427 | std(g_L) = 0.8350 | grad = 0.6562
step   7520 | loss = -2.8206 | g_L = +2.8206 | EMA = +2.8411 | std(g_L) = 0.7085 | grad = 0.1691
step   7540 | loss = -2.7815 | g_L = +2.7815 | EMA = +2.8486 | std(g_L) = 0.8505 | grad = 0.5492
step   7560 | loss = -2.8150 | g_L = +2.8150 | EMA = +2.8557 | std(g_L) = 0.8952 | grad = 0.4275
step   7580 | loss = -2.8924 | g_L = +2.8924 | EMA = +2.8520 | std(g_L) = 0.6839 | grad = 1.0463
step   7600 | loss = -2.8651 | g_L = +2.8651 | EMA = +2.8554 | std(g_L) = 0.6679 | grad = 0.2859
step   7620 | loss = -2.7431 | g_L = +2.7431 | EMA = +2.8431 | std(g_L) = 0.7451 | grad = 0.5584
step   7640 | loss = -2.8540 | g_L = +2.8540 | EMA = +2.8513 | std(g_L) = 0.7569 | grad = 0.4054
step   7660 | loss = -2.8954 | g_L = +2.8954 | EMA = +2.8557 | std(g_L) = 0.6883 | grad = 0.1481
step   7680 | loss = -2.8604 | g_L = +2.8604 | EMA = +2.8690 | std(g_L) = 0.7240 | grad = 0.5331
step   7700 | loss = -2.8572 | g_L = +2.8572 | EMA = +2.8876 | std(g_L) = 0.8115 | grad = 0.6429
step   7720 | loss = -2.7903 | g_L = +2.7903 | EMA = +2.8689 | std(g_L) = 0.7367 | grad = 0.3246
step   7740 | loss = -2.8650 | g_L = +2.8650 | EMA = +2.8563 | std(g_L) = 0.6523 | grad = 0.5171
step   7760 | loss = -3.0415 | g_L = +3.0415 | EMA = +2.8658 | std(g_L) = 0.7044 | grad = 0.3937
step   7780 | loss = -2.9908 | g_L = +2.9908 | EMA = +2.8561 | std(g_L) = 0.5992 | grad = 0.3008
step   7800 | loss = -2.8711 | g_L = +2.8711 | EMA = +2.8576 | std(g_L) = 0.7366 | grad = 0.3663
step   7820 | loss = -2.9203 | g_L = +2.9203 | EMA = +2.8634 | std(g_L) = 0.7753 | grad = 0.5890
step   7840 | loss = -2.8856 | g_L = +2.8856 | EMA = +2.8580 | std(g_L) = 0.9272 | grad = 0.3699
step   7860 | loss = -3.0067 | g_L = +3.0067 | EMA = +2.8611 | std(g_L) = 0.7106 | grad = 0.3835
step   7880 | loss = -2.7907 | g_L = +2.7907 | EMA = +2.8484 | std(g_L) = 0.7773 | grad = 0.3684
step   7900 | loss = -2.8185 | g_L = +2.8185 | EMA = +2.8311 | std(g_L) = 0.7410 | grad = 0.1966
step   7920 | loss = -2.8378 | g_L = +2.8378 | EMA = +2.8762 | std(g_L) = 0.7714 | grad = 0.1271
step   7940 | loss = -2.8164 | g_L = +2.8164 | EMA = +2.8643 | std(g_L) = 0.6540 | grad = 1.3076
step   7960 | loss = -2.8236 | g_L = +2.8236 | EMA = +2.8568 | std(g_L) = 0.6949 | grad = 0.8402
step   7980 | loss = -2.8502 | g_L = +2.8502 | EMA = +2.8720 | std(g_L) = 0.8534 | grad = 0.3324
step   8000 | loss = -2.8967 | g_L = +2.8967 | EMA = +2.8672 | std(g_L) = 0.5873 | grad = 0.3128
step   8020 | loss = -2.8018 | g_L = +2.8018 | EMA = +2.8574 | std(g_L) = 0.8730 | grad = 0.9352
step   8040 | loss = -2.7429 | g_L = +2.7429 | EMA = +2.8419 | std(g_L) = 0.9384 | grad = 0.2947
step   8060 | loss = -2.9089 | g_L = +2.9089 | EMA = +2.8468 | std(g_L) = 0.7074 | grad = 0.1809
step   8080 | loss = -2.7674 | g_L = +2.7674 | EMA = +2.8551 | std(g_L) = 1.0262 | grad = 0.2894
step   8100 | loss = -2.8817 | g_L = +2.8817 | EMA = +2.8532 | std(g_L) = 0.7921 | grad = 0.2132
step   8120 | loss = -2.7165 | g_L = +2.7165 | EMA = +2.8510 | std(g_L) = 0.8937 | grad = 0.4192
step   8140 | loss = -2.9396 | g_L = +2.9396 | EMA = +2.8463 | std(g_L) = 0.7527 | grad = 0.4357
step   8160 | loss = -2.9796 | g_L = +2.9796 | EMA = +2.8603 | std(g_L) = 0.5050 | grad = 0.2607
step   8180 | loss = -2.9228 | g_L = +2.9228 | EMA = +2.8614 | std(g_L) = 0.7000 | grad = 0.2360
step   8200 | loss = -2.9104 | g_L = +2.9104 | EMA = +2.8445 | std(g_L) = 0.6738 | grad = 0.7711
step   8220 | loss = -2.8664 | g_L = +2.8664 | EMA = +2.8624 | std(g_L) = 0.8240 | grad = 0.3064
step   8240 | loss = -2.7981 | g_L = +2.7981 | EMA = +2.8643 | std(g_L) = 0.7331 | grad = 0.2767
step   8260 | loss = -2.8303 | g_L = +2.8303 | EMA = +2.8562 | std(g_L) = 0.7620 | grad = 0.3767
step   8280 | loss = -2.9138 | g_L = +2.9138 | EMA = +2.8572 | std(g_L) = 0.6218 | grad = 0.2913
step   8300 | loss = -2.8465 | g_L = +2.8465 | EMA = +2.8528 | std(g_L) = 0.8217 | grad = 0.5090
step   8320 | loss = -2.8895 | g_L = +2.8895 | EMA = +2.8542 | std(g_L) = 0.8502 | grad = 0.1517
step   8340 | loss = -2.7394 | g_L = +2.7394 | EMA = +2.8452 | std(g_L) = 0.8626 | grad = 0.2022
step   8360 | loss = -2.8874 | g_L = +2.8874 | EMA = +2.8621 | std(g_L) = 0.7176 | grad = 0.2653
step   8380 | loss = -2.8478 | g_L = +2.8478 | EMA = +2.8518 | std(g_L) = 0.6910 | grad = 0.2893
step   8400 | loss = -2.8559 | g_L = +2.8559 | EMA = +2.8628 | std(g_L) = 0.6723 | grad = 0.6692
step   8420 | loss = -2.8415 | g_L = +2.8415 | EMA = +2.8373 | std(g_L) = 0.6904 | grad = 0.6044
step   8440 | loss = -2.8747 | g_L = +2.8747 | EMA = +2.8502 | std(g_L) = 0.8646 | grad = 0.2853
step   8460 | loss = -2.8261 | g_L = +2.8261 | EMA = +2.8680 | std(g_L) = 0.8810 | grad = 0.5321
step   8480 | loss = -2.8509 | g_L = +2.8509 | EMA = +2.8650 | std(g_L) = 0.7921 | grad = 0.2821
step   8500 | loss = -2.6982 | g_L = +2.6982 | EMA = +2.8502 | std(g_L) = 0.7321 | grad = 0.1915
step   8520 | loss = -2.8888 | g_L = +2.8888 | EMA = +2.8660 | std(g_L) = 0.9332 | grad = 0.2761
step   8540 | loss = -2.9443 | g_L = +2.9443 | EMA = +2.8525 | std(g_L) = 0.6936 | grad = 0.4016
step   8560 | loss = -2.7290 | g_L = +2.7290 | EMA = +2.8340 | std(g_L) = 1.0492 | grad = 0.6693
step   8580 | loss = -2.7893 | g_L = +2.7893 | EMA = +2.8333 | std(g_L) = 0.8034 | grad = 0.6983
step   8600 | loss = -2.8556 | g_L = +2.8556 | EMA = +2.8317 | std(g_L) = 0.6542 | grad = 0.3375
step   8620 | loss = -2.9878 | g_L = +2.9878 | EMA = +2.8684 | std(g_L) = 0.6122 | grad = 0.3877
step   8640 | loss = -2.7808 | g_L = +2.7808 | EMA = +2.8337 | std(g_L) = 0.9930 | grad = 0.3837
step   8660 | loss = -2.8476 | g_L = +2.8476 | EMA = +2.8380 | std(g_L) = 1.0252 | grad = 0.6685
step   8680 | loss = -2.9043 | g_L = +2.9043 | EMA = +2.8274 | std(g_L) = 0.7631 | grad = 0.5142
step   8700 | loss = -2.8285 | g_L = +2.8285 | EMA = +2.8399 | std(g_L) = 0.8842 | grad = 0.5743
step   8720 | loss = -2.9682 | g_L = +2.9682 | EMA = +2.8642 | std(g_L) = 0.7214 | grad = 0.7515
step   8740 | loss = -2.8529 | g_L = +2.8529 | EMA = +2.8481 | std(g_L) = 0.8906 | grad = 0.3159
step   8760 | loss = -2.8836 | g_L = +2.8836 | EMA = +2.8476 | std(g_L) = 0.7110 | grad = 0.5501
step   8780 | loss = -2.9139 | g_L = +2.9139 | EMA = +2.8662 | std(g_L) = 0.7666 | grad = 0.6796
step   8800 | loss = -2.7772 | g_L = +2.7772 | EMA = +2.8380 | std(g_L) = 0.8215 | grad = 0.6988
step   8820 | loss = -2.8990 | g_L = +2.8990 | EMA = +2.8580 | std(g_L) = 0.8830 | grad = 0.5133
step   8840 | loss = -2.7801 | g_L = +2.7801 | EMA = +2.8514 | std(g_L) = 0.8786 | grad = 0.6480
step   8860 | loss = -2.8488 | g_L = +2.8488 | EMA = +2.8523 | std(g_L) = 0.7036 | grad = 0.4436
step   8880 | loss = -2.8170 | g_L = +2.8170 | EMA = +2.8449 | std(g_L) = 0.8620 | grad = 0.8581
step   8900 | loss = -2.8853 | g_L = +2.8853 | EMA = +2.8340 | std(g_L) = 0.7295 | grad = 0.4346
step   8920 | loss = -2.7562 | g_L = +2.7562 | EMA = +2.8231 | std(g_L) = 0.9788 | grad = 0.5508
step   8940 | loss = -2.8838 | g_L = +2.8838 | EMA = +2.8170 | std(g_L) = 0.7395 | grad = 0.3977
step   8960 | loss = -2.9159 | g_L = +2.9159 | EMA = +2.8381 | std(g_L) = 0.7104 | grad = 0.5030
step   8980 | loss = -2.7825 | g_L = +2.7825 | EMA = +2.8338 | std(g_L) = 0.8534 | grad = 0.2909
step   9000 | loss = -2.9615 | g_L = +2.9615 | EMA = +2.8402 | std(g_L) = 0.6715 | grad = 0.6950
step   9020 | loss = -2.8347 | g_L = +2.8347 | EMA = +2.8510 | std(g_L) = 0.7837 | grad = 0.5051
step   9040 | loss = -2.9566 | g_L = +2.9566 | EMA = +2.8734 | std(g_L) = 0.6828 | grad = 0.4506
step   9060 | loss = -2.9389 | g_L = +2.9389 | EMA = +2.8702 | std(g_L) = 0.5935 | grad = 0.1596
step   9080 | loss = -2.9194 | g_L = +2.9194 | EMA = +2.8602 | std(g_L) = 0.7388 | grad = 0.8428
step   9100 | loss = -2.8142 | g_L = +2.8142 | EMA = +2.8557 | std(g_L) = 0.7453 | grad = 0.1910
step   9120 | loss = -2.8348 | g_L = +2.8348 | EMA = +2.8428 | std(g_L) = 0.7570 | grad = 0.8128
step   9140 | loss = -2.8604 | g_L = +2.8604 | EMA = +2.8308 | std(g_L) = 0.7462 | grad = 0.6443
step   9160 | loss = -2.9388 | g_L = +2.9388 | EMA = +2.8537 | std(g_L) = 0.8966 | grad = 0.7528
step   9180 | loss = -2.8820 | g_L = +2.8820 | EMA = +2.8618 | std(g_L) = 0.6725 | grad = 0.2833
step   9200 | loss = -2.7813 | g_L = +2.7813 | EMA = +2.8434 | std(g_L) = 0.8626 | grad = 0.4312
step   9220 | loss = -2.8380 | g_L = +2.8380 | EMA = +2.8597 | std(g_L) = 0.7828 | grad = 0.6391
step   9240 | loss = -2.8266 | g_L = +2.8266 | EMA = +2.8471 | std(g_L) = 0.8204 | grad = 0.8289
step   9260 | loss = -2.8569 | g_L = +2.8569 | EMA = +2.8269 | std(g_L) = 0.8531 | grad = 0.7862
step   9280 | loss = -2.8289 | g_L = +2.8289 | EMA = +2.8510 | std(g_L) = 0.9318 | grad = 0.2417
step   9300 | loss = -2.8465 | g_L = +2.8465 | EMA = +2.8361 | std(g_L) = 0.8564 | grad = 0.4559
step   9320 | loss = -2.7956 | g_L = +2.7956 | EMA = +2.8453 | std(g_L) = 0.8025 | grad = 0.2348
step   9340 | loss = -2.8154 | g_L = +2.8154 | EMA = +2.8379 | std(g_L) = 0.6744 | grad = 0.4108
step   9360 | loss = -2.9750 | g_L = +2.9750 | EMA = +2.8569 | std(g_L) = 0.5680 | grad = 0.2705
step   9380 | loss = -2.9675 | g_L = +2.9675 | EMA = +2.8674 | std(g_L) = 0.6851 | grad = 0.3607
step   9400 | loss = -2.8543 | g_L = +2.8543 | EMA = +2.8690 | std(g_L) = 0.6410 | grad = 0.1767
step   9420 | loss = -2.8658 | g_L = +2.8658 | EMA = +2.8533 | std(g_L) = 0.7167 | grad = 0.4572
step   9440 | loss = -2.9029 | g_L = +2.9029 | EMA = +2.8682 | std(g_L) = 0.7330 | grad = 0.2062
step   9460 | loss = -2.8685 | g_L = +2.8685 | EMA = +2.8552 | std(g_L) = 0.6304 | grad = 0.2809
step   9480 | loss = -2.8675 | g_L = +2.8675 | EMA = +2.8630 | std(g_L) = 0.6747 | grad = 0.1112
step   9500 | loss = -2.7718 | g_L = +2.7718 | EMA = +2.8312 | std(g_L) = 0.7986 | grad = 0.3190
step   9520 | loss = -2.9727 | g_L = +2.9727 | EMA = +2.8414 | std(g_L) = 0.6018 | grad = 0.1579
step   9540 | loss = -2.8368 | g_L = +2.8368 | EMA = +2.8570 | std(g_L) = 0.8171 | grad = 0.5742
step   9560 | loss = -2.9313 | g_L = +2.9313 | EMA = +2.8518 | std(g_L) = 0.6044 | grad = 0.3892
step   9580 | loss = -2.8120 | g_L = +2.8120 | EMA = +2.8612 | std(g_L) = 0.6856 | grad = 0.2010
step   9600 | loss = -2.9545 | g_L = +2.9545 | EMA = +2.8581 | std(g_L) = 0.8135 | grad = 0.6037
step   9620 | loss = -2.7633 | g_L = +2.7633 | EMA = +2.8513 | std(g_L) = 0.8285 | grad = 0.3405
step   9640 | loss = -2.8137 | g_L = +2.8137 | EMA = +2.8579 | std(g_L) = 0.7214 | grad = 0.4197
step   9660 | loss = -2.9064 | g_L = +2.9064 | EMA = +2.8488 | std(g_L) = 0.6563 | grad = 0.6273
step   9680 | loss = -2.8959 | g_L = +2.8959 | EMA = +2.8530 | std(g_L) = 0.7356 | grad = 0.4901
step   9700 | loss = -2.8335 | g_L = +2.8335 | EMA = +2.8391 | std(g_L) = 0.7935 | grad = 0.4580
step   9720 | loss = -2.9329 | g_L = +2.9329 | EMA = +2.8666 | std(g_L) = 0.6152 | grad = 0.7038
step   9740 | loss = -2.8014 | g_L = +2.8014 | EMA = +2.8662 | std(g_L) = 0.9210 | grad = 0.3852
step   9760 | loss = -2.8923 | g_L = +2.8923 | EMA = +2.8557 | std(g_L) = 0.7994 | grad = 0.7739
step   9780 | loss = -2.7867 | g_L = +2.7867 | EMA = +2.8612 | std(g_L) = 0.8443 | grad = 0.4471
step   9800 | loss = -2.8766 | g_L = +2.8766 | EMA = +2.8664 | std(g_L) = 0.7411 | grad = 0.4479
step   9820 | loss = -2.8865 | g_L = +2.8865 | EMA = +2.8588 | std(g_L) = 0.6831 | grad = 0.3401
step   9840 | loss = -2.9046 | g_L = +2.9046 | EMA = +2.8750 | std(g_L) = 0.7021 | grad = 0.2791
step   9860 | loss = -2.8683 | g_L = +2.8683 | EMA = +2.8720 | std(g_L) = 0.7555 | grad = 0.3312
step   9880 | loss = -2.8863 | g_L = +2.8863 | EMA = +2.8721 | std(g_L) = 0.7754 | grad = 0.4890
step   9900 | loss = -2.8920 | g_L = +2.8920 | EMA = +2.8508 | std(g_L) = 0.8438 | grad = 0.3539
step   9920 | loss = -2.8594 | g_L = +2.8594 | EMA = +2.8468 | std(g_L) = 0.9052 | grad = 0.4378
step   9940 | loss = -2.6417 | g_L = +2.6417 | EMA = +2.8480 | std(g_L) = 1.0425 | grad = 0.4042
step   9960 | loss = -2.8361 | g_L = +2.8361 | EMA = +2.8437 | std(g_L) = 0.7715 | grad = 0.3961
step   9980 | loss = -2.8818 | g_L = +2.8818 | EMA = +2.8498 | std(g_L) = 0.7195 | grad = 0.5848
step  10000 | loss = -2.8301 | g_L = +2.8301 | EMA = +2.8514 | std(g_L) = 0.7182 | grad = 0.5282
Model saved.
