Méthodes à tester : 1 = EIG / NMC, 2 = DAD (réseau), 3 = Random
Combinaisons possibles : 1, 2, 3, 1 2, 1 3, 2 3 ou 1 2 3.
Chaque méthode : erreurs finales, sum EIG et g_L. Seul le cas 1 sélectionne par EIG.
Ton choix : Device: cuda | Antennes: 8 | T: 3 | Ns: 127
Posterior mode: sigma_snr

Estimateur EIG pour la méthode NMC :
  1 = rho marginalisé : p(r|theta,h) = sum_rho p(rho|theta,h)p(r|theta,rho)
  2 = rho_mean plug-in : rho -> E[rho|h]
Mode EIG : 
Recherche des beams pour EIG / NMC :
  1 = codebook exhaustif quantifié sur 2 bits
  2 = sous-ensemble aléatoire de beams
Sélection des beams : 
Espace des beams échantillonnés :
  1 = quantifié sur 2 bits
  2 = continu, phases uniformes dans [0, 2pi)
Type de beams aléatoires : Nombre de beams aléatoires continus (> 0) : 
Résumé configuration :
  posterior       : sigma_snr
  EIG diagnostic : marginal
  recherche EIG  : random
  espace beams   : continuous
  nb beams        : 400
Baseline beams: 400 aléatoires continuous | NMC N: 300
EIG mode: marginal

============================================================
EIG / NMC MARGINAL RANDOM CONTINU (400)
============================================================
Réalisation   1 | theta err =   2.445 deg | rho err = 0.0271 | sum EIG = 1.803 | g_L = 2.124
Réalisation   2 | theta err =   2.793 deg | rho err = 0.0061 | sum EIG = 2.062 | g_L = 2.134
Réalisation   3 | theta err =   2.190 deg | rho err = 0.0089 | sum EIG = 1.492 | g_L = 1.576
Réalisation   4 | theta err =   2.837 deg | rho err = 0.0275 | sum EIG = 1.791 | g_L = 1.593
Réalisation   5 | theta err =   3.752 deg | rho err = 0.0101 | sum EIG = 1.590 | g_L = 1.764
Réalisation   6 | theta err =   7.103 deg | rho err = 0.0159 | sum EIG = 1.611 | g_L = 0.297
Réalisation   7 | theta err =   2.350 deg | rho err = 0.0052 | sum EIG = 1.495 | g_L = 2.500
Réalisation   8 | theta err =  41.282 deg | rho err = 0.0775 | sum EIG = 1.642 | g_L = -0.409
Réalisation   9 | theta err =   0.268 deg | rho err = 0.0170 | sum EIG = 1.648 | g_L = 2.502
Réalisation  10 | theta err =   0.595 deg | rho err = 0.0051 | sum EIG = 1.543 | g_L = 2.945
Réalisation  11 | theta err =  72.010 deg | rho err = 0.0046 | sum EIG = 1.989 | g_L = 0.801
Réalisation  12 | theta err =   1.259 deg | rho err = 0.0223 | sum EIG = 1.887 | g_L = 2.285
Réalisation  13 | theta err =   1.590 deg | rho err = 0.0228 | sum EIG = 1.670 | g_L = 1.378
Réalisation  14 | theta err =  66.897 deg | rho err = 0.0101 | sum EIG = 1.464 | g_L = 0.228
Réalisation  15 | theta err =   1.453 deg | rho err = 0.0404 | sum EIG = 1.541 | g_L = 2.862
Réalisation  16 | theta err =   1.887 deg | rho err = 0.0027 | sum EIG = 1.726 | g_L = 2.303
Réalisation  17 | theta err =   1.098 deg | rho err = 0.0106 | sum EIG = 1.673 | g_L = 2.901
Réalisation  18 | theta err =  25.494 deg | rho err = 0.0053 | sum EIG = 1.604 | g_L = 0.721
Réalisation  19 | theta err =  15.340 deg | rho err = 0.0080 | sum EIG = 1.738 | g_L = 0.279
Réalisation  20 | theta err =   0.182 deg | rho err = 0.0036 | sum EIG = 1.445 | g_L = 2.211
Réalisation  21 | theta err =   6.116 deg | rho err = 0.0153 | sum EIG = 1.415 | g_L = 1.397
Réalisation  22 | theta err =  10.004 deg | rho err = 0.0168 | sum EIG = 1.643 | g_L = 1.977
Réalisation  23 | theta err =   2.814 deg | rho err = 0.0287 | sum EIG = 1.617 | g_L = 2.825
Réalisation  24 | theta err =   0.414 deg | rho err = 0.0104 | sum EIG = 1.599 | g_L = 3.255
Réalisation  25 | theta err =   1.665 deg | rho err = 0.0074 | sum EIG = 1.682 | g_L = 2.179
Réalisation  26 | theta err =  45.969 deg | rho err = 0.0062 | sum EIG = 1.594 | g_L = 0.859
Réalisation  27 | theta err =   2.134 deg | rho err = 0.0037 | sum EIG = 2.103 | g_L = 2.453
Réalisation  28 | theta err =   2.705 deg | rho err = 0.0022 | sum EIG = 1.731 | g_L = 1.864
Réalisation  29 | theta err =   1.028 deg | rho err = 0.0005 | sum EIG = 1.736 | g_L = 3.082
Réalisation  30 | theta err =   9.690 deg | rho err = 0.0039 | sum EIG = 2.032 | g_L = 1.265
Réalisation  31 | theta err =   2.898 deg | rho err = 0.0233 | sum EIG = 1.776 | g_L = 2.357
Réalisation  32 | theta err =  66.050 deg | rho err = 0.0080 | sum EIG = 1.634 | g_L = -0.741
Réalisation  33 | theta err =  29.065 deg | rho err = 0.0050 | sum EIG = 1.610 | g_L = 0.337
Réalisation  34 | theta err =   1.902 deg | rho err = 0.0030 | sum EIG = 1.774 | g_L = 2.744
Réalisation  35 | theta err =   1.795 deg | rho err = 0.0140 | sum EIG = 1.712 | g_L = 2.680
Réalisation  36 | theta err =   1.224 deg | rho err = 0.0074 | sum EIG = 1.341 | g_L = 2.795
Réalisation  37 | theta err =   0.864 deg | rho err = 0.0208 | sum EIG = 1.609 | g_L = 2.285
Réalisation  38 | theta err =  47.886 deg | rho err = 0.0096 | sum EIG = 1.563 | g_L = 0.823
Réalisation  39 | theta err =   0.529 deg | rho err = 0.0176 | sum EIG = 1.855 | g_L = 2.947
Réalisation  40 | theta err =   0.414 deg | rho err = 0.0032 | sum EIG = 1.646 | g_L = 1.508
Réalisation  41 | theta err =  33.199 deg | rho err = 0.0059 | sum EIG = 1.831 | g_L = 0.107
Réalisation  42 | theta err =  42.675 deg | rho err = 0.0313 | sum EIG = 1.434 | g_L = 0.441
Réalisation  43 | theta err = 104.223 deg | rho err = 0.0188 | sum EIG = 1.724 | g_L = -0.908
Réalisation  44 | theta err =   0.699 deg | rho err = 0.0078 | sum EIG = 1.548 | g_L = 3.410
Réalisation  45 | theta err =   3.441 deg | rho err = 0.0069 | sum EIG = 1.364 | g_L = 1.549
Réalisation  46 | theta err =   0.528 deg | rho err = 0.0078 | sum EIG = 1.472 | g_L = 1.587
Réalisation  47 | theta err =   0.619 deg | rho err = 0.0349 | sum EIG = 1.744 | g_L = 2.813
Réalisation  48 | theta err =   8.660 deg | rho err = 0.0067 | sum EIG = 1.932 | g_L = 0.742
Réalisation  49 | theta err =   1.897 deg | rho err = 0.0090 | sum EIG = 1.156 | g_L = 2.790
Réalisation  50 | theta err =  73.193 deg | rho err = 0.0287 | sum EIG = 1.694 | g_L = 0.069
Réalisation  51 | theta err =   0.993 deg | rho err = 0.0026 | sum EIG = 1.997 | g_L = 2.522
Réalisation  52 | theta err =   0.122 deg | rho err = 0.0062 | sum EIG = 1.356 | g_L = 3.233
Réalisation  53 | theta err =   1.543 deg | rho err = 0.0033 | sum EIG = 1.721 | g_L = 2.754
Réalisation  54 | theta err =   1.443 deg | rho err = 0.0027 | sum EIG = 1.536 | g_L = 0.733
Réalisation  55 | theta err =   1.488 deg | rho err = 0.0032 | sum EIG = 1.624 | g_L = 2.980
Réalisation  56 | theta err =   6.994 deg | rho err = 0.0176 | sum EIG = 1.965 | g_L = 2.001
Réalisation  57 | theta err =   1.241 deg | rho err = 0.0270 | sum EIG = 1.798 | g_L = 2.453
Réalisation  58 | theta err =   8.843 deg | rho err = 0.0332 | sum EIG = 1.397 | g_L = 1.824
Réalisation  59 | theta err =   3.650 deg | rho err = 0.0217 | sum EIG = 1.610 | g_L = 2.293
Réalisation  60 | theta err =   0.354 deg | rho err = 0.0290 | sum EIG = 1.890 | g_L = 2.655
Réalisation  61 | theta err =  29.690 deg | rho err = 0.0024 | sum EIG = 1.679 | g_L = -0.627
Réalisation  62 | theta err =   1.695 deg | rho err = 0.0150 | sum EIG = 1.779 | g_L = 2.635
Réalisation  63 | theta err =   1.740 deg | rho err = 0.0110 | sum EIG = 1.407 | g_L = 3.022
Réalisation  64 | theta err =   1.026 deg | rho err = 0.0132 | sum EIG = 1.728 | g_L = 2.323
Réalisation  65 | theta err =  27.580 deg | rho err = 0.0109 | sum EIG = 1.506 | g_L = -1.021
Réalisation  66 | theta err =  16.194 deg | rho err = 0.0109 | sum EIG = 1.790 | g_L = 2.207
Réalisation  67 | theta err =  20.700 deg | rho err = 0.0205 | sum EIG = 1.592 | g_L = 1.105
Réalisation  68 | theta err =  65.534 deg | rho err = 0.0109 | sum EIG = 1.512 | g_L = 0.096
Réalisation  69 | theta err =   2.641 deg | rho err = 0.0119 | sum EIG = 1.620 | g_L = 2.236
Réalisation  70 | theta err =  64.268 deg | rho err = 0.0428 | sum EIG = 1.715 | g_L = -0.144
Réalisation  71 | theta err =   0.864 deg | rho err = 0.0401 | sum EIG = 1.573 | g_L = 1.437
Réalisation  72 | theta err =   4.657 deg | rho err = 0.0081 | sum EIG = 1.803 | g_L = 2.124
Réalisation  73 | theta err =   1.360 deg | rho err = 0.0073 | sum EIG = 1.408 | g_L = 2.778
Réalisation  74 | theta err =   3.471 deg | rho err = 0.0167 | sum EIG = 1.536 | g_L = 1.621
Réalisation  75 | theta err =  47.103 deg | rho err = 0.0177 | sum EIG = 1.667 | g_L = 0.654
Réalisation  76 | theta err =  71.541 deg | rho err = 0.0267 | sum EIG = 1.896 | g_L = 0.901
Réalisation  77 | theta err =  13.288 deg | rho err = 0.0216 | sum EIG = 1.705 | g_L = 0.921
Réalisation  78 | theta err =   0.340 deg | rho err = 0.0067 | sum EIG = 1.656 | g_L = 1.803
Réalisation  79 | theta err =   4.976 deg | rho err = 0.0150 | sum EIG = 1.443 | g_L = 1.024
Réalisation  80 | theta err =  79.504 deg | rho err = 0.0002 | sum EIG = 1.445 | g_L = 0.486
Réalisation  81 | theta err =  19.565 deg | rho err = 0.0148 | sum EIG = 1.716 | g_L = 2.190
Réalisation  82 | theta err =  28.534 deg | rho err = 0.0009 | sum EIG = 1.880 | g_L = 1.138
Réalisation  83 | theta err =   0.261 deg | rho err = 0.0042 | sum EIG = 1.275 | g_L = 3.608
Réalisation  84 | theta err =  43.356 deg | rho err = 0.0267 | sum EIG = 1.538 | g_L = 0.306
Réalisation  85 | theta err =   4.299 deg | rho err = 0.0074 | sum EIG = 1.560 | g_L = 1.324
Réalisation  86 | theta err =   3.503 deg | rho err = 0.0011 | sum EIG = 1.755 | g_L = 0.998
Réalisation  87 | theta err =   0.769 deg | rho err = 0.0194 | sum EIG = 1.325 | g_L = 3.233
Réalisation  88 | theta err =  11.571 deg | rho err = 0.0468 | sum EIG = 1.861 | g_L = -0.887
Réalisation  89 | theta err =   2.967 deg | rho err = 0.0077 | sum EIG = 1.721 | g_L = 0.856
Réalisation  90 | theta err =   3.934 deg | rho err = 0.0379 | sum EIG = 1.491 | g_L = 0.523
Réalisation  91 | theta err =   2.666 deg | rho err = 0.0060 | sum EIG = 1.670 | g_L = 1.094
Réalisation  92 | theta err =   1.047 deg | rho err = 0.0058 | sum EIG = 1.573 | g_L = 2.332
Réalisation  93 | theta err =   1.683 deg | rho err = 0.0127 | sum EIG = 2.068 | g_L = 3.084
Réalisation  94 | theta err =  18.408 deg | rho err = 0.0059 | sum EIG = 1.559 | g_L = -0.004
Réalisation  95 | theta err =  13.003 deg | rho err = 0.0052 | sum EIG = 1.610 | g_L = 0.777
Réalisation  96 | theta err =   0.885 deg | rho err = 0.0174 | sum EIG = 1.512 | g_L = 2.073
Réalisation  97 | theta err =  31.872 deg | rho err = 0.0087 | sum EIG = 1.395 | g_L = -0.108
Réalisation  98 | theta err =  16.363 deg | rho err = 0.0043 | sum EIG = 1.745 | g_L = 1.340
Réalisation  99 | theta err =   8.952 deg | rho err = 0.0035 | sum EIG = 1.765 | g_L = 0.589
Réalisation 100 | theta err =   2.572 deg | rho err = 0.0111 | sum EIG = 1.635 | g_L = 0.666

============================================================
EIG / NMC MARGINAL RANDOM CONTINU (400)
============================================================
Theta MAE       : 14.5817 deg
Theta median    : 2.8370 deg
Theta RMSE      : 26.7307 deg
rho MAE         : 0.013994
Mean g_L        : 1.5865 nats
Decision time   : 12954.2904 ms / beam
Sum EIG marginal diagnostic (N=300) : 1.6499 nats
Sum EIG marginal recomputed (N=5000) : 1.4946 nats
Mean EIG per step :
   1 : 0.1596 nats
   2 : 0.7962 nats
   3 : 0.6941 nats

Results saved to comparison_nmc_vs_dad.pt
