Méthodes à tester : 1 = EIG / NMC, 2 = DAD (réseau), 3 = Random
Combinaisons possibles : 1, 2, 3, 1 2, 1 3, 2 3 ou 1 2 3.
Chaque méthode : erreurs finales, sum EIG et g_L. Seul le cas 1 sélectionne par EIG.
Ton choix : Device: cuda | Antennes: 8 | T: 5 | Ns: 127
Posterior mode: sigma_fixed

Estimateur EIG pour la méthode NMC :
  1 = rho marginalisé : p(r|theta,h) = sum_rho p(rho|theta,h)p(r|theta,rho)
  2 = rho_mean plug-in : rho -> E[rho|h]
Mode EIG : 
Recherche des beams pour EIG / NMC :
  1 = codebook exhaustif quantifié sur 2 bits
  2 = sous-ensemble aléatoire de beams
Sélection des beams : 
Espace des beams échantillonnés :
  1 = quantifié sur 2 bits
  2 = continu, phases uniformes dans [0, 2pi)
Type de beams aléatoires : Nombre de beams aléatoires quantifiés (1 à 16383) : 
Résumé configuration :
  posterior       : sigma_fixed
  EIG diagnostic : marginal
  recherche EIG  : random
  espace beams   : quantized
  nb beams        : 400
Baseline beams: 400 aléatoires quantized | NMC N: 300
EIG mode: marginal

============================================================
EIG / NMC MARGINAL RANDOM QUANTIFIE (400)
============================================================
Réalisation   1 | theta err =  46.445 deg | rho err = 0.7638 | sum EIG = 1.311 | g_L = 1.795
Réalisation   2 | theta err =  92.793 deg | rho err = 0.0255 | sum EIG = nan | g_L = -0.079
Réalisation   3 | theta err =  14.190 deg | rho err = 0.2820 | sum EIG = 1.904 | g_L = 0.886
Réalisation   4 | theta err =   0.163 deg | rho err = 0.0307 | sum EIG = 2.311 | g_L = 3.245
Réalisation   5 | theta err =   2.752 deg | rho err = 0.0101 | sum EIG = 1.850 | g_L = 0.913
Réalisation   6 | theta err =   0.103 deg | rho err = 0.0228 | sum EIG = 1.967 | g_L = 3.878
Réalisation   7 | theta err =   0.350 deg | rho err = 0.0335 | sum EIG = nan | g_L = 3.361
Réalisation   8 | theta err =   1.282 deg | rho err = 0.0000 | sum EIG = 1.754 | g_L = 3.171
Réalisation   9 | theta err =   0.732 deg | rho err = 0.0994 | sum EIG = 1.835 | g_L = 3.339
Réalisation  10 | theta err =   3.405 deg | rho err = 0.0918 | sum EIG = 1.461 | g_L = 1.444
Réalisation  11 | theta err =   0.010 deg | rho err = 0.0342 | sum EIG = 2.239 | g_L = 3.829
Réalisation  12 | theta err =   1.259 deg | rho err = 0.0223 | sum EIG = 2.298 | g_L = 3.095
Réalisation  13 | theta err =   2.410 deg | rho err = 0.0935 | sum EIG = 2.096 | g_L = 2.182
Réalisation  14 | theta err =  25.897 deg | rho err = 0.1070 | sum EIG = 3.026 | g_L = 1.056
Réalisation  15 | theta err =   0.547 deg | rho err = 0.0210 | sum EIG = 1.435 | g_L = 3.216
Réalisation  16 | theta err =   0.887 deg | rho err = 0.0027 | sum EIG = 3.198 | g_L = 2.805
Réalisation  17 | theta err =   1.098 deg | rho err = 0.0881 | sum EIG = 2.257 | g_L = 3.229
Réalisation  18 | theta err =   1.506 deg | rho err = 0.0529 | sum EIG = 4.029 | g_L = 3.102
Réalisation  19 | theta err =   1.340 deg | rho err = 0.0468 | sum EIG = 1.433 | g_L = 2.771
Réalisation  20 | theta err =  68.182 deg | rho err = 0.0546 | sum EIG = 1.501 | g_L = 1.064
Réalisation  21 | theta err =   1.116 deg | rho err = 0.0622 | sum EIG = 1.641 | g_L = 3.827
Réalisation  22 | theta err =   0.004 deg | rho err = 0.0220 | sum EIG = 1.251 | g_L = 3.676
Réalisation  23 | theta err =   2.186 deg | rho err = 0.0100 | sum EIG = 3.125 | g_L = 2.768
Réalisation  24 | theta err =   0.586 deg | rho err = 0.0492 | sum EIG = 1.499 | g_L = 3.201
Réalisation  25 | theta err =   0.665 deg | rho err = 0.0268 | sum EIG = 1.960 | g_L = 3.923
Réalisation  26 | theta err =  39.031 deg | rho err = 0.3428 | sum EIG = 1.751 | g_L = 1.305
Réalisation  27 | theta err =   1.134 deg | rho err = 0.0157 | sum EIG = 2.940 | g_L = 3.091
Réalisation  28 | theta err =   0.295 deg | rho err = 0.0215 | sum EIG = 4.316 | g_L = 3.062
Réalisation  29 | theta err =   4.028 deg | rho err = 0.0576 | sum EIG = 4.112 | g_L = 2.689
Réalisation  30 | theta err =   0.310 deg | rho err = 0.0349 | sum EIG = 3.770 | g_L = 2.977
Réalisation  31 | theta err =   0.898 deg | rho err = 0.0233 | sum EIG = 4.191 | g_L = 2.933
Réalisation  32 | theta err =   0.950 deg | rho err = 0.0114 | sum EIG = 2.666 | g_L = 3.217
Réalisation  33 | theta err =   0.935 deg | rho err = 0.0050 | sum EIG = 1.687 | g_L = 3.054
Réalisation  34 | theta err =  21.902 deg | rho err = 0.4489 | sum EIG = 1.361 | g_L = 0.913
Réalisation  35 | theta err =   4.205 deg | rho err = 0.0334 | sum EIG = 2.094 | g_L = 1.349
Réalisation  36 | theta err =   1.224 deg | rho err = 0.0120 | sum EIG = 4.043 | g_L = 2.059
Réalisation  37 | theta err =   0.136 deg | rho err = 0.0567 | sum EIG = 1.292 | g_L = 4.122
Réalisation  38 | theta err =   1.114 deg | rho err = 0.0290 | sum EIG = 1.785 | g_L = 2.736
Réalisation  39 | theta err =   7.529 deg | rho err = 0.2151 | sum EIG = 1.557 | g_L = 0.901
Réalisation  40 | theta err =   0.586 deg | rho err = 0.0225 | sum EIG = 3.282 | g_L = 3.590
Réalisation  41 | theta err =  17.801 deg | rho err = 0.0134 | sum EIG = 3.526 | g_L = -8.095
Réalisation  42 | theta err =   0.675 deg | rho err = 0.0463 | sum EIG = 1.143 | g_L = 3.852
Réalisation  43 | theta err =   2.223 deg | rho err = 0.0393 | sum EIG = 2.653 | g_L = 2.538
Réalisation  44 | theta err =   0.699 deg | rho err = 0.0504 | sum EIG = 3.514 | g_L = 3.218
Réalisation  45 | theta err =  30.441 deg | rho err = 0.2589 | sum EIG = 1.661 | g_L = 0.082
Réalisation  46 | theta err =   0.472 deg | rho err = 0.0078 | sum EIG = 3.621 | g_L = 3.609
Réalisation  47 | theta err =   1.619 deg | rho err = 0.0232 | sum EIG = 1.292 | g_L = 2.909
Réalisation  48 | theta err =   0.340 deg | rho err = 0.0127 | sum EIG = 6.011 | g_L = 2.748
Réalisation  49 | theta err =   0.897 deg | rho err = 0.0298 | sum EIG = 1.071 | g_L = 3.703
Réalisation  50 | theta err =   0.193 deg | rho err = 0.0101 | sum EIG = 2.817 | g_L = 3.675
Réalisation  51 | theta err =   0.007 deg | rho err = 0.0608 | sum EIG = 4.117 | g_L = 1.327
Réalisation  52 | theta err =   0.878 deg | rho err = 0.0132 | sum EIG = 3.090 | g_L = 3.270
Réalisation  53 | theta err =  26.457 deg | rho err = 0.0033 | sum EIG = 2.934 | g_L = -0.349
Réalisation  54 | theta err =   1.557 deg | rho err = 0.0360 | sum EIG = 2.097 | g_L = 2.700
Réalisation  55 | theta err =   0.488 deg | rho err = 0.0162 | sum EIG = 4.245 | g_L = 3.147
Réalisation  56 | theta err =   0.006 deg | rho err = 0.0018 | sum EIG = 3.199 | g_L = 3.131
Réalisation  57 | theta err =   0.759 deg | rho err = 0.0852 | sum EIG = 1.498 | g_L = 3.607
Réalisation  58 | theta err =   0.843 deg | rho err = 0.0913 | sum EIG = 1.917 | g_L = 3.232
Réalisation  59 | theta err =   0.650 deg | rho err = 0.0217 | sum EIG = 1.219 | g_L = 3.403
Réalisation  60 | theta err =   0.354 deg | rho err = 0.0098 | sum EIG = 1.030 | g_L = 3.767
Réalisation  61 | theta err =   1.310 deg | rho err = 0.0170 | sum EIG = 2.597 | g_L = 3.271
Réalisation  62 | theta err =   0.695 deg | rho err = 0.0625 | sum EIG = 1.162 | g_L = 2.793
Réalisation  63 | theta err =   0.740 deg | rho err = 0.0497 | sum EIG = 1.238 | g_L = 3.274
Réalisation  64 | theta err =   1.026 deg | rho err = 0.0255 | sum EIG = 3.109 | g_L = 3.422
Réalisation  65 | theta err =  54.420 deg | rho err = 0.1660 | sum EIG = 1.737 | g_L = -0.871
Réalisation  66 | theta err =   0.194 deg | rho err = 0.0472 | sum EIG = 1.189 | g_L = 3.872
Réalisation  67 | theta err =   1.700 deg | rho err = 0.2703 | sum EIG = 2.218 | g_L = 3.006
Réalisation  68 | theta err =   0.466 deg | rho err = 0.0303 | sum EIG = 1.735 | g_L = 3.525
Réalisation  69 | theta err =  24.359 deg | rho err = 0.3803 | sum EIG = 1.789 | g_L = 0.607
Réalisation  70 | theta err =   2.268 deg | rho err = 0.0040 | sum EIG = 1.500 | g_L = 2.402
Réalisation  71 | theta err =   1.864 deg | rho err = 0.7548 | sum EIG = 1.385 | g_L = 1.422
Réalisation  72 | theta err =   0.343 deg | rho err = 0.0694 | sum EIG = 2.798 | g_L = 2.315
Réalisation  73 | theta err =  39.640 deg | rho err = 0.4968 | sum EIG = 1.711 | g_L = 0.204
Réalisation  74 | theta err =   5.471 deg | rho err = 0.0167 | sum EIG = 1.821 | g_L = 1.984
Réalisation  75 | theta err =  69.103 deg | rho err = 0.3473 | sum EIG = 1.674 | g_L = 1.685
Réalisation  76 | theta err =   0.459 deg | rho err = 0.0121 | sum EIG = 1.629 | g_L = 3.676
Réalisation  77 | theta err =   0.712 deg | rho err = 0.0991 | sum EIG = 1.362 | g_L = 4.050
Réalisation  78 | theta err =  39.660 deg | rho err = 0.2453 | sum EIG = 2.498 | g_L = 0.831
Réalisation  79 | theta err =   0.024 deg | rho err = 0.1701 | sum EIG = 1.278 | g_L = 2.248
Réalisation  80 | theta err =   0.496 deg | rho err = 0.0386 | sum EIG = 1.338 | g_L = 3.640
Réalisation  81 | theta err =  22.435 deg | rho err = 0.0628 | sum EIG = 2.901 | g_L = 0.720
Réalisation  82 | theta err =   1.534 deg | rho err = 0.0009 | sum EIG = 3.010 | g_L = 3.047
Réalisation  83 | theta err =   2.739 deg | rho err = 0.0345 | sum EIG = 1.327 | g_L = 1.732
Réalisation  84 | theta err =   3.644 deg | rho err = 0.0267 | sum EIG = 1.499 | g_L = 2.296
Réalisation  85 | theta err =   0.701 deg | rho err = 0.0461 | sum EIG = 1.978 | g_L = 3.121
Réalisation  86 | theta err =   0.503 deg | rho err = 0.0571 | sum EIG = 1.159 | g_L = 3.943
Réalisation  87 | theta err =  10.769 deg | rho err = 0.2521 | sum EIG = 1.493 | g_L = 2.460
Réalisation  88 | theta err =   1.571 deg | rho err = 0.1438 | sum EIG = 1.432 | g_L = 3.075
Réalisation  89 | theta err =   4.033 deg | rho err = 0.0853 | sum EIG = 1.736 | g_L = 3.002
Réalisation  90 | theta err =   1.066 deg | rho err = 0.0573 | sum EIG = 1.172 | g_L = 2.841
Réalisation  91 | theta err =  40.666 deg | rho err = 0.0715 | sum EIG = 2.894 | g_L = -4.734
Réalisation  92 | theta err =   5.953 deg | rho err = 0.0252 | sum EIG = 2.890 | g_L = 2.398
Réalisation  93 | theta err =   1.683 deg | rho err = 0.5555 | sum EIG = 1.858 | g_L = 0.964
Réalisation  94 | theta err =  36.592 deg | rho err = 0.1104 | sum EIG = 2.209 | g_L = 1.601
Réalisation  95 | theta err =   2.003 deg | rho err = 0.0141 | sum EIG = 2.518 | g_L = 2.493
Réalisation  96 | theta err =   1.885 deg | rho err = 0.0020 | sum EIG = 1.991 | g_L = 2.987
Réalisation  97 | theta err =   1.128 deg | rho err = 0.0301 | sum EIG = 2.365 | g_L = 1.981
Réalisation  98 | theta err =   0.637 deg | rho err = 0.0538 | sum EIG = 2.393 | g_L = 2.837
Réalisation  99 | theta err =   2.952 deg | rho err = 0.0159 | sum EIG = 2.992 | g_L = 1.359
Réalisation 100 | theta err =   0.572 deg | rho err = 0.0499 | sum EIG = 1.870 | g_L = 3.419
Réalisation 101 | theta err =   0.315 deg | rho err = 0.0094 | sum EIG = 0.938 | g_L = 3.839
Réalisation 102 | theta err =   5.076 deg | rho err = 0.0106 | sum EIG = 1.592 | g_L = -0.901
Réalisation 103 | theta err =  49.852 deg | rho err = 0.0287 | sum EIG = 3.001 | g_L = -5.601
Réalisation 104 | theta err =   0.900 deg | rho err = 0.0048 | sum EIG = 2.321 | g_L = 2.472
Réalisation 105 | theta err =   0.799 deg | rho err = 0.0079 | sum EIG = 1.580 | g_L = 3.847
Réalisation 106 | theta err =  21.864 deg | rho err = 0.2745 | sum EIG = 2.206 | g_L = 2.055
Réalisation 107 | theta err =  10.575 deg | rho err = 0.0269 | sum EIG = 2.229 | g_L = 1.544
Réalisation 108 | theta err =   0.519 deg | rho err = 0.0007 | sum EIG = 4.237 | g_L = 3.152
Réalisation 109 | theta err =   0.347 deg | rho err = 0.0523 | sum EIG = 3.684 | g_L = 3.962
Réalisation 110 | theta err =   2.221 deg | rho err = 0.0070 | sum EIG = 2.486 | g_L = 2.738
Réalisation 111 | theta err =  33.736 deg | rho err = 0.0730 | sum EIG = 2.094 | g_L = 1.221
Réalisation 112 | theta err =   1.385 deg | rho err = 0.0881 | sum EIG = 1.321 | g_L = 3.378
Réalisation 113 | theta err =   1.707 deg | rho err = 0.0223 | sum EIG = 3.242 | g_L = 2.083
Réalisation 114 | theta err =   0.737 deg | rho err = 0.0150 | sum EIG = 3.583 | g_L = -8.359
Réalisation 115 | theta err =   0.785 deg | rho err = 0.0131 | sum EIG = 1.669 | g_L = 3.443
Réalisation 116 | theta err =   3.716 deg | rho err = 0.0675 | sum EIG = 1.882 | g_L = 1.816
Réalisation 117 | theta err =   0.330 deg | rho err = 0.0041 | sum EIG = 2.914 | g_L = 1.776
Réalisation 118 | theta err =   2.117 deg | rho err = 0.4084 | sum EIG = 1.811 | g_L = 2.133
Réalisation 119 | theta err =   0.754 deg | rho err = 0.0230 | sum EIG = 3.735 | g_L = 2.937
Réalisation 120 | theta err =   1.129 deg | rho err = 0.0501 | sum EIG = 2.249 | g_L = 3.077
Réalisation 121 | theta err =   2.400 deg | rho err = 0.0805 | sum EIG = 1.792 | g_L = 2.127
Réalisation 122 | theta err =  21.160 deg | rho err = 0.1301 | sum EIG = 3.594 | g_L = -3.874
Réalisation 123 | theta err =   0.543 deg | rho err = 0.3435 | sum EIG = 1.320 | g_L = 2.198
Réalisation 124 | theta err =   0.975 deg | rho err = 0.0117 | sum EIG = 3.831 | g_L = 3.559
Réalisation 125 | theta err =   3.326 deg | rho err = 0.0440 | sum EIG = 2.580 | g_L = -3.045
Réalisation 126 | theta err =   4.812 deg | rho err = 0.0237 | sum EIG = 3.031 | g_L = 0.101
Réalisation 127 | theta err =   1.620 deg | rho err = 0.0582 | sum EIG = 3.329 | g_L = 2.596
Réalisation 128 | theta err =  29.022 deg | rho err = 0.5598 | sum EIG = 1.385 | g_L = 1.374
Réalisation 129 | theta err =   1.061 deg | rho err = 0.0333 | sum EIG = 1.131 | g_L = 3.388
Réalisation 130 | theta err =  30.427 deg | rho err = 0.0106 | sum EIG = 4.610 | g_L = -7.840
Réalisation 131 | theta err =   2.365 deg | rho err = 0.0970 | sum EIG = 1.293 | g_L = 1.014
Réalisation 132 | theta err =   1.666 deg | rho err = 0.0527 | sum EIG = 4.016 | g_L = 2.690
Réalisation 133 | theta err =   1.364 deg | rho err = 0.0170 | sum EIG = 3.406 | g_L = 3.529
Réalisation 134 | theta err =  47.125 deg | rho err = 0.2167 | sum EIG = 2.129 | g_L = 1.322
Réalisation 135 | theta err =   0.858 deg | rho err = 0.0049 | sum EIG = 3.232 | g_L = 0.769
Réalisation 136 | theta err =   1.184 deg | rho err = 0.1064 | sum EIG = 2.250 | g_L = 2.626
Réalisation 137 | theta err =   0.252 deg | rho err = 0.0266 | sum EIG = 0.849 | g_L = 3.575
Réalisation 138 | theta err =  35.196 deg | rho err = 0.1490 | sum EIG = 2.293 | g_L = 0.947
Réalisation 139 | theta err =  13.367 deg | rho err = 0.5418 | sum EIG = 1.473 | g_L = 1.097
Réalisation 140 | theta err =  50.541 deg | rho err = 0.2340 | sum EIG = 1.725 | g_L = 1.553
Réalisation 141 | theta err =   1.298 deg | rho err = 0.0339 | sum EIG = 1.007 | g_L = 3.077
Réalisation 142 | theta err =   0.907 deg | rho err = 0.0055 | sum EIG = 3.754 | g_L = 1.286
Réalisation 143 | theta err =   0.197 deg | rho err = 0.0249 | sum EIG = 2.293 | g_L = 3.267
Réalisation 144 | theta err =  44.929 deg | rho err = 0.0118 | sum EIG = 2.134 | g_L = 1.581
Réalisation 145 | theta err =   3.203 deg | rho err = 0.0285 | sum EIG = 2.652 | g_L = 1.388
Réalisation 146 | theta err =   1.992 deg | rho err = 0.0014 | sum EIG = 1.102 | g_L = 2.888
Réalisation 147 | theta err =   1.712 deg | rho err = 0.0356 | sum EIG = 2.438 | g_L = 2.941
Réalisation 148 | theta err =  38.470 deg | rho err = 0.2623 | sum EIG = 4.200 | g_L = 2.454
Réalisation 149 | theta err =   1.692 deg | rho err = 0.0180 | sum EIG = 3.569 | g_L = 2.550
Réalisation 150 | theta err =   0.168 deg | rho err = 0.0253 | sum EIG = 4.957 | g_L = 3.734
Réalisation 151 | theta err =  25.929 deg | rho err = 0.0584 | sum EIG = 2.868 | g_L = 1.242
Réalisation 152 | theta err =   2.178 deg | rho err = 0.0409 | sum EIG = 1.703 | g_L = 1.714
Réalisation 153 | theta err =   0.287 deg | rho err = 0.0225 | sum EIG = 3.044 | g_L = 3.299
Réalisation 154 | theta err =   0.926 deg | rho err = 0.0013 | sum EIG = 3.510 | g_L = 3.338
Réalisation 155 | theta err =   0.631 deg | rho err = 0.0367 | sum EIG = 1.210 | g_L = 3.900
Réalisation 156 | theta err =   1.241 deg | rho err = 0.0107 | sum EIG = 4.725 | g_L = 3.541
Réalisation 157 | theta err =   7.322 deg | rho err = 0.0495 | sum EIG = 2.853 | g_L = 1.927
Réalisation 158 | theta err =   0.013 deg | rho err = 0.0459 | sum EIG = 2.575 | g_L = 4.072
Réalisation 159 | theta err =   6.624 deg | rho err = 0.0356 | sum EIG = 3.350 | g_L = 1.469
Réalisation 160 | theta err =   0.058 deg | rho err = 0.0223 | sum EIG = 2.946 | g_L = 3.342
Réalisation 161 | theta err =  47.895 deg | rho err = 0.0056 | sum EIG = 3.791 | g_L = 2.280
Réalisation 162 | theta err =  32.732 deg | rho err = 0.2835 | sum EIG = 1.873 | g_L = 1.784
Réalisation 163 | theta err =   2.015 deg | rho err = 0.0570 | sum EIG = 1.155 | g_L = 1.137
Réalisation 164 | theta err =   1.449 deg | rho err = 0.7180 | sum EIG = 1.325 | g_L = 1.431
Réalisation 165 | theta err =  13.690 deg | rho err = 0.2970 | sum EIG = 1.508 | g_L = 0.580
Réalisation 166 | theta err =   1.045 deg | rho err = 0.0124 | sum EIG = 3.505 | g_L = 2.331
Réalisation 167 | theta err =   0.177 deg | rho err = 0.0038 | sum EIG = 1.855 | g_L = 3.608
Réalisation 168 | theta err =   1.600 deg | rho err = 0.0042 | sum EIG = 1.513 | g_L = 2.564
Réalisation 169 | theta err =   1.964 deg | rho err = 0.0106 | sum EIG = 2.347 | g_L = 3.120
Réalisation 170 | theta err =   1.174 deg | rho err = 0.0128 | sum EIG = 3.828 | g_L = 2.136
Réalisation 171 | theta err =   1.163 deg | rho err = 0.0025 | sum EIG = 1.650 | g_L = 2.529
Réalisation 172 | theta err =   0.402 deg | rho err = 0.0062 | sum EIG = 2.574 | g_L = 3.250
Réalisation 173 | theta err =   2.550 deg | rho err = 0.0920 | sum EIG = 1.556 | g_L = 2.305
Réalisation 174 | theta err =   2.034 deg | rho err = 0.0030 | sum EIG = 5.281 | g_L = 2.467
Réalisation 175 | theta err =   2.426 deg | rho err = 0.0150 | sum EIG = 1.390 | g_L = 2.135
Réalisation 176 | theta err =   1.533 deg | rho err = 0.0060 | sum EIG = 0.979 | g_L = 3.220
Réalisation 177 | theta err =   1.586 deg | rho err = 0.0346 | sum EIG = 3.206 | g_L = 3.004
Réalisation 178 | theta err =   0.032 deg | rho err = 0.0081 | sum EIG = 2.550 | g_L = 3.032
Réalisation 179 | theta err =  12.780 deg | rho err = 0.0874 | sum EIG = 2.562 | g_L = 0.559
Réalisation 180 | theta err =   0.907 deg | rho err = 0.0700 | sum EIG = 1.673 | g_L = 3.526
Réalisation 181 | theta err =   1.647 deg | rho err = 0.0203 | sum EIG = 2.712 | g_L = 1.772
Réalisation 182 | theta err =   1.349 deg | rho err = 0.0646 | sum EIG = 1.714 | g_L = 3.608
Réalisation 183 | theta err =   0.028 deg | rho err = 0.0394 | sum EIG = 1.382 | g_L = 3.472
Réalisation 184 | theta err =   0.200 deg | rho err = 0.0255 | sum EIG = 3.402 | g_L = 3.476
Réalisation 185 | theta err =   1.829 deg | rho err = 0.0025 | sum EIG = 3.202 | g_L = 3.082
Réalisation 186 | theta err =   1.414 deg | rho err = 0.1865 | sum EIG = 1.885 | g_L = 3.231
Réalisation 187 | theta err =   0.758 deg | rho err = 0.0445 | sum EIG = 1.275 | g_L = 3.733
Réalisation 188 | theta err =   0.946 deg | rho err = 0.0342 | sum EIG = 2.282 | g_L = 3.356
Réalisation 189 | theta err =   0.036 deg | rho err = 0.0044 | sum EIG = 2.686 | g_L = 3.388
Réalisation 190 | theta err =   1.467 deg | rho err = 0.0384 | sum EIG = 2.038 | g_L = 1.725
Réalisation 191 | theta err =   1.775 deg | rho err = 0.0154 | sum EIG = 1.795 | g_L = 2.699
Réalisation 192 | theta err =  68.743 deg | rho err = 0.0378 | sum EIG = 3.082 | g_L = -2.126
Réalisation 193 | theta err =   1.259 deg | rho err = 0.0061 | sum EIG = 1.896 | g_L = 3.118
Réalisation 194 | theta err =  63.479 deg | rho err = 0.1676 | sum EIG = 2.488 | g_L = 0.512
Réalisation 195 | theta err =  42.245 deg | rho err = 0.2282 | sum EIG = 1.280 | g_L = 1.726
Réalisation 196 | theta err =   0.429 deg | rho err = 0.0533 | sum EIG = 1.502 | g_L = 3.619
Réalisation 197 | theta err =   0.699 deg | rho err = 0.0200 | sum EIG = 2.806 | g_L = 3.249
Réalisation 198 | theta err =  11.763 deg | rho err = 0.2144 | sum EIG = 2.213 | g_L = -0.213
Réalisation 199 | theta err =   1.308 deg | rho err = 0.0055 | sum EIG = 1.895 | g_L = 3.378
Réalisation 200 | theta err =   4.611 deg | rho err = 0.5273 | sum EIG = 1.434 | g_L = 0.838

============================================================
EIG / NMC MARGINAL RANDOM QUANTIFIE (400)
============================================================
Theta MAE       : 8.4630 deg
Theta median    : 1.3639 deg
Theta RMSE      : 18.3214 deg
rho MAE         : 0.086891
Mean g_L        : 2.1802 nats
Decision time   : 30645.5650 ms / beam
Sum EIG marginal diagnostic (N=300) : nan nats
Sum EIG marginal recomputed (N=5000) : 2.0388 nats
Mean EIG per step :
   1 : nan nats
   2 : 0.4947 nats
   3 : 0.6118 nats
   4 : 0.5804 nats
   5 : nan nats

Results saved to comparison_nmc_vs_dad.pt
