
============================================================
Alpha = 1.5
T = 5
L = 128
Batch size = 128
Steps = 15000
Checkpoints = /home/egalarraga/beam_dad/model_checkpoints/mean_var_loss/checkpoints_nx8/models/alpha_1.5/T5_L128_B128
============================================================
step      1 | loss = +0.3437 | mean(g_L) = +0.4053 | EMA = +0.4053 | std(g_L) = 0.7066 | grad = 0.3149
step     20 | loss = +0.4138 | mean(g_L) = +0.3700 | EMA = +0.3937 | std(g_L) = 0.7229 | grad = 0.3521
step     40 | loss = +0.5540 | mean(g_L) = +0.3669 | EMA = +0.3766 | std(g_L) = 0.7835 | grad = 0.2701
step     60 | loss = +0.3011 | mean(g_L) = +0.3320 | EMA = +0.3731 | std(g_L) = 0.6497 | grad = 0.3212
step     80 | loss = +0.3668 | mean(g_L) = +0.3443 | EMA = +0.3655 | std(g_L) = 0.6885 | grad = 0.2078
step    100 | loss = +0.4272 | mean(g_L) = +0.3752 | EMA = +0.3704 | std(g_L) = 0.7314 | grad = 0.3432
step    120 | loss = +0.5059 | mean(g_L) = +0.3929 | EMA = +0.3819 | std(g_L) = 0.7741 | grad = 0.4396
step    140 | loss = +0.6585 | mean(g_L) = +0.3157 | EMA = +0.4058 | std(g_L) = 0.8059 | grad = 0.8261
step    160 | loss = +0.2705 | mean(g_L) = +0.4258 | EMA = +0.3948 | std(g_L) = 0.6813 | grad = 0.0985
step    180 | loss = +1.0408 | mean(g_L) = +0.3142 | EMA = +0.3980 | std(g_L) = 0.9505 | grad = 0.7947
step    200 | loss = +0.4962 | mean(g_L) = +0.4418 | EMA = +0.3849 | std(g_L) = 0.7908 | grad = 0.3947
step    220 | loss = +0.3404 | mean(g_L) = +0.4132 | EMA = +0.3966 | std(g_L) = 0.7088 | grad = 0.2920
step    240 | loss = +0.3312 | mean(g_L) = +0.4056 | EMA = +0.3994 | std(g_L) = 0.7008 | grad = 0.3014
step    260 | loss = +0.4104 | mean(g_L) = +0.4854 | EMA = +0.4135 | std(g_L) = 0.7728 | grad = 0.4216
step    280 | loss = +0.2741 | mean(g_L) = +0.4686 | EMA = +0.4255 | std(g_L) = 0.7037 | grad = 0.2141
step    300 | loss = +1.0344 | mean(g_L) = +0.4691 | EMA = +0.4248 | std(g_L) = 1.0012 | grad = 0.8667
step    320 | loss = +0.1549 | mean(g_L) = +0.4634 | EMA = +0.4312 | std(g_L) = 0.6420 | grad = 0.3131
step    340 | loss = +0.8330 | mean(g_L) = +0.3920 | EMA = +0.4264 | std(g_L) = 0.9037 | grad = 0.6910
step    360 | loss = +0.4569 | mean(g_L) = +0.4172 | EMA = +0.4327 | std(g_L) = 0.7634 | grad = 0.2209
step    380 | loss = +0.2526 | mean(g_L) = +0.4579 | EMA = +0.4565 | std(g_L) = 0.6882 | grad = 0.4723
step    400 | loss = +0.3561 | mean(g_L) = +0.5073 | EMA = +0.4699 | std(g_L) = 0.7587 | grad = 0.3234
step    420 | loss = +0.4304 | mean(g_L) = +0.6014 | EMA = +0.4707 | std(g_L) = 0.8294 | grad = 0.4406
step    440 | loss = +0.5934 | mean(g_L) = +0.5301 | EMA = +0.4712 | std(g_L) = 0.8654 | grad = 0.4753
step    460 | loss = +0.3831 | mean(g_L) = +0.4649 | EMA = +0.4786 | std(g_L) = 0.7519 | grad = 0.2737
step    480 | loss = +0.8970 | mean(g_L) = +0.4324 | EMA = +0.4988 | std(g_L) = 0.9414 | grad = 0.9563
step    500 | loss = +0.2767 | mean(g_L) = +0.6053 | EMA = +0.5225 | std(g_L) = 0.7668 | grad = 0.5563
step    520 | loss = +0.2914 | mean(g_L) = +0.5419 | EMA = +0.5313 | std(g_L) = 0.7453 | grad = 0.3830
step    540 | loss = +0.1965 | mean(g_L) = +0.5001 | EMA = +0.5395 | std(g_L) = 0.6815 | grad = 0.4052
step    560 | loss = +0.3459 | mean(g_L) = +0.5801 | EMA = +0.5690 | std(g_L) = 0.7857 | grad = 0.5203
step    580 | loss = +0.3039 | mean(g_L) = +0.5132 | EMA = +0.6017 | std(g_L) = 0.7381 | grad = 0.4367
step    600 | loss = +0.2226 | mean(g_L) = +0.6883 | EMA = +0.6601 | std(g_L) = 0.7792 | grad = 0.4680
step    620 | loss = +0.0827 | mean(g_L) = +0.7028 | EMA = +0.6973 | std(g_L) = 0.7237 | grad = 0.6282
step    640 | loss = +0.0602 | mean(g_L) = +0.6406 | EMA = +0.7252 | std(g_L) = 0.6835 | grad = 0.4910
step    660 | loss = +0.2702 | mean(g_L) = +0.8764 | EMA = +0.7504 | std(g_L) = 0.8743 | grad = 0.8119
step    680 | loss = +0.2020 | mean(g_L) = +0.8239 | EMA = +0.7618 | std(g_L) = 0.8270 | grad = 0.7786
step    700 | loss = +0.1416 | mean(g_L) = +0.8277 | EMA = +0.7476 | std(g_L) = 0.8039 | grad = 1.0268
step    720 | loss = +0.0910 | mean(g_L) = +0.6355 | EMA = +0.7324 | std(g_L) = 0.6960 | grad = 0.3503
step    740 | loss = +0.2616 | mean(g_L) = +0.6854 | EMA = +0.7341 | std(g_L) = 0.7946 | grad = 0.8021
step    760 | loss = -0.0444 | mean(g_L) = +0.7447 | EMA = +0.7395 | std(g_L) = 0.6832 | grad = 0.2315
step    780 | loss = +0.0879 | mean(g_L) = +0.7555 | EMA = +0.7501 | std(g_L) = 0.7498 | grad = 0.8083
step    800 | loss = +0.1324 | mean(g_L) = +0.7033 | EMA = +0.7411 | std(g_L) = 0.7464 | grad = 0.5570
step    820 | loss = +0.0682 | mean(g_L) = +0.7227 | EMA = +0.7452 | std(g_L) = 0.7262 | grad = 0.5269
step    840 | loss = +0.2115 | mean(g_L) = +0.7244 | EMA = +0.7465 | std(g_L) = 0.7899 | grad = 0.7002
step    860 | loss = +0.2834 | mean(g_L) = +0.6794 | EMA = +0.7440 | std(g_L) = 0.8012 | grad = 1.1972
step    880 | loss = +0.2368 | mean(g_L) = +0.7440 | EMA = +0.7433 | std(g_L) = 0.8086 | grad = 0.5280
step    900 | loss = +0.1544 | mean(g_L) = +0.7657 | EMA = +0.7483 | std(g_L) = 0.7832 | grad = 0.5283
step    920 | loss = +0.2410 | mean(g_L) = +0.7519 | EMA = +0.7616 | std(g_L) = 0.8136 | grad = 0.5030
step    940 | loss = +0.0781 | mean(g_L) = +0.8498 | EMA = +0.7500 | std(g_L) = 0.7865 | grad = 0.3249
step    960 | loss = +0.1466 | mean(g_L) = +0.7940 | EMA = +0.7513 | std(g_L) = 0.7919 | grad = 0.7535
step    980 | loss = -0.0287 | mean(g_L) = +0.9086 | EMA = +0.7581 | std(g_L) = 0.7659 | grad = 0.9832
step   1000 | loss = +0.1374 | mean(g_L) = +0.7424 | EMA = +0.7449 | std(g_L) = 0.7658 | grad = 0.8221
step   1020 | loss = +0.0143 | mean(g_L) = +0.8413 | EMA = +0.7651 | std(g_L) = 0.7553 | grad = 0.3010
step   1040 | loss = +0.0997 | mean(g_L) = +0.7996 | EMA = +0.7632 | std(g_L) = 0.7743 | grad = 0.3886
step   1060 | loss = +0.2578 | mean(g_L) = +0.7211 | EMA = +0.7602 | std(g_L) = 0.8078 | grad = 0.6450
step   1080 | loss = +0.7343 | mean(g_L) = +0.7288 | EMA = +0.7546 | std(g_L) = 0.9876 | grad = 0.7689
step   1100 | loss = -0.0844 | mean(g_L) = +0.9128 | EMA = +0.7668 | std(g_L) = 0.7431 | grad = 0.9026
step   1120 | loss = +0.2764 | mean(g_L) = +0.8133 | EMA = +0.7570 | std(g_L) = 0.8523 | grad = 0.7889
step   1140 | loss = +0.0162 | mean(g_L) = +0.8541 | EMA = +0.7866 | std(g_L) = 0.7617 | grad = 0.4488
step   1160 | loss = +0.1079 | mean(g_L) = +0.8935 | EMA = +0.7775 | std(g_L) = 0.8171 | grad = 0.5964
step   1180 | loss = +0.1822 | mean(g_L) = +0.7476 | EMA = +0.7607 | std(g_L) = 0.7873 | grad = 0.5332
step   1200 | loss = +0.4184 | mean(g_L) = +0.6665 | EMA = +0.7636 | std(g_L) = 0.8505 | grad = 0.9890
step   1220 | loss = +0.3380 | mean(g_L) = +0.5992 | EMA = +0.7655 | std(g_L) = 0.7905 | grad = 0.7154
step   1240 | loss = -0.0337 | mean(g_L) = +0.7045 | EMA = +0.7537 | std(g_L) = 0.6687 | grad = 0.6508
step   1260 | loss = +0.2192 | mean(g_L) = +0.8086 | EMA = +0.7558 | std(g_L) = 0.8277 | grad = 0.5533
step   1280 | loss = +0.0490 | mean(g_L) = +0.8005 | EMA = +0.7599 | std(g_L) = 0.7526 | grad = 0.7758
step   1300 | loss = +0.4289 | mean(g_L) = +0.8475 | EMA = +0.7648 | std(g_L) = 0.9225 | grad = 1.2582
step   1320 | loss = +0.2568 | mean(g_L) = +0.7199 | EMA = +0.7367 | std(g_L) = 0.8069 | grad = 0.8147
step   1340 | loss = +0.2154 | mean(g_L) = +0.7670 | EMA = +0.7469 | std(g_L) = 0.8093 | grad = 0.6975
step   1360 | loss = +0.2353 | mean(g_L) = +0.6790 | EMA = +0.7574 | std(g_L) = 0.7808 | grad = 0.6091
step   1380 | loss = +0.1567 | mean(g_L) = +0.7973 | EMA = +0.7505 | std(g_L) = 0.7975 | grad = 0.7046
step   1400 | loss = +0.0778 | mean(g_L) = +0.8019 | EMA = +0.7507 | std(g_L) = 0.7658 | grad = 0.2991
step   1420 | loss = +0.0942 | mean(g_L) = +0.8332 | EMA = +0.7593 | std(g_L) = 0.7863 | grad = 0.8238
step   1440 | loss = +0.3761 | mean(g_L) = +0.7301 | EMA = +0.7544 | std(g_L) = 0.8588 | grad = 0.7973
step   1460 | loss = +0.0252 | mean(g_L) = +0.7657 | EMA = +0.7547 | std(g_L) = 0.7261 | grad = 0.2754
step   1480 | loss = -0.0320 | mean(g_L) = +0.7041 | EMA = +0.7682 | std(g_L) = 0.6694 | grad = 0.4503
step   1500 | loss = +0.1010 | mean(g_L) = +0.7475 | EMA = +0.7660 | std(g_L) = 0.7521 | grad = 0.7821
step   1520 | loss = +0.1618 | mean(g_L) = +0.6209 | EMA = +0.7602 | std(g_L) = 0.7223 | grad = 0.5129
step   1540 | loss = +0.1375 | mean(g_L) = +0.6868 | EMA = +0.7632 | std(g_L) = 0.7413 | grad = 0.3597
step   1560 | loss = +0.1591 | mean(g_L) = +0.6492 | EMA = +0.7531 | std(g_L) = 0.7341 | grad = 0.3883
step   1580 | loss = -0.0128 | mean(g_L) = +0.7079 | EMA = +0.7574 | std(g_L) = 0.6807 | grad = 0.2812
step   1600 | loss = +0.2882 | mean(g_L) = +0.7303 | EMA = +0.7763 | std(g_L) = 0.8240 | grad = 1.0349
step   1620 | loss = +0.0762 | mean(g_L) = +0.7008 | EMA = +0.7712 | std(g_L) = 0.7197 | grad = 0.5818
step   1640 | loss = +0.0930 | mean(g_L) = +0.7881 | EMA = +0.7655 | std(g_L) = 0.7664 | grad = 0.2916
step   1660 | loss = +0.1049 | mean(g_L) = +0.7472 | EMA = +0.7577 | std(g_L) = 0.7537 | grad = 0.4015
step   1680 | loss = +0.1670 | mean(g_L) = +0.8506 | EMA = +0.7687 | std(g_L) = 0.8237 | grad = 0.6566
step   1700 | loss = +0.3046 | mean(g_L) = +0.7729 | EMA = +0.7489 | std(g_L) = 0.8476 | grad = 1.0129
step   1720 | loss = +0.0856 | mean(g_L) = +0.7176 | EMA = +0.7691 | std(g_L) = 0.7318 | grad = 0.4223
step   1740 | loss = -0.0745 | mean(g_L) = +0.8389 | EMA = +0.7607 | std(g_L) = 0.7139 | grad = 0.4245
step   1760 | loss = +0.1531 | mean(g_L) = +0.7741 | EMA = +0.7632 | std(g_L) = 0.7862 | grad = 0.7402
step   1780 | loss = +0.2963 | mean(g_L) = +0.7319 | EMA = +0.7591 | std(g_L) = 0.8279 | grad = 0.8261
step   1800 | loss = +0.3194 | mean(g_L) = +0.7124 | EMA = +0.7689 | std(g_L) = 0.8294 | grad = 2.2782
step   1820 | loss = +0.0175 | mean(g_L) = +0.8020 | EMA = +0.7549 | std(g_L) = 0.7392 | grad = 0.7494
step   1840 | loss = +0.0761 | mean(g_L) = +0.7809 | EMA = +0.7523 | std(g_L) = 0.7559 | grad = 0.8315
step   1860 | loss = +0.2052 | mean(g_L) = +0.7008 | EMA = +0.7618 | std(g_L) = 0.7772 | grad = 0.3988
step   1880 | loss = +0.1344 | mean(g_L) = +0.8060 | EMA = +0.7842 | std(g_L) = 0.7918 | grad = 0.4054
step   1900 | loss = +0.1422 | mean(g_L) = +0.7634 | EMA = +0.7651 | std(g_L) = 0.7770 | grad = 0.5578
step   1920 | loss = -0.1797 | mean(g_L) = +0.7434 | EMA = +0.7393 | std(g_L) = 0.6130 | grad = 0.6286
step   1940 | loss = +0.2154 | mean(g_L) = +0.7663 | EMA = +0.7437 | std(g_L) = 0.8090 | grad = 0.3162
step   1960 | loss = +0.2514 | mean(g_L) = +0.7382 | EMA = +0.7518 | std(g_L) = 0.8122 | grad = 0.7276
step   1980 | loss = +0.0874 | mean(g_L) = +0.8045 | EMA = +0.7485 | std(g_L) = 0.7711 | grad = 0.4298
step   2000 | loss = +0.0462 | mean(g_L) = +0.6899 | EMA = +0.7641 | std(g_L) = 0.7005 | grad = 0.5340
step   2020 | loss = +0.1059 | mean(g_L) = +0.8022 | EMA = +0.7702 | std(g_L) = 0.7780 | grad = 0.8784
step   2040 | loss = +0.3196 | mean(g_L) = +0.8202 | EMA = +0.7780 | std(g_L) = 0.8717 | grad = 0.9300
step   2060 | loss = +0.2503 | mean(g_L) = +0.7398 | EMA = +0.7724 | std(g_L) = 0.8124 | grad = 0.6277
step   2080 | loss = -0.0685 | mean(g_L) = +0.6990 | EMA = +0.7684 | std(g_L) = 0.6484 | grad = 0.8529
step   2100 | loss = +0.2044 | mean(g_L) = +0.7830 | EMA = +0.7766 | std(g_L) = 0.8113 | grad = 0.9081
step   2120 | loss = -0.0901 | mean(g_L) = +0.8609 | EMA = +0.7697 | std(g_L) = 0.7168 | grad = 0.6001
step   2140 | loss = +0.1412 | mean(g_L) = +0.8207 | EMA = +0.7762 | std(g_L) = 0.8008 | grad = 0.6013
step   2160 | loss = +0.1962 | mean(g_L) = +0.7429 | EMA = +0.7588 | std(g_L) = 0.7913 | grad = 0.5293
step   2180 | loss = +0.4757 | mean(g_L) = +0.7529 | EMA = +0.7699 | std(g_L) = 0.9050 | grad = 1.4139
step   2200 | loss = +0.2916 | mean(g_L) = +0.7147 | EMA = +0.7719 | std(g_L) = 0.8191 | grad = 0.9025
step   2220 | loss = +0.1796 | mean(g_L) = +0.7759 | EMA = +0.7648 | std(g_L) = 0.7981 | grad = 0.4974
step   2240 | loss = +0.6724 | mean(g_L) = +0.7358 | EMA = +0.7555 | std(g_L) = 0.9689 | grad = 0.4823
step   2260 | loss = -0.0008 | mean(g_L) = +0.7494 | EMA = +0.7507 | std(g_L) = 0.7065 | grad = 0.5814
step   2280 | loss = +0.1305 | mean(g_L) = +0.6678 | EMA = +0.7386 | std(g_L) = 0.7295 | grad = 0.2977
step   2300 | loss = +0.1653 | mean(g_L) = +0.7295 | EMA = +0.7393 | std(g_L) = 0.7724 | grad = 0.5665
step   2320 | loss = +0.1819 | mean(g_L) = +0.7863 | EMA = +0.7633 | std(g_L) = 0.8034 | grad = 0.7183
step   2340 | loss = +0.1076 | mean(g_L) = +0.6975 | EMA = +0.7599 | std(g_L) = 0.7326 | grad = 0.7832
step   2360 | loss = +0.1616 | mean(g_L) = +0.7168 | EMA = +0.7455 | std(g_L) = 0.7652 | grad = 0.5946
step   2380 | loss = +0.2067 | mean(g_L) = +0.7668 | EMA = +0.7428 | std(g_L) = 0.8056 | grad = 0.9483
step   2400 | loss = +0.0916 | mean(g_L) = +0.8295 | EMA = +0.7470 | std(g_L) = 0.7836 | grad = 0.6791
step   2420 | loss = +0.1060 | mean(g_L) = +0.8242 | EMA = +0.7485 | std(g_L) = 0.7875 | grad = 1.0412
step   2440 | loss = +0.3496 | mean(g_L) = +0.6999 | EMA = +0.7320 | std(g_L) = 0.8365 | grad = 1.6720
step   2460 | loss = +0.1021 | mean(g_L) = +0.7567 | EMA = +0.7574 | std(g_L) = 0.7567 | grad = 0.5276
step   2480 | loss = +0.2060 | mean(g_L) = +0.7871 | EMA = +0.7631 | std(g_L) = 0.8137 | grad = 1.0915
step   2500 | loss = +0.0863 | mean(g_L) = +0.7844 | EMA = +0.7465 | std(g_L) = 0.7619 | grad = 0.5037
step   2520 | loss = +0.2524 | mean(g_L) = +0.7558 | EMA = +0.7481 | std(g_L) = 0.8198 | grad = 0.7243
step   2540 | loss = +0.4542 | mean(g_L) = +0.6845 | EMA = +0.7444 | std(g_L) = 0.8713 | grad = 0.9516
step   2560 | loss = +0.1814 | mean(g_L) = +0.7155 | EMA = +0.7403 | std(g_L) = 0.7733 | grad = 0.6841
step   2580 | loss = -0.0538 | mean(g_L) = +0.8943 | EMA = +0.7520 | std(g_L) = 0.7485 | grad = 0.6334
step   2600 | loss = +0.2104 | mean(g_L) = +0.7529 | EMA = +0.7418 | std(g_L) = 0.8014 | grad = 1.0283
step   2620 | loss = +0.0064 | mean(g_L) = +0.8064 | EMA = +0.7739 | std(g_L) = 0.7361 | grad = 0.5922
step   2640 | loss = +0.1803 | mean(g_L) = +0.7417 | EMA = +0.7646 | std(g_L) = 0.7840 | grad = 0.8008
step   2660 | loss = +0.0768 | mean(g_L) = +0.8148 | EMA = +0.7548 | std(g_L) = 0.7710 | grad = 0.4500
step   2680 | loss = +0.4467 | mean(g_L) = +0.7889 | EMA = +0.7484 | std(g_L) = 0.9076 | grad = 0.7776
step   2700 | loss = +0.3654 | mean(g_L) = +0.7776 | EMA = +0.7667 | std(g_L) = 0.8729 | grad = 2.2267
step   2720 | loss = +0.1354 | mean(g_L) = +0.7545 | EMA = +0.7779 | std(g_L) = 0.7703 | grad = 0.5813
step   2740 | loss = +0.1760 | mean(g_L) = +0.8067 | EMA = +0.7715 | std(g_L) = 0.8094 | grad = 0.7662
step   2760 | loss = +0.3048 | mean(g_L) = +0.8329 | EMA = +0.7582 | std(g_L) = 0.8709 | grad = 1.3896
step   2780 | loss = +0.1098 | mean(g_L) = +0.7831 | EMA = +0.7641 | std(g_L) = 0.7715 | grad = 0.7633
step   2800 | loss = -0.0694 | mean(g_L) = +0.7354 | EMA = +0.7716 | std(g_L) = 0.6663 | grad = 0.8639
step   2820 | loss = +0.1344 | mean(g_L) = +0.7716 | EMA = +0.7586 | std(g_L) = 0.7772 | grad = 0.6670
step   2840 | loss = +0.0254 | mean(g_L) = +0.8308 | EMA = +0.7615 | std(g_L) = 0.7555 | grad = 0.5565
step   2860 | loss = +0.4556 | mean(g_L) = +0.7455 | EMA = +0.7583 | std(g_L) = 0.8948 | grad = 0.9485
step   2880 | loss = +0.2013 | mean(g_L) = +0.7438 | EMA = +0.7805 | std(g_L) = 0.7938 | grad = 1.5531
step   2900 | loss = +0.2198 | mean(g_L) = +0.7908 | EMA = +0.7628 | std(g_L) = 0.8208 | grad = 0.6063
step   2920 | loss = +0.1532 | mean(g_L) = +0.7485 | EMA = +0.7594 | std(g_L) = 0.7753 | grad = 0.6957
step   2940 | loss = +0.3201 | mean(g_L) = +0.7697 | EMA = +0.7572 | std(g_L) = 0.8524 | grad = 0.6143
step   2960 | loss = -0.0256 | mean(g_L) = +0.9583 | EMA = +0.7846 | std(g_L) = 0.7885 | grad = 0.6670
step   2980 | loss = -0.0256 | mean(g_L) = +0.8271 | EMA = +0.7942 | std(g_L) = 0.7310 | grad = 0.9490
step   3000 | loss = -0.0519 | mean(g_L) = +0.7535 | EMA = +0.7738 | std(g_L) = 0.6839 | grad = 0.3951
step   3020 | loss = +0.1582 | mean(g_L) = +0.7845 | EMA = +0.7657 | std(g_L) = 0.7928 | grad = 0.6563
step   3040 | loss = +0.0590 | mean(g_L) = +0.7760 | EMA = +0.7836 | std(g_L) = 0.7461 | grad = 0.6136
step   3060 | loss = -0.0969 | mean(g_L) = +0.7708 | EMA = +0.7679 | std(g_L) = 0.6703 | grad = 0.4665
step   3080 | loss = +0.1749 | mean(g_L) = +0.7551 | EMA = +0.7610 | std(g_L) = 0.7874 | grad = 1.4256
step   3100 | loss = +0.1047 | mean(g_L) = +0.7809 | EMA = +0.7680 | std(g_L) = 0.7684 | grad = 0.5810
step   3120 | loss = +0.5120 | mean(g_L) = +0.7383 | EMA = +0.7490 | std(g_L) = 0.9130 | grad = 0.5297
step   3140 | loss = +0.0463 | mean(g_L) = +0.7137 | EMA = +0.7302 | std(g_L) = 0.7118 | grad = 0.7168
step   3160 | loss = +0.3423 | mean(g_L) = +0.6948 | EMA = +0.7338 | std(g_L) = 0.8315 | grad = 0.6739
step   3180 | loss = +0.4215 | mean(g_L) = +0.9267 | EMA = +0.7523 | std(g_L) = 0.9480 | grad = 0.8860
step   3200 | loss = +0.1498 | mean(g_L) = +0.7163 | EMA = +0.7485 | std(g_L) = 0.7599 | grad = 0.3725
step   3220 | loss = +0.4322 | mean(g_L) = +0.7358 | EMA = +0.7541 | std(g_L) = 0.8824 | grad = 1.1109
step   3240 | loss = +0.2183 | mean(g_L) = +0.8108 | EMA = +0.7644 | std(g_L) = 0.8283 | grad = 0.6797
step   3260 | loss = +0.1832 | mean(g_L) = +0.7492 | EMA = +0.7600 | std(g_L) = 0.7884 | grad = 0.5596
step   3280 | loss = -0.0077 | mean(g_L) = +0.7765 | EMA = +0.7743 | std(g_L) = 0.7159 | grad = 0.6241
step   3300 | loss = +0.4430 | mean(g_L) = +0.6115 | EMA = +0.7571 | std(g_L) = 0.8385 | grad = 1.6103
step   3320 | loss = -0.0332 | mean(g_L) = +0.8190 | EMA = +0.7652 | std(g_L) = 0.7238 | grad = 0.5187
step   3340 | loss = +0.0591 | mean(g_L) = +0.8686 | EMA = +0.7658 | std(g_L) = 0.7864 | grad = 0.7196
step   3360 | loss = +0.3207 | mean(g_L) = +0.6923 | EMA = +0.7513 | std(g_L) = 0.8218 | grad = 2.3823
step   3380 | loss = +0.0244 | mean(g_L) = +0.8284 | EMA = +0.7497 | std(g_L) = 0.7540 | grad = 0.2506
step   3400 | loss = +0.3738 | mean(g_L) = +0.6965 | EMA = +0.7519 | std(g_L) = 0.8447 | grad = 1.2511
step   3420 | loss = +0.2695 | mean(g_L) = +0.8836 | EMA = +0.7505 | std(g_L) = 0.8768 | grad = 1.7187
step   3440 | loss = -0.0325 | mean(g_L) = +0.7926 | EMA = +0.7640 | std(g_L) = 0.7118 | grad = 0.4199
step   3460 | loss = +0.3010 | mean(g_L) = +0.6987 | EMA = +0.7661 | std(g_L) = 0.8164 | grad = 0.3606
step   3480 | loss = +0.0391 | mean(g_L) = +0.6978 | EMA = +0.7688 | std(g_L) = 0.7009 | grad = 0.6264
step   3500 | loss = +0.2203 | mean(g_L) = +0.7068 | EMA = +0.7620 | std(g_L) = 0.7862 | grad = 0.4801
step   3520 | loss = +0.0894 | mean(g_L) = +0.7451 | EMA = +0.7720 | std(g_L) = 0.7459 | grad = 0.3473
step   3540 | loss = +0.4967 | mean(g_L) = +0.7135 | EMA = +0.7716 | std(g_L) = 0.8982 | grad = 0.5882
step   3560 | loss = +0.0635 | mean(g_L) = +0.6634 | EMA = +0.7634 | std(g_L) = 0.6961 | grad = 0.3422
step   3580 | loss = +0.1059 | mean(g_L) = +0.8260 | EMA = +0.7727 | std(g_L) = 0.7882 | grad = 0.9598
step   3600 | loss = +0.1168 | mean(g_L) = +0.6607 | EMA = +0.7625 | std(g_L) = 0.7200 | grad = 0.3592
step   3620 | loss = +0.0320 | mean(g_L) = +0.8560 | EMA = +0.7582 | std(g_L) = 0.7694 | grad = 0.2146
step   3640 | loss = +0.3391 | mean(g_L) = +0.6774 | EMA = +0.7541 | std(g_L) = 0.8232 | grad = 1.2015
step   3660 | loss = +0.1444 | mean(g_L) = +0.7446 | EMA = +0.7588 | std(g_L) = 0.7698 | grad = 1.6631
step   3680 | loss = +0.3375 | mean(g_L) = +0.7099 | EMA = +0.7604 | std(g_L) = 0.8356 | grad = 0.4875
step   3700 | loss = -0.1022 | mean(g_L) = +0.8059 | EMA = +0.7655 | std(g_L) = 0.6849 | grad = 0.4607
step   3720 | loss = -0.0258 | mean(g_L) = +0.8072 | EMA = +0.7567 | std(g_L) = 0.7217 | grad = 0.4146
step   3740 | loss = +0.0550 | mean(g_L) = +0.8610 | EMA = +0.7674 | std(g_L) = 0.7815 | grad = 0.3478
step   3760 | loss = +0.2349 | mean(g_L) = +0.6937 | EMA = +0.7665 | std(g_L) = 0.7868 | grad = 0.4038
step   3780 | loss = -0.0724 | mean(g_L) = +0.7250 | EMA = +0.7624 | std(g_L) = 0.6596 | grad = 0.5752
step   3800 | loss = +0.2784 | mean(g_L) = +0.8005 | EMA = +0.7657 | std(g_L) = 0.8481 | grad = 0.2875
step   3820 | loss = +0.0105 | mean(g_L) = +0.7686 | EMA = +0.7657 | std(g_L) = 0.7207 | grad = 0.6247
step   3840 | loss = +0.1630 | mean(g_L) = +0.7098 | EMA = +0.7585 | std(g_L) = 0.7628 | grad = 0.7835
step   3860 | loss = +0.1857 | mean(g_L) = +0.7550 | EMA = +0.7597 | std(g_L) = 0.7919 | grad = 0.7838
step   3880 | loss = +0.2544 | mean(g_L) = +0.7791 | EMA = +0.7503 | std(g_L) = 0.8301 | grad = 0.8115
step   3900 | loss = +0.0062 | mean(g_L) = +0.8718 | EMA = +0.7764 | std(g_L) = 0.7651 | grad = 0.2248
step   3920 | loss = +0.2772 | mean(g_L) = +0.7180 | EMA = +0.7741 | std(g_L) = 0.8145 | grad = 0.5540
step   3940 | loss = +0.0591 | mean(g_L) = +0.7699 | EMA = +0.7683 | std(g_L) = 0.7434 | grad = 0.7942
step   3960 | loss = +0.4852 | mean(g_L) = +0.7648 | EMA = +0.7839 | std(g_L) = 0.9129 | grad = 1.4084
step   3980 | loss = +0.0861 | mean(g_L) = +0.6863 | EMA = +0.7777 | std(g_L) = 0.7176 | grad = 0.6004
step   4000 | loss = +0.0032 | mean(g_L) = +0.7709 | EMA = +0.7906 | std(g_L) = 0.7183 | grad = 0.5107
step   4020 | loss = +0.0673 | mean(g_L) = +0.7464 | EMA = +0.7651 | std(g_L) = 0.7365 | grad = 0.6273
step   4040 | loss = +0.0735 | mean(g_L) = +0.7313 | EMA = +0.7748 | std(g_L) = 0.7325 | grad = 0.2286
step   4060 | loss = +0.1163 | mean(g_L) = +0.8401 | EMA = +0.7622 | std(g_L) = 0.7985 | grad = 0.3578
step   4080 | loss = +0.3667 | mean(g_L) = +0.8698 | EMA = +0.7861 | std(g_L) = 0.9079 | grad = 1.3227
step   4100 | loss = +0.5534 | mean(g_L) = +0.6600 | EMA = +0.7738 | std(g_L) = 0.8994 | grad = 0.9397
step   4120 | loss = +0.2414 | mean(g_L) = +0.7385 | EMA = +0.7715 | std(g_L) = 0.8082 | grad = 0.5392
step   4140 | loss = +0.2341 | mean(g_L) = +0.8106 | EMA = +0.7784 | std(g_L) = 0.8346 | grad = 0.3905
step   4160 | loss = +0.3001 | mean(g_L) = +0.6725 | EMA = +0.7591 | std(g_L) = 0.8053 | grad = 1.4609
step   4180 | loss = +0.0475 | mean(g_L) = +0.7971 | EMA = +0.7732 | std(g_L) = 0.7504 | grad = 0.6137
step   4200 | loss = +0.4987 | mean(g_L) = +0.7393 | EMA = +0.7784 | std(g_L) = 0.9085 | grad = 0.8850
step   4220 | loss = +0.0870 | mean(g_L) = +0.7213 | EMA = +0.7841 | std(g_L) = 0.7341 | grad = 0.8660
step   4240 | loss = -0.1635 | mean(g_L) = +0.8638 | EMA = +0.7874 | std(g_L) = 0.6832 | grad = 0.4949
step   4260 | loss = +0.1924 | mean(g_L) = +0.7476 | EMA = +0.7875 | std(g_L) = 0.7916 | grad = 0.4888
step   4280 | loss = +0.0736 | mean(g_L) = +0.7598 | EMA = +0.7768 | std(g_L) = 0.7454 | grad = 0.8254
step   4300 | loss = +0.4437 | mean(g_L) = +0.7925 | EMA = +0.7643 | std(g_L) = 0.9078 | grad = 0.8820
step   4320 | loss = +0.0117 | mean(g_L) = +0.7983 | EMA = +0.7680 | std(g_L) = 0.7348 | grad = 0.7381
step   4340 | loss = +0.1424 | mean(g_L) = +0.8874 | EMA = +0.7806 | std(g_L) = 0.8286 | grad = 0.4982
step   4360 | loss = +0.6208 | mean(g_L) = +0.8289 | EMA = +0.7719 | std(g_L) = 0.9831 | grad = 1.5535
step   4380 | loss = +0.3200 | mean(g_L) = +0.8324 | EMA = +0.7542 | std(g_L) = 0.8765 | grad = 0.7049
step   4400 | loss = +0.2171 | mean(g_L) = +0.8255 | EMA = +0.7757 | std(g_L) = 0.8337 | grad = 1.5837
step   4420 | loss = +0.0260 | mean(g_L) = +0.8106 | EMA = +0.7637 | std(g_L) = 0.7468 | grad = 0.8361
step   4440 | loss = -0.0902 | mean(g_L) = +0.7905 | EMA = +0.7732 | std(g_L) = 0.6833 | grad = 0.6202
step   4460 | loss = +0.0769 | mean(g_L) = +0.7365 | EMA = +0.7505 | std(g_L) = 0.7364 | grad = 0.2620
step   4480 | loss = +0.2038 | mean(g_L) = +0.7082 | EMA = +0.7591 | std(g_L) = 0.7798 | grad = 0.5467
step   4500 | loss = +0.0025 | mean(g_L) = +0.9053 | EMA = +0.7721 | std(g_L) = 0.7780 | grad = 0.3003
step   4520 | loss = +0.3331 | mean(g_L) = +0.6877 | EMA = +0.7409 | std(g_L) = 0.8249 | grad = 0.6077
step   4540 | loss = +0.3122 | mean(g_L) = +0.6922 | EMA = +0.7732 | std(g_L) = 0.8183 | grad = 1.1630
step   4560 | loss = +0.0908 | mean(g_L) = +0.7923 | EMA = +0.7746 | std(g_L) = 0.7673 | grad = 0.6367
step   4580 | loss = +0.1264 | mean(g_L) = +0.6825 | EMA = +0.7795 | std(g_L) = 0.7343 | grad = 0.7324
step   4600 | loss = +0.4323 | mean(g_L) = +0.7013 | EMA = +0.7665 | std(g_L) = 0.8693 | grad = 1.1495
step   4620 | loss = +0.4233 | mean(g_L) = +0.7624 | EMA = +0.7636 | std(g_L) = 0.8891 | grad = 0.7498
step   4640 | loss = -0.0262 | mean(g_L) = +0.8536 | EMA = +0.7884 | std(g_L) = 0.7427 | grad = 0.5305
step   4660 | loss = -0.0822 | mean(g_L) = +0.6494 | EMA = +0.7663 | std(g_L) = 0.6149 | grad = 0.3329
step   4680 | loss = +0.3837 | mean(g_L) = +0.8323 | EMA = +0.7958 | std(g_L) = 0.9004 | grad = 0.5369
step   4700 | loss = +0.0027 | mean(g_L) = +0.8925 | EMA = +0.7941 | std(g_L) = 0.7725 | grad = 0.4143
step   4720 | loss = +0.2867 | mean(g_L) = +0.7270 | EMA = +0.7811 | std(g_L) = 0.8221 | grad = 0.9482
step   4740 | loss = +0.1882 | mean(g_L) = +0.7175 | EMA = +0.7699 | std(g_L) = 0.7771 | grad = 0.6801
step   4760 | loss = +0.1986 | mean(g_L) = +0.7510 | EMA = +0.7638 | std(g_L) = 0.7957 | grad = 1.6311
step   4780 | loss = -0.0929 | mean(g_L) = +0.8614 | EMA = +0.7832 | std(g_L) = 0.7157 | grad = 0.3864
step   4800 | loss = +0.1433 | mean(g_L) = +0.8596 | EMA = +0.7723 | std(g_L) = 0.8177 | grad = 0.6529
step   4820 | loss = +0.7222 | mean(g_L) = +0.5775 | EMA = +0.7676 | std(g_L) = 0.9309 | grad = 0.6302
step   4840 | loss = +0.2104 | mean(g_L) = +0.8408 | EMA = +0.7737 | std(g_L) = 0.8371 | grad = 0.6756
step   4860 | loss = +0.4966 | mean(g_L) = +0.6532 | EMA = +0.7641 | std(g_L) = 0.8755 | grad = 2.0818
step   4880 | loss = +0.0652 | mean(g_L) = +0.8045 | EMA = +0.7558 | std(g_L) = 0.7615 | grad = 0.5382
step   4900 | loss = +0.0204 | mean(g_L) = +0.8077 | EMA = +0.7702 | std(g_L) = 0.7430 | grad = 1.0762
step   4920 | loss = -0.2120 | mean(g_L) = +0.9489 | EMA = +0.7773 | std(g_L) = 0.7009 | grad = 0.6557
step   4940 | loss = +0.5623 | mean(g_L) = +0.6718 | EMA = +0.7759 | std(g_L) = 0.9070 | grad = 1.2096
step   4960 | loss = +0.2246 | mean(g_L) = +0.6656 | EMA = +0.7702 | std(g_L) = 0.7704 | grad = 0.8573
step   4980 | loss = +0.1420 | mean(g_L) = +0.6286 | EMA = +0.7798 | std(g_L) = 0.7167 | grad = 0.4559
step   5000 | loss = +0.0421 | mean(g_L) = +0.7534 | EMA = +0.7720 | std(g_L) = 0.7282 | grad = 0.3494
step   5020 | loss = -0.0620 | mean(g_L) = +0.7710 | EMA = +0.7844 | std(g_L) = 0.6875 | grad = 0.3973
step   5040 | loss = -0.0494 | mean(g_L) = +0.8371 | EMA = +0.7771 | std(g_L) = 0.7246 | grad = 0.8142
step   5060 | loss = +0.1308 | mean(g_L) = +0.8181 | EMA = +0.7626 | std(g_L) = 0.7954 | grad = 0.8435
step   5080 | loss = +0.1947 | mean(g_L) = +0.7213 | EMA = +0.7615 | std(g_L) = 0.7814 | grad = 0.7841
step   5100 | loss = +0.2079 | mean(g_L) = +0.7605 | EMA = +0.7552 | std(g_L) = 0.8035 | grad = 1.6420
step   5120 | loss = +0.2136 | mean(g_L) = +0.7989 | EMA = +0.7645 | std(g_L) = 0.8216 | grad = 0.4996
step   5140 | loss = +0.1230 | mean(g_L) = +0.6924 | EMA = +0.7574 | std(g_L) = 0.7373 | grad = 0.5089
step   5160 | loss = -0.0032 | mean(g_L) = +0.7712 | EMA = +0.7575 | std(g_L) = 0.7156 | grad = 1.1282
step   5180 | loss = -0.0444 | mean(g_L) = +0.7173 | EMA = +0.7551 | std(g_L) = 0.6698 | grad = 0.4408
step   5200 | loss = +0.0533 | mean(g_L) = +0.8283 | EMA = +0.7663 | std(g_L) = 0.7667 | grad = 0.5058
step   5220 | loss = -0.0440 | mean(g_L) = +0.7941 | EMA = +0.7726 | std(g_L) = 0.7072 | grad = 0.4752
step   5240 | loss = +0.1322 | mean(g_L) = +0.8088 | EMA = +0.7943 | std(g_L) = 0.7920 | grad = 1.6444
step   5260 | loss = +0.0402 | mean(g_L) = +0.8752 | EMA = +0.7794 | std(g_L) = 0.7812 | grad = 0.3714
step   5280 | loss = +0.2409 | mean(g_L) = +0.7189 | EMA = +0.7755 | std(g_L) = 0.7999 | grad = 0.5308
step   5300 | loss = -0.0668 | mean(g_L) = +0.7678 | EMA = +0.7783 | std(g_L) = 0.6836 | grad = 0.6641
step   5320 | loss = -0.0175 | mean(g_L) = +0.7904 | EMA = +0.7876 | std(g_L) = 0.7178 | grad = 0.6588
step   5340 | loss = +0.5805 | mean(g_L) = +0.7852 | EMA = +0.7856 | std(g_L) = 0.9542 | grad = 3.1021
step   5360 | loss = +0.0342 | mean(g_L) = +0.7881 | EMA = +0.7877 | std(g_L) = 0.7404 | grad = 0.5651
step   5380 | loss = +0.3146 | mean(g_L) = +0.6702 | EMA = +0.7830 | std(g_L) = 0.8103 | grad = 0.6227
step   5400 | loss = -0.0191 | mean(g_L) = +0.8114 | EMA = +0.7802 | std(g_L) = 0.7268 | grad = 0.3744
step   5420 | loss = +0.1163 | mean(g_L) = +0.7912 | EMA = +0.7910 | std(g_L) = 0.7778 | grad = 0.9633
step   5440 | loss = +0.4597 | mean(g_L) = +0.7130 | EMA = +0.7743 | std(g_L) = 0.8842 | grad = 1.6196
step   5460 | loss = +0.2073 | mean(g_L) = +0.7299 | EMA = +0.7798 | std(g_L) = 0.7904 | grad = 0.5996
step   5480 | loss = +0.1445 | mean(g_L) = +0.7220 | EMA = +0.7919 | std(g_L) = 0.7600 | grad = 0.8228
step   5500 | loss = +0.0902 | mean(g_L) = +0.6656 | EMA = +0.7771 | std(g_L) = 0.7098 | grad = 0.8949
step   5520 | loss = -0.1413 | mean(g_L) = +0.8126 | EMA = +0.7722 | std(g_L) = 0.6690 | grad = 0.4803
step   5540 | loss = +0.2587 | mean(g_L) = +0.8319 | EMA = +0.7793 | std(g_L) = 0.8527 | grad = 1.5396
step   5560 | loss = +0.0028 | mean(g_L) = +0.8280 | EMA = +0.7726 | std(g_L) = 0.7442 | grad = 0.2402
step   5580 | loss = -0.0213 | mean(g_L) = +0.9056 | EMA = +0.7853 | std(g_L) = 0.7678 | grad = 0.4542
step   5600 | loss = +0.7302 | mean(g_L) = +0.6526 | EMA = +0.7768 | std(g_L) = 0.9601 | grad = 0.8297
step   5620 | loss = +0.2880 | mean(g_L) = +0.7507 | EMA = +0.7555 | std(g_L) = 0.8321 | grad = 0.8144
step   5640 | loss = +0.4012 | mean(g_L) = +0.7375 | EMA = +0.7600 | std(g_L) = 0.8713 | grad = 0.5818
step   5660 | loss = +0.0592 | mean(g_L) = +0.6835 | EMA = +0.7608 | std(g_L) = 0.7037 | grad = 0.4588
step   5680 | loss = +0.2177 | mean(g_L) = +0.7385 | EMA = +0.7605 | std(g_L) = 0.7984 | grad = 0.3803
step   5700 | loss = -0.0599 | mean(g_L) = +0.7631 | EMA = +0.7536 | std(g_L) = 0.6847 | grad = 0.4036
step   5720 | loss = +0.2486 | mean(g_L) = +0.7379 | EMA = +0.7657 | std(g_L) = 0.8110 | grad = 2.0019
step   5740 | loss = +0.1145 | mean(g_L) = +0.8157 | EMA = +0.7629 | std(g_L) = 0.7875 | grad = 0.4517
step   5760 | loss = +0.1048 | mean(g_L) = +0.8003 | EMA = +0.7802 | std(g_L) = 0.7768 | grad = 0.3926
step   5780 | loss = +0.0540 | mean(g_L) = +0.8201 | EMA = +0.7772 | std(g_L) = 0.7633 | grad = 0.6534
step   5800 | loss = +0.0572 | mean(g_L) = +0.8078 | EMA = +0.7761 | std(g_L) = 0.7594 | grad = 0.5232
step   5820 | loss = +0.1732 | mean(g_L) = +0.8032 | EMA = +0.7566 | std(g_L) = 0.8068 | grad = 0.4478
step   5840 | loss = +0.2413 | mean(g_L) = +0.7848 | EMA = +0.7853 | std(g_L) = 0.8271 | grad = 0.9495
step   5860 | loss = -0.0800 | mean(g_L) = +0.8180 | EMA = +0.7615 | std(g_L) = 0.7015 | grad = 0.4736
step   5880 | loss = +0.3292 | mean(g_L) = +0.6640 | EMA = +0.7719 | std(g_L) = 0.8137 | grad = 0.4041
step   5900 | loss = -0.0068 | mean(g_L) = +0.8006 | EMA = +0.7806 | std(g_L) = 0.7274 | grad = 0.3006
step   5920 | loss = +0.0651 | mean(g_L) = +0.7963 | EMA = +0.7740 | std(g_L) = 0.7578 | grad = 0.4865
step   5940 | loss = +0.3901 | mean(g_L) = +0.9239 | EMA = +0.7737 | std(g_L) = 0.9360 | grad = 1.1172
step   5960 | loss = -0.0753 | mean(g_L) = +0.7634 | EMA = +0.7766 | std(g_L) = 0.6773 | grad = 0.3163
step   5980 | loss = -0.0181 | mean(g_L) = +0.7956 | EMA = +0.7909 | std(g_L) = 0.7200 | grad = 0.5100
step   6000 | loss = +0.0165 | mean(g_L) = +0.7772 | EMA = +0.7820 | std(g_L) = 0.7274 | grad = 0.4554
step   6020 | loss = +0.2096 | mean(g_L) = +0.7488 | EMA = +0.7820 | std(g_L) = 0.7994 | grad = 0.7747
step   6040 | loss = +0.1789 | mean(g_L) = +0.7561 | EMA = +0.7782 | std(g_L) = 0.7895 | grad = 0.7418
step   6060 | loss = +0.2469 | mean(g_L) = +0.7838 | EMA = +0.7778 | std(g_L) = 0.8290 | grad = 0.5746
step   6080 | loss = +0.1727 | mean(g_L) = +0.7250 | EMA = +0.7746 | std(g_L) = 0.7736 | grad = 0.5220
step   6100 | loss = +0.0934 | mean(g_L) = +0.7947 | EMA = +0.7574 | std(g_L) = 0.7695 | grad = 0.3005
step   6120 | loss = +0.4494 | mean(g_L) = +0.6995 | EMA = +0.7529 | std(g_L) = 0.8752 | grad = 1.3958
step   6140 | loss = +0.0298 | mean(g_L) = +0.8225 | EMA = +0.7593 | std(g_L) = 0.7538 | grad = 0.4607
step   6160 | loss = -0.0276 | mean(g_L) = +0.8018 | EMA = +0.7839 | std(g_L) = 0.7184 | grad = 0.4788
step   6180 | loss = +0.1846 | mean(g_L) = +0.8598 | EMA = +0.7907 | std(g_L) = 0.8344 | grad = 0.6021
step   6200 | loss = +0.2040 | mean(g_L) = +0.7649 | EMA = +0.7931 | std(g_L) = 0.8037 | grad = 0.6092
step   6220 | loss = -0.0164 | mean(g_L) = +0.8470 | EMA = +0.7577 | std(g_L) = 0.7442 | grad = 0.3969
step   6240 | loss = +0.1520 | mean(g_L) = +0.8200 | EMA = +0.7543 | std(g_L) = 0.8050 | grad = 0.4900
step   6260 | loss = -0.0575 | mean(g_L) = +0.7270 | EMA = +0.7806 | std(g_L) = 0.6681 | grad = 0.4847
step   6280 | loss = +0.0916 | mean(g_L) = +0.7675 | EMA = +0.7824 | std(g_L) = 0.7568 | grad = 0.3070
step   6300 | loss = +0.0590 | mean(g_L) = +0.7977 | EMA = +0.7771 | std(g_L) = 0.7557 | grad = 0.5424
step   6320 | loss = +0.2329 | mean(g_L) = +0.7722 | EMA = +0.7706 | std(g_L) = 0.8186 | grad = 1.2816
step   6340 | loss = +0.0570 | mean(g_L) = +0.7671 | EMA = +0.7783 | std(g_L) = 0.7412 | grad = 0.6121
step   6360 | loss = +0.1440 | mean(g_L) = +0.7129 | EMA = +0.7670 | std(g_L) = 0.7559 | grad = 0.4033
step   6380 | loss = +0.0887 | mean(g_L) = +0.8470 | EMA = +0.7831 | std(g_L) = 0.7898 | grad = 0.8159
step   6400 | loss = +0.3361 | mean(g_L) = +0.7782 | EMA = +0.7741 | std(g_L) = 0.8619 | grad = 0.7425
step   6420 | loss = +0.3488 | mean(g_L) = +0.7390 | EMA = +0.7719 | std(g_L) = 0.8516 | grad = 0.5772
step   6440 | loss = +0.1966 | mean(g_L) = +0.6988 | EMA = +0.7805 | std(g_L) = 0.7726 | grad = 0.5123
step   6460 | loss = +0.1993 | mean(g_L) = +0.7542 | EMA = +0.7750 | std(g_L) = 0.7973 | grad = 1.0746
step   6480 | loss = +0.0077 | mean(g_L) = +0.9254 | EMA = +0.7913 | std(g_L) = 0.7887 | grad = 0.4508
step   6500 | loss = -0.0131 | mean(g_L) = +0.7656 | EMA = +0.7757 | std(g_L) = 0.7083 | grad = 0.2797
step   6520 | loss = +0.3622 | mean(g_L) = +0.6908 | EMA = +0.7726 | std(g_L) = 0.8379 | grad = 0.7940
step   6540 | loss = +0.4159 | mean(g_L) = +0.7321 | EMA = +0.7565 | std(g_L) = 0.8748 | grad = 0.8277
step   6560 | loss = +0.1946 | mean(g_L) = +0.7113 | EMA = +0.7618 | std(g_L) = 0.7771 | grad = 0.5887
step   6580 | loss = +0.0203 | mean(g_L) = +0.8561 | EMA = +0.7769 | std(g_L) = 0.7644 | grad = 0.7594
step   6600 | loss = -0.0476 | mean(g_L) = +0.8701 | EMA = +0.7798 | std(g_L) = 0.7405 | grad = 0.6789
step   6620 | loss = +0.2469 | mean(g_L) = +0.7787 | EMA = +0.7754 | std(g_L) = 0.8269 | grad = 0.4456
step   6640 | loss = +0.2213 | mean(g_L) = +0.7402 | EMA = +0.7667 | std(g_L) = 0.8006 | grad = 0.2530
step   6660 | loss = +0.2119 | mean(g_L) = +0.7764 | EMA = +0.7678 | std(g_L) = 0.8117 | grad = 0.4721
step   6680 | loss = +0.1120 | mean(g_L) = +0.8249 | EMA = +0.7826 | std(g_L) = 0.7903 | grad = 0.3925
step   6700 | loss = +0.2531 | mean(g_L) = +0.7950 | EMA = +0.7795 | std(g_L) = 0.8359 | grad = 1.4769
step   6720 | loss = +0.1527 | mean(g_L) = +0.8781 | EMA = +0.7576 | std(g_L) = 0.8290 | grad = 0.6947
step   6740 | loss = -0.0711 | mean(g_L) = +0.8902 | EMA = +0.7749 | std(g_L) = 0.7390 | grad = 0.3324
step   6760 | loss = +0.0067 | mean(g_L) = +0.7008 | EMA = +0.7839 | std(g_L) = 0.6868 | grad = 0.4394
step   6780 | loss = +0.3378 | mean(g_L) = +0.6767 | EMA = +0.7805 | std(g_L) = 0.8224 | grad = 0.7250
step   6800 | loss = +0.1769 | mean(g_L) = +0.7349 | EMA = +0.7787 | std(g_L) = 0.7797 | grad = 1.9081
step   6820 | loss = +0.1367 | mean(g_L) = +0.7027 | EMA = +0.7612 | std(g_L) = 0.7481 | grad = 0.7643
step   6840 | loss = -0.0448 | mean(g_L) = +0.9059 | EMA = +0.7890 | std(g_L) = 0.7577 | grad = 0.4302
step   6860 | loss = -0.1073 | mean(g_L) = +0.8060 | EMA = +0.7912 | std(g_L) = 0.6825 | grad = 0.6096
step   6880 | loss = -0.1264 | mean(g_L) = +0.9412 | EMA = +0.7902 | std(g_L) = 0.7370 | grad = 0.5223
step   6900 | loss = -0.1064 | mean(g_L) = +0.8382 | EMA = +0.7808 | std(g_L) = 0.6985 | grad = 0.3367
step   6920 | loss = +0.1459 | mean(g_L) = +0.7558 | EMA = +0.7751 | std(g_L) = 0.7753 | grad = 0.2482
step   6940 | loss = +0.0832 | mean(g_L) = +0.8341 | EMA = +0.7860 | std(g_L) = 0.7820 | grad = 0.6204
step   6960 | loss = +0.0241 | mean(g_L) = +0.7750 | EMA = +0.7775 | std(g_L) = 0.7299 | grad = 0.4999
step   6980 | loss = +0.1474 | mean(g_L) = +0.8702 | EMA = +0.7843 | std(g_L) = 0.8237 | grad = 0.8596
step   7000 | loss = +0.0510 | mean(g_L) = +0.7745 | EMA = +0.7804 | std(g_L) = 0.7419 | grad = 0.5216
step   7020 | loss = +0.2097 | mean(g_L) = +0.7227 | EMA = +0.7945 | std(g_L) = 0.7884 | grad = 0.6013
step   7040 | loss = +0.1236 | mean(g_L) = +0.8520 | EMA = +0.7957 | std(g_L) = 0.8065 | grad = 0.3993
step   7060 | loss = +0.1732 | mean(g_L) = +0.8195 | EMA = +0.7823 | std(g_L) = 0.8135 | grad = 0.5665
step   7080 | loss = +0.1816 | mean(g_L) = +0.6764 | EMA = +0.7741 | std(g_L) = 0.7563 | grad = 0.6793
step   7100 | loss = -0.0252 | mean(g_L) = +0.7936 | EMA = +0.7870 | std(g_L) = 0.7157 | grad = 0.3043
step   7120 | loss = +1.3066 | mean(g_L) = +0.7025 | EMA = +0.7980 | std(g_L) = 1.1573 | grad = 3.0991
step   7140 | loss = -0.1385 | mean(g_L) = +0.8284 | EMA = +0.7762 | std(g_L) = 0.6782 | grad = 0.5552
step   7160 | loss = +0.5461 | mean(g_L) = +0.7465 | EMA = +0.7970 | std(g_L) = 0.9283 | grad = 1.2742
step   7180 | loss = +0.2149 | mean(g_L) = +0.7865 | EMA = +0.7758 | std(g_L) = 0.8171 | grad = 0.4160
step   7200 | loss = +0.0352 | mean(g_L) = +0.7649 | EMA = +0.7622 | std(g_L) = 0.7304 | grad = 0.3835
step   7220 | loss = +0.2134 | mean(g_L) = +0.6661 | EMA = +0.7576 | std(g_L) = 0.7657 | grad = 0.5804
step   7240 | loss = +0.2550 | mean(g_L) = +0.7441 | EMA = +0.7763 | std(g_L) = 0.8161 | grad = 0.9916
step   7260 | loss = +0.0029 | mean(g_L) = +0.7158 | EMA = +0.7749 | std(g_L) = 0.6922 | grad = 0.2516
step   7280 | loss = +0.2575 | mean(g_L) = +0.7579 | EMA = +0.7751 | std(g_L) = 0.8227 | grad = 0.6771
step   7300 | loss = +0.3905 | mean(g_L) = +0.6314 | EMA = +0.7702 | std(g_L) = 0.8254 | grad = 0.7256
step   7320 | loss = +0.1192 | mean(g_L) = +0.8695 | EMA = +0.7848 | std(g_L) = 0.8119 | grad = 0.5528
step   7340 | loss = +0.0472 | mean(g_L) = +0.7918 | EMA = +0.7788 | std(g_L) = 0.7479 | grad = 0.7298
step   7360 | loss = -0.1311 | mean(g_L) = +0.9302 | EMA = +0.7743 | std(g_L) = 0.7299 | grad = 0.4176
step   7380 | loss = +0.0626 | mean(g_L) = +0.8214 | EMA = +0.7817 | std(g_L) = 0.7677 | grad = 0.3393
step   7400 | loss = +0.1877 | mean(g_L) = +0.7467 | EMA = +0.7615 | std(g_L) = 0.7893 | grad = 1.1483
step   7420 | loss = +0.2560 | mean(g_L) = +0.7100 | EMA = +0.7509 | std(g_L) = 0.8025 | grad = 0.6861
step   7440 | loss = +0.1086 | mean(g_L) = +0.7429 | EMA = +0.7830 | std(g_L) = 0.7534 | grad = 0.8382
step   7460 | loss = +0.0247 | mean(g_L) = +0.8384 | EMA = +0.7772 | std(g_L) = 0.7585 | grad = 0.5841
step   7480 | loss = +0.3597 | mean(g_L) = +0.7007 | EMA = +0.7591 | std(g_L) = 0.8408 | grad = 0.5702
step   7500 | loss = -0.0603 | mean(g_L) = +0.9782 | EMA = +0.7626 | std(g_L) = 0.7822 | grad = 0.4646
step   7520 | loss = -0.0289 | mean(g_L) = +0.7368 | EMA = +0.7665 | std(g_L) = 0.6870 | grad = 0.2422
step   7540 | loss = +0.0558 | mean(g_L) = +0.7840 | EMA = +0.7762 | std(g_L) = 0.7482 | grad = 0.8756
step   7560 | loss = +0.0837 | mean(g_L) = +0.7216 | EMA = +0.7701 | std(g_L) = 0.7327 | grad = 0.1893
step   7580 | loss = -0.0603 | mean(g_L) = +0.8769 | EMA = +0.7777 | std(g_L) = 0.7379 | grad = 0.7461
step   7600 | loss = +0.2426 | mean(g_L) = +0.6971 | EMA = +0.7762 | std(g_L) = 0.7915 | grad = 0.8189
step   7620 | loss = +0.0954 | mean(g_L) = +0.8519 | EMA = +0.7859 | std(g_L) = 0.7947 | grad = 0.9411
step   7640 | loss = -0.0738 | mean(g_L) = +0.7538 | EMA = +0.7905 | std(g_L) = 0.6733 | grad = 0.3885
step   7660 | loss = +0.0528 | mean(g_L) = +0.7126 | EMA = +0.7934 | std(g_L) = 0.7143 | grad = 0.4185
step   7680 | loss = +0.0672 | mean(g_L) = +0.8285 | EMA = +0.8084 | std(g_L) = 0.7727 | grad = 0.4187
step   7700 | loss = -0.1662 | mean(g_L) = +0.8178 | EMA = +0.7788 | std(g_L) = 0.6591 | grad = 0.2020
step   7720 | loss = +0.0292 | mean(g_L) = +0.7288 | EMA = +0.7742 | std(g_L) = 0.7109 | grad = 0.5478
step   7740 | loss = +0.1803 | mean(g_L) = +0.7701 | EMA = +0.7758 | std(g_L) = 0.7960 | grad = 0.4205
step   7760 | loss = +0.0978 | mean(g_L) = +0.8576 | EMA = +0.7867 | std(g_L) = 0.7981 | grad = 0.8857
step   7780 | loss = +0.1826 | mean(g_L) = +0.7217 | EMA = +0.7956 | std(g_L) = 0.7764 | grad = 0.3889
step   7800 | loss = +0.1920 | mean(g_L) = +0.8206 | EMA = +0.7837 | std(g_L) = 0.8216 | grad = 0.5783
step   7820 | loss = -0.0692 | mean(g_L) = +0.7338 | EMA = +0.7812 | std(g_L) = 0.6656 | grad = 0.3846
step   7840 | loss = +0.0907 | mean(g_L) = +0.6760 | EMA = +0.7864 | std(g_L) = 0.7149 | grad = 0.4088
step   7860 | loss = +0.2904 | mean(g_L) = +0.7980 | EMA = +0.7749 | std(g_L) = 0.8518 | grad = 0.4800
step   7880 | loss = +0.1195 | mean(g_L) = +0.9207 | EMA = +0.8104 | std(g_L) = 0.8327 | grad = 0.7955
step   7900 | loss = +0.1442 | mean(g_L) = +0.8039 | EMA = +0.8002 | std(g_L) = 0.7950 | grad = 0.8593
step   7920 | loss = +0.3034 | mean(g_L) = +0.7900 | EMA = +0.7894 | std(g_L) = 0.8537 | grad = 0.5464
step   7940 | loss = +0.0916 | mean(g_L) = +0.8752 | EMA = +0.7724 | std(g_L) = 0.8028 | grad = 0.3403
step   7960 | loss = +0.2647 | mean(g_L) = +0.7702 | EMA = +0.7702 | std(g_L) = 0.8306 | grad = 0.3834
step   7980 | loss = +0.0135 | mean(g_L) = +0.7338 | EMA = +0.7767 | std(g_L) = 0.7058 | grad = 0.5184
step   8000 | loss = +0.2204 | mean(g_L) = +0.7166 | EMA = +0.7973 | std(g_L) = 0.7904 | grad = 0.9052
step   8020 | loss = +0.3294 | mean(g_L) = +0.7473 | EMA = +0.7918 | std(g_L) = 0.8472 | grad = 0.6597
step   8040 | loss = +0.3228 | mean(g_L) = +0.6756 | EMA = +0.7777 | std(g_L) = 0.8158 | grad = 0.4368
step   8060 | loss = +0.0978 | mean(g_L) = +0.8634 | EMA = +0.8057 | std(g_L) = 0.8005 | grad = 0.6851
step   8080 | loss = +0.0654 | mean(g_L) = +0.7949 | EMA = +0.7974 | std(g_L) = 0.7574 | grad = 0.6112
step   8100 | loss = -0.1401 | mean(g_L) = +0.9139 | EMA = +0.8108 | std(g_L) = 0.7183 | grad = 0.3123
step   8120 | loss = +0.0334 | mean(g_L) = +0.7508 | EMA = +0.7959 | std(g_L) = 0.7230 | grad = 0.3024
step   8140 | loss = -0.0081 | mean(g_L) = +0.6393 | EMA = +0.7819 | std(g_L) = 0.6487 | grad = 0.6987
step   8160 | loss = +0.1784 | mean(g_L) = +0.7811 | EMA = +0.7889 | std(g_L) = 0.7998 | grad = 0.4202
step   8180 | loss = +0.3793 | mean(g_L) = +0.8085 | EMA = +0.7853 | std(g_L) = 0.8899 | grad = 0.4165
step   8200 | loss = -0.1693 | mean(g_L) = +0.8734 | EMA = +0.7832 | std(g_L) = 0.6851 | grad = 0.5562
step   8220 | loss = +0.1744 | mean(g_L) = +0.7135 | EMA = +0.7840 | std(g_L) = 0.7694 | grad = 0.5619
step   8240 | loss = +0.1871 | mean(g_L) = +0.7798 | EMA = +0.7924 | std(g_L) = 0.8029 | grad = 1.7287
step   8260 | loss = +0.2822 | mean(g_L) = +0.7981 | EMA = +0.7988 | std(g_L) = 0.8486 | grad = 1.0612
step   8280 | loss = +0.1748 | mean(g_L) = +0.8352 | EMA = +0.7981 | std(g_L) = 0.8206 | grad = 0.6020
step   8300 | loss = +0.1213 | mean(g_L) = +0.6982 | EMA = +0.7923 | std(g_L) = 0.7391 | grad = 0.6127
step   8320 | loss = +0.3971 | mean(g_L) = +0.7836 | EMA = +0.7867 | std(g_L) = 0.8872 | grad = 0.8817
step   8340 | loss = -0.1067 | mean(g_L) = +0.7527 | EMA = +0.7762 | std(g_L) = 0.6563 | grad = 0.5821
step   8360 | loss = -0.0104 | mean(g_L) = +0.7508 | EMA = +0.7668 | std(g_L) = 0.7025 | grad = 0.4546
step   8380 | loss = +0.5729 | mean(g_L) = +0.8351 | EMA = +0.7842 | std(g_L) = 0.9689 | grad = 0.8948
step   8400 | loss = +0.1028 | mean(g_L) = +0.7575 | EMA = +0.7888 | std(g_L) = 0.7573 | grad = 0.5442
step   8420 | loss = +0.2153 | mean(g_L) = +0.7749 | EMA = +0.7767 | std(g_L) = 0.8125 | grad = 0.6613
step   8440 | loss = -0.0486 | mean(g_L) = +0.8318 | EMA = +0.8114 | std(g_L) = 0.7226 | grad = 0.2683
step   8460 | loss = +0.1191 | mean(g_L) = +0.8447 | EMA = +0.8001 | std(g_L) = 0.8015 | grad = 0.3467
step   8480 | loss = +0.0761 | mean(g_L) = +0.8191 | EMA = +0.7895 | std(g_L) = 0.7726 | grad = 0.6775
step   8500 | loss = +0.1213 | mean(g_L) = +0.7180 | EMA = +0.7874 | std(g_L) = 0.7480 | grad = 0.2349
step   8520 | loss = -0.0472 | mean(g_L) = +0.8549 | EMA = +0.7832 | std(g_L) = 0.7338 | grad = 0.5809
step   8540 | loss = -0.1113 | mean(g_L) = +0.8395 | EMA = +0.7904 | std(g_L) = 0.6968 | grad = 0.7460
step   8560 | loss = +0.0270 | mean(g_L) = +0.8151 | EMA = +0.7955 | std(g_L) = 0.7493 | grad = 0.5822
step   8580 | loss = +0.0732 | mean(g_L) = +0.7165 | EMA = +0.7958 | std(g_L) = 0.7256 | grad = 0.5542
step   8600 | loss = +0.2358 | mean(g_L) = +0.7535 | EMA = +0.7922 | std(g_L) = 0.8121 | grad = 0.3498
step   8620 | loss = +0.0820 | mean(g_L) = +0.7606 | EMA = +0.7855 | std(g_L) = 0.7495 | grad = 0.5411
step   8640 | loss = +0.3189 | mean(g_L) = +0.8452 | EMA = +0.7751 | std(g_L) = 0.8810 | grad = 0.9220
step   8660 | loss = -0.0205 | mean(g_L) = +0.8361 | EMA = +0.7980 | std(g_L) = 0.7374 | grad = 0.6517
step   8680 | loss = -0.0352 | mean(g_L) = +0.7792 | EMA = +0.7865 | std(g_L) = 0.7043 | grad = 0.6474
step   8700 | loss = -0.1058 | mean(g_L) = +0.7825 | EMA = +0.7827 | std(g_L) = 0.6717 | grad = 0.4602
step   8720 | loss = +0.1830 | mean(g_L) = +0.8285 | EMA = +0.8034 | std(g_L) = 0.8212 | grad = 0.7529
step   8740 | loss = +0.0887 | mean(g_L) = +0.7022 | EMA = +0.7771 | std(g_L) = 0.7261 | grad = 0.3430
step   8760 | loss = +0.0323 | mean(g_L) = +0.7792 | EMA = +0.7777 | std(g_L) = 0.7355 | grad = 0.6711
step   8780 | loss = +0.2119 | mean(g_L) = +0.7669 | EMA = +0.7741 | std(g_L) = 0.8078 | grad = 0.4880
step   8800 | loss = +0.0738 | mean(g_L) = +0.7528 | EMA = +0.7944 | std(g_L) = 0.7423 | grad = 1.1249
step   8820 | loss = -0.0060 | mean(g_L) = +0.7127 | EMA = +0.7888 | std(g_L) = 0.6864 | grad = 0.4127
step   8840 | loss = +0.0397 | mean(g_L) = +0.7591 | EMA = +0.7744 | std(g_L) = 0.7297 | grad = 0.3057
step   8860 | loss = -0.0622 | mean(g_L) = +0.7280 | EMA = +0.7939 | std(g_L) = 0.6662 | grad = 0.5726
step   8880 | loss = +0.2652 | mean(g_L) = +0.7482 | EMA = +0.7949 | std(g_L) = 0.8220 | grad = 0.3012
step   8900 | loss = +0.0011 | mean(g_L) = +0.8731 | EMA = +0.8026 | std(g_L) = 0.7634 | grad = 0.5289
step   8920 | loss = +0.1125 | mean(g_L) = +0.8004 | EMA = +0.7843 | std(g_L) = 0.7801 | grad = 0.5523
step   8940 | loss = +0.1903 | mean(g_L) = +0.7606 | EMA = +0.7795 | std(g_L) = 0.7962 | grad = 0.3387
step   8960 | loss = -0.0089 | mean(g_L) = +0.7574 | EMA = +0.7924 | std(g_L) = 0.7064 | grad = 0.4869
step   8980 | loss = +0.2183 | mean(g_L) = +0.7945 | EMA = +0.8044 | std(g_L) = 0.8217 | grad = 0.9903
step   9000 | loss = +0.1487 | mean(g_L) = +0.7913 | EMA = +0.8012 | std(g_L) = 0.7916 | grad = 0.6882
step   9020 | loss = +0.2391 | mean(g_L) = +0.7826 | EMA = +0.7863 | std(g_L) = 0.8253 | grad = 0.6717
step   9040 | loss = -0.1288 | mean(g_L) = +0.8649 | EMA = +0.7924 | std(g_L) = 0.7005 | grad = 0.3743
step   9060 | loss = -0.1184 | mean(g_L) = +0.8487 | EMA = +0.7952 | std(g_L) = 0.6977 | grad = 0.7221
step   9080 | loss = -0.0278 | mean(g_L) = +0.8226 | EMA = +0.7909 | std(g_L) = 0.7280 | grad = 0.3366
step   9100 | loss = +0.0874 | mean(g_L) = +0.7287 | EMA = +0.7955 | std(g_L) = 0.7376 | grad = 0.8191
step   9120 | loss = -0.0802 | mean(g_L) = +0.8149 | EMA = +0.8061 | std(g_L) = 0.6999 | grad = 0.5570
step   9140 | loss = +0.0571 | mean(g_L) = +0.7273 | EMA = +0.8028 | std(g_L) = 0.7232 | grad = 0.2868
step   9160 | loss = +0.1055 | mean(g_L) = +0.8291 | EMA = +0.8122 | std(g_L) = 0.7893 | grad = 0.6162
step   9180 | loss = +0.0832 | mean(g_L) = +0.8421 | EMA = +0.7915 | std(g_L) = 0.7854 | grad = 1.0328
step   9200 | loss = +0.0750 | mean(g_L) = +0.7161 | EMA = +0.7736 | std(g_L) = 0.7262 | grad = 0.8703
step   9220 | loss = +0.0638 | mean(g_L) = +0.9158 | EMA = +0.8005 | std(g_L) = 0.8081 | grad = 0.3508
step   9240 | loss = -0.1766 | mean(g_L) = +0.7911 | EMA = +0.7949 | std(g_L) = 0.6400 | grad = 0.6303
step   9260 | loss = +0.0436 | mean(g_L) = +0.8239 | EMA = +0.7755 | std(g_L) = 0.7605 | grad = 0.3565
step   9280 | loss = -0.0853 | mean(g_L) = +0.7506 | EMA = +0.8077 | std(g_L) = 0.6660 | grad = 0.3748
step   9300 | loss = +0.1084 | mean(g_L) = +0.7465 | EMA = +0.8075 | std(g_L) = 0.7549 | grad = 0.4479
step   9320 | loss = +0.3918 | mean(g_L) = +0.7569 | EMA = +0.8118 | std(g_L) = 0.8751 | grad = 1.3986
step   9340 | loss = +0.0307 | mean(g_L) = +0.8523 | EMA = +0.8267 | std(g_L) = 0.7672 | grad = 0.4311
step   9360 | loss = +0.3478 | mean(g_L) = +0.7030 | EMA = +0.7953 | std(g_L) = 0.8370 | grad = 1.2939
step   9380 | loss = -0.1042 | mean(g_L) = +0.7683 | EMA = +0.8025 | std(g_L) = 0.6654 | grad = 0.8311
step   9400 | loss = +0.2299 | mean(g_L) = +0.6363 | EMA = +0.7721 | std(g_L) = 0.7599 | grad = 0.6701
step   9420 | loss = +0.2686 | mean(g_L) = +0.7261 | EMA = +0.7683 | std(g_L) = 0.8143 | grad = 0.8949
step   9440 | loss = +0.1236 | mean(g_L) = +0.8097 | EMA = +0.8037 | std(g_L) = 0.7888 | grad = 1.0316
step   9460 | loss = +0.1103 | mean(g_L) = +0.8387 | EMA = +0.8147 | std(g_L) = 0.7954 | grad = 1.1049
step   9480 | loss = -0.0304 | mean(g_L) = +0.9332 | EMA = +0.8098 | std(g_L) = 0.7758 | grad = 0.7253
step   9500 | loss = +0.5531 | mean(g_L) = +0.6790 | EMA = +0.8055 | std(g_L) = 0.9063 | grad = 0.7822
step   9520 | loss = +0.2629 | mean(g_L) = +0.7403 | EMA = +0.8083 | std(g_L) = 0.8178 | grad = 1.0965
step   9540 | loss = -0.0968 | mean(g_L) = +0.7715 | EMA = +0.8041 | std(g_L) = 0.6706 | grad = 0.7197
step   9560 | loss = +0.3128 | mean(g_L) = +0.6710 | EMA = +0.7978 | std(g_L) = 0.8098 | grad = 0.7129
step   9580 | loss = -0.0560 | mean(g_L) = +0.8924 | EMA = +0.8026 | std(g_L) = 0.7467 | grad = 0.6159
step   9600 | loss = -0.0957 | mean(g_L) = +0.8562 | EMA = +0.8229 | std(g_L) = 0.7120 | grad = 0.5513
step   9620 | loss = -0.0848 | mean(g_L) = +0.9300 | EMA = +0.8224 | std(g_L) = 0.7506 | grad = 1.0010
step   9640 | loss = -0.0598 | mean(g_L) = +0.7453 | EMA = +0.8167 | std(g_L) = 0.6760 | grad = 0.5234
step   9660 | loss = +0.2883 | mean(g_L) = +0.7483 | EMA = +0.8281 | std(g_L) = 0.8313 | grad = 0.3017
step   9680 | loss = +0.1692 | mean(g_L) = +0.8065 | EMA = +0.8316 | std(g_L) = 0.8065 | grad = 0.8942
step   9700 | loss = -0.0029 | mean(g_L) = +0.7542 | EMA = +0.8041 | std(g_L) = 0.7077 | grad = 0.2476
step   9720 | loss = +0.0147 | mean(g_L) = +0.7378 | EMA = +0.8081 | std(g_L) = 0.7083 | grad = 0.2984
step   9740 | loss = -0.1084 | mean(g_L) = +0.8653 | EMA = +0.8140 | std(g_L) = 0.7103 | grad = 0.7701
step   9760 | loss = +0.0754 | mean(g_L) = +0.7924 | EMA = +0.8024 | std(g_L) = 0.7606 | grad = 0.8218
step   9780 | loss = +0.2127 | mean(g_L) = +0.7646 | EMA = +0.7912 | std(g_L) = 0.8072 | grad = 0.3923
step   9800 | loss = +0.0891 | mean(g_L) = +0.8532 | EMA = +0.7955 | std(g_L) = 0.7926 | grad = 1.0118
step   9820 | loss = +0.0931 | mean(g_L) = +0.7405 | EMA = +0.7987 | std(g_L) = 0.7455 | grad = 0.3913
step   9840 | loss = -0.0389 | mean(g_L) = +0.8451 | EMA = +0.7971 | std(g_L) = 0.7331 | grad = 0.4164
step   9860 | loss = +0.0971 | mean(g_L) = +0.7808 | EMA = +0.8012 | std(g_L) = 0.7650 | grad = 0.3910
step   9880 | loss = +0.1758 | mean(g_L) = +0.8625 | EMA = +0.8128 | std(g_L) = 0.8320 | grad = 0.8025
step   9900 | loss = -0.1469 | mean(g_L) = +0.8584 | EMA = +0.8169 | std(g_L) = 0.6887 | grad = 0.6462
step   9920 | loss = -0.1102 | mean(g_L) = +0.8809 | EMA = +0.8208 | std(g_L) = 0.7168 | grad = 0.2555
step   9940 | loss = +0.2364 | mean(g_L) = +0.8558 | EMA = +0.8216 | std(g_L) = 0.8533 | grad = 0.9675
step   9960 | loss = -0.0125 | mean(g_L) = +0.7410 | EMA = +0.8160 | std(g_L) = 0.6969 | grad = 0.4313
step   9980 | loss = +0.2035 | mean(g_L) = +0.7973 | EMA = +0.8112 | std(g_L) = 0.8168 | grad = 0.8784
step  10000 | loss = +0.4334 | mean(g_L) = +0.7142 | EMA = +0.8129 | std(g_L) = 0.8747 | grad = 0.8661
step  10020 | loss = -0.0611 | mean(g_L) = +0.8010 | EMA = +0.7834 | std(g_L) = 0.7023 | grad = 0.8548
step  10040 | loss = +0.0792 | mean(g_L) = +0.8141 | EMA = +0.8078 | std(g_L) = 0.7717 | grad = 0.5016
step  10060 | loss = -0.0666 | mean(g_L) = +0.8432 | EMA = +0.8068 | std(g_L) = 0.7196 | grad = 0.4414
step  10080 | loss = +0.0565 | mean(g_L) = +0.8985 | EMA = +0.8260 | std(g_L) = 0.7979 | grad = 0.6864
step  10100 | loss = -0.0122 | mean(g_L) = +0.8127 | EMA = +0.7973 | std(g_L) = 0.7305 | grad = 0.6283
step  10120 | loss = +0.4149 | mean(g_L) = +0.8554 | EMA = +0.8078 | std(g_L) = 0.9202 | grad = 0.3774
step  10140 | loss = +0.2610 | mean(g_L) = +0.9052 | EMA = +0.8158 | std(g_L) = 0.8817 | grad = 1.2820
step  10160 | loss = +0.0467 | mean(g_L) = +0.8480 | EMA = +0.8275 | std(g_L) = 0.7723 | grad = 0.3588
step  10180 | loss = -0.1085 | mean(g_L) = +0.8095 | EMA = +0.8245 | std(g_L) = 0.6836 | grad = 0.5273
step  10200 | loss = -0.0333 | mean(g_L) = +0.8422 | EMA = +0.8273 | std(g_L) = 0.7344 | grad = 0.8544
step  10220 | loss = -0.2390 | mean(g_L) = +0.8919 | EMA = +0.8216 | std(g_L) = 0.6597 | grad = 0.4658
step  10240 | loss = +0.1414 | mean(g_L) = +0.7342 | EMA = +0.8071 | std(g_L) = 0.7640 | grad = 0.4978
step  10260 | loss = +0.3382 | mean(g_L) = +0.7446 | EMA = +0.8125 | std(g_L) = 0.8496 | grad = 0.4195
step  10280 | loss = +0.1330 | mean(g_L) = +0.7797 | EMA = +0.8043 | std(g_L) = 0.7800 | grad = 0.2557
step  10300 | loss = -0.0130 | mean(g_L) = +0.8287 | EMA = +0.7987 | std(g_L) = 0.7374 | grad = 0.7868
step  10320 | loss = +0.0225 | mean(g_L) = +0.8161 | EMA = +0.8330 | std(g_L) = 0.7477 | grad = 0.4268
step  10340 | loss = -0.0117 | mean(g_L) = +0.9750 | EMA = +0.8136 | std(g_L) = 0.8014 | grad = 0.5466
step  10360 | loss = +0.0932 | mean(g_L) = +0.5956 | EMA = +0.7949 | std(g_L) = 0.6777 | grad = 0.9229
step  10380 | loss = +0.1488 | mean(g_L) = +0.8293 | EMA = +0.7999 | std(g_L) = 0.8075 | grad = 0.5692
step  10400 | loss = +0.1901 | mean(g_L) = +0.7766 | EMA = +0.8027 | std(g_L) = 0.8028 | grad = 0.8553
step  10420 | loss = -0.1745 | mean(g_L) = +0.8533 | EMA = +0.8253 | std(g_L) = 0.6727 | grad = 0.4352
step  10440 | loss = +0.2160 | mean(g_L) = +0.7299 | EMA = +0.8009 | std(g_L) = 0.7941 | grad = 0.5070
step  10460 | loss = -0.0694 | mean(g_L) = +0.7859 | EMA = +0.8090 | std(g_L) = 0.6911 | grad = 0.5777
step  10480 | loss = +0.3551 | mean(g_L) = +0.6986 | EMA = +0.8072 | std(g_L) = 0.8381 | grad = 1.0397
step  10500 | loss = +0.2670 | mean(g_L) = +0.7306 | EMA = +0.8123 | std(g_L) = 0.8155 | grad = 1.0343
step  10520 | loss = +0.1594 | mean(g_L) = +0.9289 | EMA = +0.8367 | std(g_L) = 0.8518 | grad = 0.3405
step  10540 | loss = +0.2712 | mean(g_L) = +0.7125 | EMA = +0.8067 | std(g_L) = 0.8098 | grad = 0.8280
step  10560 | loss = +0.1445 | mean(g_L) = +0.8091 | EMA = +0.7935 | std(g_L) = 0.7974 | grad = 0.4208
step  10580 | loss = +0.0836 | mean(g_L) = +0.8742 | EMA = +0.8088 | std(g_L) = 0.7991 | grad = 0.8286
step  10600 | loss = +0.1270 | mean(g_L) = +0.8187 | EMA = +0.8057 | std(g_L) = 0.7940 | grad = 0.3944
step  10620 | loss = -0.0985 | mean(g_L) = +0.8593 | EMA = +0.8032 | std(g_L) = 0.7122 | grad = 0.4844
step  10640 | loss = +0.0740 | mean(g_L) = +0.7669 | EMA = +0.7946 | std(g_L) = 0.7488 | grad = 0.6534
step  10660 | loss = +0.0399 | mean(g_L) = +0.7801 | EMA = +0.8022 | std(g_L) = 0.7394 | grad = 0.5934
step  10680 | loss = +0.2614 | mean(g_L) = +0.7765 | EMA = +0.7991 | std(g_L) = 0.8319 | grad = 0.6111
step  10700 | loss = +0.1607 | mean(g_L) = +0.7624 | EMA = +0.8106 | std(g_L) = 0.7845 | grad = 0.6429
step  10720 | loss = -0.0100 | mean(g_L) = +0.7234 | EMA = +0.8066 | std(g_L) = 0.6896 | grad = 0.2984
step  10740 | loss = -0.0920 | mean(g_L) = +0.8802 | EMA = +0.8099 | std(g_L) = 0.7249 | grad = 0.2992
step  10760 | loss = +0.5064 | mean(g_L) = +0.7826 | EMA = +0.8001 | std(g_L) = 0.9270 | grad = 2.0820
step  10780 | loss = +0.2182 | mean(g_L) = +0.8685 | EMA = +0.8173 | std(g_L) = 0.8512 | grad = 1.4722
step  10800 | loss = -0.1260 | mean(g_L) = +0.8954 | EMA = +0.8081 | std(g_L) = 0.7162 | grad = 0.6004
step  10820 | loss = +0.1069 | mean(g_L) = +0.8365 | EMA = +0.8205 | std(g_L) = 0.7931 | grad = 0.8251
step  10840 | loss = +0.0949 | mean(g_L) = +0.9102 | EMA = +0.8280 | std(g_L) = 0.8186 | grad = 0.3862
step  10860 | loss = -0.0981 | mean(g_L) = +0.8265 | EMA = +0.8133 | std(g_L) = 0.6968 | grad = 0.3292
step  10880 | loss = +0.5947 | mean(g_L) = +0.8405 | EMA = +0.8051 | std(g_L) = 0.9782 | grad = 1.4472
step  10900 | loss = -0.0838 | mean(g_L) = +0.9078 | EMA = +0.8063 | std(g_L) = 0.7412 | grad = 0.6927
step  10920 | loss = +0.7218 | mean(g_L) = +0.6885 | EMA = +0.8270 | std(g_L) = 0.9696 | grad = 0.6358
step  10940 | loss = +0.0160 | mean(g_L) = +0.9026 | EMA = +0.8265 | std(g_L) = 0.7826 | grad = 0.5263
step  10960 | loss = +0.5692 | mean(g_L) = +0.8226 | EMA = +0.8170 | std(g_L) = 0.9633 | grad = 0.9192
step  10980 | loss = +0.0819 | mean(g_L) = +0.8439 | EMA = +0.8133 | std(g_L) = 0.7856 | grad = 0.5676
step  11000 | loss = +0.2046 | mean(g_L) = +0.8553 | EMA = +0.8201 | std(g_L) = 0.8406 | grad = 0.6148
step  11020 | loss = -0.0583 | mean(g_L) = +0.8642 | EMA = +0.8373 | std(g_L) = 0.7330 | grad = 0.5855
step  11040 | loss = -0.2936 | mean(g_L) = +0.9236 | EMA = +0.8313 | std(g_L) = 0.6481 | grad = 0.4337
step  11060 | loss = -0.0238 | mean(g_L) = +0.8505 | EMA = +0.8124 | std(g_L) = 0.7424 | grad = 0.4826
step  11080 | loss = -0.1464 | mean(g_L) = +0.8043 | EMA = +0.8342 | std(g_L) = 0.6623 | grad = 0.4383
step  11100 | loss = +0.0761 | mean(g_L) = +0.8264 | EMA = +0.8175 | std(g_L) = 0.7757 | grad = 0.4574
step  11120 | loss = -0.0974 | mean(g_L) = +0.9285 | EMA = +0.8255 | std(g_L) = 0.7444 | grad = 0.8777
step  11140 | loss = -0.1393 | mean(g_L) = +0.9470 | EMA = +0.8224 | std(g_L) = 0.7338 | grad = 0.6711
step  11160 | loss = -0.0289 | mean(g_L) = +0.8806 | EMA = +0.8051 | std(g_L) = 0.7535 | grad = 0.5880
step  11180 | loss = -0.1510 | mean(g_L) = +1.0196 | EMA = +0.8266 | std(g_L) = 0.7609 | grad = 0.6899
step  11200 | loss = +0.2463 | mean(g_L) = +0.6391 | EMA = +0.8159 | std(g_L) = 0.7683 | grad = 0.6383
step  11220 | loss = +0.0805 | mean(g_L) = +0.7753 | EMA = +0.8167 | std(g_L) = 0.7553 | grad = 0.5629
step  11240 | loss = +0.0101 | mean(g_L) = +0.7547 | EMA = +0.8070 | std(g_L) = 0.7140 | grad = 0.3486
step  11260 | loss = +0.2690 | mean(g_L) = +0.8332 | EMA = +0.7997 | std(g_L) = 0.8572 | grad = 0.7888
step  11280 | loss = +0.1500 | mean(g_L) = +0.8310 | EMA = +0.8088 | std(g_L) = 0.8087 | grad = 0.4481
step  11300 | loss = -0.0818 | mean(g_L) = +0.9235 | EMA = +0.8162 | std(g_L) = 0.7491 | grad = 0.3548
step  11320 | loss = +0.3513 | mean(g_L) = +0.7387 | EMA = +0.8075 | std(g_L) = 0.8524 | grad = 0.7208
step  11340 | loss = +0.3885 | mean(g_L) = +0.7082 | EMA = +0.8114 | std(g_L) = 0.8551 | grad = 0.6339
step  11360 | loss = +0.1398 | mean(g_L) = +0.8711 | EMA = +0.8273 | std(g_L) = 0.8210 | grad = 0.6363
step  11380 | loss = +0.1492 | mean(g_L) = +0.9564 | EMA = +0.8090 | std(g_L) = 0.8585 | grad = 0.3946
step  11400 | loss = +0.2903 | mean(g_L) = +0.7965 | EMA = +0.8088 | std(g_L) = 0.8512 | grad = 1.0477
step  11420 | loss = -0.0981 | mean(g_L) = +0.7920 | EMA = +0.8111 | std(g_L) = 0.6802 | grad = 0.3753
step  11440 | loss = +0.0159 | mean(g_L) = +0.8447 | EMA = +0.8092 | std(g_L) = 0.7574 | grad = 0.4911
step  11460 | loss = -0.0609 | mean(g_L) = +0.8292 | EMA = +0.8295 | std(g_L) = 0.7157 | grad = 0.5263
step  11480 | loss = -0.0163 | mean(g_L) = +0.7416 | EMA = +0.8037 | std(g_L) = 0.6954 | grad = 0.4880
step  11500 | loss = -0.1289 | mean(g_L) = +0.8058 | EMA = +0.7933 | std(g_L) = 0.6718 | grad = 0.5297
step  11520 | loss = +0.1225 | mean(g_L) = +0.9289 | EMA = +0.8184 | std(g_L) = 0.8372 | grad = 0.6426
step  11540 | loss = +0.0742 | mean(g_L) = +0.7723 | EMA = +0.8178 | std(g_L) = 0.7512 | grad = 0.6659
step  11560 | loss = +0.2569 | mean(g_L) = +0.6830 | EMA = +0.8092 | std(g_L) = 0.7916 | grad = 0.3685
step  11580 | loss = +0.0369 | mean(g_L) = +0.8274 | EMA = +0.8072 | std(g_L) = 0.7591 | grad = 0.6854
step  11600 | loss = -0.0792 | mean(g_L) = +0.8247 | EMA = +0.8160 | std(g_L) = 0.7050 | grad = 0.5736
step  11620 | loss = +0.1367 | mean(g_L) = +0.8066 | EMA = +0.8483 | std(g_L) = 0.7930 | grad = 0.4170
step  11640 | loss = -0.2135 | mean(g_L) = +0.8576 | EMA = +0.8342 | std(g_L) = 0.6553 | grad = 0.4396
step  11660 | loss = +0.3414 | mean(g_L) = +0.7137 | EMA = +0.8298 | std(g_L) = 0.8387 | grad = 0.9212
step  11680 | loss = +0.3058 | mean(g_L) = +0.7509 | EMA = +0.8265 | std(g_L) = 0.8393 | grad = 0.4964
step  11700 | loss = +0.0981 | mean(g_L) = +0.9016 | EMA = +0.8319 | std(g_L) = 0.8164 | grad = 0.9535
step  11720 | loss = +0.0045 | mean(g_L) = +0.8336 | EMA = +0.8217 | std(g_L) = 0.7475 | grad = 0.8456
step  11740 | loss = +0.0197 | mean(g_L) = +0.8622 | EMA = +0.8405 | std(g_L) = 0.7668 | grad = 0.3095
step  11760 | loss = -0.0432 | mean(g_L) = +0.8096 | EMA = +0.8444 | std(g_L) = 0.7148 | grad = 0.5861
step  11780 | loss = +0.2268 | mean(g_L) = +0.8151 | EMA = +0.8572 | std(g_L) = 0.8334 | grad = 0.8174
step  11800 | loss = +0.3510 | mean(g_L) = +0.7695 | EMA = +0.8497 | std(g_L) = 0.8643 | grad = 0.7826
step  11820 | loss = +0.1152 | mean(g_L) = +0.7161 | EMA = +0.8127 | std(g_L) = 0.7445 | grad = 0.2684
step  11840 | loss = -0.0763 | mean(g_L) = +0.7922 | EMA = +0.8100 | std(g_L) = 0.6908 | grad = 0.2280
step  11860 | loss = -0.0103 | mean(g_L) = +0.8083 | EMA = +0.8010 | std(g_L) = 0.7294 | grad = 0.4346
step  11880 | loss = +0.1970 | mean(g_L) = +0.8086 | EMA = +0.8103 | std(g_L) = 0.8188 | grad = 0.5732
step  11900 | loss = +0.0510 | mean(g_L) = +0.9156 | EMA = +0.8317 | std(g_L) = 0.8028 | grad = 0.4120
step  11920 | loss = +0.1144 | mean(g_L) = +0.7896 | EMA = +0.8288 | std(g_L) = 0.7763 | grad = 0.3452
step  11940 | loss = +0.0951 | mean(g_L) = +0.8037 | EMA = +0.8209 | std(g_L) = 0.7741 | grad = 0.4447
step  11960 | loss = +0.0116 | mean(g_L) = +0.8311 | EMA = +0.8209 | std(g_L) = 0.7495 | grad = 0.5099
step  11980 | loss = +0.1934 | mean(g_L) = +0.7670 | EMA = +0.8277 | std(g_L) = 0.8002 | grad = 0.7343
step  12000 | loss = +0.1480 | mean(g_L) = +0.8343 | EMA = +0.8307 | std(g_L) = 0.8093 | grad = 1.4884
step  12020 | loss = +0.1144 | mean(g_L) = +0.7970 | EMA = +0.8299 | std(g_L) = 0.7795 | grad = 0.5585
step  12040 | loss = +0.1044 | mean(g_L) = +0.8353 | EMA = +0.8295 | std(g_L) = 0.7915 | grad = 0.2263
step  12060 | loss = +0.1657 | mean(g_L) = +0.8229 | EMA = +0.8256 | std(g_L) = 0.8118 | grad = 0.9108
step  12080 | loss = -0.0414 | mean(g_L) = +0.8327 | EMA = +0.8258 | std(g_L) = 0.7263 | grad = 0.7392
step  12100 | loss = -0.2681 | mean(g_L) = +0.8569 | EMA = +0.8357 | std(g_L) = 0.6265 | grad = 0.1979
step  12120 | loss = +0.2067 | mean(g_L) = +0.7806 | EMA = +0.8293 | std(g_L) = 0.8113 | grad = 0.9799
step  12140 | loss = +0.1072 | mean(g_L) = +0.7718 | EMA = +0.8332 | std(g_L) = 0.7655 | grad = 1.3079
step  12160 | loss = -0.0622 | mean(g_L) = +0.9073 | EMA = +0.8246 | std(g_L) = 0.7506 | grad = 0.3320
step  12180 | loss = -0.1387 | mean(g_L) = +0.9262 | EMA = +0.8085 | std(g_L) = 0.7246 | grad = 0.7009
step  12200 | loss = -0.1281 | mean(g_L) = +0.8003 | EMA = +0.8324 | std(g_L) = 0.6694 | grad = 0.6105
step  12220 | loss = +0.0875 | mean(g_L) = +0.8259 | EMA = +0.8241 | std(g_L) = 0.7803 | grad = 1.1088
step  12240 | loss = +0.0061 | mean(g_L) = +0.8638 | EMA = +0.8212 | std(g_L) = 0.7616 | grad = 0.5174
step  12260 | loss = -0.0372 | mean(g_L) = +0.9159 | EMA = +0.8268 | std(g_L) = 0.7654 | grad = 0.2946
step  12280 | loss = +0.0312 | mean(g_L) = +0.7950 | EMA = +0.8369 | std(g_L) = 0.7422 | grad = 0.6333
step  12300 | loss = -0.2127 | mean(g_L) = +0.8855 | EMA = +0.8453 | std(g_L) = 0.6697 | grad = 0.4582
step  12320 | loss = +0.0351 | mean(g_L) = +0.8820 | EMA = +0.8687 | std(g_L) = 0.7819 | grad = 0.5751
step  12340 | loss = +0.3256 | mean(g_L) = +0.8527 | EMA = +0.8350 | std(g_L) = 0.8863 | grad = 1.0215
step  12360 | loss = -0.1249 | mean(g_L) = +0.8226 | EMA = +0.8440 | std(g_L) = 0.6820 | grad = 0.4952
step  12380 | loss = +0.2538 | mean(g_L) = +0.9015 | EMA = +0.8431 | std(g_L) = 0.8776 | grad = 0.8951
step  12400 | loss = +0.3609 | mean(g_L) = +0.8031 | EMA = +0.8325 | std(g_L) = 0.8809 | grad = 0.8470
step  12420 | loss = +0.0269 | mean(g_L) = +0.8497 | EMA = +0.8288 | std(g_L) = 0.7645 | grad = 0.7615
step  12440 | loss = +0.4267 | mean(g_L) = +0.7199 | EMA = +0.8397 | std(g_L) = 0.8743 | grad = 0.9171
step  12460 | loss = +0.2144 | mean(g_L) = +0.6857 | EMA = +0.8311 | std(g_L) = 0.7746 | grad = 0.6144
step  12480 | loss = +0.2634 | mean(g_L) = +0.8085 | EMA = +0.8189 | std(g_L) = 0.8453 | grad = 0.4920
step  12500 | loss = +0.1101 | mean(g_L) = +0.6899 | EMA = +0.8282 | std(g_L) = 0.7303 | grad = 0.6081
step  12520 | loss = -0.0000 | mean(g_L) = +0.9169 | EMA = +0.8189 | std(g_L) = 0.7818 | grad = 0.9372
step  12540 | loss = -0.0251 | mean(g_L) = +0.8142 | EMA = +0.8264 | std(g_L) = 0.7253 | grad = 0.7411
step  12560 | loss = +0.0457 | mean(g_L) = +0.9660 | EMA = +0.8197 | std(g_L) = 0.8213 | grad = 0.5712
step  12580 | loss = +0.0760 | mean(g_L) = +0.8509 | EMA = +0.8255 | std(g_L) = 0.7861 | grad = 0.7505
step  12600 | loss = +0.1602 | mean(g_L) = +0.8108 | EMA = +0.8130 | std(g_L) = 0.8046 | grad = 0.5982
step  12620 | loss = +0.0225 | mean(g_L) = +0.9014 | EMA = +0.8215 | std(g_L) = 0.7848 | grad = 0.5133
step  12640 | loss = +0.2929 | mean(g_L) = +0.8002 | EMA = +0.8211 | std(g_L) = 0.8537 | grad = 0.7538
step  12660 | loss = +0.0619 | mean(g_L) = +0.7810 | EMA = +0.8269 | std(g_L) = 0.7496 | grad = 0.2962
step  12680 | loss = +0.0320 | mean(g_L) = +0.7607 | EMA = +0.8372 | std(g_L) = 0.7270 | grad = 0.4868
step  12700 | loss = +0.2623 | mean(g_L) = +0.6990 | EMA = +0.8214 | std(g_L) = 0.8005 | grad = 0.6264
step  12720 | loss = -0.0663 | mean(g_L) = +0.8083 | EMA = +0.8167 | std(g_L) = 0.7033 | grad = 0.5122
step  12740 | loss = -0.2260 | mean(g_L) = +0.8988 | EMA = +0.8338 | std(g_L) = 0.6697 | grad = 0.5494
step  12760 | loss = -0.0201 | mean(g_L) = +0.8319 | EMA = +0.8126 | std(g_L) = 0.7357 | grad = 0.9774
step  12780 | loss = +0.1164 | mean(g_L) = +0.7746 | EMA = +0.8207 | std(g_L) = 0.7707 | grad = 0.5305
step  12800 | loss = +0.1599 | mean(g_L) = +0.7182 | EMA = +0.8026 | std(g_L) = 0.7651 | grad = 0.7730
step  12820 | loss = -0.1141 | mean(g_L) = +0.8717 | EMA = +0.8093 | std(g_L) = 0.7107 | grad = 0.4612
step  12840 | loss = +0.7840 | mean(g_L) = +0.7781 | EMA = +0.8024 | std(g_L) = 1.0205 | grad = 0.8936
step  12860 | loss = -0.1284 | mean(g_L) = +0.8972 | EMA = +0.8020 | std(g_L) = 0.7159 | grad = 0.3304
step  12880 | loss = +0.2021 | mean(g_L) = +0.8611 | EMA = +0.8234 | std(g_L) = 0.8419 | grad = 0.8573
step  12900 | loss = +0.2238 | mean(g_L) = +0.8189 | EMA = +0.8238 | std(g_L) = 0.8337 | grad = 0.4415
step  12920 | loss = +0.0589 | mean(g_L) = +0.8285 | EMA = +0.8122 | std(g_L) = 0.7692 | grad = 0.5411
step  12940 | loss = +0.2337 | mean(g_L) = +0.8533 | EMA = +0.8192 | std(g_L) = 0.8513 | grad = 0.4235
step  12960 | loss = -0.0006 | mean(g_L) = +0.8049 | EMA = +0.8153 | std(g_L) = 0.7322 | grad = 0.9964
step  12980 | loss = -0.0894 | mean(g_L) = +0.7704 | EMA = +0.8012 | std(g_L) = 0.6738 | grad = 0.6790
step  13000 | loss = -0.0658 | mean(g_L) = +0.8209 | EMA = +0.8033 | std(g_L) = 0.7095 | grad = 0.3055
step  13020 | loss = +0.1446 | mean(g_L) = +0.8760 | EMA = +0.8132 | std(g_L) = 0.8249 | grad = 1.1154
step  13040 | loss = -0.0166 | mean(g_L) = +0.8663 | EMA = +0.8249 | std(g_L) = 0.7527 | grad = 0.3739
step  13060 | loss = +0.0224 | mean(g_L) = +0.7957 | EMA = +0.8254 | std(g_L) = 0.7385 | grad = 0.5945
step  13080 | loss = +0.4477 | mean(g_L) = +0.7604 | EMA = +0.8288 | std(g_L) = 0.8974 | grad = 1.0931
step  13100 | loss = +0.1255 | mean(g_L) = +0.7313 | EMA = +0.8160 | std(g_L) = 0.7558 | grad = 0.3502
step  13120 | loss = +0.1363 | mean(g_L) = +0.7811 | EMA = +0.8284 | std(g_L) = 0.7820 | grad = 0.5676
step  13140 | loss = +0.1094 | mean(g_L) = +0.7023 | EMA = +0.8126 | std(g_L) = 0.7356 | grad = 0.4514
step  13160 | loss = -0.0800 | mean(g_L) = +0.7901 | EMA = +0.8236 | std(g_L) = 0.6880 | grad = 0.4976
step  13180 | loss = -0.1910 | mean(g_L) = +0.8011 | EMA = +0.8288 | std(g_L) = 0.6378 | grad = 0.4235
step  13200 | loss = +0.3513 | mean(g_L) = +0.7160 | EMA = +0.8335 | std(g_L) = 0.8435 | grad = 0.8548
step  13220 | loss = -0.2509 | mean(g_L) = +0.8596 | EMA = +0.8327 | std(g_L) = 0.6370 | grad = 0.3083
step  13240 | loss = +0.1281 | mean(g_L) = +0.6868 | EMA = +0.8361 | std(g_L) = 0.7371 | grad = 0.2773
step  13260 | loss = +0.1380 | mean(g_L) = +0.8494 | EMA = +0.8544 | std(g_L) = 0.8113 | grad = 0.8338
step  13280 | loss = -0.0193 | mean(g_L) = +0.8335 | EMA = +0.8508 | std(g_L) = 0.7367 | grad = 0.5951
step  13300 | loss = +0.1751 | mean(g_L) = +0.7763 | EMA = +0.8391 | std(g_L) = 0.7964 | grad = 0.6965
step  13320 | loss = +0.0778 | mean(g_L) = +0.7778 | EMA = +0.8455 | std(g_L) = 0.7553 | grad = 0.5853
step  13340 | loss = +0.0263 | mean(g_L) = +0.7119 | EMA = +0.8250 | std(g_L) = 0.7015 | grad = 0.5470
step  13360 | loss = +0.1288 | mean(g_L) = +0.8475 | EMA = +0.8250 | std(g_L) = 0.8068 | grad = 1.0099
step  13380 | loss = +0.2780 | mean(g_L) = +0.8008 | EMA = +0.8178 | std(g_L) = 0.8481 | grad = 0.3468
step  13400 | loss = +0.0031 | mean(g_L) = +0.8627 | EMA = +0.8346 | std(g_L) = 0.7597 | grad = 0.4270
step  13420 | loss = -0.1709 | mean(g_L) = +0.8604 | EMA = +0.8295 | std(g_L) = 0.6780 | grad = 0.2847
step  13440 | loss = +0.1104 | mean(g_L) = +0.7576 | EMA = +0.8421 | std(g_L) = 0.7607 | grad = 0.5243
step  13460 | loss = +0.2268 | mean(g_L) = +0.8080 | EMA = +0.8374 | std(g_L) = 0.8306 | grad = 0.5465
step  13480 | loss = +0.2351 | mean(g_L) = +0.6863 | EMA = +0.8146 | std(g_L) = 0.7838 | grad = 0.5526
step  13500 | loss = +0.0211 | mean(g_L) = +0.8539 | EMA = +0.8473 | std(g_L) = 0.7638 | grad = 0.5061
step  13520 | loss = -0.0257 | mean(g_L) = +0.8856 | EMA = +0.8514 | std(g_L) = 0.7572 | grad = 0.3174
step  13540 | loss = +0.0423 | mean(g_L) = +0.8265 | EMA = +0.8168 | std(g_L) = 0.7610 | grad = 0.5042
step  13560 | loss = +0.2144 | mean(g_L) = +0.7742 | EMA = +0.8192 | std(g_L) = 0.8118 | grad = 1.2865
step  13580 | loss = +0.0340 | mean(g_L) = +0.7664 | EMA = +0.8252 | std(g_L) = 0.7305 | grad = 0.8272
step  13600 | loss = +0.0594 | mean(g_L) = +0.7693 | EMA = +0.8278 | std(g_L) = 0.7433 | grad = 0.4888
step  13620 | loss = -0.0106 | mean(g_L) = +0.9059 | EMA = +0.8257 | std(g_L) = 0.7725 | grad = 0.6435
step  13640 | loss = -0.0691 | mean(g_L) = +0.8302 | EMA = +0.8429 | std(g_L) = 0.7123 | grad = 0.5547
step  13660 | loss = +0.0210 | mean(g_L) = +0.8838 | EMA = +0.8529 | std(g_L) = 0.7767 | grad = 0.5966
step  13680 | loss = +0.0559 | mean(g_L) = +0.9089 | EMA = +0.8479 | std(g_L) = 0.8020 | grad = 1.1618
step  13700 | loss = -0.1166 | mean(g_L) = +0.8528 | EMA = +0.8472 | std(g_L) = 0.7006 | grad = 0.7830
step  13720 | loss = +0.1733 | mean(g_L) = +0.8087 | EMA = +0.8371 | std(g_L) = 0.8091 | grad = 1.2450
step  13740 | loss = +0.0663 | mean(g_L) = +0.9410 | EMA = +0.8501 | std(g_L) = 0.8195 | grad = 0.3318
step  13760 | loss = +0.3548 | mean(g_L) = +0.7922 | EMA = +0.8299 | std(g_L) = 0.8744 | grad = 1.3222
step  13780 | loss = -0.0280 | mean(g_L) = +0.8353 | EMA = +0.8314 | std(g_L) = 0.7336 | grad = 0.6955
step  13800 | loss = +0.2313 | mean(g_L) = +0.7611 | EMA = +0.8189 | std(g_L) = 0.8134 | grad = 0.7531
step  13820 | loss = -0.1261 | mean(g_L) = +0.8187 | EMA = +0.8301 | std(g_L) = 0.6795 | grad = 0.5479
step  13840 | loss = +0.2032 | mean(g_L) = +0.6942 | EMA = +0.8218 | std(g_L) = 0.7735 | grad = 0.8504
step  13860 | loss = -0.0446 | mean(g_L) = +0.8530 | EMA = +0.8325 | std(g_L) = 0.7341 | grad = 0.6474
step  13880 | loss = +0.0385 | mean(g_L) = +0.7908 | EMA = +0.8206 | std(g_L) = 0.7435 | grad = 0.4433
step  13900 | loss = +0.2007 | mean(g_L) = +0.7308 | EMA = +0.8204 | std(g_L) = 0.7880 | grad = 0.4783
step  13920 | loss = +0.1062 | mean(g_L) = +0.7325 | EMA = +0.8266 | std(g_L) = 0.7477 | grad = 0.5372
step  13940 | loss = +0.0384 | mean(g_L) = +0.7674 | EMA = +0.8376 | std(g_L) = 0.7329 | grad = 1.1988
step  13960 | loss = -0.0274 | mean(g_L) = +0.8139 | EMA = +0.8181 | std(g_L) = 0.7241 | grad = 0.3504
step  13980 | loss = +0.0423 | mean(g_L) = +0.8293 | EMA = +0.8175 | std(g_L) = 0.7623 | grad = 0.6010
step  14000 | loss = -0.0236 | mean(g_L) = +0.8955 | EMA = +0.8200 | std(g_L) = 0.7624 | grad = 0.4580
step  14020 | loss = +0.0092 | mean(g_L) = +0.8610 | EMA = +0.8242 | std(g_L) = 0.7616 | grad = 0.2206
step  14040 | loss = +0.0460 | mean(g_L) = +0.8614 | EMA = +0.8387 | std(g_L) = 0.7778 | grad = 0.3430
step  14060 | loss = -0.0928 | mean(g_L) = +0.9350 | EMA = +0.8426 | std(g_L) = 0.7493 | grad = 0.5568
step  14080 | loss = +0.0425 | mean(g_L) = +0.9135 | EMA = +0.8437 | std(g_L) = 0.7983 | grad = 0.5774
step  14100 | loss = +0.0411 | mean(g_L) = +0.8184 | EMA = +0.8329 | std(g_L) = 0.7570 | grad = 0.5489
step  14120 | loss = +0.0722 | mean(g_L) = +0.7703 | EMA = +0.8413 | std(g_L) = 0.7495 | grad = 0.7166
step  14140 | loss = -0.0529 | mean(g_L) = +0.8073 | EMA = +0.8288 | std(g_L) = 0.7092 | grad = 0.4533
step  14160 | loss = +0.0111 | mean(g_L) = +0.7933 | EMA = +0.8216 | std(g_L) = 0.7323 | grad = 0.6268
step  14180 | loss = +0.0642 | mean(g_L) = +0.8719 | EMA = +0.8316 | std(g_L) = 0.7900 | grad = 0.5527
step  14200 | loss = +0.0329 | mean(g_L) = +0.9796 | EMA = +0.8475 | std(g_L) = 0.8216 | grad = 1.1847
step  14220 | loss = -0.0039 | mean(g_L) = +0.8914 | EMA = +0.8453 | std(g_L) = 0.7692 | grad = 0.4600
step  14240 | loss = +0.3190 | mean(g_L) = +0.8025 | EMA = +0.8491 | std(g_L) = 0.8647 | grad = 0.5545
step  14260 | loss = -0.0654 | mean(g_L) = +0.8438 | EMA = +0.8384 | std(g_L) = 0.7204 | grad = 0.3882
step  14280 | loss = -0.1068 | mean(g_L) = +0.9386 | EMA = +0.8474 | std(g_L) = 0.7447 | grad = 0.4419
step  14300 | loss = +0.0522 | mean(g_L) = +0.8362 | EMA = +0.8269 | std(g_L) = 0.7696 | grad = 4.7504
step  14320 | loss = +0.1875 | mean(g_L) = +0.8277 | EMA = +0.8388 | std(g_L) = 0.8227 | grad = 1.1754
step  14340 | loss = -0.1266 | mean(g_L) = +0.8250 | EMA = +0.8378 | std(g_L) = 0.6824 | grad = 0.3891
step  14360 | loss = -0.0644 | mean(g_L) = +0.8566 | EMA = +0.8642 | std(g_L) = 0.7267 | grad = 0.5294
step  14380 | loss = +0.1010 | mean(g_L) = +0.8790 | EMA = +0.8468 | std(g_L) = 0.8083 | grad = 0.6126
step  14400 | loss = +0.1093 | mean(g_L) = +0.8700 | EMA = +0.8418 | std(g_L) = 0.8080 | grad = 1.1907
step  14420 | loss = +0.0685 | mean(g_L) = +0.7790 | EMA = +0.8465 | std(g_L) = 0.7517 | grad = 0.7425
step  14440 | loss = +0.1472 | mean(g_L) = +0.6889 | EMA = +0.8228 | std(g_L) = 0.7466 | grad = 0.7514
step  14460 | loss = +0.1069 | mean(g_L) = +0.8681 | EMA = +0.8411 | std(g_L) = 0.8062 | grad = 0.6239
step  14480 | loss = -0.2351 | mean(g_L) = +0.9210 | EMA = +0.8378 | std(g_L) = 0.6762 | grad = 0.4497
step  14500 | loss = -0.1902 | mean(g_L) = +0.9110 | EMA = +0.8407 | std(g_L) = 0.6932 | grad = 0.4205
step  14520 | loss = -0.0750 | mean(g_L) = +0.8973 | EMA = +0.8628 | std(g_L) = 0.7404 | grad = 0.5417
step  14540 | loss = -0.0008 | mean(g_L) = +0.9315 | EMA = +0.8405 | std(g_L) = 0.7877 | grad = 0.5925
step  14560 | loss = +0.0098 | mean(g_L) = +0.7564 | EMA = +0.8407 | std(g_L) = 0.7147 | grad = 0.4576
step  14580 | loss = +0.4437 | mean(g_L) = +0.7580 | EMA = +0.8321 | std(g_L) = 0.8951 | grad = 1.4431
step  14600 | loss = -0.0857 | mean(g_L) = +0.9045 | EMA = +0.8401 | std(g_L) = 0.7388 | grad = 0.4066
step  14620 | loss = +0.1566 | mean(g_L) = +0.9352 | EMA = +0.8297 | std(g_L) = 0.8532 | grad = 1.1801
step  14640 | loss = +0.4311 | mean(g_L) = +0.8443 | EMA = +0.8504 | std(g_L) = 0.9221 | grad = 3.6186
step  14660 | loss = -0.0003 | mean(g_L) = +0.8602 | EMA = +0.8149 | std(g_L) = 0.7572 | grad = 0.7174
step  14680 | loss = -0.0711 | mean(g_L) = +0.8450 | EMA = +0.8384 | std(g_L) = 0.7183 | grad = 0.3264
step  14700 | loss = +0.0280 | mean(g_L) = +0.6670 | EMA = +0.8352 | std(g_L) = 0.6807 | grad = 0.4981
step  14720 | loss = -0.0410 | mean(g_L) = +0.8564 | EMA = +0.8542 | std(g_L) = 0.7373 | grad = 0.5361
step  14740 | loss = -0.0920 | mean(g_L) = +0.9520 | EMA = +0.8461 | std(g_L) = 0.7572 | grad = 0.7903
step  14760 | loss = +0.0884 | mean(g_L) = +0.7953 | EMA = +0.8537 | std(g_L) = 0.7676 | grad = 0.7735
step  14780 | loss = +0.0325 | mean(g_L) = +0.8264 | EMA = +0.8636 | std(g_L) = 0.7567 | grad = 0.9035
step  14800 | loss = -0.1121 | mean(g_L) = +0.8814 | EMA = +0.8583 | std(g_L) = 0.7161 | grad = 1.3756
step  14820 | loss = +0.0891 | mean(g_L) = +0.8810 | EMA = +0.8356 | std(g_L) = 0.8042 | grad = 0.6906
step  14840 | loss = +0.0953 | mean(g_L) = +0.8634 | EMA = +0.8307 | std(g_L) = 0.7994 | grad = 0.3533
step  14860 | loss = -0.1272 | mean(g_L) = +0.8479 | EMA = +0.8357 | std(g_L) = 0.6932 | grad = 0.5429
step  14880 | loss = +0.2165 | mean(g_L) = +0.8570 | EMA = +0.8168 | std(g_L) = 0.8460 | grad = 0.7289
step  14900 | loss = -0.1611 | mean(g_L) = +0.8723 | EMA = +0.8217 | std(g_L) = 0.6886 | grad = 0.4283
step  14920 | loss = +0.1315 | mean(g_L) = +0.8649 | EMA = +0.8156 | std(g_L) = 0.8150 | grad = 0.5210
step  14940 | loss = -0.0246 | mean(g_L) = +0.8349 | EMA = +0.8383 | std(g_L) = 0.7350 | grad = 0.6361
step  14960 | loss = +0.0188 | mean(g_L) = +0.9000 | EMA = +0.8398 | std(g_L) = 0.7826 | grad = 0.5363
step  14980 | loss = +0.2737 | mean(g_L) = +0.7561 | EMA = +0.8194 | std(g_L) = 0.8285 | grad = 0.2021
step  15000 | loss = -0.0182 | mean(g_L) = +0.7854 | EMA = +0.8333 | std(g_L) = 0.7151 | grad = 0.8310
T=5 finished.
