
============================================================
Alpha = 1.25
T = 5
L = 128
Batch size = 128
Steps = 15000
Checkpoints = /home/egalarraga/beam_dad/model_checkpoints/mean_var_loss/checkpoints_nx8/models/alpha_1.25/T5_L128_B128
============================================================
step      1 | loss = +0.2189 | mean(g_L) = +0.4053 | EMA = +0.4053 | std(g_L) = 0.7066 | grad = 0.2777
step     20 | loss = +0.2856 | mean(g_L) = +0.3706 | EMA = +0.3944 | std(g_L) = 0.7246 | grad = 0.3024
step     40 | loss = +0.4005 | mean(g_L) = +0.3717 | EMA = +0.3785 | std(g_L) = 0.7860 | grad = 0.2332
step     60 | loss = +0.1890 | mean(g_L) = +0.3355 | EMA = +0.3755 | std(g_L) = 0.6478 | grad = 0.2866
step     80 | loss = +0.2452 | mean(g_L) = +0.3445 | EMA = +0.3685 | std(g_L) = 0.6868 | grad = 0.2253
step    100 | loss = +0.2976 | mean(g_L) = +0.3763 | EMA = +0.3734 | std(g_L) = 0.7342 | grad = 0.2899
step    120 | loss = +0.3556 | mean(g_L) = +0.3942 | EMA = +0.3837 | std(g_L) = 0.7745 | grad = 0.3797
step    140 | loss = +0.4993 | mean(g_L) = +0.3165 | EMA = +0.4082 | std(g_L) = 0.8079 | grad = 0.6761
step    160 | loss = +0.1549 | mean(g_L) = +0.4265 | EMA = +0.3965 | std(g_L) = 0.6820 | grad = 0.0964
step    180 | loss = +0.8366 | mean(g_L) = +0.3178 | EMA = +0.4002 | std(g_L) = 0.9610 | grad = 0.8165
step    200 | loss = +0.3399 | mean(g_L) = +0.4486 | EMA = +0.3890 | std(g_L) = 0.7942 | grad = 0.3193
step    220 | loss = +0.2133 | mean(g_L) = +0.4198 | EMA = +0.4039 | std(g_L) = 0.7117 | grad = 0.3008
step    240 | loss = +0.2294 | mean(g_L) = +0.4267 | EMA = +0.4101 | std(g_L) = 0.7244 | grad = 0.2683
step    260 | loss = +0.2596 | mean(g_L) = +0.5064 | EMA = +0.4288 | std(g_L) = 0.7828 | grad = 0.4263
step    280 | loss = +0.1399 | mean(g_L) = +0.4863 | EMA = +0.4443 | std(g_L) = 0.7078 | grad = 0.1883
step    300 | loss = +0.7385 | mean(g_L) = +0.4989 | EMA = +0.4534 | std(g_L) = 0.9949 | grad = 0.9266
step    320 | loss = +0.0326 | mean(g_L) = +0.5165 | EMA = +0.4642 | std(g_L) = 0.6628 | grad = 0.2373
step    340 | loss = +0.5418 | mean(g_L) = +0.5036 | EMA = +0.4778 | std(g_L) = 0.9145 | grad = 0.5539
step    360 | loss = +0.3029 | mean(g_L) = +0.5151 | EMA = +0.4960 | std(g_L) = 0.8090 | grad = 0.3789
step    380 | loss = +0.0949 | mean(g_L) = +0.5319 | EMA = +0.5365 | std(g_L) = 0.7081 | grad = 0.4140
step    400 | loss = +0.1562 | mean(g_L) = +0.6990 | EMA = +0.5906 | std(g_L) = 0.8272 | grad = 0.3124
step    420 | loss = +0.0722 | mean(g_L) = +0.8320 | EMA = +0.6295 | std(g_L) = 0.8505 | grad = 0.8295
step    440 | loss = +0.1008 | mean(g_L) = +0.7981 | EMA = +0.6927 | std(g_L) = 0.8480 | grad = 0.6413
step    460 | loss = +0.2232 | mean(g_L) = +0.7089 | EMA = +0.7259 | std(g_L) = 0.8635 | grad = 0.7258
step    480 | loss = +0.1502 | mean(g_L) = +0.7493 | EMA = +0.7649 | std(g_L) = 0.8483 | grad = 0.4602
step    500 | loss = -0.1554 | mean(g_L) = +0.8860 | EMA = +0.7751 | std(g_L) = 0.7645 | grad = 0.7870
step    520 | loss = -0.0416 | mean(g_L) = +0.7768 | EMA = +0.7684 | std(g_L) = 0.7669 | grad = 0.8739
step    540 | loss = +0.0269 | mean(g_L) = +0.6437 | EMA = +0.7447 | std(g_L) = 0.7324 | grad = 1.5152
step    560 | loss = +0.1407 | mean(g_L) = +0.7001 | EMA = +0.7496 | std(g_L) = 0.8202 | grad = 0.9909
step    580 | loss = +0.1027 | mean(g_L) = +0.6303 | EMA = +0.7562 | std(g_L) = 0.7657 | grad = 0.5961
step    600 | loss = +0.0343 | mean(g_L) = +0.7176 | EMA = +0.7681 | std(g_L) = 0.7756 | grad = 0.3177
step    620 | loss = -0.0569 | mean(g_L) = +0.7484 | EMA = +0.7630 | std(g_L) = 0.7438 | grad = 0.5322
step    640 | loss = -0.0553 | mean(g_L) = +0.6516 | EMA = +0.7611 | std(g_L) = 0.6907 | grad = 0.4219
step    660 | loss = -0.0167 | mean(g_L) = +0.9191 | EMA = +0.7760 | std(g_L) = 0.8497 | grad = 0.5372
step    680 | loss = -0.0032 | mean(g_L) = +0.8491 | EMA = +0.7842 | std(g_L) = 0.8226 | grad = 0.4496
step    700 | loss = +0.0084 | mean(g_L) = +0.8328 | EMA = +0.7645 | std(g_L) = 0.8204 | grad = 1.0204
step    720 | loss = -0.0843 | mean(g_L) = +0.6677 | EMA = +0.7512 | std(g_L) = 0.6832 | grad = 0.6891
step    740 | loss = +0.1773 | mean(g_L) = +0.6889 | EMA = +0.7523 | std(g_L) = 0.8324 | grad = 0.9243
step    760 | loss = -0.1614 | mean(g_L) = +0.7628 | EMA = +0.7543 | std(g_L) = 0.6936 | grad = 0.1341
step    780 | loss = -0.0426 | mean(g_L) = +0.7608 | EMA = +0.7663 | std(g_L) = 0.7580 | grad = 0.6088
step    800 | loss = -0.0487 | mean(g_L) = +0.7167 | EMA = +0.7570 | std(g_L) = 0.7311 | grad = 0.4187
step    820 | loss = -0.0667 | mean(g_L) = +0.7301 | EMA = +0.7619 | std(g_L) = 0.7285 | grad = 0.6496
step    840 | loss = +0.0547 | mean(g_L) = +0.7149 | EMA = +0.7586 | std(g_L) = 0.7847 | grad = 0.8475
step    860 | loss = +0.0989 | mean(g_L) = +0.7171 | EMA = +0.7569 | std(g_L) = 0.8080 | grad = 0.8086
step    880 | loss = +0.0707 | mean(g_L) = +0.7583 | EMA = +0.7514 | std(g_L) = 0.8144 | grad = 0.4060
step    900 | loss = -0.0374 | mean(g_L) = +0.7855 | EMA = +0.7580 | std(g_L) = 0.7736 | grad = 0.4463
step    920 | loss = +0.0575 | mean(g_L) = +0.7619 | EMA = +0.7759 | std(g_L) = 0.8096 | grad = 0.3653
step    940 | loss = -0.0727 | mean(g_L) = +0.8604 | EMA = +0.7635 | std(g_L) = 0.7938 | grad = 0.2538
step    960 | loss = -0.0288 | mean(g_L) = +0.7962 | EMA = +0.7622 | std(g_L) = 0.7836 | grad = 0.4755
step    980 | loss = -0.2081 | mean(g_L) = +0.9098 | EMA = +0.7724 | std(g_L) = 0.7493 | grad = 0.9605
step   1000 | loss = -0.0794 | mean(g_L) = +0.7851 | EMA = +0.7609 | std(g_L) = 0.7514 | grad = 0.4324
step   1020 | loss = -0.1130 | mean(g_L) = +0.8401 | EMA = +0.7776 | std(g_L) = 0.7626 | grad = 0.4756
step   1040 | loss = -0.0449 | mean(g_L) = +0.8083 | EMA = +0.7732 | std(g_L) = 0.7815 | grad = 0.7241
step   1060 | loss = +0.0481 | mean(g_L) = +0.7443 | EMA = +0.7720 | std(g_L) = 0.7962 | grad = 0.6582
step   1080 | loss = +0.5093 | mean(g_L) = +0.7104 | EMA = +0.7598 | std(g_L) = 0.9878 | grad = 0.7196
step   1100 | loss = -0.2032 | mean(g_L) = +0.9115 | EMA = +0.7695 | std(g_L) = 0.7527 | grad = 0.6247
step   1120 | loss = +0.1183 | mean(g_L) = +0.8096 | EMA = +0.7618 | std(g_L) = 0.8616 | grad = 0.5390
step   1140 | loss = -0.1381 | mean(g_L) = +0.8646 | EMA = +0.7905 | std(g_L) = 0.7624 | grad = 0.3892
step   1160 | loss = -0.0716 | mean(g_L) = +0.9049 | EMA = +0.7837 | std(g_L) = 0.8165 | grad = 0.6374
step   1180 | loss = -0.0003 | mean(g_L) = +0.7714 | EMA = +0.7750 | std(g_L) = 0.7854 | grad = 0.5142
step   1200 | loss = +0.2531 | mean(g_L) = +0.6899 | EMA = +0.7822 | std(g_L) = 0.8685 | grad = 0.8051
step   1220 | loss = +0.1348 | mean(g_L) = +0.6436 | EMA = +0.7922 | std(g_L) = 0.7891 | grad = 0.7967
step   1240 | loss = -0.1323 | mean(g_L) = +0.7438 | EMA = +0.7865 | std(g_L) = 0.6994 | grad = 0.9353
step   1260 | loss = +0.0754 | mean(g_L) = +0.8700 | EMA = +0.8052 | std(g_L) = 0.8697 | grad = 1.1069
step   1280 | loss = -0.0983 | mean(g_L) = +0.9333 | EMA = +0.8560 | std(g_L) = 0.8173 | grad = 1.4554
step   1300 | loss = -0.1651 | mean(g_L) = +1.0659 | EMA = +0.9701 | std(g_L) = 0.8489 | grad = 0.5912
step   1320 | loss = -0.3272 | mean(g_L) = +1.1150 | EMA = +1.0362 | std(g_L) = 0.7939 | grad = 1.2119
step   1340 | loss = -0.3753 | mean(g_L) = +1.0988 | EMA = +1.0686 | std(g_L) = 0.7608 | grad = 0.7159
step   1360 | loss = -0.3988 | mean(g_L) = +1.1220 | EMA = +1.0871 | std(g_L) = 0.7606 | grad = 1.7374
step   1380 | loss = -0.5087 | mean(g_L) = +1.1693 | EMA = +1.0858 | std(g_L) = 0.7269 | grad = 0.6083
step   1400 | loss = -0.3530 | mean(g_L) = +1.0689 | EMA = +1.0841 | std(g_L) = 0.7568 | grad = 0.4475
step   1420 | loss = -0.5687 | mean(g_L) = +1.2090 | EMA = +1.0943 | std(g_L) = 0.7157 | grad = 0.7552
step   1440 | loss = -0.4136 | mean(g_L) = +1.1783 | EMA = +1.0901 | std(g_L) = 0.7822 | grad = 0.5679
step   1460 | loss = -0.5177 | mean(g_L) = +1.0575 | EMA = +1.0888 | std(g_L) = 0.6572 | grad = 0.8899
step   1480 | loss = -0.2798 | mean(g_L) = +1.0971 | EMA = +1.1063 | std(g_L) = 0.8086 | grad = 2.9012
step   1500 | loss = -0.2402 | mean(g_L) = +1.0537 | EMA = +1.1075 | std(g_L) = 0.8067 | grad = 0.9140
step   1520 | loss = -0.2599 | mean(g_L) = +0.9839 | EMA = +1.1030 | std(g_L) = 0.7611 | grad = 1.3774
step   1540 | loss = -0.2436 | mean(g_L) = +1.0419 | EMA = +1.1096 | std(g_L) = 0.7992 | grad = 0.5764
step   1560 | loss = -0.3397 | mean(g_L) = +1.0335 | EMA = +1.1054 | std(g_L) = 0.7450 | grad = 0.8546
step   1580 | loss = -0.3198 | mean(g_L) = +1.0169 | EMA = +1.1005 | std(g_L) = 0.7468 | grad = 0.7887
step   1600 | loss = -0.2986 | mean(g_L) = +1.1090 | EMA = +1.1213 | std(g_L) = 0.8052 | grad = 1.1476
step   1620 | loss = -0.4692 | mean(g_L) = +1.0660 | EMA = +1.0981 | std(g_L) = 0.6909 | grad = 1.0289
step   1640 | loss = -0.3925 | mean(g_L) = +1.1086 | EMA = +1.0964 | std(g_L) = 0.7569 | grad = 1.3742
step   1660 | loss = -0.5262 | mean(g_L) = +1.0872 | EMA = +1.1080 | std(g_L) = 0.6700 | grad = 0.5667
step   1680 | loss = -0.5201 | mean(g_L) = +1.2279 | EMA = +1.1179 | std(g_L) = 0.7525 | grad = 1.4862
step   1700 | loss = -0.1165 | mean(g_L) = +1.0668 | EMA = +1.0939 | std(g_L) = 0.8720 | grad = 1.8204
step   1720 | loss = -0.4646 | mean(g_L) = +1.1022 | EMA = +1.1190 | std(g_L) = 0.7142 | grad = 0.7040
step   1740 | loss = -0.5427 | mean(g_L) = +1.1375 | EMA = +1.1050 | std(g_L) = 0.6898 | grad = 0.5589
step   1760 | loss = -0.5717 | mean(g_L) = +1.1877 | EMA = +1.1069 | std(g_L) = 0.7020 | grad = 1.0009
step   1780 | loss = -0.4595 | mean(g_L) = +1.1096 | EMA = +1.0989 | std(g_L) = 0.7212 | grad = 1.3441
step   1800 | loss = -0.2003 | mean(g_L) = +1.0222 | EMA = +1.1004 | std(g_L) = 0.8109 | grad = 1.1367
step   1820 | loss = -0.3413 | mean(g_L) = +1.0744 | EMA = +1.1024 | std(g_L) = 0.7659 | grad = 0.9050
step   1840 | loss = -0.5171 | mean(g_L) = +1.1922 | EMA = +1.1106 | std(g_L) = 0.7349 | grad = 0.7199
step   1860 | loss = -0.3043 | mean(g_L) = +1.0322 | EMA = +1.1120 | std(g_L) = 0.7631 | grad = 1.1862
step   1880 | loss = -0.5976 | mean(g_L) = +1.1625 | EMA = +1.1174 | std(g_L) = 0.6723 | grad = 0.5098
step   1900 | loss = -0.2515 | mean(g_L) = +1.0742 | EMA = +1.1116 | std(g_L) = 0.8112 | grad = 1.4098
step   1920 | loss = -0.5140 | mean(g_L) = +1.1308 | EMA = +1.1072 | std(g_L) = 0.7025 | grad = 0.4515
step   1940 | loss = -0.5435 | mean(g_L) = +1.1030 | EMA = +1.1122 | std(g_L) = 0.6691 | grad = 1.0150
step   1960 | loss = -0.2040 | mean(g_L) = +1.0182 | EMA = +1.0974 | std(g_L) = 0.8071 | grad = 0.5760
step   1980 | loss = -0.0314 | mean(g_L) = +1.0516 | EMA = +1.1078 | std(g_L) = 0.9034 | grad = 2.2435
step   2000 | loss = -0.4469 | mean(g_L) = +1.0199 | EMA = +1.0988 | std(g_L) = 0.6770 | grad = 1.1315
step   2020 | loss = -0.3388 | mean(g_L) = +1.0800 | EMA = +1.1153 | std(g_L) = 0.7700 | grad = 0.4278
step   2040 | loss = -0.4541 | mean(g_L) = +1.1806 | EMA = +1.1183 | std(g_L) = 0.7624 | grad = 1.5294
step   2060 | loss = -0.3106 | mean(g_L) = +1.0914 | EMA = +1.1162 | std(g_L) = 0.7904 | grad = 0.6499
step   2080 | loss = -0.3812 | mean(g_L) = +1.0414 | EMA = +1.1107 | std(g_L) = 0.7267 | grad = 0.4298
step   2100 | loss = -0.4332 | mean(g_L) = +1.0997 | EMA = +1.1077 | std(g_L) = 0.7302 | grad = 1.2762
step   2120 | loss = -0.6418 | mean(g_L) = +1.1763 | EMA = +1.1188 | std(g_L) = 0.6539 | grad = 0.7451
step   2140 | loss = -0.4964 | mean(g_L) = +1.1797 | EMA = +1.1370 | std(g_L) = 0.7394 | grad = 0.4701
step   2160 | loss = -0.4428 | mean(g_L) = +1.0643 | EMA = +1.1236 | std(g_L) = 0.7052 | grad = 3.3067
step   2180 | loss = -0.4595 | mean(g_L) = +1.1355 | EMA = +1.1327 | std(g_L) = 0.7354 | grad = 1.7153
step   2200 | loss = -0.4395 | mean(g_L) = +1.1221 | EMA = +1.1244 | std(g_L) = 0.7390 | grad = 1.1473
step   2220 | loss = -0.5556 | mean(g_L) = +1.2145 | EMA = +1.1214 | std(g_L) = 0.7260 | grad = 0.7780
step   2240 | loss = +0.1338 | mean(g_L) = +0.9955 | EMA = +1.1028 | std(g_L) = 0.9505 | grad = 1.0139
step   2260 | loss = -0.4867 | mean(g_L) = +1.0893 | EMA = +1.0902 | std(g_L) = 0.6943 | grad = 0.6030
step   2280 | loss = -0.3509 | mean(g_L) = +1.0545 | EMA = +1.0986 | std(g_L) = 0.7502 | grad = 1.6596
step   2300 | loss = -0.3982 | mean(g_L) = +1.1047 | EMA = +1.0974 | std(g_L) = 0.7518 | grad = 0.8027
step   2320 | loss = -0.4126 | mean(g_L) = +1.1552 | EMA = +1.1135 | std(g_L) = 0.7708 | grad = 0.8800
step   2340 | loss = -0.4507 | mean(g_L) = +1.0172 | EMA = +1.1145 | std(g_L) = 0.6732 | grad = 0.9112
step   2360 | loss = -0.6292 | mean(g_L) = +1.2310 | EMA = +1.1104 | std(g_L) = 0.6938 | grad = 0.4406
step   2380 | loss = -0.4712 | mean(g_L) = +1.1046 | EMA = +1.1046 | std(g_L) = 0.7118 | grad = 1.3312
step   2400 | loss = -0.4282 | mean(g_L) = +1.1356 | EMA = +1.1025 | std(g_L) = 0.7523 | grad = 0.9691
step   2420 | loss = -0.3398 | mean(g_L) = +1.1842 | EMA = +1.1105 | std(g_L) = 0.8219 | grad = 1.7004
step   2440 | loss = -0.3384 | mean(g_L) = +1.0963 | EMA = +1.1112 | std(g_L) = 0.7786 | grad = 0.7822
step   2460 | loss = -0.4765 | mean(g_L) = +1.0750 | EMA = +1.1229 | std(g_L) = 0.6920 | grad = 1.7487
step   2480 | loss = -0.5874 | mean(g_L) = +1.1574 | EMA = +1.1184 | std(g_L) = 0.6753 | grad = 1.1202
step   2500 | loss = -0.1601 | mean(g_L) = +1.0343 | EMA = +1.0974 | std(g_L) = 0.8363 | grad = 2.3082
step   2520 | loss = -0.2523 | mean(g_L) = +1.0500 | EMA = +1.1022 | std(g_L) = 0.7988 | grad = 1.1454
step   2540 | loss = -0.0996 | mean(g_L) = +1.0122 | EMA = +1.1277 | std(g_L) = 0.8545 | grad = 1.5938
step   2560 | loss = -0.4905 | mean(g_L) = +1.1388 | EMA = +1.1090 | std(g_L) = 0.7202 | grad = 0.5991
step   2580 | loss = -0.3232 | mean(g_L) = +1.0894 | EMA = +1.1378 | std(g_L) = 0.7829 | grad = 1.0967
step   2600 | loss = -0.3716 | mean(g_L) = +1.1439 | EMA = +1.1242 | std(g_L) = 0.7860 | grad = 0.9817
step   2620 | loss = -0.6919 | mean(g_L) = +1.2173 | EMA = +1.1086 | std(g_L) = 0.6483 | grad = 0.9178
step   2640 | loss = -0.5852 | mean(g_L) = +1.1283 | EMA = +1.1120 | std(g_L) = 0.6592 | grad = 1.1861
step   2660 | loss = -0.4471 | mean(g_L) = +1.1734 | EMA = +1.1230 | std(g_L) = 0.7622 | grad = 1.2571
step   2680 | loss = -0.6266 | mean(g_L) = +1.2576 | EMA = +1.1134 | std(g_L) = 0.7105 | grad = 0.5306
step   2700 | loss = -0.3797 | mean(g_L) = +1.1547 | EMA = +1.1127 | std(g_L) = 0.7874 | grad = 1.3038
step   2720 | loss = -0.5900 | mean(g_L) = +1.1917 | EMA = +1.1233 | std(g_L) = 0.6938 | grad = 0.6245
step   2740 | loss = -0.3422 | mean(g_L) = +1.2099 | EMA = +1.1328 | std(g_L) = 0.8331 | grad = 0.6783
step   2760 | loss = -0.0750 | mean(g_L) = +1.1197 | EMA = +1.1139 | std(g_L) = 0.9142 | grad = 5.9880
step   2780 | loss = +0.0651 | mean(g_L) = +1.0759 | EMA = +1.1162 | std(g_L) = 0.9554 | grad = 3.2184
step   2800 | loss = -0.3544 | mean(g_L) = +1.0992 | EMA = +1.1357 | std(g_L) = 0.7719 | grad = 1.1462
step   2820 | loss = -0.4602 | mean(g_L) = +1.1426 | EMA = +1.1212 | std(g_L) = 0.7388 | grad = 0.4693
step   2840 | loss = -0.4399 | mean(g_L) = +1.1367 | EMA = +1.1154 | std(g_L) = 0.7466 | grad = 0.6820
step   2860 | loss = -0.5371 | mean(g_L) = +1.1631 | EMA = +1.1178 | std(g_L) = 0.7076 | grad = 0.7156
step   2880 | loss = -0.4869 | mean(g_L) = +1.1383 | EMA = +1.1329 | std(g_L) = 0.7218 | grad = 1.9356
step   2900 | loss = -0.5038 | mean(g_L) = +1.1486 | EMA = +1.1141 | std(g_L) = 0.7182 | grad = 1.4252
step   2920 | loss = -0.1796 | mean(g_L) = +1.0664 | EMA = +1.0990 | std(g_L) = 0.8423 | grad = 2.5352
step   2940 | loss = -0.1892 | mean(g_L) = +1.0669 | EMA = +1.1123 | std(g_L) = 0.8380 | grad = 0.6559
step   2960 | loss = -0.5833 | mean(g_L) = +1.2281 | EMA = +1.1200 | std(g_L) = 0.7182 | grad = 0.5492
step   2980 | loss = -0.4054 | mean(g_L) = +1.1040 | EMA = +1.1216 | std(g_L) = 0.7475 | grad = 1.3354
step   3000 | loss = -0.4965 | mean(g_L) = +1.1130 | EMA = +1.1216 | std(g_L) = 0.7023 | grad = 0.6138
step   3020 | loss = -0.4393 | mean(g_L) = +1.1862 | EMA = +1.1226 | std(g_L) = 0.7730 | grad = 1.2519
step   3040 | loss = -0.3610 | mean(g_L) = +1.0438 | EMA = +1.1184 | std(g_L) = 0.7391 | grad = 0.5597
step   3060 | loss = -0.4996 | mean(g_L) = +1.0882 | EMA = +1.1183 | std(g_L) = 0.6862 | grad = 0.3408
step   3080 | loss = -0.3567 | mean(g_L) = +1.1108 | EMA = +1.1164 | std(g_L) = 0.7767 | grad = 1.3128
step   3100 | loss = -0.4052 | mean(g_L) = +1.0968 | EMA = +1.1230 | std(g_L) = 0.7438 | grad = 0.8274
step   3120 | loss = -0.3199 | mean(g_L) = +1.1165 | EMA = +1.1151 | std(g_L) = 0.7983 | grad = 1.2542
step   3140 | loss = -0.4642 | mean(g_L) = +1.1384 | EMA = +1.1081 | std(g_L) = 0.7344 | grad = 1.0678
step   3160 | loss = -0.3668 | mean(g_L) = +1.0823 | EMA = +1.1168 | std(g_L) = 0.7566 | grad = 0.8369
step   3180 | loss = -0.2643 | mean(g_L) = +1.1247 | EMA = +1.1082 | std(g_L) = 0.8297 | grad = 1.6588
step   3200 | loss = -0.5070 | mean(g_L) = +1.1307 | EMA = +1.1017 | std(g_L) = 0.7064 | grad = 1.0245
step   3220 | loss = -0.2765 | mean(g_L) = +1.0837 | EMA = +1.1088 | std(g_L) = 0.8036 | grad = 1.0956
step   3240 | loss = -0.2542 | mean(g_L) = +1.0763 | EMA = +1.1033 | std(g_L) = 0.8109 | grad = 0.7587
step   3260 | loss = -0.5563 | mean(g_L) = +1.2033 | EMA = +1.1107 | std(g_L) = 0.7194 | grad = 0.8096
step   3280 | loss = -0.4042 | mean(g_L) = +1.1099 | EMA = +1.1226 | std(g_L) = 0.7514 | grad = 1.1761
step   3300 | loss = -0.1314 | mean(g_L) = +0.9580 | EMA = +1.1023 | std(g_L) = 0.8132 | grad = 1.1422
step   3320 | loss = -0.7056 | mean(g_L) = +1.2176 | EMA = +1.1264 | std(g_L) = 0.6400 | grad = 0.6743
step   3340 | loss = -0.4986 | mean(g_L) = +1.1859 | EMA = +1.1185 | std(g_L) = 0.7415 | grad = 1.4664
step   3360 | loss = -0.4934 | mean(g_L) = +1.1363 | EMA = +1.1135 | std(g_L) = 0.7172 | grad = 0.7883
step   3380 | loss = -0.6958 | mean(g_L) = +1.2714 | EMA = +1.1263 | std(g_L) = 0.6786 | grad = 0.3736
step   3400 | loss = -0.4948 | mean(g_L) = +1.1915 | EMA = +1.1198 | std(g_L) = 0.7465 | grad = 0.9309
step   3420 | loss = -0.4706 | mean(g_L) = +1.2049 | EMA = +1.1105 | std(g_L) = 0.7664 | grad = 0.9506
step   3440 | loss = -0.6332 | mean(g_L) = +1.2287 | EMA = +1.1207 | std(g_L) = 0.6902 | grad = 0.9143
step   3460 | loss = -0.3705 | mean(g_L) = +1.0589 | EMA = +1.1001 | std(g_L) = 0.7421 | grad = 0.7255
step   3480 | loss = -0.5181 | mean(g_L) = +1.0533 | EMA = +1.1219 | std(g_L) = 0.6543 | grad = 0.7891
step   3500 | loss = -0.5527 | mean(g_L) = +1.0941 | EMA = +1.1156 | std(g_L) = 0.6581 | grad = 1.8695
step   3520 | loss = -0.4056 | mean(g_L) = +1.1688 | EMA = +1.1221 | std(g_L) = 0.7814 | grad = 0.4974
step   3540 | loss = -0.3866 | mean(g_L) = +1.1601 | EMA = +1.1235 | std(g_L) = 0.7866 | grad = 0.8549
step   3560 | loss = -0.5104 | mean(g_L) = +1.1134 | EMA = +1.1104 | std(g_L) = 0.6945 | grad = 0.9470
step   3580 | loss = -0.2214 | mean(g_L) = +1.0612 | EMA = +1.1040 | std(g_L) = 0.8197 | grad = 1.3370
step   3600 | loss = -0.4623 | mean(g_L) = +1.0271 | EMA = +1.1210 | std(g_L) = 0.6722 | grad = 1.0579
step   3620 | loss = -0.4666 | mean(g_L) = +1.1259 | EMA = +1.1080 | std(g_L) = 0.7262 | grad = 0.8672
step   3640 | loss = -0.1918 | mean(g_L) = +0.9739 | EMA = +1.1121 | std(g_L) = 0.7910 | grad = 1.4478
step   3660 | loss = -0.4175 | mean(g_L) = +1.1082 | EMA = +1.1080 | std(g_L) = 0.7433 | grad = 1.1850
step   3680 | loss = -0.1931 | mean(g_L) = +1.0665 | EMA = +1.1214 | std(g_L) = 0.8359 | grad = 1.1375
step   3700 | loss = -0.7032 | mean(g_L) = +1.1491 | EMA = +1.1120 | std(g_L) = 0.5973 | grad = 0.7332
step   3720 | loss = -0.6758 | mean(g_L) = +1.1372 | EMA = +1.1240 | std(g_L) = 0.6076 | grad = 0.4354
step   3740 | loss = -0.5287 | mean(g_L) = +1.1940 | EMA = +1.1094 | std(g_L) = 0.7295 | grad = 0.6905
step   3760 | loss = -0.2979 | mean(g_L) = +1.0320 | EMA = +1.0988 | std(g_L) = 0.7663 | grad = 0.5184
step   3780 | loss = -0.4462 | mean(g_L) = +1.0945 | EMA = +1.1072 | std(g_L) = 0.7202 | grad = 0.8523
step   3800 | loss = -0.4648 | mean(g_L) = +1.1725 | EMA = +1.1199 | std(g_L) = 0.7524 | grad = 0.4289
step   3820 | loss = -0.5526 | mean(g_L) = +1.0867 | EMA = +1.1220 | std(g_L) = 0.6537 | grad = 0.6050
step   3840 | loss = -0.3745 | mean(g_L) = +1.0841 | EMA = +1.1020 | std(g_L) = 0.7535 | grad = 1.4723
step   3860 | loss = -0.2382 | mean(g_L) = +1.0994 | EMA = +1.1077 | std(g_L) = 0.8301 | grad = 0.8551
step   3880 | loss = -0.3721 | mean(g_L) = +1.1522 | EMA = +1.0999 | std(g_L) = 0.7900 | grad = 0.7464
step   3900 | loss = -0.4764 | mean(g_L) = +1.1610 | EMA = +1.1171 | std(g_L) = 0.7401 | grad = 0.4725
step   3920 | loss = -0.3974 | mean(g_L) = +1.0768 | EMA = +1.1249 | std(g_L) = 0.7373 | grad = 0.9133
step   3940 | loss = -0.5501 | mean(g_L) = +1.1112 | EMA = +1.1281 | std(g_L) = 0.6700 | grad = 0.6539
step   3960 | loss = -0.4954 | mean(g_L) = +1.1827 | EMA = +1.1348 | std(g_L) = 0.7415 | grad = 1.9395
step   3980 | loss = -0.3230 | mean(g_L) = +1.0216 | EMA = +1.1221 | std(g_L) = 0.7476 | grad = 0.7882
step   4000 | loss = -0.4231 | mean(g_L) = +1.0996 | EMA = +1.1440 | std(g_L) = 0.7357 | grad = 1.3890
step   4020 | loss = -0.3326 | mean(g_L) = +1.0312 | EMA = +1.1037 | std(g_L) = 0.7476 | grad = 0.8085
step   4040 | loss = -0.5939 | mean(g_L) = +1.1637 | EMA = +1.1176 | std(g_L) = 0.6751 | grad = 0.8341
step   4060 | loss = -0.3341 | mean(g_L) = +1.1425 | EMA = +1.1272 | std(g_L) = 0.8042 | grad = 0.9713
step   4080 | loss = -0.6010 | mean(g_L) = +1.2374 | EMA = +1.1308 | std(g_L) = 0.7135 | grad = 0.4839
step   4100 | loss = -0.2565 | mean(g_L) = +1.0997 | EMA = +1.1300 | std(g_L) = 0.8213 | grad = 1.2195
step   4120 | loss = -0.4244 | mean(g_L) = +1.1033 | EMA = +1.1118 | std(g_L) = 0.7370 | grad = 0.6588
step   4140 | loss = -0.4880 | mean(g_L) = +1.1944 | EMA = +1.1185 | std(g_L) = 0.7517 | grad = 1.1540
step   4160 | loss = -0.2075 | mean(g_L) = +0.9534 | EMA = +1.1133 | std(g_L) = 0.7725 | grad = 1.6155
step   4180 | loss = -0.5031 | mean(g_L) = +1.1288 | EMA = +1.1254 | std(g_L) = 0.7075 | grad = 0.4458
step   4200 | loss = -0.3861 | mean(g_L) = +1.1386 | EMA = +1.1234 | std(g_L) = 0.7759 | grad = 2.0856
step   4220 | loss = -0.3308 | mean(g_L) = +1.0430 | EMA = +1.1216 | std(g_L) = 0.7549 | grad = 0.6160
step   4240 | loss = -0.6373 | mean(g_L) = +1.1532 | EMA = +1.1306 | std(g_L) = 0.6424 | grad = 0.4568
step   4260 | loss = -0.2566 | mean(g_L) = +1.0720 | EMA = +1.1346 | std(g_L) = 0.8076 | grad = 1.3059
step   4280 | loss = -0.3654 | mean(g_L) = +1.0923 | EMA = +1.1234 | std(g_L) = 0.7626 | grad = 0.3640
step   4300 | loss = -0.3713 | mean(g_L) = +1.1022 | EMA = +1.1109 | std(g_L) = 0.7647 | grad = 0.7523
step   4320 | loss = -0.2793 | mean(g_L) = +1.1251 | EMA = +1.1155 | std(g_L) = 0.8226 | grad = 2.1014
step   4340 | loss = -0.6907 | mean(g_L) = +1.2735 | EMA = +1.1240 | std(g_L) = 0.6828 | grad = 0.4032
step   4360 | loss = -0.1195 | mean(g_L) = +1.1192 | EMA = +1.1267 | std(g_L) = 0.8943 | grad = 1.8747
step   4380 | loss = -0.3216 | mean(g_L) = +1.1692 | EMA = +1.1075 | std(g_L) = 0.8235 | grad = 0.7081
step   4400 | loss = -0.2646 | mean(g_L) = +1.0864 | EMA = +1.1177 | std(g_L) = 0.8108 | grad = 1.8764
step   4420 | loss = -0.2432 | mean(g_L) = +1.0222 | EMA = +1.1049 | std(g_L) = 0.7895 | grad = 0.9711
step   4440 | loss = -0.5631 | mean(g_L) = +1.0949 | EMA = +1.1230 | std(g_L) = 0.6523 | grad = 0.6392
step   4460 | loss = -0.6013 | mean(g_L) = +1.1650 | EMA = +1.1116 | std(g_L) = 0.6716 | grad = 0.8507
step   4480 | loss = -0.3694 | mean(g_L) = +1.1489 | EMA = +1.1107 | std(g_L) = 0.7897 | grad = 1.1202
step   4500 | loss = -0.4978 | mean(g_L) = +1.1908 | EMA = +1.1285 | std(g_L) = 0.7446 | grad = 0.4046
step   4520 | loss = -0.1474 | mean(g_L) = +1.1529 | EMA = +1.1252 | std(g_L) = 0.8969 | grad = 2.6566
step   4540 | loss = -0.5239 | mean(g_L) = +1.1343 | EMA = +1.1275 | std(g_L) = 0.6988 | grad = 2.1988
step   4560 | loss = -0.4408 | mean(g_L) = +1.1612 | EMA = +1.1444 | std(g_L) = 0.7592 | grad = 1.5408
step   4580 | loss = -0.4822 | mean(g_L) = +1.1464 | EMA = +1.1432 | std(g_L) = 0.7290 | grad = 0.4456
step   4600 | loss = -0.3124 | mean(g_L) = +1.0855 | EMA = +1.1343 | std(g_L) = 0.7864 | grad = 1.0599
step   4620 | loss = -0.4020 | mean(g_L) = +1.1650 | EMA = +1.1327 | std(g_L) = 0.7813 | grad = 1.7883
step   4640 | loss = -0.5813 | mean(g_L) = +1.1909 | EMA = +1.1391 | std(g_L) = 0.6984 | grad = 0.4683
step   4660 | loss = -0.3402 | mean(g_L) = +1.0138 | EMA = +1.1128 | std(g_L) = 0.7341 | grad = 0.4803
step   4680 | loss = -0.3717 | mean(g_L) = +1.1616 | EMA = +1.1334 | std(g_L) = 0.7950 | grad = 0.9924
step   4700 | loss = -0.6207 | mean(g_L) = +1.2022 | EMA = +1.1437 | std(g_L) = 0.6821 | grad = 0.3997
step   4720 | loss = -0.4367 | mean(g_L) = +1.1506 | EMA = +1.1372 | std(g_L) = 0.7557 | grad = 1.2246
step   4740 | loss = -0.2705 | mean(g_L) = +1.0749 | EMA = +1.1220 | std(g_L) = 0.8022 | grad = 0.9319
step   4760 | loss = -0.5941 | mean(g_L) = +1.2017 | EMA = +1.1318 | std(g_L) = 0.6972 | grad = 0.7963
step   4780 | loss = -0.5053 | mean(g_L) = +1.0895 | EMA = +1.1369 | std(g_L) = 0.6837 | grad = 1.7520
step   4800 | loss = -0.4880 | mean(g_L) = +1.1693 | EMA = +1.1205 | std(g_L) = 0.7382 | grad = 1.2047
step   4820 | loss = -0.2247 | mean(g_L) = +1.0005 | EMA = +1.1290 | std(g_L) = 0.7878 | grad = 1.6642
step   4840 | loss = -0.5114 | mean(g_L) = +1.1912 | EMA = +1.1272 | std(g_L) = 0.7375 | grad = 0.7882
step   4860 | loss = -0.1955 | mean(g_L) = +1.1200 | EMA = +1.1262 | std(g_L) = 0.8600 | grad = 2.5980
step   4880 | loss = -0.7110 | mean(g_L) = +1.3227 | EMA = +1.1262 | std(g_L) = 0.6995 | grad = 0.9576
step   4900 | loss = -0.5689 | mean(g_L) = +1.1575 | EMA = +1.1290 | std(g_L) = 0.6862 | grad = 2.3465
step   4920 | loss = -0.6816 | mean(g_L) = +1.2421 | EMA = +1.1247 | std(g_L) = 0.6696 | grad = 0.9896
step   4940 | loss = +0.0025 | mean(g_L) = +1.0152 | EMA = +1.1265 | std(g_L) = 0.9023 | grad = 1.2636
step   4960 | loss = -0.1644 | mean(g_L) = +0.9627 | EMA = +1.1142 | std(g_L) = 0.7991 | grad = 0.9207
step   4980 | loss = -0.6028 | mean(g_L) = +1.1638 | EMA = +1.1343 | std(g_L) = 0.6699 | grad = 0.9551
step   5000 | loss = -0.2069 | mean(g_L) = +1.0069 | EMA = +1.1213 | std(g_L) = 0.8000 | grad = 1.2895
step   5020 | loss = -0.4475 | mean(g_L) = +1.1319 | EMA = +1.1287 | std(g_L) = 0.7399 | grad = 0.4779
step   5040 | loss = -0.3699 | mean(g_L) = +1.0781 | EMA = +1.1219 | std(g_L) = 0.7527 | grad = 0.5379
step   5060 | loss = -0.4914 | mean(g_L) = +1.1454 | EMA = +1.1277 | std(g_L) = 0.7233 | grad = 0.9041
step   5080 | loss = -0.3756 | mean(g_L) = +1.0234 | EMA = +1.1355 | std(g_L) = 0.7199 | grad = 0.6484
step   5100 | loss = -0.4671 | mean(g_L) = +1.1620 | EMA = +1.1106 | std(g_L) = 0.7456 | grad = 1.2275
step   5120 | loss = -0.5573 | mean(g_L) = +1.1696 | EMA = +1.1332 | std(g_L) = 0.6999 | grad = 0.6900
step   5140 | loss = -0.2346 | mean(g_L) = +1.0231 | EMA = +1.1213 | std(g_L) = 0.7942 | grad = 1.0413
step   5160 | loss = -0.4287 | mean(g_L) = +1.1366 | EMA = +1.1140 | std(g_L) = 0.7525 | grad = 0.7336
step   5180 | loss = -0.4724 | mean(g_L) = +1.1136 | EMA = +1.1210 | std(g_L) = 0.7162 | grad = 0.8926
step   5200 | loss = -0.4093 | mean(g_L) = +1.1106 | EMA = +1.1270 | std(g_L) = 0.7490 | grad = 0.8620
step   5220 | loss = -0.5084 | mean(g_L) = +1.1248 | EMA = +1.1229 | std(g_L) = 0.7022 | grad = 0.5231
step   5240 | loss = -0.3909 | mean(g_L) = +1.1417 | EMA = +1.1355 | std(g_L) = 0.7750 | grad = 2.2493
step   5260 | loss = -0.4528 | mean(g_L) = +1.1181 | EMA = +1.1210 | std(g_L) = 0.7296 | grad = 0.3050
step   5280 | loss = -0.4662 | mean(g_L) = +1.1800 | EMA = +1.1406 | std(g_L) = 0.7556 | grad = 0.3596
step   5300 | loss = -0.5638 | mean(g_L) = +1.1067 | EMA = +1.1345 | std(g_L) = 0.6590 | grad = 1.0909
step   5320 | loss = -0.3601 | mean(g_L) = +1.0746 | EMA = +1.1466 | std(g_L) = 0.7560 | grad = 1.1545
step   5340 | loss = -0.3543 | mean(g_L) = +1.1526 | EMA = +1.1243 | std(g_L) = 0.7992 | grad = 0.8476
step   5360 | loss = -0.5618 | mean(g_L) = +1.1657 | EMA = +1.1310 | std(g_L) = 0.6950 | grad = 0.6763
step   5380 | loss = -0.5197 | mean(g_L) = +1.1296 | EMA = +1.1286 | std(g_L) = 0.6985 | grad = 0.5568
step   5400 | loss = -0.5216 | mean(g_L) = +1.1746 | EMA = +1.1305 | std(g_L) = 0.7228 | grad = 0.5450
step   5420 | loss = -0.2989 | mean(g_L) = +1.0543 | EMA = +1.1456 | std(g_L) = 0.7773 | grad = 1.1829
step   5440 | loss = -0.2584 | mean(g_L) = +1.0744 | EMA = +1.1309 | std(g_L) = 0.8079 | grad = 3.8298
step   5460 | loss = -0.3767 | mean(g_L) = +1.1535 | EMA = +1.1411 | std(g_L) = 0.7883 | grad = 1.0925
step   5480 | loss = -0.4152 | mean(g_L) = +1.0632 | EMA = +1.1398 | std(g_L) = 0.7200 | grad = 0.4212
step   5500 | loss = -0.3866 | mean(g_L) = +1.0149 | EMA = +1.1354 | std(g_L) = 0.7089 | grad = 0.7832
step   5520 | loss = -0.6701 | mean(g_L) = +1.2298 | EMA = +1.1302 | std(g_L) = 0.6692 | grad = 0.5232
step   5540 | loss = -0.2666 | mean(g_L) = +1.1242 | EMA = +1.1334 | std(g_L) = 0.8283 | grad = 2.2832
step   5560 | loss = -0.6915 | mean(g_L) = +1.2515 | EMA = +1.1374 | std(g_L) = 0.6693 | grad = 0.3610
step   5580 | loss = -0.5436 | mean(g_L) = +1.1886 | EMA = +1.1476 | std(g_L) = 0.7183 | grad = 0.9737
step   5600 | loss = -0.2323 | mean(g_L) = +1.0990 | EMA = +1.1383 | std(g_L) = 0.8327 | grad = 1.2641
step   5620 | loss = -0.4004 | mean(g_L) = +1.0949 | EMA = +1.1208 | std(g_L) = 0.7454 | grad = 0.9623
step   5640 | loss = -0.0176 | mean(g_L) = +1.0998 | EMA = +1.1285 | std(g_L) = 0.9305 | grad = 0.9022
step   5660 | loss = -0.4488 | mean(g_L) = +1.0638 | EMA = +1.1381 | std(g_L) = 0.7015 | grad = 0.5115
step   5680 | loss = -0.4123 | mean(g_L) = +1.0838 | EMA = +1.1276 | std(g_L) = 0.7329 | grad = 0.8426
step   5700 | loss = -0.5957 | mean(g_L) = +1.1453 | EMA = +1.1310 | std(g_L) = 0.6631 | grad = 0.5936
step   5720 | loss = -0.4707 | mean(g_L) = +1.1201 | EMA = +1.1204 | std(g_L) = 0.7207 | grad = 0.6790
step   5740 | loss = -0.3710 | mean(g_L) = +1.1347 | EMA = +1.1378 | std(g_L) = 0.7816 | grad = 0.7545
step   5760 | loss = -0.3708 | mean(g_L) = +1.1032 | EMA = +1.1247 | std(g_L) = 0.7655 | grad = 1.3936
step   5780 | loss = -0.5466 | mean(g_L) = +1.1514 | EMA = +1.1209 | std(g_L) = 0.6956 | grad = 1.4133
step   5800 | loss = -0.4905 | mean(g_L) = +1.1801 | EMA = +1.1287 | std(g_L) = 0.7428 | grad = 1.5848
step   5820 | loss = -0.4029 | mean(g_L) = +1.1358 | EMA = +1.1266 | std(g_L) = 0.7657 | grad = 0.3779
step   5840 | loss = -0.4900 | mean(g_L) = +1.1401 | EMA = +1.1526 | std(g_L) = 0.7212 | grad = 1.2470
step   5860 | loss = -0.6335 | mean(g_L) = +1.1261 | EMA = +1.1332 | std(g_L) = 0.6278 | grad = 0.7351
step   5880 | loss = -0.3427 | mean(g_L) = +1.0477 | EMA = +1.1278 | std(g_L) = 0.7510 | grad = 1.5957
step   5900 | loss = -0.2866 | mean(g_L) = +1.1502 | EMA = +1.1328 | std(g_L) = 0.8312 | grad = 0.3507
step   5920 | loss = -0.6245 | mean(g_L) = +1.2368 | EMA = +1.1415 | std(g_L) = 0.6999 | grad = 1.3616
step   5940 | loss = -0.5832 | mean(g_L) = +1.2538 | EMA = +1.1504 | std(g_L) = 0.7324 | grad = 0.8793
step   5960 | loss = -0.6831 | mean(g_L) = +1.1642 | EMA = +1.1404 | std(g_L) = 0.6203 | grad = 0.4708
step   5980 | loss = -0.4877 | mean(g_L) = +1.1338 | EMA = +1.1513 | std(g_L) = 0.7189 | grad = 3.2210
step   6000 | loss = -0.5511 | mean(g_L) = +1.1308 | EMA = +1.1371 | std(g_L) = 0.6810 | grad = 0.7599
step   6020 | loss = -0.0791 | mean(g_L) = +1.0123 | EMA = +1.1291 | std(g_L) = 0.8640 | grad = 1.7500
step   6040 | loss = -0.2480 | mean(g_L) = +1.0770 | EMA = +1.1466 | std(g_L) = 0.8144 | grad = 1.3425
step   6060 | loss = -0.4831 | mean(g_L) = +1.1611 | EMA = +1.1509 | std(g_L) = 0.7365 | grad = 0.3215
step   6080 | loss = -0.6397 | mean(g_L) = +1.1642 | EMA = +1.1465 | std(g_L) = 0.6478 | grad = 0.5252
step   6100 | loss = -0.5919 | mean(g_L) = +1.1910 | EMA = +1.1258 | std(g_L) = 0.6923 | grad = 0.6151
step   6120 | loss = -0.6031 | mean(g_L) = +1.1189 | EMA = +1.1029 | std(g_L) = 0.6424 | grad = 0.9313
step   6140 | loss = -0.5873 | mean(g_L) = +1.2164 | EMA = +1.1274 | std(g_L) = 0.7094 | grad = 0.6002
step   6160 | loss = -0.6904 | mean(g_L) = +1.2262 | EMA = +1.1457 | std(g_L) = 0.6547 | grad = 0.3760
step   6180 | loss = -0.1080 | mean(g_L) = +1.1471 | EMA = +1.1479 | std(g_L) = 0.9118 | grad = 0.9201
step   6200 | loss = -0.5721 | mean(g_L) = +1.2192 | EMA = +1.1477 | std(g_L) = 0.7195 | grad = 0.4448
step   6220 | loss = -0.6243 | mean(g_L) = +1.1804 | EMA = +1.1286 | std(g_L) = 0.6670 | grad = 0.4774
step   6240 | loss = -0.5669 | mean(g_L) = +1.2123 | EMA = +1.1256 | std(g_L) = 0.7186 | grad = 0.4574
step   6260 | loss = -0.3528 | mean(g_L) = +1.0646 | EMA = +1.1314 | std(g_L) = 0.7546 | grad = 1.0297
step   6280 | loss = -0.6667 | mean(g_L) = +1.2062 | EMA = +1.1346 | std(g_L) = 0.6569 | grad = 0.3812
step   6300 | loss = -0.5668 | mean(g_L) = +1.1932 | EMA = +1.1342 | std(g_L) = 0.7079 | grad = 0.4835
step   6320 | loss = -0.4998 | mean(g_L) = +1.1522 | EMA = +1.1519 | std(g_L) = 0.7224 | grad = 1.2078
step   6340 | loss = -0.3745 | mean(g_L) = +1.1058 | EMA = +1.1362 | std(g_L) = 0.7649 | grad = 0.4665
step   6360 | loss = -0.5847 | mean(g_L) = +1.1397 | EMA = +1.1425 | std(g_L) = 0.6663 | grad = 1.0387
step   6380 | loss = -0.3785 | mean(g_L) = +1.1312 | EMA = +1.1438 | std(g_L) = 0.7760 | grad = 0.2273
step   6400 | loss = -0.4487 | mean(g_L) = +1.1700 | EMA = +1.1394 | std(g_L) = 0.7597 | grad = 0.3626
step   6420 | loss = -0.2266 | mean(g_L) = +1.1172 | EMA = +1.1306 | std(g_L) = 0.8441 | grad = 1.5185
step   6440 | loss = -0.4027 | mean(g_L) = +1.0660 | EMA = +1.1398 | std(g_L) = 0.7285 | grad = 0.6852
step   6460 | loss = -0.5433 | mean(g_L) = +1.1676 | EMA = +1.1503 | std(g_L) = 0.7067 | grad = 1.2034
step   6480 | loss = -0.2007 | mean(g_L) = +1.1334 | EMA = +1.1649 | std(g_L) = 0.8638 | grad = 2.6965
step   6500 | loss = -0.5597 | mean(g_L) = +1.1635 | EMA = +1.1528 | std(g_L) = 0.6950 | grad = 0.2825
step   6520 | loss = -0.4270 | mean(g_L) = +1.1552 | EMA = +1.1373 | std(g_L) = 0.7633 | grad = 0.7895
step   6540 | loss = -0.3203 | mean(g_L) = +1.0844 | EMA = +1.1335 | std(g_L) = 0.7819 | grad = 1.4348
step   6560 | loss = -0.4311 | mean(g_L) = +1.0407 | EMA = +1.1304 | std(g_L) = 0.6983 | grad = 0.5483
step   6580 | loss = -0.5915 | mean(g_L) = +1.2343 | EMA = +1.1411 | std(g_L) = 0.7171 | grad = 1.2981
step   6600 | loss = -0.5919 | mean(g_L) = +1.2182 | EMA = +1.1434 | std(g_L) = 0.7078 | grad = 0.8718
step   6620 | loss = -0.4673 | mean(g_L) = +1.1686 | EMA = +1.1486 | std(g_L) = 0.7490 | grad = 0.7766
step   6640 | loss = -0.5138 | mean(g_L) = +1.1866 | EMA = +1.1437 | std(g_L) = 0.7336 | grad = 0.5842
step   6660 | loss = -0.2534 | mean(g_L) = +1.1192 | EMA = +1.1181 | std(g_L) = 0.8322 | grad = 0.7292
step   6680 | loss = -0.2995 | mean(g_L) = +1.1245 | EMA = +1.1340 | std(g_L) = 0.8124 | grad = 1.0627
step   6700 | loss = -0.2944 | mean(g_L) = +1.1315 | EMA = +1.1390 | std(g_L) = 0.8183 | grad = 0.9997
step   6720 | loss = -0.5382 | mean(g_L) = +1.2287 | EMA = +1.1272 | std(g_L) = 0.7432 | grad = 0.4071
step   6740 | loss = -0.6822 | mean(g_L) = +1.2538 | EMA = +1.1307 | std(g_L) = 0.6762 | grad = 0.6521
step   6760 | loss = -0.4745 | mean(g_L) = +1.0982 | EMA = +1.1394 | std(g_L) = 0.7064 | grad = 0.7544
step   6780 | loss = -0.4205 | mean(g_L) = +1.0795 | EMA = +1.1391 | std(g_L) = 0.7261 | grad = 0.8833
step   6800 | loss = -0.6496 | mean(g_L) = +1.1821 | EMA = +1.1419 | std(g_L) = 0.6527 | grad = 0.6676
step   6820 | loss = -0.5789 | mean(g_L) = +1.1431 | EMA = +1.1415 | std(g_L) = 0.6718 | grad = 0.5935
step   6840 | loss = -0.5945 | mean(g_L) = +1.1951 | EMA = +1.1418 | std(g_L) = 0.6932 | grad = 0.6314
step   6860 | loss = -0.2889 | mean(g_L) = +1.0801 | EMA = +1.1356 | std(g_L) = 0.7956 | grad = 0.8806
step   6880 | loss = -0.5044 | mean(g_L) = +1.2145 | EMA = +1.1375 | std(g_L) = 0.7537 | grad = 1.3674
step   6900 | loss = -0.5371 | mean(g_L) = +1.1379 | EMA = +1.1302 | std(g_L) = 0.6933 | grad = 0.3978
step   6920 | loss = -0.4619 | mean(g_L) = +1.1369 | EMA = +1.1396 | std(g_L) = 0.7349 | grad = 1.6194
step   6940 | loss = -0.4966 | mean(g_L) = +1.1090 | EMA = +1.1548 | std(g_L) = 0.7000 | grad = 0.7924
step   6960 | loss = -0.4518 | mean(g_L) = +1.1051 | EMA = +1.1598 | std(g_L) = 0.7230 | grad = 0.4694
step   6980 | loss = -0.4312 | mean(g_L) = +1.1883 | EMA = +1.1700 | std(g_L) = 0.7783 | grad = 1.0604
step   7000 | loss = -0.5839 | mean(g_L) = +1.1841 | EMA = +1.1505 | std(g_L) = 0.6929 | grad = 0.7299
step   7020 | loss = -0.4934 | mean(g_L) = +1.0869 | EMA = +1.1427 | std(g_L) = 0.6890 | grad = 0.5522
step   7040 | loss = -0.2135 | mean(g_L) = +1.0433 | EMA = +1.1298 | std(g_L) = 0.8148 | grad = 1.0630
step   7060 | loss = -0.3716 | mean(g_L) = +1.1581 | EMA = +1.1193 | std(g_L) = 0.7932 | grad = 1.3089
step   7080 | loss = -0.4756 | mean(g_L) = +1.0910 | EMA = +1.1240 | std(g_L) = 0.7017 | grad = 0.7633
step   7100 | loss = -0.5871 | mean(g_L) = +1.1892 | EMA = +1.1360 | std(g_L) = 0.6940 | grad = 0.3834
step   7120 | loss = -0.0836 | mean(g_L) = +1.0464 | EMA = +1.1414 | std(g_L) = 0.8776 | grad = 2.0250
step   7140 | loss = -0.5382 | mean(g_L) = +1.1430 | EMA = +1.1303 | std(g_L) = 0.6956 | grad = 1.0261
step   7160 | loss = -0.0037 | mean(g_L) = +1.0272 | EMA = +1.1548 | std(g_L) = 0.9049 | grad = 1.5036
step   7180 | loss = -0.3830 | mean(g_L) = +1.2439 | EMA = +1.1412 | std(g_L) = 0.8299 | grad = 0.5040
step   7200 | loss = -0.3603 | mean(g_L) = +1.0950 | EMA = +1.1346 | std(g_L) = 0.7667 | grad = 0.8441
step   7220 | loss = -0.5306 | mean(g_L) = +1.1169 | EMA = +1.1291 | std(g_L) = 0.6849 | grad = 0.7267
step   7240 | loss = -0.5157 | mean(g_L) = +1.1742 | EMA = +1.1388 | std(g_L) = 0.7258 | grad = 0.6609
step   7260 | loss = -0.5199 | mean(g_L) = +1.0722 | EMA = +1.1392 | std(g_L) = 0.6647 | grad = 0.7702
step   7280 | loss = -0.5553 | mean(g_L) = +1.1431 | EMA = +1.1466 | std(g_L) = 0.6857 | grad = 0.7674
step   7300 | loss = -0.5379 | mean(g_L) = +1.1091 | EMA = +1.1344 | std(g_L) = 0.6760 | grad = 0.2228
step   7320 | loss = -0.3202 | mean(g_L) = +1.1595 | EMA = +1.1452 | std(g_L) = 0.8194 | grad = 1.4523
step   7340 | loss = -0.4572 | mean(g_L) = +1.1130 | EMA = +1.1419 | std(g_L) = 0.7243 | grad = 0.9305
step   7360 | loss = -0.6248 | mean(g_L) = +1.3175 | EMA = +1.1422 | std(g_L) = 0.7444 | grad = 0.6363
step   7380 | loss = -0.4969 | mean(g_L) = +1.1561 | EMA = +1.1513 | std(g_L) = 0.7262 | grad = 0.6548
step   7400 | loss = -0.5044 | mean(g_L) = +1.2183 | EMA = +1.1573 | std(g_L) = 0.7557 | grad = 0.7244
step   7420 | loss = -0.3735 | mean(g_L) = +1.0790 | EMA = +1.1366 | std(g_L) = 0.7513 | grad = 1.1118
step   7440 | loss = -0.6134 | mean(g_L) = +1.1568 | EMA = +1.1441 | std(g_L) = 0.6594 | grad = 0.7128
step   7460 | loss = -0.1213 | mean(g_L) = +1.1852 | EMA = +1.1354 | std(g_L) = 0.9225 | grad = 1.1111
step   7480 | loss = -0.5887 | mean(g_L) = +1.1768 | EMA = +1.1376 | std(g_L) = 0.6859 | grad = 0.2181
step   7500 | loss = -0.5225 | mean(g_L) = +1.2438 | EMA = +1.1338 | std(g_L) = 0.7596 | grad = 1.3975
step   7520 | loss = -0.5406 | mean(g_L) = +1.2019 | EMA = +1.1342 | std(g_L) = 0.7273 | grad = 0.2640
step   7540 | loss = -0.2604 | mean(g_L) = +1.1288 | EMA = +1.1353 | std(g_L) = 0.8335 | grad = 0.9255
step   7560 | loss = -0.1321 | mean(g_L) = +1.0052 | EMA = +1.1275 | std(g_L) = 0.8358 | grad = 1.6274
step   7580 | loss = -0.5753 | mean(g_L) = +1.2066 | EMA = +1.1358 | std(g_L) = 0.7107 | grad = 1.0281
step   7600 | loss = -0.4113 | mean(g_L) = +1.1396 | EMA = +1.1475 | std(g_L) = 0.7633 | grad = 1.3897
step   7620 | loss = -0.0813 | mean(g_L) = +1.1089 | EMA = +1.1353 | std(g_L) = 0.9067 | grad = 1.5176
step   7640 | loss = -0.4476 | mean(g_L) = +1.1123 | EMA = +1.1415 | std(g_L) = 0.7292 | grad = 0.5937
step   7660 | loss = -0.6592 | mean(g_L) = +1.1882 | EMA = +1.1478 | std(g_L) = 0.6505 | grad = 0.3620
step   7680 | loss = -0.4880 | mean(g_L) = +1.1580 | EMA = +1.1611 | std(g_L) = 0.7321 | grad = 0.6356
step   7700 | loss = -0.7205 | mean(g_L) = +1.2538 | EMA = +1.1436 | std(g_L) = 0.6532 | grad = 0.6465
step   7720 | loss = -0.5906 | mean(g_L) = +1.1691 | EMA = +1.1364 | std(g_L) = 0.6803 | grad = 0.6339
step   7740 | loss = -0.3939 | mean(g_L) = +1.0848 | EMA = +1.1192 | std(g_L) = 0.7434 | grad = 0.4367
step   7760 | loss = -0.4849 | mean(g_L) = +1.1377 | EMA = +1.1360 | std(g_L) = 0.7227 | grad = 0.8861
step   7780 | loss = -0.4028 | mean(g_L) = +1.0833 | EMA = +1.1417 | std(g_L) = 0.7378 | grad = 0.8833
step   7800 | loss = -0.4416 | mean(g_L) = +1.1712 | EMA = +1.1310 | std(g_L) = 0.7640 | grad = 1.3600
step   7820 | loss = -0.1821 | mean(g_L) = +1.0000 | EMA = +1.1493 | std(g_L) = 0.8089 | grad = 1.7919
step   7840 | loss = -0.2823 | mean(g_L) = +0.9634 | EMA = +1.1354 | std(g_L) = 0.7381 | grad = 0.5987
step   7860 | loss = -0.3710 | mean(g_L) = +1.2138 | EMA = +1.1240 | std(g_L) = 0.8211 | grad = 0.7087
step   7880 | loss = -0.5350 | mean(g_L) = +1.2287 | EMA = +1.1454 | std(g_L) = 0.7450 | grad = 1.2669
step   7900 | loss = -0.3390 | mean(g_L) = +1.1017 | EMA = +1.1420 | std(g_L) = 0.7811 | grad = 0.5357
step   7920 | loss = -0.2702 | mean(g_L) = +1.0562 | EMA = +1.1363 | std(g_L) = 0.7930 | grad = 1.2883
step   7940 | loss = -0.4869 | mean(g_L) = +1.2146 | EMA = +1.1301 | std(g_L) = 0.7630 | grad = 0.4848
step   7960 | loss = -0.3027 | mean(g_L) = +1.0845 | EMA = +1.1399 | std(g_L) = 0.7908 | grad = 1.3735
step   7980 | loss = -0.3071 | mean(g_L) = +1.1104 | EMA = +1.1472 | std(g_L) = 0.8017 | grad = 0.9147
step   8000 | loss = -0.5292 | mean(g_L) = +1.1209 | EMA = +1.1668 | std(g_L) = 0.6881 | grad = 0.6879
step   8020 | loss = -0.4180 | mean(g_L) = +1.0942 | EMA = +1.1384 | std(g_L) = 0.7355 | grad = 0.9652
step   8040 | loss = -0.4019 | mean(g_L) = +1.1070 | EMA = +1.1307 | std(g_L) = 0.7510 | grad = 1.0031
step   8060 | loss = -0.4745 | mean(g_L) = +1.1218 | EMA = +1.1525 | std(g_L) = 0.7196 | grad = 0.6872
step   8080 | loss = -0.2783 | mean(g_L) = +1.1384 | EMA = +1.1447 | std(g_L) = 0.8295 | grad = 0.6608
step   8100 | loss = -0.4543 | mean(g_L) = +1.1936 | EMA = +1.1521 | std(g_L) = 0.7691 | grad = 0.4639
step   8120 | loss = -0.3024 | mean(g_L) = +1.0853 | EMA = +1.1514 | std(g_L) = 0.7914 | grad = 1.2889
step   8140 | loss = -0.4157 | mean(g_L) = +1.0530 | EMA = +1.1413 | std(g_L) = 0.7140 | grad = 0.3485
step   8160 | loss = -0.5019 | mean(g_L) = +1.1718 | EMA = +1.1476 | std(g_L) = 0.7320 | grad = 0.8839
step   8180 | loss = -0.5302 | mean(g_L) = +1.1875 | EMA = +1.1354 | std(g_L) = 0.7251 | grad = 0.6511
step   8200 | loss = -0.5624 | mean(g_L) = +1.1757 | EMA = +1.1417 | std(g_L) = 0.7005 | grad = 1.2179
step   8220 | loss = -0.5252 | mean(g_L) = +1.2042 | EMA = +1.1454 | std(g_L) = 0.7371 | grad = 1.1128
step   8240 | loss = -0.6795 | mean(g_L) = +1.1835 | EMA = +1.1397 | std(g_L) = 0.6349 | grad = 0.5505
step   8260 | loss = -0.5501 | mean(g_L) = +1.2100 | EMA = +1.1498 | std(g_L) = 0.7266 | grad = 1.1744
step   8280 | loss = -0.5172 | mean(g_L) = +1.2155 | EMA = +1.1478 | std(g_L) = 0.7474 | grad = 2.1914
step   8300 | loss = -0.5789 | mean(g_L) = +1.1344 | EMA = +1.1448 | std(g_L) = 0.6666 | grad = 0.8541
step   8320 | loss = -0.4379 | mean(g_L) = +1.1729 | EMA = +1.1436 | std(g_L) = 0.7668 | grad = 1.2710
step   8340 | loss = -0.6720 | mean(g_L) = +1.1542 | EMA = +1.1324 | std(g_L) = 0.6211 | grad = 0.6597
step   8360 | loss = -0.5803 | mean(g_L) = +1.1987 | EMA = +1.1440 | std(g_L) = 0.7034 | grad = 0.6989
step   8380 | loss = -0.0446 | mean(g_L) = +1.1102 | EMA = +1.1459 | std(g_L) = 0.9233 | grad = 1.3727
step   8400 | loss = -0.5418 | mean(g_L) = +1.2173 | EMA = +1.1566 | std(g_L) = 0.7351 | grad = 0.9958
step   8420 | loss = -0.5542 | mean(g_L) = +1.1509 | EMA = +1.1445 | std(g_L) = 0.6909 | grad = 0.7390
step   8440 | loss = -0.6735 | mean(g_L) = +1.2578 | EMA = +1.1614 | std(g_L) = 0.6837 | grad = 0.5150
step   8460 | loss = -0.5630 | mean(g_L) = +1.2578 | EMA = +1.1587 | std(g_L) = 0.7455 | grad = 0.9784
step   8480 | loss = -0.4895 | mean(g_L) = +1.1505 | EMA = +1.1602 | std(g_L) = 0.7272 | grad = 0.4969
step   8500 | loss = -0.3952 | mean(g_L) = +1.0589 | EMA = +1.1575 | std(g_L) = 0.7287 | grad = 0.8943
step   8520 | loss = -0.6504 | mean(g_L) = +1.2385 | EMA = +1.1400 | std(g_L) = 0.6859 | grad = 0.8622
step   8540 | loss = -0.6747 | mean(g_L) = +1.1989 | EMA = +1.1527 | std(g_L) = 0.6476 | grad = 0.8846
step   8560 | loss = -0.7800 | mean(g_L) = +1.2345 | EMA = +1.1525 | std(g_L) = 0.6030 | grad = 0.9705
step   8580 | loss = -0.4184 | mean(g_L) = +1.0797 | EMA = +1.1408 | std(g_L) = 0.7274 | grad = 1.2184
step   8600 | loss = -0.4468 | mean(g_L) = +1.0826 | EMA = +1.1381 | std(g_L) = 0.7132 | grad = 0.4568
step   8620 | loss = -0.4216 | mean(g_L) = +1.0976 | EMA = +1.1507 | std(g_L) = 0.7354 | grad = 1.6291
step   8640 | loss = -0.5649 | mean(g_L) = +1.2116 | EMA = +1.1358 | std(g_L) = 0.7193 | grad = 0.5108
step   8660 | loss = -0.4762 | mean(g_L) = +1.1162 | EMA = +1.1554 | std(g_L) = 0.7156 | grad = 0.5217
step   8680 | loss = -0.4115 | mean(g_L) = +1.1113 | EMA = +1.1435 | std(g_L) = 0.7482 | grad = 0.5071
step   8700 | loss = -0.5002 | mean(g_L) = +1.1513 | EMA = +1.1297 | std(g_L) = 0.7217 | grad = 0.6359
step   8720 | loss = -0.5799 | mean(g_L) = +1.2376 | EMA = +1.1600 | std(g_L) = 0.7253 | grad = 0.7126
step   8740 | loss = -0.4373 | mean(g_L) = +1.0626 | EMA = +1.1311 | std(g_L) = 0.7073 | grad = 0.5561
step   8760 | loss = -0.4772 | mean(g_L) = +1.0857 | EMA = +1.1289 | std(g_L) = 0.6977 | grad = 0.9192
step   8780 | loss = -0.4225 | mean(g_L) = +1.1129 | EMA = +1.1354 | std(g_L) = 0.7432 | grad = 0.6031
step   8800 | loss = -0.5050 | mean(g_L) = +1.0745 | EMA = +1.1459 | std(g_L) = 0.6750 | grad = 0.6362
step   8820 | loss = -0.4838 | mean(g_L) = +1.1515 | EMA = +1.1394 | std(g_L) = 0.7308 | grad = 0.6599
step   8840 | loss = -0.3557 | mean(g_L) = +1.0433 | EMA = +1.1348 | std(g_L) = 0.7417 | grad = 0.5715
step   8860 | loss = -0.5541 | mean(g_L) = +1.0859 | EMA = +1.1374 | std(g_L) = 0.6522 | grad = 0.8848
step   8880 | loss = -0.4928 | mean(g_L) = +1.0894 | EMA = +1.1427 | std(g_L) = 0.6909 | grad = 1.1773
step   8900 | loss = -0.3664 | mean(g_L) = +1.1502 | EMA = +1.1327 | std(g_L) = 0.7918 | grad = 0.4288
step   8920 | loss = -0.4332 | mean(g_L) = +1.1551 | EMA = +1.1415 | std(g_L) = 0.7599 | grad = 1.2100
step   8940 | loss = -0.2707 | mean(g_L) = +1.0967 | EMA = +1.1337 | std(g_L) = 0.8129 | grad = 0.5419
step   8960 | loss = -0.5094 | mean(g_L) = +1.1109 | EMA = +1.1493 | std(g_L) = 0.6937 | grad = 0.5021
step   8980 | loss = -0.6767 | mean(g_L) = +1.2209 | EMA = +1.1633 | std(g_L) = 0.6598 | grad = 0.9513
step   9000 | loss = -0.4485 | mean(g_L) = +1.1839 | EMA = +1.1573 | std(g_L) = 0.7670 | grad = 0.5367
step   9020 | loss = -0.5422 | mean(g_L) = +1.1856 | EMA = +1.1399 | std(g_L) = 0.7174 | grad = 1.1467
step   9040 | loss = -0.3670 | mean(g_L) = +1.1279 | EMA = +1.1624 | std(g_L) = 0.7802 | grad = 0.8918
step   9060 | loss = -0.5971 | mean(g_L) = +1.1547 | EMA = +1.1629 | std(g_L) = 0.6678 | grad = 0.4779
step   9080 | loss = -0.5878 | mean(g_L) = +1.2303 | EMA = +1.1553 | std(g_L) = 0.7170 | grad = 0.3994
step   9100 | loss = -0.3827 | mean(g_L) = +1.1207 | EMA = +1.1421 | std(g_L) = 0.7684 | grad = 1.0372
step   9120 | loss = -0.6050 | mean(g_L) = +1.1549 | EMA = +1.1577 | std(g_L) = 0.6632 | grad = 0.3418
step   9140 | loss = -0.4389 | mean(g_L) = +1.0498 | EMA = +1.1487 | std(g_L) = 0.6991 | grad = 0.4850
step   9160 | loss = -0.3227 | mean(g_L) = +1.0618 | EMA = +1.1492 | std(g_L) = 0.7690 | grad = 2.2145
step   9180 | loss = -0.3818 | mean(g_L) = +1.1938 | EMA = +1.1570 | std(g_L) = 0.8060 | grad = 0.8129
step   9200 | loss = -0.5314 | mean(g_L) = +1.0998 | EMA = +1.1581 | std(g_L) = 0.6743 | grad = 0.9079
step   9220 | loss = -0.5596 | mean(g_L) = +1.2343 | EMA = +1.1733 | std(g_L) = 0.7347 | grad = 0.4580
step   9240 | loss = -0.7066 | mean(g_L) = +1.1958 | EMA = +1.1774 | std(g_L) = 0.6256 | grad = 0.4326
step   9260 | loss = -0.6121 | mean(g_L) = +1.2027 | EMA = +1.1627 | std(g_L) = 0.6874 | grad = 0.6077
step   9280 | loss = -0.4946 | mean(g_L) = +1.0728 | EMA = +1.1651 | std(g_L) = 0.6801 | grad = 0.5811
step   9300 | loss = -0.7459 | mean(g_L) = +1.2102 | EMA = +1.1572 | std(g_L) = 0.6095 | grad = 0.5226
step   9320 | loss = -0.4545 | mean(g_L) = +1.1386 | EMA = +1.1550 | std(g_L) = 0.7398 | grad = 1.0257
step   9340 | loss = -0.4336 | mean(g_L) = +1.1533 | EMA = +1.1640 | std(g_L) = 0.7588 | grad = 0.3905
step   9360 | loss = -0.3835 | mean(g_L) = +1.1215 | EMA = +1.1523 | std(g_L) = 0.7684 | grad = 1.0407
step   9380 | loss = -0.4497 | mean(g_L) = +1.0819 | EMA = +1.1593 | std(g_L) = 0.7111 | grad = 1.5602
step   9400 | loss = -0.3195 | mean(g_L) = +1.0342 | EMA = +1.1438 | std(g_L) = 0.7562 | grad = 0.4818
step   9420 | loss = -0.4014 | mean(g_L) = +1.1776 | EMA = +1.1431 | std(g_L) = 0.7880 | grad = 1.4112
step   9440 | loss = -0.5358 | mean(g_L) = +1.2313 | EMA = +1.1590 | std(g_L) = 0.7459 | grad = 0.5640
step   9460 | loss = -0.3446 | mean(g_L) = +1.1654 | EMA = +1.1595 | std(g_L) = 0.8103 | grad = 1.3785
step   9480 | loss = -0.4502 | mean(g_L) = +1.2928 | EMA = +1.1468 | std(g_L) = 0.8210 | grad = 0.4535
step   9500 | loss = -0.4970 | mean(g_L) = +1.0630 | EMA = +1.1409 | std(g_L) = 0.6729 | grad = 1.6463
step   9520 | loss = -0.4275 | mean(g_L) = +1.1011 | EMA = +1.1487 | std(g_L) = 0.7341 | grad = 0.9828
step   9540 | loss = -0.2441 | mean(g_L) = +1.0579 | EMA = +1.1525 | std(g_L) = 0.8069 | grad = 1.8200
step   9560 | loss = -0.3280 | mean(g_L) = +1.0956 | EMA = +1.1275 | std(g_L) = 0.7836 | grad = 1.4746
step   9580 | loss = -0.5454 | mean(g_L) = +1.1551 | EMA = +1.1324 | std(g_L) = 0.6984 | grad = 0.5632
step   9600 | loss = -0.6259 | mean(g_L) = +1.2212 | EMA = +1.1515 | std(g_L) = 0.6901 | grad = 0.8314
step   9620 | loss = -0.5859 | mean(g_L) = +1.2095 | EMA = +1.1530 | std(g_L) = 0.7063 | grad = 1.0719
step   9640 | loss = -0.4369 | mean(g_L) = +1.1025 | EMA = +1.1468 | std(g_L) = 0.7297 | grad = 0.5129
step   9660 | loss = -0.3790 | mean(g_L) = +1.1255 | EMA = +1.1596 | std(g_L) = 0.7728 | grad = 1.0229
step   9680 | loss = -0.5570 | mean(g_L) = +1.2111 | EMA = +1.1725 | std(g_L) = 0.7234 | grad = 0.7561
step   9700 | loss = -0.6127 | mean(g_L) = +1.1309 | EMA = +1.1572 | std(g_L) = 0.6439 | grad = 0.6886
step   9720 | loss = -0.4159 | mean(g_L) = +1.0985 | EMA = +1.1658 | std(g_L) = 0.7390 | grad = 0.7518
step   9740 | loss = -0.6592 | mean(g_L) = +1.2305 | EMA = +1.1543 | std(g_L) = 0.6760 | grad = 0.7379
step   9760 | loss = -0.4985 | mean(g_L) = +1.1295 | EMA = +1.1416 | std(g_L) = 0.7105 | grad = 1.1490
step   9780 | loss = -0.3587 | mean(g_L) = +1.0886 | EMA = +1.1341 | std(g_L) = 0.7641 | grad = 1.0947
step   9800 | loss = -0.4910 | mean(g_L) = +1.1479 | EMA = +1.1424 | std(g_L) = 0.7249 | grad = 0.9367
step   9820 | loss = -0.3412 | mean(g_L) = +1.1008 | EMA = +1.1441 | std(g_L) = 0.7795 | grad = 0.3958
step   9840 | loss = -0.5529 | mean(g_L) = +1.1273 | EMA = +1.1473 | std(g_L) = 0.6779 | grad = 0.5427
step   9860 | loss = -0.3744 | mean(g_L) = +1.0768 | EMA = +1.1442 | std(g_L) = 0.7496 | grad = 0.9787
step   9880 | loss = -0.3271 | mean(g_L) = +1.1804 | EMA = +1.1635 | std(g_L) = 0.8262 | grad = 1.8483
step   9900 | loss = -0.6333 | mean(g_L) = +1.2013 | EMA = +1.1614 | std(g_L) = 0.6741 | grad = 0.5264
step   9920 | loss = -0.5596 | mean(g_L) = +1.1664 | EMA = +1.1688 | std(g_L) = 0.6968 | grad = 0.3520
step   9940 | loss = -0.5390 | mean(g_L) = +1.1646 | EMA = +1.1684 | std(g_L) = 0.7075 | grad = 1.7399
step   9960 | loss = -0.5085 | mean(g_L) = +1.1240 | EMA = +1.1583 | std(g_L) = 0.7017 | grad = 0.5240
step   9980 | loss = -0.2093 | mean(g_L) = +1.0238 | EMA = +1.1573 | std(g_L) = 0.8072 | grad = 1.8330
step  10000 | loss = -0.2003 | mean(g_L) = +1.1394 | EMA = +1.1635 | std(g_L) = 0.8668 | grad = 1.5285
step  10020 | loss = -0.3973 | mean(g_L) = +1.1414 | EMA = +1.1488 | std(g_L) = 0.7716 | grad = 0.8722
step  10040 | loss = -0.4358 | mean(g_L) = +1.1150 | EMA = +1.1478 | std(g_L) = 0.7372 | grad = 0.4864
step  10060 | loss = -0.5812 | mean(g_L) = +1.1309 | EMA = +1.1400 | std(g_L) = 0.6631 | grad = 1.0707
step  10080 | loss = -0.2251 | mean(g_L) = +1.1252 | EMA = +1.1639 | std(g_L) = 0.8485 | grad = 0.5439
step  10100 | loss = -0.4803 | mean(g_L) = +1.1350 | EMA = +1.1514 | std(g_L) = 0.7237 | grad = 0.6540
step  10120 | loss = -0.5709 | mean(g_L) = +1.2744 | EMA = +1.1741 | std(g_L) = 0.7502 | grad = 1.7612
step  10140 | loss = -0.5931 | mean(g_L) = +1.3010 | EMA = +1.1957 | std(g_L) = 0.7526 | grad = 1.0332
step  10160 | loss = -0.6161 | mean(g_L) = +1.2077 | EMA = +1.1842 | std(g_L) = 0.6880 | grad = 1.2688
step  10180 | loss = -0.4441 | mean(g_L) = +1.1492 | EMA = +1.1821 | std(g_L) = 0.7511 | grad = 1.2129
step  10200 | loss = -0.5963 | mean(g_L) = +1.1447 | EMA = +1.1739 | std(g_L) = 0.6624 | grad = 0.3512
step  10220 | loss = -0.7199 | mean(g_L) = +1.2113 | EMA = +1.1638 | std(g_L) = 0.6270 | grad = 1.3281
step  10240 | loss = -0.6999 | mean(g_L) = +1.2175 | EMA = +1.1740 | std(g_L) = 0.6435 | grad = 0.3273
step  10260 | loss = -0.6349 | mean(g_L) = +1.1910 | EMA = +1.1736 | std(g_L) = 0.6670 | grad = 0.8502
step  10280 | loss = -0.5714 | mean(g_L) = +1.1327 | EMA = +1.1641 | std(g_L) = 0.6701 | grad = 0.8583
step  10300 | loss = -0.4648 | mean(g_L) = +1.1509 | EMA = +1.1532 | std(g_L) = 0.7409 | grad = 0.7107
step  10320 | loss = -0.6362 | mean(g_L) = +1.2420 | EMA = +1.1811 | std(g_L) = 0.6961 | grad = 0.5183
step  10340 | loss = -0.7038 | mean(g_L) = +1.3415 | EMA = +1.1704 | std(g_L) = 0.7143 | grad = 0.6951
step  10360 | loss = -0.2433 | mean(g_L) = +0.9608 | EMA = +1.1607 | std(g_L) = 0.7576 | grad = 1.0317
step  10380 | loss = -0.5793 | mean(g_L) = +1.1562 | EMA = +1.1693 | std(g_L) = 0.6794 | grad = 0.9776
step  10400 | loss = -0.6662 | mean(g_L) = +1.1865 | EMA = +1.1710 | std(g_L) = 0.6451 | grad = 0.4223
step  10420 | loss = -0.5932 | mean(g_L) = +1.1350 | EMA = +1.1811 | std(g_L) = 0.6583 | grad = 0.6744
step  10440 | loss = -0.4295 | mean(g_L) = +1.1412 | EMA = +1.1652 | std(g_L) = 0.7546 | grad = 0.8599
step  10460 | loss = -0.4001 | mean(g_L) = +1.1182 | EMA = +1.1754 | std(g_L) = 0.7579 | grad = 1.5510
step  10480 | loss = -0.2826 | mean(g_L) = +1.1472 | EMA = +1.1817 | std(g_L) = 0.8317 | grad = 1.7130
step  10500 | loss = -0.4108 | mean(g_L) = +1.2005 | EMA = +1.1717 | std(g_L) = 0.7949 | grad = 1.3716
step  10520 | loss = -0.7503 | mean(g_L) = +1.3220 | EMA = +1.1799 | std(g_L) = 0.6763 | grad = 0.6574
step  10540 | loss = -0.3522 | mean(g_L) = +1.1285 | EMA = +1.1677 | std(g_L) = 0.7880 | grad = 0.5661
step  10560 | loss = -0.3989 | mean(g_L) = +1.1067 | EMA = +1.1505 | std(g_L) = 0.7525 | grad = 0.7329
step  10580 | loss = -0.5217 | mean(g_L) = +1.2291 | EMA = +1.1660 | std(g_L) = 0.7523 | grad = 0.7473
step  10600 | loss = -0.3787 | mean(g_L) = +1.2184 | EMA = +1.1509 | std(g_L) = 0.8196 | grad = 1.1928
step  10620 | loss = -0.6361 | mean(g_L) = +1.2517 | EMA = +1.1642 | std(g_L) = 0.7017 | grad = 0.7297
step  10640 | loss = -0.5970 | mean(g_L) = +1.1957 | EMA = +1.1689 | std(g_L) = 0.6921 | grad = 0.6930
step  10660 | loss = -0.6180 | mean(g_L) = +1.2036 | EMA = +1.1756 | std(g_L) = 0.6845 | grad = 1.2550
step  10680 | loss = -0.3493 | mean(g_L) = +1.1068 | EMA = +1.1666 | std(g_L) = 0.7784 | grad = 1.0908
step  10700 | loss = -0.6185 | mean(g_L) = +1.1945 | EMA = +1.1662 | std(g_L) = 0.6788 | grad = 0.6941
step  10720 | loss = -0.6287 | mean(g_L) = +1.1758 | EMA = +1.1554 | std(g_L) = 0.6615 | grad = 0.4535
step  10740 | loss = -0.4578 | mean(g_L) = +1.1449 | EMA = +1.1590 | std(g_L) = 0.7414 | grad = 0.5800
step  10760 | loss = -0.2420 | mean(g_L) = +1.1588 | EMA = +1.1615 | std(g_L) = 0.8564 | grad = 2.0411
step  10780 | loss = -0.4628 | mean(g_L) = +1.2556 | EMA = +1.1768 | std(g_L) = 0.7964 | grad = 1.4602
step  10800 | loss = -0.3679 | mean(g_L) = +1.1515 | EMA = +1.1701 | std(g_L) = 0.7917 | grad = 0.3817
step  10820 | loss = -0.5096 | mean(g_L) = +1.1458 | EMA = +1.1742 | std(g_L) = 0.7134 | grad = 0.6995
step  10840 | loss = -0.4881 | mean(g_L) = +1.2492 | EMA = +1.1889 | std(g_L) = 0.7803 | grad = 0.5905
step  10860 | loss = -0.5259 | mean(g_L) = +1.1032 | EMA = +1.1867 | std(g_L) = 0.6796 | grad = 0.4519
step  10880 | loss = -0.5629 | mean(g_L) = +1.2435 | EMA = +1.1807 | std(g_L) = 0.7379 | grad = 0.9583
step  10900 | loss = -0.6454 | mean(g_L) = +1.2604 | EMA = +1.1832 | std(g_L) = 0.7014 | grad = 0.4672
step  10920 | loss = -0.2534 | mean(g_L) = +1.0619 | EMA = +1.1823 | std(g_L) = 0.8042 | grad = 0.2822
step  10940 | loss = -0.2084 | mean(g_L) = +1.1266 | EMA = +1.1781 | std(g_L) = 0.8571 | grad = 1.4350
step  10960 | loss = -0.3240 | mean(g_L) = +1.1281 | EMA = +1.1760 | std(g_L) = 0.8021 | grad = 0.8678
step  10980 | loss = -0.6855 | mean(g_L) = +1.2125 | EMA = +1.1670 | std(g_L) = 0.6493 | grad = 0.9094
step  11000 | loss = -0.3295 | mean(g_L) = +1.1523 | EMA = +1.1701 | std(g_L) = 0.8113 | grad = 0.8025
step  11020 | loss = -0.2536 | mean(g_L) = +1.1405 | EMA = +1.1773 | std(g_L) = 0.8423 | grad = 1.3262
step  11040 | loss = -0.8058 | mean(g_L) = +1.2715 | EMA = +1.1946 | std(g_L) = 0.6104 | grad = 0.5492
step  11060 | loss = -0.4719 | mean(g_L) = +1.2202 | EMA = +1.1730 | std(g_L) = 0.7737 | grad = 0.6677
step  11080 | loss = -0.6243 | mean(g_L) = +1.1756 | EMA = +1.1800 | std(g_L) = 0.6641 | grad = 0.3911
step  11100 | loss = -0.6850 | mean(g_L) = +1.2835 | EMA = +1.1845 | std(g_L) = 0.6919 | grad = 0.3346
step  11120 | loss = -0.5452 | mean(g_L) = +1.2233 | EMA = +1.1790 | std(g_L) = 0.7365 | grad = 0.7914
step  11140 | loss = -0.5679 | mean(g_L) = +1.2772 | EMA = +1.1867 | std(g_L) = 0.7533 | grad = 0.8079
step  11160 | loss = -0.7280 | mean(g_L) = +1.3212 | EMA = +1.1835 | std(g_L) = 0.6888 | grad = 0.5582
step  11180 | loss = -0.6391 | mean(g_L) = +1.3136 | EMA = +1.1815 | std(g_L) = 0.7346 | grad = 0.5268
step  11200 | loss = -0.5037 | mean(g_L) = +1.0787 | EMA = +1.1854 | std(g_L) = 0.6783 | grad = 0.8014
step  11220 | loss = -0.5940 | mean(g_L) = +1.1278 | EMA = +1.1792 | std(g_L) = 0.6535 | grad = 0.3039
step  11240 | loss = -0.6256 | mean(g_L) = +1.1695 | EMA = +1.1917 | std(g_L) = 0.6596 | grad = 0.3017
step  11260 | loss = -0.4946 | mean(g_L) = +1.2002 | EMA = +1.1961 | std(g_L) = 0.7513 | grad = 1.3602
step  11280 | loss = -0.3534 | mean(g_L) = +1.1324 | EMA = +1.1990 | std(g_L) = 0.7894 | grad = 0.5746
step  11300 | loss = -0.8309 | mean(g_L) = +1.3036 | EMA = +1.2148 | std(g_L) = 0.6150 | grad = 0.2300
step  11320 | loss = -0.5093 | mean(g_L) = +1.1791 | EMA = +1.1949 | std(g_L) = 0.7320 | grad = 1.0140
step  11340 | loss = -0.6275 | mean(g_L) = +1.2311 | EMA = +1.1976 | std(g_L) = 0.6949 | grad = 0.8374
step  11360 | loss = -0.6273 | mean(g_L) = +1.3030 | EMA = +1.2205 | std(g_L) = 0.7352 | grad = 0.8666
step  11380 | loss = -0.4593 | mean(g_L) = +1.2932 | EMA = +1.2183 | std(g_L) = 0.8168 | grad = 0.4701
step  11400 | loss = -0.3547 | mean(g_L) = +1.1655 | EMA = +1.2115 | std(g_L) = 0.8054 | grad = 0.3681
step  11420 | loss = -0.5590 | mean(g_L) = +1.1762 | EMA = +1.2203 | std(g_L) = 0.7027 | grad = 0.5662
step  11440 | loss = -0.5149 | mean(g_L) = +1.1994 | EMA = +1.2150 | std(g_L) = 0.7400 | grad = 1.0597
step  11460 | loss = -0.3677 | mean(g_L) = +1.2300 | EMA = +1.2418 | std(g_L) = 0.8306 | grad = 2.8394
step  11480 | loss = -0.4510 | mean(g_L) = +1.2180 | EMA = +1.2460 | std(g_L) = 0.7834 | grad = 1.6023
step  11500 | loss = -0.7822 | mean(g_L) = +1.2715 | EMA = +1.2413 | std(g_L) = 0.6257 | grad = 1.0042
step  11520 | loss = -0.7581 | mean(g_L) = +1.3630 | EMA = +1.2752 | std(g_L) = 0.6957 | grad = 0.5161
step  11540 | loss = -0.4116 | mean(g_L) = +1.1735 | EMA = +1.2707 | std(g_L) = 0.7807 | grad = 0.5804
step  11560 | loss = -0.4749 | mean(g_L) = +1.1746 | EMA = +1.2621 | std(g_L) = 0.7482 | grad = 0.7941
step  11580 | loss = -0.7337 | mean(g_L) = +1.3262 | EMA = +1.2607 | std(g_L) = 0.6885 | grad = 0.9999
step  11600 | loss = -0.7591 | mean(g_L) = +1.3268 | EMA = +1.2831 | std(g_L) = 0.6739 | grad = 0.3014
step  11620 | loss = -0.7388 | mean(g_L) = +1.3862 | EMA = +1.2968 | std(g_L) = 0.7197 | grad = 0.5809
step  11640 | loss = -0.5526 | mean(g_L) = +1.3382 | EMA = +1.2937 | std(g_L) = 0.7928 | grad = 1.6925
step  11660 | loss = -0.6999 | mean(g_L) = +1.3387 | EMA = +1.3208 | std(g_L) = 0.7149 | grad = 0.6566
step  11680 | loss = -0.5208 | mean(g_L) = +1.2847 | EMA = +1.3281 | std(g_L) = 0.7817 | grad = 1.4652
step  11700 | loss = -0.7654 | mean(g_L) = +1.4357 | EMA = +1.3298 | std(g_L) = 0.7323 | grad = 1.2326
step  11720 | loss = -0.1186 | mean(g_L) = +1.2816 | EMA = +1.3298 | std(g_L) = 0.9646 | grad = 1.0370
step  11740 | loss = -0.7421 | mean(g_L) = +1.3685 | EMA = +1.3487 | std(g_L) = 0.7079 | grad = 0.2119
step  11760 | loss = -0.9799 | mean(g_L) = +1.4498 | EMA = +1.3513 | std(g_L) = 0.6131 | grad = 0.5329
step  11780 | loss = -0.6714 | mean(g_L) = +1.3521 | EMA = +1.3653 | std(g_L) = 0.7380 | grad = 0.7783
step  11800 | loss = -0.7199 | mean(g_L) = +1.3757 | EMA = +1.3526 | std(g_L) = 0.7244 | grad = 1.0893
step  11820 | loss = -0.6958 | mean(g_L) = +1.3258 | EMA = +1.3479 | std(g_L) = 0.7099 | grad = 0.5424
step  11840 | loss = -0.9020 | mean(g_L) = +1.3693 | EMA = +1.3693 | std(g_L) = 0.6114 | grad = 0.5436
step  11860 | loss = -0.9050 | mean(g_L) = +1.3768 | EMA = +1.3554 | std(g_L) = 0.6144 | grad = 0.5481
step  11880 | loss = -0.8173 | mean(g_L) = +1.3870 | EMA = +1.3633 | std(g_L) = 0.6751 | grad = 1.7722
step  11900 | loss = -0.8365 | mean(g_L) = +1.3830 | EMA = +1.3845 | std(g_L) = 0.6612 | grad = 0.3887
step  11920 | loss = -0.7523 | mean(g_L) = +1.3157 | EMA = +1.3859 | std(g_L) = 0.6714 | grad = 0.8345
step  11940 | loss = -0.7211 | mean(g_L) = +1.3574 | EMA = +1.3954 | std(g_L) = 0.7135 | grad = 0.8540
step  11960 | loss = -0.7184 | mean(g_L) = +1.3984 | EMA = +1.4278 | std(g_L) = 0.7375 | grad = 1.0068
step  11980 | loss = -0.8127 | mean(g_L) = +1.4796 | EMA = +1.4675 | std(g_L) = 0.7304 | grad = 1.0011
step  12000 | loss = -0.8960 | mean(g_L) = +1.5157 | EMA = +1.4781 | std(g_L) = 0.7041 | grad = 0.4706
step  12020 | loss = -0.9742 | mean(g_L) = +1.4917 | EMA = +1.4952 | std(g_L) = 0.6434 | grad = 0.8650
step  12040 | loss = -0.9652 | mean(g_L) = +1.6057 | EMA = +1.5204 | std(g_L) = 0.7158 | grad = 1.4221
step  12060 | loss = -0.7629 | mean(g_L) = +1.4791 | EMA = +1.5284 | std(g_L) = 0.7570 | grad = 0.7134
step  12080 | loss = -0.9661 | mean(g_L) = +1.5554 | EMA = +1.5647 | std(g_L) = 0.6866 | grad = 0.5489
step  12100 | loss = -0.8193 | mean(g_L) = +1.5578 | EMA = +1.5822 | std(g_L) = 0.7686 | grad = 0.9083
step  12120 | loss = -0.9934 | mean(g_L) = +1.5117 | EMA = +1.5904 | std(g_L) = 0.6439 | grad = 0.5146
step  12140 | loss = -0.9121 | mean(g_L) = +1.4990 | EMA = +1.6035 | std(g_L) = 0.6852 | grad = 0.4624
step  12160 | loss = -1.0799 | mean(g_L) = +1.6618 | EMA = +1.6024 | std(g_L) = 0.6823 | grad = 1.5366
step  12180 | loss = -1.0930 | mean(g_L) = +1.6429 | EMA = +1.6091 | std(g_L) = 0.6633 | grad = 0.9095
step  12200 | loss = -1.1167 | mean(g_L) = +1.6313 | EMA = +1.6367 | std(g_L) = 0.6416 | grad = 0.7922
step  12220 | loss = -1.2924 | mean(g_L) = +1.7278 | EMA = +1.6345 | std(g_L) = 0.5902 | grad = 0.7864
step  12240 | loss = -1.0287 | mean(g_L) = +1.5677 | EMA = +1.6324 | std(g_L) = 0.6567 | grad = 0.9323
step  12260 | loss = -1.0750 | mean(g_L) = +1.7226 | EMA = +1.6410 | std(g_L) = 0.7198 | grad = 1.1245
step  12280 | loss = -1.0254 | mean(g_L) = +1.5153 | EMA = +1.6259 | std(g_L) = 0.6261 | grad = 1.1177
step  12300 | loss = -1.1388 | mean(g_L) = +1.6853 | EMA = +1.6311 | std(g_L) = 0.6612 | grad = 0.4666
step  12320 | loss = -0.6982 | mean(g_L) = +1.5746 | EMA = +1.6455 | std(g_L) = 0.8374 | grad = 2.8057
step  12340 | loss = -1.2667 | mean(g_L) = +1.8184 | EMA = +1.6364 | std(g_L) = 0.6644 | grad = 0.7762
step  12360 | loss = -1.0032 | mean(g_L) = +1.6304 | EMA = +1.6339 | std(g_L) = 0.7083 | grad = 1.1057
step  12380 | loss = -0.6747 | mean(g_L) = +1.5759 | EMA = +1.6299 | std(g_L) = 0.8491 | grad = 1.3948
step  12400 | loss = -1.2749 | mean(g_L) = +1.7606 | EMA = +1.6227 | std(g_L) = 0.6234 | grad = 1.0676
step  12420 | loss = -0.9555 | mean(g_L) = +1.6135 | EMA = +1.6235 | std(g_L) = 0.7255 | grad = 1.9099
step  12440 | loss = -1.0210 | mean(g_L) = +1.6882 | EMA = +1.6344 | std(g_L) = 0.7306 | grad = 1.1441
step  12460 | loss = -0.9317 | mean(g_L) = +1.5223 | EMA = +1.6277 | std(g_L) = 0.6874 | grad = 1.6322
step  12480 | loss = -0.9183 | mean(g_L) = +1.5971 | EMA = +1.6346 | std(g_L) = 0.7369 | grad = 1.3117
step  12500 | loss = -0.9064 | mean(g_L) = +1.5681 | EMA = +1.6179 | std(g_L) = 0.7276 | grad = 1.4094
step  12520 | loss = -0.8389 | mean(g_L) = +1.6753 | EMA = +1.6305 | std(g_L) = 0.8180 | grad = 1.2700
step  12540 | loss = -0.5024 | mean(g_L) = +1.5736 | EMA = +1.6219 | std(g_L) = 0.9257 | grad = 3.5647
step  12560 | loss = -1.1135 | mean(g_L) = +1.7112 | EMA = +1.6259 | std(g_L) = 0.6915 | grad = 0.7045
step  12580 | loss = -1.0826 | mean(g_L) = +1.6486 | EMA = +1.6201 | std(g_L) = 0.6729 | grad = 1.9712
step  12600 | loss = -0.8581 | mean(g_L) = +1.5999 | EMA = +1.6246 | std(g_L) = 0.7704 | grad = 1.2582
step  12620 | loss = -1.1491 | mean(g_L) = +1.7190 | EMA = +1.6283 | std(g_L) = 0.6752 | grad = 0.3785
step  12640 | loss = -0.8704 | mean(g_L) = +1.5616 | EMA = +1.6384 | std(g_L) = 0.7436 | grad = 0.9117
step  12660 | loss = -0.9182 | mean(g_L) = +1.6105 | EMA = +1.6417 | std(g_L) = 0.7442 | grad = 0.7738
step  12680 | loss = -0.8331 | mean(g_L) = +1.6446 | EMA = +1.6278 | std(g_L) = 0.8057 | grad = 1.0679
step  12700 | loss = -0.8790 | mean(g_L) = +1.5787 | EMA = +1.6312 | std(g_L) = 0.7482 | grad = 1.1412
step  12720 | loss = -0.8768 | mean(g_L) = +1.5641 | EMA = +1.6223 | std(g_L) = 0.7415 | grad = 2.1676
step  12740 | loss = -0.6637 | mean(g_L) = +1.5098 | EMA = +1.6276 | std(g_L) = 0.8227 | grad = 0.6350
step  12760 | loss = -1.2357 | mean(g_L) = +1.6443 | EMA = +1.6146 | std(g_L) = 0.5717 | grad = 0.8665
step  12780 | loss = -0.8828 | mean(g_L) = +1.5632 | EMA = +1.6167 | std(g_L) = 0.7378 | grad = 0.6374
step  12800 | loss = -0.8548 | mean(g_L) = +1.5247 | EMA = +1.5924 | std(g_L) = 0.7320 | grad = 1.3395
step  12820 | loss = -0.9520 | mean(g_L) = +1.5901 | EMA = +1.6026 | std(g_L) = 0.7144 | grad = 0.8729
step  12840 | loss = -1.0197 | mean(g_L) = +1.5302 | EMA = +1.6096 | std(g_L) = 0.6391 | grad = 0.6116
step  12860 | loss = -1.2081 | mean(g_L) = +1.6147 | EMA = +1.5970 | std(g_L) = 0.5703 | grad = 0.5730
step  12880 | loss = -0.8836 | mean(g_L) = +1.5716 | EMA = +1.5945 | std(g_L) = 0.7419 | grad = 1.5852
step  12900 | loss = -1.1055 | mean(g_L) = +1.6199 | EMA = +1.6083 | std(g_L) = 0.6415 | grad = 0.7092
step  12920 | loss = -0.7504 | mean(g_L) = +1.5223 | EMA = +1.5969 | std(g_L) = 0.7858 | grad = 1.2650
step  12940 | loss = -1.1214 | mean(g_L) = +1.6850 | EMA = +1.6197 | std(g_L) = 0.6714 | grad = 1.2097
step  12960 | loss = -1.1051 | mean(g_L) = +1.6421 | EMA = +1.6265 | std(g_L) = 0.6554 | grad = 1.0857
step  12980 | loss = -1.0306 | mean(g_L) = +1.5552 | EMA = +1.6121 | std(g_L) = 0.6479 | grad = 1.5315
step  13000 | loss = -1.1737 | mean(g_L) = +1.6501 | EMA = +1.6339 | std(g_L) = 0.6173 | grad = 1.4788
step  13020 | loss = -0.7352 | mean(g_L) = +1.5305 | EMA = +1.6225 | std(g_L) = 0.7976 | grad = 1.2681
step  13040 | loss = -1.1224 | mean(g_L) = +1.5951 | EMA = +1.6282 | std(g_L) = 0.6149 | grad = 0.4292
step  13060 | loss = -1.2426 | mean(g_L) = +1.7268 | EMA = +1.6229 | std(g_L) = 0.6224 | grad = 1.0634
step  13080 | loss = -0.8072 | mean(g_L) = +1.4803 | EMA = +1.6088 | std(g_L) = 0.7338 | grad = 0.8780
step  13100 | loss = -1.1399 | mean(g_L) = +1.5470 | EMA = +1.6021 | std(g_L) = 0.5707 | grad = 1.3171
step  13120 | loss = -0.8630 | mean(g_L) = +1.5885 | EMA = +1.6140 | std(g_L) = 0.7619 | grad = 0.9858
step  13140 | loss = -1.0503 | mean(g_L) = +1.5470 | EMA = +1.6126 | std(g_L) = 0.6304 | grad = 0.7870
step  13160 | loss = -1.2705 | mean(g_L) = +1.6599 | EMA = +1.6289 | std(g_L) = 0.5582 | grad = 0.5114
step  13180 | loss = -1.1009 | mean(g_L) = +1.5714 | EMA = +1.6290 | std(g_L) = 0.6136 | grad = 0.6337
step  13200 | loss = -0.1134 | mean(g_L) = +1.5820 | EMA = +1.6308 | std(g_L) = 1.0839 | grad = 3.1869
step  13220 | loss = -1.0177 | mean(g_L) = +1.5268 | EMA = +1.6080 | std(g_L) = 0.6382 | grad = 1.0998
step  13240 | loss = -0.9519 | mean(g_L) = +1.5594 | EMA = +1.6013 | std(g_L) = 0.6971 | grad = 1.3086
step  13260 | loss = -1.3743 | mean(g_L) = +1.7772 | EMA = +1.6230 | std(g_L) = 0.5677 | grad = 0.8274
step  13280 | loss = -0.8114 | mean(g_L) = +1.5278 | EMA = +1.6121 | std(g_L) = 0.7571 | grad = 1.6851
step  13300 | loss = -1.1039 | mean(g_L) = +1.6012 | EMA = +1.6150 | std(g_L) = 0.6308 | grad = 2.0516
step  13320 | loss = -1.0535 | mean(g_L) = +1.5773 | EMA = +1.6270 | std(g_L) = 0.6473 | grad = 0.8315
step  13340 | loss = -0.9998 | mean(g_L) = +1.5319 | EMA = +1.6203 | std(g_L) = 0.6524 | grad = 0.6427
step  13360 | loss = -0.9699 | mean(g_L) = +1.5631 | EMA = +1.6280 | std(g_L) = 0.6889 | grad = 1.2699
step  13380 | loss = -0.9488 | mean(g_L) = +1.6216 | EMA = +1.6209 | std(g_L) = 0.7337 | grad = 2.7276
step  13400 | loss = -1.2843 | mean(g_L) = +1.6269 | EMA = +1.6254 | std(g_L) = 0.5235 | grad = 1.2238
step  13420 | loss = -1.0534 | mean(g_L) = +1.5942 | EMA = +1.6214 | std(g_L) = 0.6577 | grad = 1.4593
step  13440 | loss = -1.1066 | mean(g_L) = +1.6359 | EMA = +1.6096 | std(g_L) = 0.6507 | grad = 1.3791
step  13460 | loss = -1.1095 | mean(g_L) = +1.5759 | EMA = +1.6156 | std(g_L) = 0.6108 | grad = 0.5717
step  13480 | loss = -1.2257 | mean(g_L) = +1.5906 | EMA = +1.6048 | std(g_L) = 0.5403 | grad = 0.4889
step  13500 | loss = -1.0370 | mean(g_L) = +1.6249 | EMA = +1.6146 | std(g_L) = 0.6858 | grad = 0.7403
step  13520 | loss = -1.1868 | mean(g_L) = +1.6117 | EMA = +1.6141 | std(g_L) = 0.5831 | grad = 0.6675
step  13540 | loss = -1.3585 | mean(g_L) = +1.6503 | EMA = +1.6052 | std(g_L) = 0.4832 | grad = 1.2626
step  13560 | loss = -1.0193 | mean(g_L) = +1.5871 | EMA = +1.6154 | std(g_L) = 0.6740 | grad = 0.6826
step  13580 | loss = -1.0499 | mean(g_L) = +1.5524 | EMA = +1.6059 | std(g_L) = 0.6340 | grad = 1.2641
step  13600 | loss = -1.1682 | mean(g_L) = +1.6347 | EMA = +1.6253 | std(g_L) = 0.6109 | grad = 1.1501
step  13620 | loss = -1.2724 | mean(g_L) = +1.6722 | EMA = +1.6123 | std(g_L) = 0.5655 | grad = 0.1896
step  13640 | loss = -1.1241 | mean(g_L) = +1.6105 | EMA = +1.6150 | std(g_L) = 0.6238 | grad = 0.6458
step  13660 | loss = -0.9302 | mean(g_L) = +1.6081 | EMA = +1.6149 | std(g_L) = 0.7364 | grad = 1.0305
step  13680 | loss = -0.6579 | mean(g_L) = +1.4788 | EMA = +1.6084 | std(g_L) = 0.8103 | grad = 1.3635
step  13700 | loss = -1.0743 | mean(g_L) = +1.5841 | EMA = +1.6045 | std(g_L) = 0.6386 | grad = 0.7397
step  13720 | loss = -0.9114 | mean(g_L) = +1.5483 | EMA = +1.6106 | std(g_L) = 0.7138 | grad = 1.0500
step  13740 | loss = -1.1536 | mean(g_L) = +1.6638 | EMA = +1.5987 | std(g_L) = 0.6389 | grad = 1.1306
step  13760 | loss = -1.1217 | mean(g_L) = +1.6715 | EMA = +1.6087 | std(g_L) = 0.6632 | grad = 0.8950
step  13780 | loss = -1.1196 | mean(g_L) = +1.5810 | EMA = +1.6239 | std(g_L) = 0.6075 | grad = 0.7794
step  13800 | loss = -1.0542 | mean(g_L) = +1.6252 | EMA = +1.6104 | std(g_L) = 0.6758 | grad = 1.1487
step  13820 | loss = -1.3045 | mean(g_L) = +1.6530 | EMA = +1.6135 | std(g_L) = 0.5280 | grad = 1.0379
step  13840 | loss = -1.2733 | mean(g_L) = +1.6129 | EMA = +1.6095 | std(g_L) = 0.5212 | grad = 0.5996
step  13860 | loss = -1.0586 | mean(g_L) = +1.6563 | EMA = +1.6115 | std(g_L) = 0.6915 | grad = 2.1548
step  13880 | loss = -1.1296 | mean(g_L) = +1.5691 | EMA = +1.6034 | std(g_L) = 0.5930 | grad = 0.8930
step  13900 | loss = -0.8176 | mean(g_L) = +1.5022 | EMA = +1.6074 | std(g_L) = 0.7401 | grad = 1.6899
step  13920 | loss = -1.2693 | mean(g_L) = +1.6665 | EMA = +1.6095 | std(g_L) = 0.5637 | grad = 1.7268
step  13940 | loss = -0.9589 | mean(g_L) = +1.4944 | EMA = +1.6212 | std(g_L) = 0.6545 | grad = 3.2014
step  13960 | loss = -1.1139 | mean(g_L) = +1.5370 | EMA = +1.6176 | std(g_L) = 0.5818 | grad = 0.8973
step  13980 | loss = -1.3487 | mean(g_L) = +1.7150 | EMA = +1.6156 | std(g_L) = 0.5413 | grad = 0.5764
step  14000 | loss = -1.2007 | mean(g_L) = +1.6592 | EMA = +1.6183 | std(g_L) = 0.6057 | grad = 0.9612
step  14020 | loss = -1.2953 | mean(g_L) = +1.6485 | EMA = +1.6296 | std(g_L) = 0.5316 | grad = 1.6323
step  14040 | loss = -0.9055 | mean(g_L) = +1.6747 | EMA = +1.6138 | std(g_L) = 0.7845 | grad = 1.0038
step  14060 | loss = -1.0357 | mean(g_L) = +1.6255 | EMA = +1.6138 | std(g_L) = 0.6869 | grad = 1.6030
step  14080 | loss = -1.2003 | mean(g_L) = +1.6782 | EMA = +1.6243 | std(g_L) = 0.6184 | grad = 0.9085
step  14100 | loss = -1.0610 | mean(g_L) = +1.6552 | EMA = +1.6307 | std(g_L) = 0.6895 | grad = 0.7715
step  14120 | loss = -1.1061 | mean(g_L) = +1.6164 | EMA = +1.6346 | std(g_L) = 0.6389 | grad = 0.8990
step  14140 | loss = -1.2897 | mean(g_L) = +1.6462 | EMA = +1.6251 | std(g_L) = 0.5341 | grad = 0.6965
step  14160 | loss = -1.1712 | mean(g_L) = +1.5822 | EMA = +1.6245 | std(g_L) = 0.5734 | grad = 1.1180
step  14180 | loss = -1.0559 | mean(g_L) = +1.6256 | EMA = +1.6105 | std(g_L) = 0.6751 | grad = 0.7708
step  14200 | loss = -1.3833 | mean(g_L) = +1.7674 | EMA = +1.6285 | std(g_L) = 0.5543 | grad = 1.0399
step  14220 | loss = -0.9921 | mean(g_L) = +1.6744 | EMA = +1.6332 | std(g_L) = 0.7389 | grad = 0.9144
step  14240 | loss = -0.9286 | mean(g_L) = +1.5777 | EMA = +1.6273 | std(g_L) = 0.7206 | grad = 0.8924
step  14260 | loss = -1.1642 | mean(g_L) = +1.6547 | EMA = +1.6284 | std(g_L) = 0.6264 | grad = 1.3060
step  14280 | loss = -1.2229 | mean(g_L) = +1.7051 | EMA = +1.6377 | std(g_L) = 0.6211 | grad = 0.8559
step  14300 | loss = -1.2979 | mean(g_L) = +1.6301 | EMA = +1.6396 | std(g_L) = 0.5155 | grad = 0.9059
step  14320 | loss = -0.9344 | mean(g_L) = +1.6341 | EMA = +1.6253 | std(g_L) = 0.7482 | grad = 0.7924
step  14340 | loss = -1.2596 | mean(g_L) = +1.5770 | EMA = +1.6341 | std(g_L) = 0.5039 | grad = 0.6651
step  14360 | loss = -1.3207 | mean(g_L) = +1.6161 | EMA = +1.6298 | std(g_L) = 0.4861 | grad = 0.4843
step  14380 | loss = -1.1147 | mean(g_L) = +1.6093 | EMA = +1.6202 | std(g_L) = 0.6290 | grad = 0.8101
step  14400 | loss = -1.3724 | mean(g_L) = +1.6854 | EMA = +1.6254 | std(g_L) = 0.5003 | grad = 1.0848
step  14420 | loss = -1.2863 | mean(g_L) = +1.6287 | EMA = +1.6292 | std(g_L) = 0.5233 | grad = 0.6450
step  14440 | loss = -1.0577 | mean(g_L) = +1.6187 | EMA = +1.6096 | std(g_L) = 0.6699 | grad = 0.6826
step  14460 | loss = -1.3573 | mean(g_L) = +1.7358 | EMA = +1.6241 | std(g_L) = 0.5503 | grad = 0.4683
step  14480 | loss = -1.3007 | mean(g_L) = +1.6383 | EMA = +1.6187 | std(g_L) = 0.5197 | grad = 0.3790
step  14500 | loss = -1.2818 | mean(g_L) = +1.6345 | EMA = +1.6238 | std(g_L) = 0.5312 | grad = 0.7636
step  14520 | loss = -1.1283 | mean(g_L) = +1.6575 | EMA = +1.6339 | std(g_L) = 0.6507 | grad = 1.5308
step  14540 | loss = -1.0667 | mean(g_L) = +1.5905 | EMA = +1.6180 | std(g_L) = 0.6473 | grad = 0.8068
step  14560 | loss = -1.1959 | mean(g_L) = +1.6861 | EMA = +1.6253 | std(g_L) = 0.6262 | grad = 1.1256
step  14580 | loss = -0.9922 | mean(g_L) = +1.6692 | EMA = +1.6311 | std(g_L) = 0.7359 | grad = 0.7514
step  14600 | loss = -0.9958 | mean(g_L) = +1.5611 | EMA = +1.6242 | std(g_L) = 0.6725 | grad = 1.6335
step  14620 | loss = -1.2095 | mean(g_L) = +1.6790 | EMA = +1.6472 | std(g_L) = 0.6129 | grad = 0.7869
step  14640 | loss = -1.2612 | mean(g_L) = +1.6187 | EMA = +1.6443 | std(g_L) = 0.5348 | grad = 2.1024
step  14660 | loss = -0.9244 | mean(g_L) = +1.6562 | EMA = +1.6263 | std(g_L) = 0.7651 | grad = 0.7136
step  14680 | loss = -1.2482 | mean(g_L) = +1.6541 | EMA = +1.6311 | std(g_L) = 0.5698 | grad = 0.7780
step  14700 | loss = -0.8837 | mean(g_L) = +1.4868 | EMA = +1.6252 | std(g_L) = 0.6946 | grad = 0.8410
step  14720 | loss = -1.1094 | mean(g_L) = +1.5467 | EMA = +1.6365 | std(g_L) = 0.5914 | grad = 0.4385
step  14740 | loss = -1.1498 | mean(g_L) = +1.6538 | EMA = +1.6444 | std(g_L) = 0.6350 | grad = 0.7890
step  14760 | loss = -0.8715 | mean(g_L) = +1.5067 | EMA = +1.6279 | std(g_L) = 0.7129 | grad = 0.6928
step  14780 | loss = -1.2999 | mean(g_L) = +1.6887 | EMA = +1.6340 | std(g_L) = 0.5577 | grad = 0.8710
step  14800 | loss = -1.3501 | mean(g_L) = +1.6895 | EMA = +1.6430 | std(g_L) = 0.5211 | grad = 0.6723
step  14820 | loss = -1.3766 | mean(g_L) = +1.6793 | EMA = +1.6459 | std(g_L) = 0.4922 | grad = 0.5615
step  14840 | loss = -1.2146 | mean(g_L) = +1.6182 | EMA = +1.6438 | std(g_L) = 0.5682 | grad = 0.6592
step  14860 | loss = -1.1236 | mean(g_L) = +1.5302 | EMA = +1.6323 | std(g_L) = 0.5703 | grad = 0.5673
step  14880 | loss = -1.2092 | mean(g_L) = +1.6616 | EMA = +1.6302 | std(g_L) = 0.6016 | grad = 0.8525
step  14900 | loss = -1.0976 | mean(g_L) = +1.6863 | EMA = +1.6348 | std(g_L) = 0.6863 | grad = 1.4608
step  14920 | loss = -1.1476 | mean(g_L) = +1.6630 | EMA = +1.6503 | std(g_L) = 0.6421 | grad = 0.8203
step  14940 | loss = -0.9843 | mean(g_L) = +1.5768 | EMA = +1.6487 | std(g_L) = 0.6885 | grad = 0.9377
step  14960 | loss = -1.3762 | mean(g_L) = +1.6868 | EMA = +1.6457 | std(g_L) = 0.4985 | grad = 1.4400
step  14980 | loss = -1.1466 | mean(g_L) = +1.5987 | EMA = +1.6465 | std(g_L) = 0.6014 | grad = 1.3194
step  15000 | loss = -1.3970 | mean(g_L) = +1.6972 | EMA = +1.6356 | std(g_L) = 0.4900 | grad = 0.8409
T=5 finished.
