
============================================================
Alpha = 0
T = 5
L = 128
Batch size = 128
Steps = 15000
Checkpoints = /home/egalarraga/beam_dad/model_checkpoints/mean_var_loss/checkpoints_nx8/models/alpha_0/T5_L128_B128
============================================================
step      1 | loss = -0.4053 | mean(g_L) = +0.4053 | EMA = +0.4053 | std(g_L) = 0.7066 | grad = 0.1305
step     20 | loss = -0.4095 | mean(g_L) = +0.4095 | EMA = +0.4093 | std(g_L) = 0.7886 | grad = 0.1243
step     40 | loss = -0.5271 | mean(g_L) = +0.5271 | EMA = +0.4339 | std(g_L) = 0.9661 | grad = 0.3020
step     60 | loss = -0.4946 | mean(g_L) = +0.4946 | EMA = +0.4928 | std(g_L) = 0.8247 | grad = 0.1725
step     80 | loss = -0.5346 | mean(g_L) = +0.5346 | EMA = +0.5633 | std(g_L) = 0.8658 | grad = 0.2449
step    100 | loss = -0.6922 | mean(g_L) = +0.6922 | EMA = +0.6569 | std(g_L) = 1.0191 | grad = 0.3780
step    120 | loss = -0.7884 | mean(g_L) = +0.7884 | EMA = +0.7848 | std(g_L) = 1.1000 | grad = 0.2693
step    140 | loss = -0.8901 | mean(g_L) = +0.8901 | EMA = +0.9152 | std(g_L) = 1.1382 | grad = 0.2193
step    160 | loss = -0.8732 | mean(g_L) = +0.8732 | EMA = +0.9446 | std(g_L) = 1.1262 | grad = 0.1300
step    180 | loss = -0.9881 | mean(g_L) = +0.9881 | EMA = +0.9767 | std(g_L) = 1.0348 | grad = 0.2824
step    200 | loss = -1.0230 | mean(g_L) = +1.0230 | EMA = +0.9820 | std(g_L) = 1.1652 | grad = 0.2801
step    220 | loss = -0.8349 | mean(g_L) = +0.8349 | EMA = +1.0037 | std(g_L) = 1.0471 | grad = 0.2025
step    240 | loss = -1.0002 | mean(g_L) = +1.0002 | EMA = +1.0032 | std(g_L) = 1.1556 | grad = 0.3402
step    260 | loss = -1.1171 | mean(g_L) = +1.1171 | EMA = +1.0562 | std(g_L) = 1.1628 | grad = 0.4162
step    280 | loss = -1.2907 | mean(g_L) = +1.2907 | EMA = +1.1949 | std(g_L) = 1.0892 | grad = 0.2484
step    300 | loss = -1.5125 | mean(g_L) = +1.5125 | EMA = +1.3195 | std(g_L) = 1.0636 | grad = 0.2909
step    320 | loss = -1.5206 | mean(g_L) = +1.5206 | EMA = +1.4190 | std(g_L) = 1.0718 | grad = 0.4053
step    340 | loss = -1.5063 | mean(g_L) = +1.5063 | EMA = +1.4847 | std(g_L) = 1.0221 | grad = 0.4287
step    360 | loss = -1.4315 | mean(g_L) = +1.4315 | EMA = +1.5381 | std(g_L) = 1.2531 | grad = 0.5715
step    380 | loss = -1.6608 | mean(g_L) = +1.6608 | EMA = +1.5786 | std(g_L) = 1.0736 | grad = 0.4103
step    400 | loss = -1.7025 | mean(g_L) = +1.7025 | EMA = +1.5972 | std(g_L) = 1.0250 | grad = 0.3584
step    420 | loss = -1.7422 | mean(g_L) = +1.7422 | EMA = +1.5982 | std(g_L) = 0.9442 | grad = 0.5590
step    440 | loss = -1.6640 | mean(g_L) = +1.6640 | EMA = +1.5989 | std(g_L) = 1.2483 | grad = 0.5570
step    460 | loss = -1.5900 | mean(g_L) = +1.5900 | EMA = +1.6033 | std(g_L) = 1.1147 | grad = 0.4617
step    480 | loss = -1.5421 | mean(g_L) = +1.5421 | EMA = +1.5996 | std(g_L) = 1.1044 | grad = 0.3617
step    500 | loss = -1.6441 | mean(g_L) = +1.6441 | EMA = +1.6164 | std(g_L) = 1.1199 | grad = 0.4343
step    520 | loss = -1.5102 | mean(g_L) = +1.5102 | EMA = +1.6178 | std(g_L) = 1.0917 | grad = 0.2348
step    540 | loss = -1.5036 | mean(g_L) = +1.5036 | EMA = +1.6141 | std(g_L) = 0.9931 | grad = 0.5883
step    560 | loss = -1.4420 | mean(g_L) = +1.4420 | EMA = +1.5969 | std(g_L) = 1.1240 | grad = 0.4507
step    580 | loss = -1.6000 | mean(g_L) = +1.6000 | EMA = +1.6068 | std(g_L) = 1.0181 | grad = 0.9605
step    600 | loss = -1.8251 | mean(g_L) = +1.8251 | EMA = +1.6090 | std(g_L) = 1.1495 | grad = 0.5387
step    620 | loss = -1.6590 | mean(g_L) = +1.6590 | EMA = +1.6264 | std(g_L) = 1.0258 | grad = 0.4782
step    640 | loss = -1.5217 | mean(g_L) = +1.5217 | EMA = +1.6170 | std(g_L) = 1.0513 | grad = 0.3836
step    660 | loss = -1.5788 | mean(g_L) = +1.5788 | EMA = +1.5831 | std(g_L) = 1.0650 | grad = 0.8220
step    680 | loss = -1.7014 | mean(g_L) = +1.7014 | EMA = +1.6232 | std(g_L) = 1.0681 | grad = 0.4418
step    700 | loss = -1.5418 | mean(g_L) = +1.5418 | EMA = +1.6159 | std(g_L) = 1.2723 | grad = 0.5275
step    720 | loss = -1.6340 | mean(g_L) = +1.6340 | EMA = +1.6038 | std(g_L) = 1.0329 | grad = 0.5372
step    740 | loss = -1.6224 | mean(g_L) = +1.6224 | EMA = +1.6045 | std(g_L) = 1.3201 | grad = 0.6268
step    760 | loss = -1.4535 | mean(g_L) = +1.4535 | EMA = +1.5939 | std(g_L) = 1.2864 | grad = 0.4995
step    780 | loss = -1.6780 | mean(g_L) = +1.6780 | EMA = +1.6199 | std(g_L) = 1.1003 | grad = 0.4130
step    800 | loss = -1.7317 | mean(g_L) = +1.7317 | EMA = +1.6067 | std(g_L) = 1.0148 | grad = 0.7874
step    820 | loss = -1.4561 | mean(g_L) = +1.4561 | EMA = +1.6303 | std(g_L) = 1.1200 | grad = 0.3421
step    840 | loss = -1.6581 | mean(g_L) = +1.6581 | EMA = +1.6388 | std(g_L) = 1.1086 | grad = 0.6606
step    860 | loss = -1.5067 | mean(g_L) = +1.5067 | EMA = +1.6150 | std(g_L) = 1.1153 | grad = 0.6772
step    880 | loss = -1.8077 | mean(g_L) = +1.8077 | EMA = +1.6470 | std(g_L) = 1.0216 | grad = 0.7773
step    900 | loss = -1.6411 | mean(g_L) = +1.6411 | EMA = +1.6444 | std(g_L) = 1.1626 | grad = 0.5425
step    920 | loss = -1.7359 | mean(g_L) = +1.7359 | EMA = +1.6716 | std(g_L) = 0.9516 | grad = 0.9232
step    940 | loss = -1.6837 | mean(g_L) = +1.6837 | EMA = +1.6373 | std(g_L) = 1.1113 | grad = 0.6458
step    960 | loss = -1.7849 | mean(g_L) = +1.7849 | EMA = +1.6658 | std(g_L) = 1.0046 | grad = 0.4849
step    980 | loss = -1.6746 | mean(g_L) = +1.6746 | EMA = +1.6114 | std(g_L) = 1.0420 | grad = 0.4859
step   1000 | loss = -1.6518 | mean(g_L) = +1.6518 | EMA = +1.6168 | std(g_L) = 1.0573 | grad = 0.5878
step   1020 | loss = -1.6965 | mean(g_L) = +1.6965 | EMA = +1.6594 | std(g_L) = 1.0494 | grad = 0.6188
step   1040 | loss = -1.7956 | mean(g_L) = +1.7956 | EMA = +1.6479 | std(g_L) = 1.0180 | grad = 0.6860
step   1060 | loss = -1.7532 | mean(g_L) = +1.7532 | EMA = +1.6454 | std(g_L) = 1.0662 | grad = 0.4826
step   1080 | loss = -1.5621 | mean(g_L) = +1.5621 | EMA = +1.6346 | std(g_L) = 1.0914 | grad = 1.1543
step   1100 | loss = -1.6586 | mean(g_L) = +1.6586 | EMA = +1.6356 | std(g_L) = 1.0772 | grad = 0.7391
step   1120 | loss = -1.5420 | mean(g_L) = +1.5420 | EMA = +1.6330 | std(g_L) = 1.1064 | grad = 0.3610
step   1140 | loss = -1.7239 | mean(g_L) = +1.7239 | EMA = +1.6577 | std(g_L) = 1.1124 | grad = 0.4764
step   1160 | loss = -1.8032 | mean(g_L) = +1.8032 | EMA = +1.6851 | std(g_L) = 1.0277 | grad = 0.5041
step   1180 | loss = -1.7089 | mean(g_L) = +1.7089 | EMA = +1.6809 | std(g_L) = 1.0950 | grad = 0.7591
step   1200 | loss = -1.5908 | mean(g_L) = +1.5908 | EMA = +1.6832 | std(g_L) = 1.0422 | grad = 0.6391
step   1220 | loss = -1.6279 | mean(g_L) = +1.6279 | EMA = +1.6612 | std(g_L) = 0.9906 | grad = 0.6827
step   1240 | loss = -1.5622 | mean(g_L) = +1.5622 | EMA = +1.6848 | std(g_L) = 1.0244 | grad = 0.5808
step   1260 | loss = -1.7057 | mean(g_L) = +1.7057 | EMA = +1.6724 | std(g_L) = 0.9298 | grad = 0.7956
step   1280 | loss = -1.6685 | mean(g_L) = +1.6685 | EMA = +1.6669 | std(g_L) = 0.9907 | grad = 0.4180
step   1300 | loss = -1.8141 | mean(g_L) = +1.8141 | EMA = +1.6729 | std(g_L) = 1.0790 | grad = 0.7906
step   1320 | loss = -1.6219 | mean(g_L) = +1.6219 | EMA = +1.6638 | std(g_L) = 1.1280 | grad = 0.4150
step   1340 | loss = -1.6359 | mean(g_L) = +1.6359 | EMA = +1.6742 | std(g_L) = 1.0591 | grad = 0.7974
step   1360 | loss = -1.4675 | mean(g_L) = +1.4675 | EMA = +1.6782 | std(g_L) = 1.0312 | grad = 0.4444
step   1380 | loss = -1.6215 | mean(g_L) = +1.6215 | EMA = +1.6693 | std(g_L) = 1.0838 | grad = 0.5502
step   1400 | loss = -1.7335 | mean(g_L) = +1.7335 | EMA = +1.6737 | std(g_L) = 1.0193 | grad = 0.3043
step   1420 | loss = -1.5777 | mean(g_L) = +1.5777 | EMA = +1.7032 | std(g_L) = 1.0920 | grad = 0.6139
step   1440 | loss = -1.6674 | mean(g_L) = +1.6674 | EMA = +1.6698 | std(g_L) = 1.1027 | grad = 0.7606
step   1460 | loss = -1.6974 | mean(g_L) = +1.6974 | EMA = +1.6593 | std(g_L) = 0.9211 | grad = 1.1356
step   1480 | loss = -1.7286 | mean(g_L) = +1.7286 | EMA = +1.7373 | std(g_L) = 0.8106 | grad = 0.5240
step   1500 | loss = -1.7813 | mean(g_L) = +1.7813 | EMA = +1.7468 | std(g_L) = 0.9862 | grad = 0.4229
step   1520 | loss = -1.6563 | mean(g_L) = +1.6563 | EMA = +1.7495 | std(g_L) = 0.9590 | grad = 0.3963
step   1540 | loss = -1.7314 | mean(g_L) = +1.7314 | EMA = +1.7482 | std(g_L) = 0.9888 | grad = 0.8698
step   1560 | loss = -1.6460 | mean(g_L) = +1.6460 | EMA = +1.7724 | std(g_L) = 1.0492 | grad = 0.5829
step   1580 | loss = -1.5600 | mean(g_L) = +1.5600 | EMA = +1.7673 | std(g_L) = 0.9931 | grad = 0.7287
step   1600 | loss = -1.7754 | mean(g_L) = +1.7754 | EMA = +1.7847 | std(g_L) = 0.9565 | grad = 0.6651
step   1620 | loss = -1.7451 | mean(g_L) = +1.7451 | EMA = +1.7821 | std(g_L) = 0.9265 | grad = 1.3580
step   1640 | loss = -1.7730 | mean(g_L) = +1.7730 | EMA = +1.7917 | std(g_L) = 0.9183 | grad = 0.6653
step   1660 | loss = -1.8946 | mean(g_L) = +1.8946 | EMA = +1.8146 | std(g_L) = 0.7521 | grad = 0.7371
step   1680 | loss = -1.8728 | mean(g_L) = +1.8728 | EMA = +1.8206 | std(g_L) = 0.8737 | grad = 0.4058
step   1700 | loss = -1.8450 | mean(g_L) = +1.8450 | EMA = +1.7976 | std(g_L) = 0.9611 | grad = 0.4204
step   1720 | loss = -1.7083 | mean(g_L) = +1.7083 | EMA = +1.7952 | std(g_L) = 0.9301 | grad = 0.3432
step   1740 | loss = -1.7976 | mean(g_L) = +1.7976 | EMA = +1.7848 | std(g_L) = 0.8957 | grad = 0.6994
step   1760 | loss = -1.9509 | mean(g_L) = +1.9509 | EMA = +1.8071 | std(g_L) = 0.8608 | grad = 0.6677
step   1780 | loss = -1.8547 | mean(g_L) = +1.8547 | EMA = +1.8047 | std(g_L) = 1.0064 | grad = 0.3711
step   1800 | loss = -1.9333 | mean(g_L) = +1.9333 | EMA = +1.8260 | std(g_L) = 0.8868 | grad = 0.5970
step   1820 | loss = -1.8332 | mean(g_L) = +1.8332 | EMA = +1.8091 | std(g_L) = 0.8401 | grad = 0.5477
step   1840 | loss = -1.8321 | mean(g_L) = +1.8321 | EMA = +1.8329 | std(g_L) = 0.8688 | grad = 0.5518
step   1860 | loss = -1.7488 | mean(g_L) = +1.7488 | EMA = +1.8339 | std(g_L) = 1.0058 | grad = 0.7893
step   1880 | loss = -1.8100 | mean(g_L) = +1.8100 | EMA = +1.8314 | std(g_L) = 0.8958 | grad = 0.4252
step   1900 | loss = -1.8556 | mean(g_L) = +1.8556 | EMA = +1.8340 | std(g_L) = 0.9453 | grad = 0.7600
step   1920 | loss = -1.9182 | mean(g_L) = +1.9182 | EMA = +1.8653 | std(g_L) = 0.8329 | grad = 0.6051
step   1940 | loss = -1.8880 | mean(g_L) = +1.8880 | EMA = +1.8625 | std(g_L) = 0.8836 | grad = 0.9492
step   1960 | loss = -1.8342 | mean(g_L) = +1.8342 | EMA = +1.8441 | std(g_L) = 0.9126 | grad = 0.8933
step   1980 | loss = -1.8261 | mean(g_L) = +1.8261 | EMA = +1.8604 | std(g_L) = 0.9931 | grad = 0.6546
step   2000 | loss = -1.7199 | mean(g_L) = +1.7199 | EMA = +1.8455 | std(g_L) = 0.8387 | grad = 0.4570
step   2020 | loss = -1.6780 | mean(g_L) = +1.6780 | EMA = +1.8242 | std(g_L) = 0.9530 | grad = 0.8919
step   2040 | loss = -1.8572 | mean(g_L) = +1.8572 | EMA = +1.8523 | std(g_L) = 0.9167 | grad = 0.6884
step   2060 | loss = -1.8422 | mean(g_L) = +1.8422 | EMA = +1.8552 | std(g_L) = 1.0379 | grad = 0.5362
step   2080 | loss = -1.7954 | mean(g_L) = +1.7954 | EMA = +1.8407 | std(g_L) = 0.9756 | grad = 0.4314
step   2100 | loss = -1.7860 | mean(g_L) = +1.7860 | EMA = +1.8511 | std(g_L) = 0.9764 | grad = 0.5491
step   2120 | loss = -1.9238 | mean(g_L) = +1.9238 | EMA = +1.8304 | std(g_L) = 0.8143 | grad = 0.3233
step   2140 | loss = -1.7508 | mean(g_L) = +1.7508 | EMA = +1.8406 | std(g_L) = 1.0473 | grad = 0.5070
step   2160 | loss = -1.7814 | mean(g_L) = +1.7814 | EMA = +1.8409 | std(g_L) = 1.1039 | grad = 0.8064
step   2180 | loss = -1.8171 | mean(g_L) = +1.8171 | EMA = +1.8654 | std(g_L) = 0.9106 | grad = 0.7126
step   2200 | loss = -1.8807 | mean(g_L) = +1.8807 | EMA = +1.8594 | std(g_L) = 1.0003 | grad = 0.5574
step   2220 | loss = -1.8852 | mean(g_L) = +1.8852 | EMA = +1.8497 | std(g_L) = 0.8507 | grad = 0.7371
step   2240 | loss = -1.7874 | mean(g_L) = +1.7874 | EMA = +1.8454 | std(g_L) = 1.0748 | grad = 0.6432
step   2260 | loss = -1.8555 | mean(g_L) = +1.8555 | EMA = +1.8301 | std(g_L) = 0.8583 | grad = 0.4898
step   2280 | loss = -1.7994 | mean(g_L) = +1.7994 | EMA = +1.8515 | std(g_L) = 1.1539 | grad = 0.9965
step   2300 | loss = -1.9158 | mean(g_L) = +1.9158 | EMA = +1.8653 | std(g_L) = 0.8996 | grad = 0.6038
step   2320 | loss = -1.9866 | mean(g_L) = +1.9866 | EMA = +1.8660 | std(g_L) = 0.8558 | grad = 0.6235
step   2340 | loss = -1.8344 | mean(g_L) = +1.8344 | EMA = +1.8746 | std(g_L) = 0.9760 | grad = 0.8513
step   2360 | loss = -1.9825 | mean(g_L) = +1.9825 | EMA = +1.8786 | std(g_L) = 0.8432 | grad = 0.6474
step   2380 | loss = -1.8211 | mean(g_L) = +1.8211 | EMA = +1.8620 | std(g_L) = 0.9102 | grad = 0.9547
step   2400 | loss = -1.7535 | mean(g_L) = +1.7535 | EMA = +1.8492 | std(g_L) = 1.0163 | grad = 0.4188
step   2420 | loss = -1.8936 | mean(g_L) = +1.8936 | EMA = +1.8318 | std(g_L) = 0.8997 | grad = 0.5406
step   2440 | loss = -1.8156 | mean(g_L) = +1.8156 | EMA = +1.8434 | std(g_L) = 1.0628 | grad = 0.5578
step   2460 | loss = -1.8111 | mean(g_L) = +1.8111 | EMA = +1.8628 | std(g_L) = 1.1068 | grad = 0.4800
step   2480 | loss = -1.9145 | mean(g_L) = +1.9145 | EMA = +1.8765 | std(g_L) = 0.9090 | grad = 0.3858
step   2500 | loss = -1.6256 | mean(g_L) = +1.6256 | EMA = +1.8671 | std(g_L) = 1.0829 | grad = 0.7617
step   2520 | loss = -1.6699 | mean(g_L) = +1.6699 | EMA = +1.8637 | std(g_L) = 1.0582 | grad = 0.2788
step   2540 | loss = -1.8473 | mean(g_L) = +1.8473 | EMA = +1.8732 | std(g_L) = 0.8962 | grad = 0.7080
step   2560 | loss = -1.8416 | mean(g_L) = +1.8416 | EMA = +1.8710 | std(g_L) = 0.8371 | grad = 0.2304
step   2580 | loss = -1.7494 | mean(g_L) = +1.7494 | EMA = +1.8763 | std(g_L) = 1.0500 | grad = 0.8921
step   2600 | loss = -1.7587 | mean(g_L) = +1.7587 | EMA = +1.8786 | std(g_L) = 0.9877 | grad = 1.0335
step   2620 | loss = -1.9381 | mean(g_L) = +1.9381 | EMA = +1.8975 | std(g_L) = 0.8703 | grad = 0.8687
step   2640 | loss = -1.9292 | mean(g_L) = +1.9292 | EMA = +1.8713 | std(g_L) = 0.9913 | grad = 0.9977
step   2660 | loss = -1.9488 | mean(g_L) = +1.9488 | EMA = +1.8443 | std(g_L) = 1.1025 | grad = 1.2507
step   2680 | loss = -1.8990 | mean(g_L) = +1.8990 | EMA = +1.8564 | std(g_L) = 0.8784 | grad = 0.6665
step   2700 | loss = -1.8026 | mean(g_L) = +1.8026 | EMA = +1.8664 | std(g_L) = 1.0715 | grad = 0.5249
step   2720 | loss = -2.0091 | mean(g_L) = +2.0091 | EMA = +1.8883 | std(g_L) = 0.8316 | grad = 0.4161
step   2740 | loss = -2.1299 | mean(g_L) = +2.1299 | EMA = +1.9016 | std(g_L) = 0.9390 | grad = 0.3215
step   2760 | loss = -1.9917 | mean(g_L) = +1.9917 | EMA = +1.8897 | std(g_L) = 1.0605 | grad = 0.5423
step   2780 | loss = -1.9203 | mean(g_L) = +1.9203 | EMA = +1.8915 | std(g_L) = 0.9813 | grad = 0.5013
step   2800 | loss = -1.7899 | mean(g_L) = +1.7899 | EMA = +1.8743 | std(g_L) = 0.8994 | grad = 0.5358
step   2820 | loss = -2.0193 | mean(g_L) = +2.0193 | EMA = +1.8909 | std(g_L) = 0.9393 | grad = 1.0407
step   2840 | loss = -1.8854 | mean(g_L) = +1.8854 | EMA = +1.8866 | std(g_L) = 0.9826 | grad = 1.0317
step   2860 | loss = -1.8338 | mean(g_L) = +1.8338 | EMA = +1.8649 | std(g_L) = 0.9911 | grad = 0.5923
step   2880 | loss = -1.7921 | mean(g_L) = +1.7921 | EMA = +1.8568 | std(g_L) = 1.0864 | grad = 1.0083
step   2900 | loss = -1.9177 | mean(g_L) = +1.9177 | EMA = +1.8744 | std(g_L) = 0.7916 | grad = 0.3950
step   2920 | loss = -1.9190 | mean(g_L) = +1.9190 | EMA = +1.8847 | std(g_L) = 0.9428 | grad = 0.8169
step   2940 | loss = -1.9284 | mean(g_L) = +1.9284 | EMA = +1.8881 | std(g_L) = 0.9556 | grad = 0.3179
step   2960 | loss = -1.8443 | mean(g_L) = +1.8443 | EMA = +1.8668 | std(g_L) = 0.9218 | grad = 0.3814
step   2980 | loss = -1.9107 | mean(g_L) = +1.9107 | EMA = +1.8699 | std(g_L) = 0.9467 | grad = 0.5556
step   3000 | loss = -1.8728 | mean(g_L) = +1.8728 | EMA = +1.8832 | std(g_L) = 1.1742 | grad = 0.4383
step   3020 | loss = -1.9154 | mean(g_L) = +1.9154 | EMA = +1.9069 | std(g_L) = 0.9253 | grad = 0.6631
step   3040 | loss = -1.8903 | mean(g_L) = +1.8903 | EMA = +1.8921 | std(g_L) = 0.9061 | grad = 0.5731
step   3060 | loss = -1.9268 | mean(g_L) = +1.9268 | EMA = +1.8955 | std(g_L) = 0.8397 | grad = 0.7584
step   3080 | loss = -1.9123 | mean(g_L) = +1.9123 | EMA = +1.8841 | std(g_L) = 0.9059 | grad = 0.4389
step   3100 | loss = -1.8336 | mean(g_L) = +1.8336 | EMA = +1.8935 | std(g_L) = 0.9580 | grad = 1.1447
step   3120 | loss = -1.7671 | mean(g_L) = +1.7671 | EMA = +1.8826 | std(g_L) = 0.9929 | grad = 0.6981
step   3140 | loss = -1.9513 | mean(g_L) = +1.9513 | EMA = +1.8648 | std(g_L) = 0.8086 | grad = 0.4851
step   3160 | loss = -1.9472 | mean(g_L) = +1.9472 | EMA = +1.8916 | std(g_L) = 0.9048 | grad = 0.5332
step   3180 | loss = -1.9285 | mean(g_L) = +1.9285 | EMA = +1.8690 | std(g_L) = 1.0210 | grad = 0.8391
step   3200 | loss = -1.8751 | mean(g_L) = +1.8751 | EMA = +1.8993 | std(g_L) = 0.9356 | grad = 0.4367
step   3220 | loss = -1.8856 | mean(g_L) = +1.8856 | EMA = +1.9090 | std(g_L) = 0.9129 | grad = 0.9402
step   3240 | loss = -1.7928 | mean(g_L) = +1.7928 | EMA = +1.8836 | std(g_L) = 1.0952 | grad = 0.6822
step   3260 | loss = -1.9801 | mean(g_L) = +1.9801 | EMA = +1.9063 | std(g_L) = 1.0350 | grad = 0.8742
step   3280 | loss = -1.8334 | mean(g_L) = +1.8334 | EMA = +1.9025 | std(g_L) = 0.9147 | grad = 0.4492
step   3300 | loss = -1.8835 | mean(g_L) = +1.8835 | EMA = +1.9184 | std(g_L) = 0.9038 | grad = 0.5522
step   3320 | loss = -1.8982 | mean(g_L) = +1.8982 | EMA = +1.9036 | std(g_L) = 0.8811 | grad = 0.4905
step   3340 | loss = -1.9592 | mean(g_L) = +1.9592 | EMA = +1.8972 | std(g_L) = 1.0231 | grad = 0.5500
step   3360 | loss = -1.8688 | mean(g_L) = +1.8688 | EMA = +1.9124 | std(g_L) = 1.0203 | grad = 0.4189
step   3380 | loss = -1.9346 | mean(g_L) = +1.9346 | EMA = +1.9092 | std(g_L) = 0.8223 | grad = 0.6877
step   3400 | loss = -1.8781 | mean(g_L) = +1.8781 | EMA = +1.9092 | std(g_L) = 0.9446 | grad = 0.6579
step   3420 | loss = -2.0366 | mean(g_L) = +2.0366 | EMA = +1.9253 | std(g_L) = 0.8565 | grad = 0.2311
step   3440 | loss = -2.1020 | mean(g_L) = +2.1020 | EMA = +1.9089 | std(g_L) = 0.7512 | grad = 0.5317
step   3460 | loss = -1.9094 | mean(g_L) = +1.9094 | EMA = +1.8986 | std(g_L) = 1.0215 | grad = 0.7834
step   3480 | loss = -2.0533 | mean(g_L) = +2.0533 | EMA = +1.9168 | std(g_L) = 0.7965 | grad = 0.6399
step   3500 | loss = -1.8285 | mean(g_L) = +1.8285 | EMA = +1.9074 | std(g_L) = 1.0256 | grad = 0.6602
step   3520 | loss = -1.8369 | mean(g_L) = +1.8369 | EMA = +1.8897 | std(g_L) = 0.9698 | grad = 0.7116
step   3540 | loss = -1.8335 | mean(g_L) = +1.8335 | EMA = +1.9167 | std(g_L) = 1.1553 | grad = 0.3069
step   3560 | loss = -1.9243 | mean(g_L) = +1.9243 | EMA = +1.9126 | std(g_L) = 0.9014 | grad = 0.4704
step   3580 | loss = -1.7899 | mean(g_L) = +1.7899 | EMA = +1.9022 | std(g_L) = 1.0229 | grad = 1.1063
step   3600 | loss = -1.9926 | mean(g_L) = +1.9926 | EMA = +1.9075 | std(g_L) = 0.7554 | grad = 0.5618
step   3620 | loss = -1.8583 | mean(g_L) = +1.8583 | EMA = +1.9446 | std(g_L) = 0.9454 | grad = 0.5191
step   3640 | loss = -1.9581 | mean(g_L) = +1.9581 | EMA = +1.9298 | std(g_L) = 0.9341 | grad = 0.2910
step   3660 | loss = -1.8063 | mean(g_L) = +1.8063 | EMA = +1.9105 | std(g_L) = 0.9682 | grad = 0.5833
step   3680 | loss = -1.7944 | mean(g_L) = +1.7944 | EMA = +1.9079 | std(g_L) = 1.1996 | grad = 0.6855
step   3700 | loss = -1.9342 | mean(g_L) = +1.9342 | EMA = +1.9214 | std(g_L) = 0.9307 | grad = 0.8232
step   3720 | loss = -1.9263 | mean(g_L) = +1.9263 | EMA = +1.9262 | std(g_L) = 0.8162 | grad = 0.4016
step   3740 | loss = -1.8776 | mean(g_L) = +1.8776 | EMA = +1.9026 | std(g_L) = 0.9328 | grad = 0.4688
step   3760 | loss = -1.9016 | mean(g_L) = +1.9016 | EMA = +1.9025 | std(g_L) = 0.8508 | grad = 0.5854
step   3780 | loss = -1.9783 | mean(g_L) = +1.9783 | EMA = +1.8873 | std(g_L) = 0.9409 | grad = 0.8410
step   3800 | loss = -1.8504 | mean(g_L) = +1.8504 | EMA = +1.8930 | std(g_L) = 1.0553 | grad = 0.7029
step   3820 | loss = -1.9724 | mean(g_L) = +1.9724 | EMA = +1.9089 | std(g_L) = 0.8258 | grad = 0.9122
step   3840 | loss = -1.9697 | mean(g_L) = +1.9697 | EMA = +1.9065 | std(g_L) = 0.9164 | grad = 0.5338
step   3860 | loss = -1.9839 | mean(g_L) = +1.9839 | EMA = +1.9040 | std(g_L) = 0.9315 | grad = 0.6626
step   3880 | loss = -1.9013 | mean(g_L) = +1.9013 | EMA = +1.9046 | std(g_L) = 1.0432 | grad = 0.7152
step   3900 | loss = -2.0056 | mean(g_L) = +2.0056 | EMA = +1.9121 | std(g_L) = 0.8683 | grad = 0.7529
step   3920 | loss = -1.9851 | mean(g_L) = +1.9851 | EMA = +1.9217 | std(g_L) = 0.8410 | grad = 0.3547
step   3940 | loss = -1.9946 | mean(g_L) = +1.9946 | EMA = +1.9322 | std(g_L) = 0.8719 | grad = 0.8985
step   3960 | loss = -1.9140 | mean(g_L) = +1.9140 | EMA = +1.9272 | std(g_L) = 0.8607 | grad = 0.6624
step   3980 | loss = -2.0281 | mean(g_L) = +2.0281 | EMA = +1.9394 | std(g_L) = 0.8339 | grad = 0.5826
step   4000 | loss = -2.0092 | mean(g_L) = +2.0092 | EMA = +1.9689 | std(g_L) = 0.8439 | grad = 0.6854
step   4020 | loss = -1.8616 | mean(g_L) = +1.8616 | EMA = +1.9300 | std(g_L) = 0.9449 | grad = 0.5287
step   4040 | loss = -1.8747 | mean(g_L) = +1.8747 | EMA = +1.9088 | std(g_L) = 0.9526 | grad = 0.8590
step   4060 | loss = -1.7015 | mean(g_L) = +1.7015 | EMA = +1.9065 | std(g_L) = 1.0536 | grad = 1.0659
step   4080 | loss = -2.0742 | mean(g_L) = +2.0742 | EMA = +1.9289 | std(g_L) = 0.8536 | grad = 0.3375
step   4100 | loss = -1.7489 | mean(g_L) = +1.7489 | EMA = +1.9130 | std(g_L) = 0.9973 | grad = 0.4266
step   4120 | loss = -1.8561 | mean(g_L) = +1.8561 | EMA = +1.9011 | std(g_L) = 1.0144 | grad = 1.0374
step   4140 | loss = -1.8685 | mean(g_L) = +1.8685 | EMA = +1.8940 | std(g_L) = 1.0434 | grad = 0.5379
step   4160 | loss = -1.8572 | mean(g_L) = +1.8572 | EMA = +1.9201 | std(g_L) = 1.1577 | grad = 0.3527
step   4180 | loss = -1.8832 | mean(g_L) = +1.8832 | EMA = +1.9058 | std(g_L) = 1.0569 | grad = 0.3486
step   4200 | loss = -1.9405 | mean(g_L) = +1.9405 | EMA = +1.9116 | std(g_L) = 0.8839 | grad = 0.7966
step   4220 | loss = -1.9104 | mean(g_L) = +1.9104 | EMA = +1.9232 | std(g_L) = 1.0924 | grad = 0.5190
step   4240 | loss = -1.8696 | mean(g_L) = +1.8696 | EMA = +1.9303 | std(g_L) = 0.8746 | grad = 0.4329
step   4260 | loss = -1.9085 | mean(g_L) = +1.9085 | EMA = +1.9423 | std(g_L) = 0.9657 | grad = 0.5738
step   4280 | loss = -2.0305 | mean(g_L) = +2.0305 | EMA = +1.9252 | std(g_L) = 0.9537 | grad = 0.5906
step   4300 | loss = -1.8290 | mean(g_L) = +1.8290 | EMA = +1.9075 | std(g_L) = 1.1538 | grad = 0.6139
step   4320 | loss = -1.9511 | mean(g_L) = +1.9511 | EMA = +1.9013 | std(g_L) = 1.0121 | grad = 0.4996
step   4340 | loss = -1.9863 | mean(g_L) = +1.9863 | EMA = +1.9270 | std(g_L) = 0.8563 | grad = 0.4905
step   4360 | loss = -1.9440 | mean(g_L) = +1.9440 | EMA = +1.9172 | std(g_L) = 1.0220 | grad = 0.4378
step   4380 | loss = -2.0002 | mean(g_L) = +2.0002 | EMA = +1.9103 | std(g_L) = 1.0007 | grad = 0.7294
step   4400 | loss = -1.9172 | mean(g_L) = +1.9172 | EMA = +1.9252 | std(g_L) = 1.1429 | grad = 0.8452
step   4420 | loss = -1.7225 | mean(g_L) = +1.7225 | EMA = +1.9032 | std(g_L) = 1.0293 | grad = 0.7450
step   4440 | loss = -1.8527 | mean(g_L) = +1.8527 | EMA = +1.9253 | std(g_L) = 1.0334 | grad = 0.3222
step   4460 | loss = -1.9833 | mean(g_L) = +1.9833 | EMA = +1.9250 | std(g_L) = 0.9904 | grad = 0.5710
step   4480 | loss = -1.7705 | mean(g_L) = +1.7705 | EMA = +1.9243 | std(g_L) = 1.1261 | grad = 0.7511
step   4500 | loss = -1.9832 | mean(g_L) = +1.9832 | EMA = +1.9175 | std(g_L) = 1.1773 | grad = 0.8460
step   4520 | loss = -1.9488 | mean(g_L) = +1.9488 | EMA = +1.9118 | std(g_L) = 0.9765 | grad = 1.0923
step   4540 | loss = -1.9018 | mean(g_L) = +1.9018 | EMA = +1.9226 | std(g_L) = 1.0929 | grad = 0.8716
step   4560 | loss = -1.9995 | mean(g_L) = +1.9995 | EMA = +1.9320 | std(g_L) = 0.8594 | grad = 0.7628
step   4580 | loss = -1.9628 | mean(g_L) = +1.9628 | EMA = +1.9276 | std(g_L) = 0.9656 | grad = 0.7218
step   4600 | loss = -1.9042 | mean(g_L) = +1.9042 | EMA = +1.9261 | std(g_L) = 0.9699 | grad = 0.6873
step   4620 | loss = -1.9677 | mean(g_L) = +1.9677 | EMA = +1.9180 | std(g_L) = 0.9246 | grad = 0.3675
step   4640 | loss = -2.0705 | mean(g_L) = +2.0705 | EMA = +1.9287 | std(g_L) = 0.8976 | grad = 0.7653
step   4660 | loss = -1.7587 | mean(g_L) = +1.7587 | EMA = +1.9146 | std(g_L) = 0.9495 | grad = 0.8357
step   4680 | loss = -1.9378 | mean(g_L) = +1.9378 | EMA = +1.9319 | std(g_L) = 1.0545 | grad = 0.7416
step   4700 | loss = -1.9796 | mean(g_L) = +1.9796 | EMA = +1.9290 | std(g_L) = 0.9949 | grad = 0.6857
step   4720 | loss = -1.9701 | mean(g_L) = +1.9701 | EMA = +1.9376 | std(g_L) = 0.9032 | grad = 0.4957
step   4740 | loss = -1.9564 | mean(g_L) = +1.9564 | EMA = +1.9400 | std(g_L) = 0.9568 | grad = 0.6716
step   4760 | loss = -1.9518 | mean(g_L) = +1.9518 | EMA = +1.9165 | std(g_L) = 0.9988 | grad = 0.5229
step   4780 | loss = -1.8754 | mean(g_L) = +1.8754 | EMA = +1.9308 | std(g_L) = 0.8297 | grad = 0.8148
step   4800 | loss = -2.0824 | mean(g_L) = +2.0824 | EMA = +1.9518 | std(g_L) = 0.8035 | grad = 0.6793
step   4820 | loss = -1.9346 | mean(g_L) = +1.9346 | EMA = +1.9270 | std(g_L) = 0.9160 | grad = 0.3309
step   4840 | loss = -2.0304 | mean(g_L) = +2.0304 | EMA = +1.9335 | std(g_L) = 0.8293 | grad = 0.5751
step   4860 | loss = -2.0342 | mean(g_L) = +2.0342 | EMA = +1.9183 | std(g_L) = 0.9338 | grad = 0.8614
step   4880 | loss = -2.0360 | mean(g_L) = +2.0360 | EMA = +1.9380 | std(g_L) = 0.8944 | grad = 0.6257
step   4900 | loss = -1.8888 | mean(g_L) = +1.8888 | EMA = +1.9296 | std(g_L) = 0.9105 | grad = 0.7915
step   4920 | loss = -1.8930 | mean(g_L) = +1.8930 | EMA = +1.9189 | std(g_L) = 0.9678 | grad = 0.4826
step   4940 | loss = -1.7819 | mean(g_L) = +1.7819 | EMA = +1.9247 | std(g_L) = 1.1066 | grad = 1.1561
step   4960 | loss = -2.0315 | mean(g_L) = +2.0315 | EMA = +1.9229 | std(g_L) = 0.8774 | grad = 0.7886
step   4980 | loss = -1.9192 | mean(g_L) = +1.9192 | EMA = +1.9381 | std(g_L) = 0.9088 | grad = 0.1650
step   5000 | loss = -1.6703 | mean(g_L) = +1.6703 | EMA = +1.9153 | std(g_L) = 1.0469 | grad = 0.3201
step   5020 | loss = -2.0460 | mean(g_L) = +2.0460 | EMA = +1.9141 | std(g_L) = 0.7693 | grad = 0.4354
step   5040 | loss = -2.0171 | mean(g_L) = +2.0171 | EMA = +1.9185 | std(g_L) = 0.8664 | grad = 0.7345
step   5060 | loss = -1.7430 | mean(g_L) = +1.7430 | EMA = +1.9361 | std(g_L) = 1.2210 | grad = 0.6125
step   5080 | loss = -1.8451 | mean(g_L) = +1.8451 | EMA = +1.9075 | std(g_L) = 0.9718 | grad = 0.4006
step   5100 | loss = -1.8144 | mean(g_L) = +1.8144 | EMA = +1.8882 | std(g_L) = 1.1159 | grad = 0.6881
step   5120 | loss = -1.8462 | mean(g_L) = +1.8462 | EMA = +1.9040 | std(g_L) = 1.0015 | grad = 0.3944
step   5140 | loss = -1.8383 | mean(g_L) = +1.8383 | EMA = +1.9117 | std(g_L) = 1.0908 | grad = 1.0553
step   5160 | loss = -1.9937 | mean(g_L) = +1.9937 | EMA = +1.9206 | std(g_L) = 0.9174 | grad = 0.8015
step   5180 | loss = -2.0341 | mean(g_L) = +2.0341 | EMA = +1.9214 | std(g_L) = 0.7261 | grad = 0.5238
step   5200 | loss = -2.0481 | mean(g_L) = +2.0481 | EMA = +1.9347 | std(g_L) = 0.7953 | grad = 0.6679
step   5220 | loss = -1.7859 | mean(g_L) = +1.7859 | EMA = +1.9097 | std(g_L) = 0.9686 | grad = 0.4200
step   5240 | loss = -1.9164 | mean(g_L) = +1.9164 | EMA = +1.9148 | std(g_L) = 1.2954 | grad = 0.6834
step   5260 | loss = -1.9332 | mean(g_L) = +1.9332 | EMA = +1.9038 | std(g_L) = 0.9747 | grad = 0.8700
step   5280 | loss = -1.9848 | mean(g_L) = +1.9848 | EMA = +1.9240 | std(g_L) = 0.9312 | grad = 0.4234
step   5300 | loss = -1.8971 | mean(g_L) = +1.8971 | EMA = +1.9399 | std(g_L) = 0.9199 | grad = 1.0043
step   5320 | loss = -2.0217 | mean(g_L) = +2.0217 | EMA = +1.9450 | std(g_L) = 0.8198 | grad = 1.0706
step   5340 | loss = -1.9566 | mean(g_L) = +1.9566 | EMA = +1.9338 | std(g_L) = 1.0076 | grad = 0.5249
step   5360 | loss = -2.0443 | mean(g_L) = +2.0443 | EMA = +1.9387 | std(g_L) = 0.8357 | grad = 0.9315
step   5380 | loss = -1.7718 | mean(g_L) = +1.7718 | EMA = +1.9183 | std(g_L) = 0.8773 | grad = 0.4017
step   5400 | loss = -2.0196 | mean(g_L) = +2.0196 | EMA = +1.9361 | std(g_L) = 0.8029 | grad = 0.8011
step   5420 | loss = -1.8748 | mean(g_L) = +1.8748 | EMA = +1.9456 | std(g_L) = 1.0322 | grad = 0.2973
step   5440 | loss = -1.9010 | mean(g_L) = +1.9010 | EMA = +1.9287 | std(g_L) = 0.9472 | grad = 0.4146
step   5460 | loss = -1.9289 | mean(g_L) = +1.9289 | EMA = +1.9392 | std(g_L) = 0.9490 | grad = 0.8573
step   5480 | loss = -1.7468 | mean(g_L) = +1.7468 | EMA = +1.9469 | std(g_L) = 1.2046 | grad = 0.3817
step   5500 | loss = -1.6418 | mean(g_L) = +1.6418 | EMA = +1.9224 | std(g_L) = 1.0703 | grad = 0.6996
step   5520 | loss = -2.1344 | mean(g_L) = +2.1344 | EMA = +1.9456 | std(g_L) = 0.7861 | grad = 0.7235
step   5540 | loss = -1.8200 | mean(g_L) = +1.8200 | EMA = +1.9255 | std(g_L) = 1.0245 | grad = 0.5241
step   5560 | loss = -2.0778 | mean(g_L) = +2.0778 | EMA = +1.9388 | std(g_L) = 0.8970 | grad = 0.6101
step   5580 | loss = -2.0574 | mean(g_L) = +2.0574 | EMA = +1.9362 | std(g_L) = 0.8980 | grad = 0.7872
step   5600 | loss = -1.8021 | mean(g_L) = +1.8021 | EMA = +1.9174 | std(g_L) = 0.9880 | grad = 0.7429
step   5620 | loss = -1.9711 | mean(g_L) = +1.9711 | EMA = +1.9193 | std(g_L) = 1.0459 | grad = 0.6766
step   5640 | loss = -1.9790 | mean(g_L) = +1.9790 | EMA = +1.9233 | std(g_L) = 1.0118 | grad = 0.5623
step   5660 | loss = -1.9441 | mean(g_L) = +1.9441 | EMA = +1.9329 | std(g_L) = 0.9838 | grad = 0.7236
step   5680 | loss = -1.9373 | mean(g_L) = +1.9373 | EMA = +1.9357 | std(g_L) = 0.8928 | grad = 0.3889
step   5700 | loss = -1.9582 | mean(g_L) = +1.9582 | EMA = +1.9353 | std(g_L) = 0.8784 | grad = 0.2990
step   5720 | loss = -1.8985 | mean(g_L) = +1.8985 | EMA = +1.9238 | std(g_L) = 0.9347 | grad = 0.3659
step   5740 | loss = -1.9657 | mean(g_L) = +1.9657 | EMA = +1.9459 | std(g_L) = 0.8966 | grad = 0.6136
step   5760 | loss = -1.9062 | mean(g_L) = +1.9062 | EMA = +1.9413 | std(g_L) = 1.0577 | grad = 1.1987
step   5780 | loss = -2.0364 | mean(g_L) = +2.0364 | EMA = +1.9229 | std(g_L) = 0.8234 | grad = 0.2032
step   5800 | loss = -1.9641 | mean(g_L) = +1.9641 | EMA = +1.9446 | std(g_L) = 0.8513 | grad = 0.5036
step   5820 | loss = -2.0214 | mean(g_L) = +2.0214 | EMA = +1.9443 | std(g_L) = 0.8829 | grad = 0.5916
step   5840 | loss = -1.9382 | mean(g_L) = +1.9382 | EMA = +1.9473 | std(g_L) = 0.9904 | grad = 0.3899
step   5860 | loss = -1.7351 | mean(g_L) = +1.7351 | EMA = +1.9316 | std(g_L) = 1.0661 | grad = 0.5968
step   5880 | loss = -1.7824 | mean(g_L) = +1.7824 | EMA = +1.9348 | std(g_L) = 1.1983 | grad = 0.4787
step   5900 | loss = -1.8939 | mean(g_L) = +1.8939 | EMA = +1.9248 | std(g_L) = 1.0044 | grad = 0.6068
step   5920 | loss = -2.0809 | mean(g_L) = +2.0809 | EMA = +1.9419 | std(g_L) = 0.8329 | grad = 0.2829
step   5940 | loss = -2.1200 | mean(g_L) = +2.1200 | EMA = +1.9599 | std(g_L) = 0.8568 | grad = 0.5549
step   5960 | loss = -1.8568 | mean(g_L) = +1.8568 | EMA = +1.9521 | std(g_L) = 0.8977 | grad = 0.4704
step   5980 | loss = -2.0682 | mean(g_L) = +2.0682 | EMA = +1.9334 | std(g_L) = 0.9378 | grad = 0.5379
step   6000 | loss = -1.8709 | mean(g_L) = +1.8709 | EMA = +1.9322 | std(g_L) = 1.0373 | grad = 0.6980
step   6020 | loss = -1.8766 | mean(g_L) = +1.8766 | EMA = +1.9317 | std(g_L) = 0.9712 | grad = 0.8930
step   6040 | loss = -1.9269 | mean(g_L) = +1.9269 | EMA = +1.9279 | std(g_L) = 0.9546 | grad = 0.6175
step   6060 | loss = -2.0115 | mean(g_L) = +2.0115 | EMA = +1.9344 | std(g_L) = 0.8900 | grad = 0.3940
step   6080 | loss = -1.9752 | mean(g_L) = +1.9752 | EMA = +1.9451 | std(g_L) = 0.9198 | grad = 0.8000
step   6100 | loss = -1.8301 | mean(g_L) = +1.8301 | EMA = +1.9178 | std(g_L) = 0.9034 | grad = 0.6279
step   6120 | loss = -1.9270 | mean(g_L) = +1.9270 | EMA = +1.9452 | std(g_L) = 0.9318 | grad = 0.3870
step   6140 | loss = -1.9894 | mean(g_L) = +1.9894 | EMA = +1.9458 | std(g_L) = 0.9309 | grad = 0.7272
step   6160 | loss = -1.9810 | mean(g_L) = +1.9810 | EMA = +1.9319 | std(g_L) = 0.8965 | grad = 0.9576
step   6180 | loss = -1.8289 | mean(g_L) = +1.8289 | EMA = +1.9287 | std(g_L) = 1.1635 | grad = 1.1088
step   6200 | loss = -2.1393 | mean(g_L) = +2.1393 | EMA = +1.9587 | std(g_L) = 0.8426 | grad = 0.5756
step   6220 | loss = -2.0671 | mean(g_L) = +2.0671 | EMA = +1.9696 | std(g_L) = 0.9599 | grad = 0.2027
step   6240 | loss = -1.9499 | mean(g_L) = +1.9499 | EMA = +1.9367 | std(g_L) = 0.8773 | grad = 0.4142
step   6260 | loss = -1.9719 | mean(g_L) = +1.9719 | EMA = +1.9631 | std(g_L) = 0.9426 | grad = 0.6718
step   6280 | loss = -1.9040 | mean(g_L) = +1.9040 | EMA = +1.9357 | std(g_L) = 1.0286 | grad = 0.7076
step   6300 | loss = -1.9865 | mean(g_L) = +1.9865 | EMA = +1.9302 | std(g_L) = 0.9031 | grad = 0.6551
step   6320 | loss = -1.9980 | mean(g_L) = +1.9980 | EMA = +1.9431 | std(g_L) = 0.9484 | grad = 0.7268
step   6340 | loss = -1.8782 | mean(g_L) = +1.8782 | EMA = +1.9556 | std(g_L) = 1.0129 | grad = 1.0443
step   6360 | loss = -2.0095 | mean(g_L) = +2.0095 | EMA = +1.9608 | std(g_L) = 0.9738 | grad = 0.9300
step   6380 | loss = -1.9231 | mean(g_L) = +1.9231 | EMA = +1.9616 | std(g_L) = 1.0155 | grad = 0.4151
step   6400 | loss = -2.0205 | mean(g_L) = +2.0205 | EMA = +1.9726 | std(g_L) = 0.7885 | grad = 0.5362
step   6420 | loss = -1.9467 | mean(g_L) = +1.9467 | EMA = +1.9580 | std(g_L) = 1.0868 | grad = 0.2342
step   6440 | loss = -1.8906 | mean(g_L) = +1.8906 | EMA = +1.9391 | std(g_L) = 0.8712 | grad = 0.7878
step   6460 | loss = -1.8636 | mean(g_L) = +1.8636 | EMA = +1.9209 | std(g_L) = 0.9426 | grad = 0.4339
step   6480 | loss = -1.9958 | mean(g_L) = +1.9958 | EMA = +1.9376 | std(g_L) = 0.9756 | grad = 0.4456
step   6500 | loss = -1.9941 | mean(g_L) = +1.9941 | EMA = +1.9358 | std(g_L) = 0.8646 | grad = 0.6675
step   6520 | loss = -1.8365 | mean(g_L) = +1.8365 | EMA = +1.9518 | std(g_L) = 0.9844 | grad = 0.3987
step   6540 | loss = -1.9799 | mean(g_L) = +1.9799 | EMA = +1.9471 | std(g_L) = 0.9428 | grad = 0.5214
step   6560 | loss = -1.8061 | mean(g_L) = +1.8061 | EMA = +1.9425 | std(g_L) = 1.2024 | grad = 0.2621
step   6580 | loss = -1.9867 | mean(g_L) = +1.9867 | EMA = +1.9508 | std(g_L) = 0.8334 | grad = 0.5995
step   6600 | loss = -2.1027 | mean(g_L) = +2.1027 | EMA = +1.9608 | std(g_L) = 0.9991 | grad = 0.5909
step   6620 | loss = -2.0779 | mean(g_L) = +2.0779 | EMA = +1.9353 | std(g_L) = 0.9570 | grad = 0.9310
step   6640 | loss = -1.9689 | mean(g_L) = +1.9689 | EMA = +1.9452 | std(g_L) = 0.9051 | grad = 0.5819
step   6660 | loss = -1.9020 | mean(g_L) = +1.9020 | EMA = +1.9398 | std(g_L) = 0.9877 | grad = 0.6550
step   6680 | loss = -1.8923 | mean(g_L) = +1.8923 | EMA = +1.9414 | std(g_L) = 0.8784 | grad = 0.6525
step   6700 | loss = -1.9455 | mean(g_L) = +1.9455 | EMA = +1.9533 | std(g_L) = 0.8523 | grad = 0.8325
step   6720 | loss = -1.9205 | mean(g_L) = +1.9205 | EMA = +1.9539 | std(g_L) = 0.9501 | grad = 0.4581
step   6740 | loss = -1.8059 | mean(g_L) = +1.8059 | EMA = +1.9381 | std(g_L) = 1.0684 | grad = 0.5134
step   6760 | loss = -2.0406 | mean(g_L) = +2.0406 | EMA = +1.9502 | std(g_L) = 0.8992 | grad = 0.4272
step   6780 | loss = -1.8097 | mean(g_L) = +1.8097 | EMA = +1.9442 | std(g_L) = 1.0827 | grad = 0.8439
step   6800 | loss = -1.9965 | mean(g_L) = +1.9965 | EMA = +1.9304 | std(g_L) = 0.9438 | grad = 0.9784
step   6820 | loss = -1.9847 | mean(g_L) = +1.9847 | EMA = +1.9551 | std(g_L) = 0.9207 | grad = 0.3734
step   6840 | loss = -1.9204 | mean(g_L) = +1.9204 | EMA = +1.9724 | std(g_L) = 0.9348 | grad = 0.7608
step   6860 | loss = -1.9677 | mean(g_L) = +1.9677 | EMA = +1.9666 | std(g_L) = 1.0031 | grad = 0.4391
step   6880 | loss = -2.0881 | mean(g_L) = +2.0881 | EMA = +1.9648 | std(g_L) = 0.8861 | grad = 0.4217
step   6900 | loss = -2.1048 | mean(g_L) = +2.1048 | EMA = +1.9578 | std(g_L) = 0.9320 | grad = 1.4554
step   6920 | loss = -1.9398 | mean(g_L) = +1.9398 | EMA = +1.9532 | std(g_L) = 0.9681 | grad = 0.3982
step   6940 | loss = -1.8552 | mean(g_L) = +1.8552 | EMA = +1.9668 | std(g_L) = 0.9255 | grad = 0.3992
step   6960 | loss = -1.8116 | mean(g_L) = +1.8116 | EMA = +1.9573 | std(g_L) = 0.9832 | grad = 0.5353
step   6980 | loss = -1.9546 | mean(g_L) = +1.9546 | EMA = +1.9593 | std(g_L) = 0.9978 | grad = 0.2821
step   7000 | loss = -1.7958 | mean(g_L) = +1.7958 | EMA = +1.9306 | std(g_L) = 0.9954 | grad = 0.3497
step   7020 | loss = -1.8385 | mean(g_L) = +1.8385 | EMA = +1.9304 | std(g_L) = 1.0317 | grad = 0.6620
step   7040 | loss = -1.8783 | mean(g_L) = +1.8783 | EMA = +1.9384 | std(g_L) = 1.0260 | grad = 0.3664
step   7060 | loss = -1.8849 | mean(g_L) = +1.8849 | EMA = +1.9357 | std(g_L) = 1.0800 | grad = 0.4380
step   7080 | loss = -1.9742 | mean(g_L) = +1.9742 | EMA = +1.9585 | std(g_L) = 0.9005 | grad = 0.6478
step   7100 | loss = -1.9590 | mean(g_L) = +1.9590 | EMA = +1.9668 | std(g_L) = 0.9567 | grad = 0.7801
step   7120 | loss = -1.8913 | mean(g_L) = +1.8913 | EMA = +1.9480 | std(g_L) = 1.0672 | grad = 1.6012
step   7140 | loss = -1.8165 | mean(g_L) = +1.8165 | EMA = +1.9363 | std(g_L) = 1.1248 | grad = 0.7011
step   7160 | loss = -1.8843 | mean(g_L) = +1.8843 | EMA = +1.9621 | std(g_L) = 1.0054 | grad = 0.5006
step   7180 | loss = -1.9747 | mean(g_L) = +1.9747 | EMA = +1.9554 | std(g_L) = 0.9524 | grad = 0.7085
step   7200 | loss = -1.9868 | mean(g_L) = +1.9868 | EMA = +1.9494 | std(g_L) = 0.9428 | grad = 1.0784
step   7220 | loss = -1.9421 | mean(g_L) = +1.9421 | EMA = +1.9577 | std(g_L) = 0.9486 | grad = 0.2274
step   7240 | loss = -1.9075 | mean(g_L) = +1.9075 | EMA = +1.9570 | std(g_L) = 0.9275 | grad = 0.5297
step   7260 | loss = -2.0529 | mean(g_L) = +2.0529 | EMA = +1.9567 | std(g_L) = 1.0267 | grad = 0.5213
step   7280 | loss = -1.8939 | mean(g_L) = +1.8939 | EMA = +1.9651 | std(g_L) = 1.0053 | grad = 0.7031
step   7300 | loss = -1.8673 | mean(g_L) = +1.8673 | EMA = +1.9425 | std(g_L) = 1.0718 | grad = 0.6653
step   7320 | loss = -2.0475 | mean(g_L) = +2.0475 | EMA = +1.9535 | std(g_L) = 0.9705 | grad = 0.7359
step   7340 | loss = -1.8749 | mean(g_L) = +1.8749 | EMA = +1.9538 | std(g_L) = 0.8862 | grad = 0.5666
step   7360 | loss = -2.0637 | mean(g_L) = +2.0637 | EMA = +1.9608 | std(g_L) = 0.9122 | grad = 0.9694
step   7380 | loss = -2.0094 | mean(g_L) = +2.0094 | EMA = +1.9564 | std(g_L) = 0.9254 | grad = 0.5708
step   7400 | loss = -2.0111 | mean(g_L) = +2.0111 | EMA = +1.9676 | std(g_L) = 0.9148 | grad = 0.5528
step   7420 | loss = -1.9805 | mean(g_L) = +1.9805 | EMA = +1.9639 | std(g_L) = 0.9173 | grad = 0.3812
step   7440 | loss = -1.9238 | mean(g_L) = +1.9238 | EMA = +1.9757 | std(g_L) = 0.9861 | grad = 1.2591
step   7460 | loss = -2.0527 | mean(g_L) = +2.0527 | EMA = +1.9787 | std(g_L) = 0.9394 | grad = 0.6492
step   7480 | loss = -1.8536 | mean(g_L) = +1.8536 | EMA = +1.9598 | std(g_L) = 1.1760 | grad = 0.6014
step   7500 | loss = -1.9719 | mean(g_L) = +1.9719 | EMA = +1.9783 | std(g_L) = 0.9639 | grad = 0.5640
step   7520 | loss = -1.9642 | mean(g_L) = +1.9642 | EMA = +1.9597 | std(g_L) = 0.8414 | grad = 0.1984
step   7540 | loss = -2.0319 | mean(g_L) = +2.0319 | EMA = +1.9664 | std(g_L) = 0.8783 | grad = 1.0096
step   7560 | loss = -1.9189 | mean(g_L) = +1.9189 | EMA = +1.9514 | std(g_L) = 1.0230 | grad = 0.5012
step   7580 | loss = -1.9368 | mean(g_L) = +1.9368 | EMA = +1.9456 | std(g_L) = 0.9200 | grad = 0.8650
step   7600 | loss = -1.9824 | mean(g_L) = +1.9824 | EMA = +1.9702 | std(g_L) = 0.9689 | grad = 0.5735
step   7620 | loss = -1.9217 | mean(g_L) = +1.9217 | EMA = +1.9427 | std(g_L) = 1.0661 | grad = 0.7711
step   7640 | loss = -1.9739 | mean(g_L) = +1.9739 | EMA = +1.9683 | std(g_L) = 0.9271 | grad = 0.5471
step   7660 | loss = -1.8719 | mean(g_L) = +1.8719 | EMA = +1.9505 | std(g_L) = 1.0081 | grad = 1.2322
step   7680 | loss = -1.9870 | mean(g_L) = +1.9870 | EMA = +1.9703 | std(g_L) = 1.0664 | grad = 0.4318
step   7700 | loss = -1.8990 | mean(g_L) = +1.8990 | EMA = +1.9448 | std(g_L) = 0.8227 | grad = 0.7770
step   7720 | loss = -1.9868 | mean(g_L) = +1.9868 | EMA = +1.9680 | std(g_L) = 0.8075 | grad = 0.7805
step   7740 | loss = -1.8803 | mean(g_L) = +1.8803 | EMA = +1.9700 | std(g_L) = 0.9371 | grad = 0.2300
step   7760 | loss = -2.1441 | mean(g_L) = +2.1441 | EMA = +1.9904 | std(g_L) = 0.7725 | grad = 0.4424
step   7780 | loss = -1.9134 | mean(g_L) = +1.9134 | EMA = +1.9901 | std(g_L) = 0.9951 | grad = 1.0049
step   7800 | loss = -1.9656 | mean(g_L) = +1.9656 | EMA = +1.9677 | std(g_L) = 1.0104 | grad = 0.8737
step   7820 | loss = -1.9090 | mean(g_L) = +1.9090 | EMA = +1.9523 | std(g_L) = 0.9857 | grad = 0.5328
step   7840 | loss = -1.8265 | mean(g_L) = +1.8265 | EMA = +1.9545 | std(g_L) = 1.0432 | grad = 0.7004
step   7860 | loss = -1.9733 | mean(g_L) = +1.9733 | EMA = +1.9455 | std(g_L) = 1.0116 | grad = 0.4087
step   7880 | loss = -1.9587 | mean(g_L) = +1.9587 | EMA = +1.9624 | std(g_L) = 0.9347 | grad = 0.7966
step   7900 | loss = -2.1559 | mean(g_L) = +2.1559 | EMA = +1.9818 | std(g_L) = 0.9111 | grad = 0.5023
step   7920 | loss = -1.8779 | mean(g_L) = +1.8779 | EMA = +1.9764 | std(g_L) = 1.0651 | grad = 0.8012
step   7940 | loss = -2.0039 | mean(g_L) = +2.0039 | EMA = +1.9534 | std(g_L) = 0.9130 | grad = 0.4535
step   7960 | loss = -1.8504 | mean(g_L) = +1.8504 | EMA = +1.9649 | std(g_L) = 0.9591 | grad = 0.8588
step   7980 | loss = -2.0468 | mean(g_L) = +2.0468 | EMA = +1.9746 | std(g_L) = 0.8611 | grad = 0.7286
step   8000 | loss = -1.9633 | mean(g_L) = +1.9633 | EMA = +1.9667 | std(g_L) = 0.8633 | grad = 0.8455
step   8020 | loss = -2.0099 | mean(g_L) = +2.0099 | EMA = +1.9619 | std(g_L) = 0.8528 | grad = 0.5720
step   8040 | loss = -1.9165 | mean(g_L) = +1.9165 | EMA = +1.9470 | std(g_L) = 1.0205 | grad = 0.4765
step   8060 | loss = -2.1411 | mean(g_L) = +2.1411 | EMA = +1.9758 | std(g_L) = 0.8029 | grad = 0.4753
step   8080 | loss = -2.0431 | mean(g_L) = +2.0431 | EMA = +1.9574 | std(g_L) = 0.9262 | grad = 0.5946
step   8100 | loss = -2.0346 | mean(g_L) = +2.0346 | EMA = +1.9677 | std(g_L) = 0.8288 | grad = 0.7018
step   8120 | loss = -1.9690 | mean(g_L) = +1.9690 | EMA = +1.9718 | std(g_L) = 0.8581 | grad = 0.9260
step   8140 | loss = -1.8714 | mean(g_L) = +1.8714 | EMA = +1.9581 | std(g_L) = 0.9406 | grad = 0.5641
step   8160 | loss = -1.8689 | mean(g_L) = +1.8689 | EMA = +1.9445 | std(g_L) = 1.1143 | grad = 0.4590
step   8180 | loss = -2.0075 | mean(g_L) = +2.0075 | EMA = +1.9448 | std(g_L) = 0.9165 | grad = 0.2754
step   8200 | loss = -1.9969 | mean(g_L) = +1.9969 | EMA = +1.9671 | std(g_L) = 0.8665 | grad = 0.4600
step   8220 | loss = -1.8668 | mean(g_L) = +1.8668 | EMA = +1.9660 | std(g_L) = 1.0243 | grad = 0.8820
step   8240 | loss = -2.0720 | mean(g_L) = +2.0720 | EMA = +1.9740 | std(g_L) = 1.0305 | grad = 0.4018
step   8260 | loss = -1.9953 | mean(g_L) = +1.9953 | EMA = +1.9690 | std(g_L) = 0.8465 | grad = 0.6938
step   8280 | loss = -1.9781 | mean(g_L) = +1.9781 | EMA = +1.9942 | std(g_L) = 0.9372 | grad = 0.3553
step   8300 | loss = -2.1127 | mean(g_L) = +2.1127 | EMA = +1.9758 | std(g_L) = 0.8205 | grad = 0.2273
step   8320 | loss = -1.9133 | mean(g_L) = +1.9133 | EMA = +1.9859 | std(g_L) = 1.1301 | grad = 0.7014
step   8340 | loss = -2.0050 | mean(g_L) = +2.0050 | EMA = +1.9613 | std(g_L) = 0.8939 | grad = 0.5045
step   8360 | loss = -1.8790 | mean(g_L) = +1.8790 | EMA = +1.9606 | std(g_L) = 0.9796 | grad = 0.3523
step   8380 | loss = -1.9917 | mean(g_L) = +1.9917 | EMA = +1.9510 | std(g_L) = 0.9896 | grad = 0.3163
step   8400 | loss = -2.0046 | mean(g_L) = +2.0046 | EMA = +1.9554 | std(g_L) = 1.0837 | grad = 0.5847
step   8420 | loss = -1.9067 | mean(g_L) = +1.9067 | EMA = +1.9717 | std(g_L) = 0.9184 | grad = 0.4583
step   8440 | loss = -1.9236 | mean(g_L) = +1.9236 | EMA = +1.9709 | std(g_L) = 0.9999 | grad = 1.1664
step   8460 | loss = -2.1118 | mean(g_L) = +2.1118 | EMA = +1.9742 | std(g_L) = 0.8838 | grad = 0.8218
step   8480 | loss = -2.0951 | mean(g_L) = +2.0951 | EMA = +1.9888 | std(g_L) = 0.9321 | grad = 0.4024
step   8500 | loss = -1.9673 | mean(g_L) = +1.9673 | EMA = +1.9871 | std(g_L) = 0.8405 | grad = 0.5175
step   8520 | loss = -2.0245 | mean(g_L) = +2.0245 | EMA = +1.9723 | std(g_L) = 0.8604 | grad = 0.6662
step   8540 | loss = -1.9873 | mean(g_L) = +1.9873 | EMA = +1.9965 | std(g_L) = 0.9908 | grad = 0.9397
step   8560 | loss = -2.1400 | mean(g_L) = +2.1400 | EMA = +2.0008 | std(g_L) = 0.8777 | grad = 0.6831
step   8580 | loss = -1.9018 | mean(g_L) = +1.9018 | EMA = +1.9891 | std(g_L) = 1.1162 | grad = 0.7180
step   8600 | loss = -2.0188 | mean(g_L) = +2.0188 | EMA = +1.9816 | std(g_L) = 0.7973 | grad = 1.3188
step   8620 | loss = -1.8305 | mean(g_L) = +1.8305 | EMA = +1.9877 | std(g_L) = 1.0896 | grad = 1.1636
step   8640 | loss = -2.0314 | mean(g_L) = +2.0314 | EMA = +1.9810 | std(g_L) = 0.9069 | grad = 0.8133
step   8660 | loss = -1.9151 | mean(g_L) = +1.9151 | EMA = +1.9943 | std(g_L) = 1.0214 | grad = 0.8328
step   8680 | loss = -2.0411 | mean(g_L) = +2.0411 | EMA = +1.9818 | std(g_L) = 1.0002 | grad = 0.4946
step   8700 | loss = -1.9048 | mean(g_L) = +1.9048 | EMA = +1.9745 | std(g_L) = 1.0279 | grad = 0.7713
step   8720 | loss = -1.9192 | mean(g_L) = +1.9192 | EMA = +1.9798 | std(g_L) = 0.8978 | grad = 0.3528
step   8740 | loss = -2.0539 | mean(g_L) = +2.0539 | EMA = +1.9790 | std(g_L) = 0.9176 | grad = 0.6215
step   8760 | loss = -1.9906 | mean(g_L) = +1.9906 | EMA = +1.9644 | std(g_L) = 0.8609 | grad = 0.4939
step   8780 | loss = -2.1172 | mean(g_L) = +2.1172 | EMA = +1.9767 | std(g_L) = 0.9835 | grad = 0.8733
step   8800 | loss = -1.9547 | mean(g_L) = +1.9547 | EMA = +2.0006 | std(g_L) = 0.9293 | grad = 0.4251
step   8820 | loss = -1.8912 | mean(g_L) = +1.8912 | EMA = +1.9638 | std(g_L) = 0.9573 | grad = 0.5548
step   8840 | loss = -2.0070 | mean(g_L) = +2.0070 | EMA = +1.9577 | std(g_L) = 0.8472 | grad = 0.3672
step   8860 | loss = -1.9016 | mean(g_L) = +1.9016 | EMA = +1.9840 | std(g_L) = 0.9814 | grad = 1.1454
step   8880 | loss = -1.7964 | mean(g_L) = +1.7964 | EMA = +1.9472 | std(g_L) = 1.0337 | grad = 0.5624
step   8900 | loss = -1.9773 | mean(g_L) = +1.9773 | EMA = +1.9591 | std(g_L) = 1.0123 | grad = 0.7583
step   8920 | loss = -1.9250 | mean(g_L) = +1.9250 | EMA = +1.9644 | std(g_L) = 1.0010 | grad = 0.3555
step   8940 | loss = -1.9119 | mean(g_L) = +1.9119 | EMA = +1.9788 | std(g_L) = 1.0337 | grad = 0.3332
step   8960 | loss = -1.8696 | mean(g_L) = +1.8696 | EMA = +1.9827 | std(g_L) = 1.0362 | grad = 0.4687
step   8980 | loss = -2.0606 | mean(g_L) = +2.0606 | EMA = +1.9868 | std(g_L) = 0.9413 | grad = 0.3808
step   9000 | loss = -2.0537 | mean(g_L) = +2.0537 | EMA = +1.9693 | std(g_L) = 0.9779 | grad = 0.9582
step   9020 | loss = -1.8996 | mean(g_L) = +1.8996 | EMA = +1.9710 | std(g_L) = 1.1217 | grad = 1.2006
step   9040 | loss = -1.9710 | mean(g_L) = +1.9710 | EMA = +1.9966 | std(g_L) = 0.9092 | grad = 0.4068
step   9060 | loss = -1.9856 | mean(g_L) = +1.9856 | EMA = +1.9915 | std(g_L) = 1.0538 | grad = 0.7230
step   9080 | loss = -1.9400 | mean(g_L) = +1.9400 | EMA = +2.0044 | std(g_L) = 0.9429 | grad = 0.8128
step   9100 | loss = -1.8635 | mean(g_L) = +1.8635 | EMA = +1.9784 | std(g_L) = 1.0097 | grad = 0.2730
step   9120 | loss = -2.0029 | mean(g_L) = +2.0029 | EMA = +1.9973 | std(g_L) = 1.0117 | grad = 0.7264
step   9140 | loss = -1.9867 | mean(g_L) = +1.9867 | EMA = +2.0014 | std(g_L) = 0.8937 | grad = 0.3238
step   9160 | loss = -1.9862 | mean(g_L) = +1.9862 | EMA = +1.9891 | std(g_L) = 0.9801 | grad = 0.9641
step   9180 | loss = -2.0315 | mean(g_L) = +2.0315 | EMA = +1.9852 | std(g_L) = 0.9114 | grad = 0.4360
step   9200 | loss = -2.0120 | mean(g_L) = +2.0120 | EMA = +2.0013 | std(g_L) = 0.8658 | grad = 0.6050
step   9220 | loss = -2.0408 | mean(g_L) = +2.0408 | EMA = +2.0176 | std(g_L) = 0.9775 | grad = 0.8381
step   9240 | loss = -2.0229 | mean(g_L) = +2.0229 | EMA = +1.9968 | std(g_L) = 0.9511 | grad = 0.5463
step   9260 | loss = -1.9595 | mean(g_L) = +1.9595 | EMA = +1.9904 | std(g_L) = 0.9031 | grad = 1.0521
step   9280 | loss = -1.9807 | mean(g_L) = +1.9807 | EMA = +1.9961 | std(g_L) = 0.8989 | grad = 0.5315
step   9300 | loss = -2.0356 | mean(g_L) = +2.0356 | EMA = +1.9955 | std(g_L) = 1.0017 | grad = 0.4075
step   9320 | loss = -1.9289 | mean(g_L) = +1.9289 | EMA = +1.9917 | std(g_L) = 0.9956 | grad = 0.4947
step   9340 | loss = -1.8979 | mean(g_L) = +1.8979 | EMA = +1.9793 | std(g_L) = 1.0117 | grad = 0.5423
step   9360 | loss = -1.9563 | mean(g_L) = +1.9563 | EMA = +1.9754 | std(g_L) = 0.8670 | grad = 1.2785
step   9380 | loss = -2.0148 | mean(g_L) = +2.0148 | EMA = +2.0061 | std(g_L) = 0.9333 | grad = 1.0272
step   9400 | loss = -2.0011 | mean(g_L) = +2.0011 | EMA = +1.9916 | std(g_L) = 0.9719 | grad = 0.7882
step   9420 | loss = -1.9609 | mean(g_L) = +1.9609 | EMA = +1.9889 | std(g_L) = 1.0633 | grad = 0.3798
step   9440 | loss = -2.0406 | mean(g_L) = +2.0406 | EMA = +1.9989 | std(g_L) = 0.9469 | grad = 0.3382
step   9460 | loss = -1.9416 | mean(g_L) = +1.9416 | EMA = +1.9952 | std(g_L) = 0.9533 | grad = 0.4470
step   9480 | loss = -2.1015 | mean(g_L) = +2.1015 | EMA = +1.9936 | std(g_L) = 1.0110 | grad = 0.4036
step   9500 | loss = -1.9549 | mean(g_L) = +1.9549 | EMA = +1.9967 | std(g_L) = 1.0923 | grad = 0.5487
step   9520 | loss = -2.0217 | mean(g_L) = +2.0217 | EMA = +2.0143 | std(g_L) = 0.9406 | grad = 0.5930
step   9540 | loss = -1.9558 | mean(g_L) = +1.9558 | EMA = +1.9977 | std(g_L) = 1.1037 | grad = 0.8947
step   9560 | loss = -1.9225 | mean(g_L) = +1.9225 | EMA = +1.9894 | std(g_L) = 0.9101 | grad = 1.1990
step   9580 | loss = -1.9483 | mean(g_L) = +1.9483 | EMA = +1.9801 | std(g_L) = 0.9002 | grad = 0.7913
step   9600 | loss = -1.9815 | mean(g_L) = +1.9815 | EMA = +1.9824 | std(g_L) = 0.7832 | grad = 0.3190
step   9620 | loss = -2.1510 | mean(g_L) = +2.1510 | EMA = +2.0003 | std(g_L) = 0.7570 | grad = 0.5808
step   9640 | loss = -1.7903 | mean(g_L) = +1.7903 | EMA = +1.9847 | std(g_L) = 1.0386 | grad = 0.5777
step   9660 | loss = -2.0983 | mean(g_L) = +2.0983 | EMA = +2.0183 | std(g_L) = 0.8730 | grad = 0.5249
step   9680 | loss = -2.0266 | mean(g_L) = +2.0266 | EMA = +2.0240 | std(g_L) = 0.9841 | grad = 0.4664
step   9700 | loss = -1.9288 | mean(g_L) = +1.9288 | EMA = +2.0002 | std(g_L) = 0.9684 | grad = 0.3972
step   9720 | loss = -1.8922 | mean(g_L) = +1.8922 | EMA = +1.9927 | std(g_L) = 0.9754 | grad = 0.4149
step   9740 | loss = -2.0283 | mean(g_L) = +2.0283 | EMA = +1.9952 | std(g_L) = 1.0530 | grad = 0.9664
step   9760 | loss = -1.9378 | mean(g_L) = +1.9378 | EMA = +1.9802 | std(g_L) = 0.9799 | grad = 0.7512
step   9780 | loss = -1.9709 | mean(g_L) = +1.9709 | EMA = +1.9881 | std(g_L) = 0.8983 | grad = 0.6545
step   9800 | loss = -2.0458 | mean(g_L) = +2.0458 | EMA = +1.9888 | std(g_L) = 0.9190 | grad = 0.7484
step   9820 | loss = -1.9091 | mean(g_L) = +1.9091 | EMA = +1.9664 | std(g_L) = 0.9801 | grad = 0.7435
step   9840 | loss = -2.0757 | mean(g_L) = +2.0757 | EMA = +1.9702 | std(g_L) = 0.8148 | grad = 0.4904
step   9860 | loss = -1.9431 | mean(g_L) = +1.9431 | EMA = +1.9721 | std(g_L) = 0.9900 | grad = 0.8319
step   9880 | loss = -2.0758 | mean(g_L) = +2.0758 | EMA = +1.9922 | std(g_L) = 0.9871 | grad = 0.6623
step   9900 | loss = -1.9111 | mean(g_L) = +1.9111 | EMA = +1.9929 | std(g_L) = 1.0377 | grad = 0.8596
step   9920 | loss = -1.9753 | mean(g_L) = +1.9753 | EMA = +1.9993 | std(g_L) = 0.8553 | grad = 0.6593
step   9940 | loss = -2.0349 | mean(g_L) = +2.0349 | EMA = +2.0111 | std(g_L) = 0.9333 | grad = 0.5647
step   9960 | loss = -1.9034 | mean(g_L) = +1.9034 | EMA = +1.9928 | std(g_L) = 0.9683 | grad = 0.3897
step   9980 | loss = -1.8898 | mean(g_L) = +1.8898 | EMA = +1.9920 | std(g_L) = 1.0369 | grad = 1.1339
step  10000 | loss = -1.8512 | mean(g_L) = +1.8512 | EMA = +1.9783 | std(g_L) = 0.9803 | grad = 0.7184
step  10020 | loss = -2.0257 | mean(g_L) = +2.0257 | EMA = +2.0087 | std(g_L) = 1.0179 | grad = 0.7010
step  10040 | loss = -1.9652 | mean(g_L) = +1.9652 | EMA = +1.9873 | std(g_L) = 1.0703 | grad = 0.7090
step  10060 | loss = -1.9561 | mean(g_L) = +1.9561 | EMA = +1.9975 | std(g_L) = 0.9365 | grad = 0.5203
step  10080 | loss = -2.0154 | mean(g_L) = +2.0154 | EMA = +1.9920 | std(g_L) = 1.0465 | grad = 0.5088
step  10100 | loss = -1.9818 | mean(g_L) = +1.9818 | EMA = +1.9836 | std(g_L) = 0.9078 | grad = 0.4286
step  10120 | loss = -2.0698 | mean(g_L) = +2.0698 | EMA = +2.0158 | std(g_L) = 0.8801 | grad = 0.6852
step  10140 | loss = -2.1743 | mean(g_L) = +2.1743 | EMA = +2.0076 | std(g_L) = 0.9066 | grad = 0.6421
step  10160 | loss = -1.9726 | mean(g_L) = +1.9726 | EMA = +2.0167 | std(g_L) = 0.9925 | grad = 0.4008
step  10180 | loss = -1.8901 | mean(g_L) = +1.8901 | EMA = +1.9970 | std(g_L) = 0.9776 | grad = 0.4866
step  10200 | loss = -1.9689 | mean(g_L) = +1.9689 | EMA = +2.0157 | std(g_L) = 0.9833 | grad = 0.5520
step  10220 | loss = -1.9846 | mean(g_L) = +1.9846 | EMA = +2.0072 | std(g_L) = 0.8846 | grad = 0.7307
step  10240 | loss = -1.9195 | mean(g_L) = +1.9195 | EMA = +1.9751 | std(g_L) = 1.2600 | grad = 0.7088
step  10260 | loss = -1.8761 | mean(g_L) = +1.8761 | EMA = +2.0020 | std(g_L) = 0.9980 | grad = 0.9894
step  10280 | loss = -2.0018 | mean(g_L) = +2.0018 | EMA = +2.0230 | std(g_L) = 0.9705 | grad = 0.4277
step  10300 | loss = -2.0984 | mean(g_L) = +2.0984 | EMA = +2.0125 | std(g_L) = 0.8620 | grad = 1.1958
step  10320 | loss = -2.1782 | mean(g_L) = +2.1782 | EMA = +2.0371 | std(g_L) = 0.8327 | grad = 1.8647
step  10340 | loss = -1.9807 | mean(g_L) = +1.9807 | EMA = +2.0143 | std(g_L) = 1.1011 | grad = 0.6998
step  10360 | loss = -2.0446 | mean(g_L) = +2.0446 | EMA = +2.0263 | std(g_L) = 0.9186 | grad = 0.5323
step  10380 | loss = -2.0671 | mean(g_L) = +2.0671 | EMA = +2.0078 | std(g_L) = 0.9910 | grad = 0.9917
step  10400 | loss = -2.1260 | mean(g_L) = +2.1260 | EMA = +2.0046 | std(g_L) = 0.9513 | grad = 0.9761
step  10420 | loss = -2.0942 | mean(g_L) = +2.0942 | EMA = +2.0176 | std(g_L) = 0.8391 | grad = 0.8124
step  10440 | loss = -1.9813 | mean(g_L) = +1.9813 | EMA = +2.0165 | std(g_L) = 0.9567 | grad = 0.9134
step  10460 | loss = -2.0567 | mean(g_L) = +2.0567 | EMA = +2.0184 | std(g_L) = 1.0241 | grad = 0.4564
step  10480 | loss = -2.0394 | mean(g_L) = +2.0394 | EMA = +2.0016 | std(g_L) = 1.0081 | grad = 0.7122
step  10500 | loss = -1.9745 | mean(g_L) = +1.9745 | EMA = +1.9891 | std(g_L) = 0.8875 | grad = 0.3752
step  10520 | loss = -2.0236 | mean(g_L) = +2.0236 | EMA = +2.0019 | std(g_L) = 0.8741 | grad = 0.5640
step  10540 | loss = -1.9813 | mean(g_L) = +1.9813 | EMA = +2.0044 | std(g_L) = 0.9267 | grad = 1.2236
step  10560 | loss = -2.0622 | mean(g_L) = +2.0622 | EMA = +2.0174 | std(g_L) = 0.9312 | grad = 0.7241
step  10580 | loss = -1.9568 | mean(g_L) = +1.9568 | EMA = +2.0295 | std(g_L) = 0.9311 | grad = 1.2833
step  10600 | loss = -2.0399 | mean(g_L) = +2.0399 | EMA = +2.0111 | std(g_L) = 1.0640 | grad = 0.7446
step  10620 | loss = -2.0793 | mean(g_L) = +2.0793 | EMA = +2.0190 | std(g_L) = 1.1016 | grad = 0.5720
step  10640 | loss = -2.0069 | mean(g_L) = +2.0069 | EMA = +2.0209 | std(g_L) = 0.9444 | grad = 0.5049
step  10660 | loss = -2.0691 | mean(g_L) = +2.0691 | EMA = +2.0122 | std(g_L) = 0.9076 | grad = 1.0853
step  10680 | loss = -1.8690 | mean(g_L) = +1.8690 | EMA = +1.9851 | std(g_L) = 1.0476 | grad = 0.5646
step  10700 | loss = -1.9171 | mean(g_L) = +1.9171 | EMA = +2.0061 | std(g_L) = 1.0147 | grad = 0.6938
step  10720 | loss = -1.9948 | mean(g_L) = +1.9948 | EMA = +2.0182 | std(g_L) = 0.7915 | grad = 0.3666
step  10740 | loss = -1.9310 | mean(g_L) = +1.9310 | EMA = +1.9971 | std(g_L) = 0.8205 | grad = 0.5389
step  10760 | loss = -1.9560 | mean(g_L) = +1.9560 | EMA = +1.9817 | std(g_L) = 1.1450 | grad = 0.6438
step  10780 | loss = -2.0279 | mean(g_L) = +2.0279 | EMA = +2.0015 | std(g_L) = 1.0690 | grad = 1.0386
step  10800 | loss = -1.8744 | mean(g_L) = +1.8744 | EMA = +2.0017 | std(g_L) = 0.9582 | grad = 0.8217
step  10820 | loss = -2.0228 | mean(g_L) = +2.0228 | EMA = +2.0061 | std(g_L) = 0.8381 | grad = 0.9184
step  10840 | loss = -2.1279 | mean(g_L) = +2.1279 | EMA = +2.0034 | std(g_L) = 0.9408 | grad = 1.3252
step  10860 | loss = -1.9924 | mean(g_L) = +1.9924 | EMA = +2.0169 | std(g_L) = 0.9247 | grad = 0.7646
step  10880 | loss = -2.0485 | mean(g_L) = +2.0485 | EMA = +2.0136 | std(g_L) = 1.0703 | grad = 0.7513
step  10900 | loss = -2.0191 | mean(g_L) = +2.0191 | EMA = +1.9960 | std(g_L) = 0.9199 | grad = 0.4829
step  10920 | loss = -2.1116 | mean(g_L) = +2.1116 | EMA = +2.0042 | std(g_L) = 0.9183 | grad = 0.4967
step  10940 | loss = -2.0409 | mean(g_L) = +2.0409 | EMA = +2.0261 | std(g_L) = 0.9935 | grad = 0.8258
step  10960 | loss = -1.8570 | mean(g_L) = +1.8570 | EMA = +2.0221 | std(g_L) = 1.1549 | grad = 0.8114
step  10980 | loss = -2.0335 | mean(g_L) = +2.0335 | EMA = +2.0154 | std(g_L) = 1.0346 | grad = 0.7821
step  11000 | loss = -1.9560 | mean(g_L) = +1.9560 | EMA = +1.9935 | std(g_L) = 1.0073 | grad = 0.9138
step  11020 | loss = -2.1100 | mean(g_L) = +2.1100 | EMA = +2.0229 | std(g_L) = 0.9196 | grad = 0.5897
step  11040 | loss = -2.1701 | mean(g_L) = +2.1701 | EMA = +2.0242 | std(g_L) = 0.9024 | grad = 1.6928
step  11060 | loss = -2.0317 | mean(g_L) = +2.0317 | EMA = +2.0304 | std(g_L) = 0.9251 | grad = 0.7633
step  11080 | loss = -1.9019 | mean(g_L) = +1.9019 | EMA = +2.0156 | std(g_L) = 1.0324 | grad = 0.4559
step  11100 | loss = -2.1341 | mean(g_L) = +2.1341 | EMA = +2.0424 | std(g_L) = 0.9203 | grad = 1.1502
step  11120 | loss = -2.0420 | mean(g_L) = +2.0420 | EMA = +2.0260 | std(g_L) = 0.8531 | grad = 1.6522
step  11140 | loss = -2.0918 | mean(g_L) = +2.0918 | EMA = +2.0223 | std(g_L) = 0.8966 | grad = 1.5385
step  11160 | loss = -2.1897 | mean(g_L) = +2.1897 | EMA = +2.0070 | std(g_L) = 0.8175 | grad = 0.6164
step  11180 | loss = -2.1754 | mean(g_L) = +2.1754 | EMA = +1.9900 | std(g_L) = 0.9312 | grad = 0.4657
step  11200 | loss = -2.0533 | mean(g_L) = +2.0533 | EMA = +2.0152 | std(g_L) = 1.0821 | grad = 0.8327
step  11220 | loss = -1.8510 | mean(g_L) = +1.8510 | EMA = +2.0148 | std(g_L) = 1.0265 | grad = 0.6390
step  11240 | loss = -1.8913 | mean(g_L) = +1.8913 | EMA = +2.0223 | std(g_L) = 1.1243 | grad = 1.1958
step  11260 | loss = -1.9756 | mean(g_L) = +1.9756 | EMA = +1.9939 | std(g_L) = 1.0125 | grad = 0.7500
step  11280 | loss = -2.1243 | mean(g_L) = +2.1243 | EMA = +2.0205 | std(g_L) = 0.8954 | grad = 0.6098
step  11300 | loss = -1.9379 | mean(g_L) = +1.9379 | EMA = +2.0203 | std(g_L) = 0.9983 | grad = 0.6280
step  11320 | loss = -1.9690 | mean(g_L) = +1.9690 | EMA = +2.0183 | std(g_L) = 1.0977 | grad = 0.6540
step  11340 | loss = -2.0460 | mean(g_L) = +2.0460 | EMA = +2.0158 | std(g_L) = 0.8956 | grad = 1.4801
step  11360 | loss = -2.0886 | mean(g_L) = +2.0886 | EMA = +2.0368 | std(g_L) = 0.8745 | grad = 1.0828
step  11380 | loss = -2.0675 | mean(g_L) = +2.0675 | EMA = +2.0127 | std(g_L) = 0.8525 | grad = 0.5962
step  11400 | loss = -2.0930 | mean(g_L) = +2.0930 | EMA = +2.0220 | std(g_L) = 0.8513 | grad = 0.5662
step  11420 | loss = -2.1461 | mean(g_L) = +2.1461 | EMA = +2.0219 | std(g_L) = 0.9096 | grad = 1.3181
step  11440 | loss = -2.0917 | mean(g_L) = +2.0917 | EMA = +2.0178 | std(g_L) = 0.9748 | grad = 0.7842
step  11460 | loss = -2.1000 | mean(g_L) = +2.1000 | EMA = +2.0587 | std(g_L) = 0.7808 | grad = 0.6463
step  11480 | loss = -1.8859 | mean(g_L) = +1.8859 | EMA = +2.0172 | std(g_L) = 1.1355 | grad = 0.5292
step  11500 | loss = -1.9237 | mean(g_L) = +1.9237 | EMA = +2.0221 | std(g_L) = 0.8895 | grad = 0.7081
step  11520 | loss = -2.1584 | mean(g_L) = +2.1584 | EMA = +2.0408 | std(g_L) = 0.9159 | grad = 0.7080
step  11540 | loss = -1.9641 | mean(g_L) = +1.9641 | EMA = +2.0396 | std(g_L) = 0.9930 | grad = 0.2910
step  11560 | loss = -1.9524 | mean(g_L) = +1.9524 | EMA = +2.0109 | std(g_L) = 0.8710 | grad = 0.6551
step  11580 | loss = -2.0308 | mean(g_L) = +2.0308 | EMA = +2.0188 | std(g_L) = 0.9010 | grad = 0.5036
step  11600 | loss = -2.1692 | mean(g_L) = +2.1692 | EMA = +2.0381 | std(g_L) = 0.8708 | grad = 0.4487
step  11620 | loss = -2.0193 | mean(g_L) = +2.0193 | EMA = +2.0399 | std(g_L) = 0.9244 | grad = 0.7602
step  11640 | loss = -2.0768 | mean(g_L) = +2.0768 | EMA = +2.0708 | std(g_L) = 0.9299 | grad = 0.6526
step  11660 | loss = -1.9826 | mean(g_L) = +1.9826 | EMA = +2.0530 | std(g_L) = 0.9897 | grad = 1.2481
step  11680 | loss = -1.8367 | mean(g_L) = +1.8367 | EMA = +2.0264 | std(g_L) = 1.2711 | grad = 0.8144
step  11700 | loss = -1.8479 | mean(g_L) = +1.8479 | EMA = +2.0299 | std(g_L) = 1.0945 | grad = 1.1968
step  11720 | loss = -2.0928 | mean(g_L) = +2.0928 | EMA = +2.0283 | std(g_L) = 0.8943 | grad = 1.2187
step  11740 | loss = -2.0194 | mean(g_L) = +2.0194 | EMA = +2.0459 | std(g_L) = 0.9054 | grad = 0.2765
step  11760 | loss = -2.1373 | mean(g_L) = +2.1373 | EMA = +2.0489 | std(g_L) = 0.8539 | grad = 0.9865
step  11780 | loss = -2.0502 | mean(g_L) = +2.0502 | EMA = +2.0530 | std(g_L) = 1.0055 | grad = 1.2090
step  11800 | loss = -2.0941 | mean(g_L) = +2.0941 | EMA = +2.0215 | std(g_L) = 0.9113 | grad = 1.5241
step  11820 | loss = -1.8654 | mean(g_L) = +1.8654 | EMA = +2.0045 | std(g_L) = 1.0767 | grad = 2.0652
step  11840 | loss = -1.9846 | mean(g_L) = +1.9846 | EMA = +2.0137 | std(g_L) = 0.8997 | grad = 0.4570
step  11860 | loss = -2.0582 | mean(g_L) = +2.0582 | EMA = +2.0245 | std(g_L) = 0.9528 | grad = 1.7508
step  11880 | loss = -2.0297 | mean(g_L) = +2.0297 | EMA = +2.0537 | std(g_L) = 0.9257 | grad = 0.7819
step  11900 | loss = -2.1737 | mean(g_L) = +2.1737 | EMA = +2.0577 | std(g_L) = 0.8461 | grad = 0.5414
step  11920 | loss = -2.0829 | mean(g_L) = +2.0829 | EMA = +2.0242 | std(g_L) = 0.9080 | grad = 1.5001
step  11940 | loss = -2.0959 | mean(g_L) = +2.0959 | EMA = +2.0059 | std(g_L) = 1.0084 | grad = 0.5035
step  11960 | loss = -2.1508 | mean(g_L) = +2.1508 | EMA = +2.0243 | std(g_L) = 0.7614 | grad = 0.5718
step  11980 | loss = -1.9375 | mean(g_L) = +1.9375 | EMA = +2.0363 | std(g_L) = 1.0067 | grad = 1.0034
step  12000 | loss = -1.9755 | mean(g_L) = +1.9755 | EMA = +2.0568 | std(g_L) = 1.0038 | grad = 0.5081
step  12020 | loss = -2.0457 | mean(g_L) = +2.0457 | EMA = +2.0385 | std(g_L) = 0.9407 | grad = 0.5737
step  12040 | loss = -1.9769 | mean(g_L) = +1.9769 | EMA = +2.0350 | std(g_L) = 0.9490 | grad = 0.6157
step  12060 | loss = -2.0528 | mean(g_L) = +2.0528 | EMA = +2.0228 | std(g_L) = 0.9887 | grad = 0.5432
step  12080 | loss = -1.9928 | mean(g_L) = +1.9928 | EMA = +2.0346 | std(g_L) = 1.0541 | grad = 1.3199
step  12100 | loss = -2.0586 | mean(g_L) = +2.0586 | EMA = +2.0470 | std(g_L) = 1.0084 | grad = 0.5289
step  12120 | loss = -1.8807 | mean(g_L) = +1.8807 | EMA = +2.0359 | std(g_L) = 0.9586 | grad = 0.6003
step  12140 | loss = -2.0087 | mean(g_L) = +2.0087 | EMA = +2.0284 | std(g_L) = 0.9401 | grad = 0.4846
step  12160 | loss = -2.0175 | mean(g_L) = +2.0175 | EMA = +2.0145 | std(g_L) = 0.9481 | grad = 1.2817
step  12180 | loss = -2.2105 | mean(g_L) = +2.2105 | EMA = +2.0482 | std(g_L) = 0.7587 | grad = 2.2244
step  12200 | loss = -1.9417 | mean(g_L) = +1.9417 | EMA = +2.0688 | std(g_L) = 1.0142 | grad = 1.0418
step  12220 | loss = -2.0546 | mean(g_L) = +2.0546 | EMA = +2.0355 | std(g_L) = 0.9955 | grad = 0.6093
step  12240 | loss = -1.9989 | mean(g_L) = +1.9989 | EMA = +2.0240 | std(g_L) = 1.0103 | grad = 0.2945
step  12260 | loss = -2.2204 | mean(g_L) = +2.2204 | EMA = +2.0430 | std(g_L) = 0.9055 | grad = 0.8749
step  12280 | loss = -2.0558 | mean(g_L) = +2.0558 | EMA = +2.0367 | std(g_L) = 0.8893 | grad = 0.7342
step  12300 | loss = -1.9466 | mean(g_L) = +1.9466 | EMA = +2.0293 | std(g_L) = 1.1125 | grad = 0.7168
step  12320 | loss = -2.0511 | mean(g_L) = +2.0511 | EMA = +2.0630 | std(g_L) = 0.9378 | grad = 0.7191
step  12340 | loss = -2.0558 | mean(g_L) = +2.0558 | EMA = +2.0317 | std(g_L) = 1.0427 | grad = 0.4383
step  12360 | loss = -2.0802 | mean(g_L) = +2.0802 | EMA = +2.0446 | std(g_L) = 0.8786 | grad = 0.7293
step  12380 | loss = -2.0830 | mean(g_L) = +2.0830 | EMA = +2.0470 | std(g_L) = 1.0397 | grad = 1.8907
step  12400 | loss = -2.0387 | mean(g_L) = +2.0387 | EMA = +2.0347 | std(g_L) = 0.8441 | grad = 1.6407
step  12420 | loss = -2.0321 | mean(g_L) = +2.0321 | EMA = +2.0252 | std(g_L) = 1.0822 | grad = 1.9705
step  12440 | loss = -2.1080 | mean(g_L) = +2.1080 | EMA = +2.0543 | std(g_L) = 0.9913 | grad = 1.4532
step  12460 | loss = -2.0697 | mean(g_L) = +2.0697 | EMA = +2.0631 | std(g_L) = 1.0169 | grad = 0.8316
step  12480 | loss = -2.0271 | mean(g_L) = +2.0271 | EMA = +2.0386 | std(g_L) = 0.9850 | grad = 0.4611
step  12500 | loss = -2.0710 | mean(g_L) = +2.0710 | EMA = +2.0463 | std(g_L) = 0.8552 | grad = 0.9527
step  12520 | loss = -2.0885 | mean(g_L) = +2.0885 | EMA = +2.0402 | std(g_L) = 0.9666 | grad = 1.5940
step  12540 | loss = -2.0733 | mean(g_L) = +2.0733 | EMA = +2.0376 | std(g_L) = 0.8405 | grad = 0.8627
step  12560 | loss = -2.1031 | mean(g_L) = +2.1031 | EMA = +2.0567 | std(g_L) = 0.8510 | grad = 0.5187
step  12580 | loss = -1.8784 | mean(g_L) = +1.8784 | EMA = +2.0128 | std(g_L) = 1.0112 | grad = 0.6996
step  12600 | loss = -1.9344 | mean(g_L) = +1.9344 | EMA = +2.0188 | std(g_L) = 0.8079 | grad = 0.3882
step  12620 | loss = -2.1533 | mean(g_L) = +2.1533 | EMA = +2.0429 | std(g_L) = 0.9874 | grad = 0.3608
step  12640 | loss = -2.0631 | mean(g_L) = +2.0631 | EMA = +2.0478 | std(g_L) = 1.0232 | grad = 2.1710
step  12660 | loss = -1.9413 | mean(g_L) = +1.9413 | EMA = +2.0528 | std(g_L) = 1.0969 | grad = 0.8874
step  12680 | loss = -2.0511 | mean(g_L) = +2.0511 | EMA = +2.0285 | std(g_L) = 0.9396 | grad = 0.6294
step  12700 | loss = -2.0741 | mean(g_L) = +2.0741 | EMA = +2.0454 | std(g_L) = 0.9034 | grad = 0.5753
step  12720 | loss = -1.9595 | mean(g_L) = +1.9595 | EMA = +2.0322 | std(g_L) = 0.8311 | grad = 0.7288
step  12740 | loss = -1.8822 | mean(g_L) = +1.8822 | EMA = +2.0262 | std(g_L) = 1.2714 | grad = 0.9964
step  12760 | loss = -2.1170 | mean(g_L) = +2.1170 | EMA = +2.0491 | std(g_L) = 0.8464 | grad = 0.8427
step  12780 | loss = -2.0360 | mean(g_L) = +2.0360 | EMA = +2.0428 | std(g_L) = 0.9057 | grad = 0.8947
step  12800 | loss = -2.1319 | mean(g_L) = +2.1319 | EMA = +2.0567 | std(g_L) = 0.9142 | grad = 0.8737
step  12820 | loss = -2.0288 | mean(g_L) = +2.0288 | EMA = +2.0344 | std(g_L) = 0.9072 | grad = 0.9792
step  12840 | loss = -2.0216 | mean(g_L) = +2.0216 | EMA = +2.0319 | std(g_L) = 1.0633 | grad = 2.2463
step  12860 | loss = -2.1061 | mean(g_L) = +2.1061 | EMA = +2.0193 | std(g_L) = 0.8096 | grad = 0.6375
step  12880 | loss = -2.0317 | mean(g_L) = +2.0317 | EMA = +2.0383 | std(g_L) = 0.9695 | grad = 1.8984
step  12900 | loss = -2.0295 | mean(g_L) = +2.0295 | EMA = +2.0577 | std(g_L) = 0.9435 | grad = 0.9533
step  12920 | loss = -1.9437 | mean(g_L) = +1.9437 | EMA = +2.0403 | std(g_L) = 0.9099 | grad = 0.6972
step  12940 | loss = -2.0917 | mean(g_L) = +2.0917 | EMA = +2.0451 | std(g_L) = 1.1180 | grad = 0.7312
step  12960 | loss = -1.9869 | mean(g_L) = +1.9869 | EMA = +2.0573 | std(g_L) = 0.9755 | grad = 0.3943
step  12980 | loss = -2.0565 | mean(g_L) = +2.0565 | EMA = +2.0462 | std(g_L) = 1.0670 | grad = 1.3298
step  13000 | loss = -2.0817 | mean(g_L) = +2.0817 | EMA = +2.0525 | std(g_L) = 0.9788 | grad = 0.4404
step  13020 | loss = -1.9887 | mean(g_L) = +1.9887 | EMA = +2.0386 | std(g_L) = 1.0301 | grad = 0.7810
step  13040 | loss = -2.0388 | mean(g_L) = +2.0388 | EMA = +2.0483 | std(g_L) = 0.8885 | grad = 0.8327
step  13060 | loss = -2.0784 | mean(g_L) = +2.0784 | EMA = +2.0536 | std(g_L) = 0.8826 | grad = 1.2696
step  13080 | loss = -2.0191 | mean(g_L) = +2.0191 | EMA = +2.0586 | std(g_L) = 0.9801 | grad = 1.0962
step  13100 | loss = -1.8992 | mean(g_L) = +1.8992 | EMA = +2.0330 | std(g_L) = 0.9646 | grad = 0.7558
step  13120 | loss = -2.0880 | mean(g_L) = +2.0880 | EMA = +2.0355 | std(g_L) = 0.8413 | grad = 0.3751
step  13140 | loss = -2.0535 | mean(g_L) = +2.0535 | EMA = +2.0476 | std(g_L) = 0.8172 | grad = 2.5644
step  13160 | loss = -2.0220 | mean(g_L) = +2.0220 | EMA = +2.0595 | std(g_L) = 0.9773 | grad = 1.3017
step  13180 | loss = -2.0747 | mean(g_L) = +2.0747 | EMA = +2.0613 | std(g_L) = 0.8430 | grad = 0.6079
step  13200 | loss = -2.0523 | mean(g_L) = +2.0523 | EMA = +2.0478 | std(g_L) = 0.9934 | grad = 1.0245
step  13220 | loss = -2.0652 | mean(g_L) = +2.0652 | EMA = +2.0446 | std(g_L) = 1.1479 | grad = 0.7235
step  13240 | loss = -2.1248 | mean(g_L) = +2.1248 | EMA = +2.0585 | std(g_L) = 1.0157 | grad = 0.9750
step  13260 | loss = -2.0340 | mean(g_L) = +2.0340 | EMA = +2.0495 | std(g_L) = 0.8971 | grad = 0.5908
step  13280 | loss = -1.9824 | mean(g_L) = +1.9824 | EMA = +2.0577 | std(g_L) = 0.9908 | grad = 1.6054
step  13300 | loss = -2.0938 | mean(g_L) = +2.0938 | EMA = +2.0703 | std(g_L) = 1.0054 | grad = 1.1728
step  13320 | loss = -2.0947 | mean(g_L) = +2.0947 | EMA = +2.0735 | std(g_L) = 0.8692 | grad = 1.5143
step  13340 | loss = -2.0613 | mean(g_L) = +2.0613 | EMA = +2.0607 | std(g_L) = 0.9115 | grad = 0.7437
step  13360 | loss = -2.1032 | mean(g_L) = +2.1032 | EMA = +2.0518 | std(g_L) = 0.9605 | grad = 0.4478
step  13380 | loss = -2.1521 | mean(g_L) = +2.1521 | EMA = +2.0447 | std(g_L) = 0.9352 | grad = 0.4124
step  13400 | loss = -2.1414 | mean(g_L) = +2.1414 | EMA = +2.0338 | std(g_L) = 0.8225 | grad = 1.7071
step  13420 | loss = -2.1407 | mean(g_L) = +2.1407 | EMA = +2.0180 | std(g_L) = 0.9786 | grad = 1.2909
step  13440 | loss = -2.0899 | mean(g_L) = +2.0899 | EMA = +2.0519 | std(g_L) = 0.9457 | grad = 0.4569
step  13460 | loss = -2.0733 | mean(g_L) = +2.0733 | EMA = +2.0608 | std(g_L) = 0.9030 | grad = 0.7648
step  13480 | loss = -2.0062 | mean(g_L) = +2.0062 | EMA = +2.0419 | std(g_L) = 0.8616 | grad = 0.9822
step  13500 | loss = -2.0048 | mean(g_L) = +2.0048 | EMA = +2.0654 | std(g_L) = 1.0271 | grad = 0.4615
step  13520 | loss = -2.1202 | mean(g_L) = +2.1202 | EMA = +2.0632 | std(g_L) = 0.8613 | grad = 1.0288
step  13540 | loss = -2.0842 | mean(g_L) = +2.0842 | EMA = +2.0481 | std(g_L) = 0.8155 | grad = 0.5157
step  13560 | loss = -1.9508 | mean(g_L) = +1.9508 | EMA = +2.0747 | std(g_L) = 1.0593 | grad = 0.6639
step  13580 | loss = -2.0894 | mean(g_L) = +2.0894 | EMA = +2.0740 | std(g_L) = 0.9425 | grad = 0.8194
step  13600 | loss = -2.0288 | mean(g_L) = +2.0288 | EMA = +2.0516 | std(g_L) = 1.0389 | grad = 0.8397
step  13620 | loss = -1.9155 | mean(g_L) = +1.9155 | EMA = +2.0345 | std(g_L) = 0.9863 | grad = 0.9032
step  13640 | loss = -2.1517 | mean(g_L) = +2.1517 | EMA = +2.0688 | std(g_L) = 1.0105 | grad = 1.2264
step  13660 | loss = -1.9629 | mean(g_L) = +1.9629 | EMA = +2.0680 | std(g_L) = 1.1646 | grad = 1.2010
step  13680 | loss = -2.0395 | mean(g_L) = +2.0395 | EMA = +2.0482 | std(g_L) = 1.0403 | grad = 0.6112
step  13700 | loss = -1.9500 | mean(g_L) = +1.9500 | EMA = +2.0409 | std(g_L) = 1.0615 | grad = 1.0291
step  13720 | loss = -1.9898 | mean(g_L) = +1.9898 | EMA = +2.0424 | std(g_L) = 0.9791 | grad = 0.8034
step  13740 | loss = -2.0236 | mean(g_L) = +2.0236 | EMA = +2.0320 | std(g_L) = 1.1061 | grad = 2.1656
step  13760 | loss = -2.1344 | mean(g_L) = +2.1344 | EMA = +2.0319 | std(g_L) = 0.8579 | grad = 1.1919
step  13780 | loss = -2.0846 | mean(g_L) = +2.0846 | EMA = +2.0389 | std(g_L) = 1.1071 | grad = 0.9839
step  13800 | loss = -2.0188 | mean(g_L) = +2.0188 | EMA = +2.0498 | std(g_L) = 1.1287 | grad = 2.2045
step  13820 | loss = -1.9580 | mean(g_L) = +1.9580 | EMA = +2.0542 | std(g_L) = 0.9202 | grad = 1.3039
step  13840 | loss = -2.0625 | mean(g_L) = +2.0625 | EMA = +2.0607 | std(g_L) = 0.9910 | grad = 2.1466
step  13860 | loss = -2.0427 | mean(g_L) = +2.0427 | EMA = +2.0589 | std(g_L) = 1.0658 | grad = 0.5796
step  13880 | loss = -2.1169 | mean(g_L) = +2.1169 | EMA = +2.0535 | std(g_L) = 1.0413 | grad = 1.0489
step  13900 | loss = -2.0343 | mean(g_L) = +2.0343 | EMA = +2.0557 | std(g_L) = 0.9030 | grad = 0.2418
step  13920 | loss = -2.0586 | mean(g_L) = +2.0586 | EMA = +2.0537 | std(g_L) = 0.8915 | grad = 0.6898
step  13940 | loss = -2.1622 | mean(g_L) = +2.1622 | EMA = +2.0816 | std(g_L) = 0.7745 | grad = 1.4540
step  13960 | loss = -2.0269 | mean(g_L) = +2.0269 | EMA = +2.0840 | std(g_L) = 0.8530 | grad = 1.1208
step  13980 | loss = -1.9406 | mean(g_L) = +1.9406 | EMA = +2.0750 | std(g_L) = 1.0100 | grad = 0.5648
step  14000 | loss = -2.0801 | mean(g_L) = +2.0801 | EMA = +2.0477 | std(g_L) = 1.0531 | grad = 0.8062
step  14020 | loss = -2.1900 | mean(g_L) = +2.1900 | EMA = +2.0656 | std(g_L) = 0.9026 | grad = 0.5792
step  14040 | loss = -1.9950 | mean(g_L) = +1.9950 | EMA = +2.0593 | std(g_L) = 0.9329 | grad = 0.7467
step  14060 | loss = -2.1336 | mean(g_L) = +2.1336 | EMA = +2.0557 | std(g_L) = 0.8250 | grad = 0.8356
step  14080 | loss = -2.1821 | mean(g_L) = +2.1821 | EMA = +2.0766 | std(g_L) = 0.9419 | grad = 0.4021
step  14100 | loss = -2.1507 | mean(g_L) = +2.1507 | EMA = +2.0674 | std(g_L) = 0.9377 | grad = 1.2234
step  14120 | loss = -2.1358 | mean(g_L) = +2.1358 | EMA = +2.0657 | std(g_L) = 1.1963 | grad = 0.9954
step  14140 | loss = -2.0477 | mean(g_L) = +2.0477 | EMA = +2.0681 | std(g_L) = 0.9802 | grad = 0.8895
step  14160 | loss = -1.9916 | mean(g_L) = +1.9916 | EMA = +2.0616 | std(g_L) = 0.9184 | grad = 0.9004
step  14180 | loss = -2.0288 | mean(g_L) = +2.0288 | EMA = +2.0613 | std(g_L) = 1.0789 | grad = 0.9777
step  14200 | loss = -2.0535 | mean(g_L) = +2.0535 | EMA = +2.0760 | std(g_L) = 0.9475 | grad = 0.4961
step  14220 | loss = -2.0764 | mean(g_L) = +2.0764 | EMA = +2.0604 | std(g_L) = 0.9305 | grad = 0.8355
step  14240 | loss = -2.0214 | mean(g_L) = +2.0214 | EMA = +2.0706 | std(g_L) = 1.0015 | grad = 0.9240
step  14260 | loss = -2.2914 | mean(g_L) = +2.2914 | EMA = +2.1034 | std(g_L) = 0.8513 | grad = 0.6011
step  14280 | loss = -2.1190 | mean(g_L) = +2.1190 | EMA = +2.0908 | std(g_L) = 0.9726 | grad = 0.5655
step  14300 | loss = -2.0734 | mean(g_L) = +2.0734 | EMA = +2.0946 | std(g_L) = 0.9181 | grad = 0.4844
step  14320 | loss = -1.9535 | mean(g_L) = +1.9535 | EMA = +2.0849 | std(g_L) = 1.0164 | grad = 0.5695
step  14340 | loss = -2.0349 | mean(g_L) = +2.0349 | EMA = +2.0656 | std(g_L) = 1.1804 | grad = 0.6322
step  14360 | loss = -1.9983 | mean(g_L) = +1.9983 | EMA = +2.0705 | std(g_L) = 1.0232 | grad = 2.1836
step  14380 | loss = -2.0194 | mean(g_L) = +2.0194 | EMA = +2.0681 | std(g_L) = 0.8777 | grad = 0.6046
step  14400 | loss = -2.2339 | mean(g_L) = +2.2339 | EMA = +2.0811 | std(g_L) = 0.9047 | grad = 0.8013
step  14420 | loss = -2.0102 | mean(g_L) = +2.0102 | EMA = +2.0767 | std(g_L) = 1.1026 | grad = 1.4491
step  14440 | loss = -1.9290 | mean(g_L) = +1.9290 | EMA = +2.0658 | std(g_L) = 0.9848 | grad = 0.4562
step  14460 | loss = -2.1102 | mean(g_L) = +2.1102 | EMA = +2.0950 | std(g_L) = 0.9492 | grad = 1.7874
step  14480 | loss = -2.1286 | mean(g_L) = +2.1286 | EMA = +2.0862 | std(g_L) = 0.9756 | grad = 1.4237
step  14500 | loss = -2.0621 | mean(g_L) = +2.0621 | EMA = +2.0890 | std(g_L) = 0.8850 | grad = 0.3450
step  14520 | loss = -2.0819 | mean(g_L) = +2.0819 | EMA = +2.0955 | std(g_L) = 0.9334 | grad = 1.0698
step  14540 | loss = -2.1246 | mean(g_L) = +2.1246 | EMA = +2.0769 | std(g_L) = 0.9744 | grad = 1.1628
step  14560 | loss = -2.1142 | mean(g_L) = +2.1142 | EMA = +2.0823 | std(g_L) = 0.9858 | grad = 0.9672
step  14580 | loss = -2.0085 | mean(g_L) = +2.0085 | EMA = +2.0577 | std(g_L) = 1.1340 | grad = 0.5307
step  14600 | loss = -2.0554 | mean(g_L) = +2.0554 | EMA = +2.0721 | std(g_L) = 0.9273 | grad = 1.0584
step  14620 | loss = -2.1740 | mean(g_L) = +2.1740 | EMA = +2.0763 | std(g_L) = 0.8913 | grad = 0.6500
step  14640 | loss = -2.0236 | mean(g_L) = +2.0236 | EMA = +2.0713 | std(g_L) = 1.0169 | grad = 1.0635
step  14660 | loss = -2.1616 | mean(g_L) = +2.1616 | EMA = +2.0759 | std(g_L) = 0.9566 | grad = 0.7954
step  14680 | loss = -2.0965 | mean(g_L) = +2.0965 | EMA = +2.0695 | std(g_L) = 0.8707 | grad = 1.1215
step  14700 | loss = -1.8956 | mean(g_L) = +1.8956 | EMA = +2.0777 | std(g_L) = 1.0473 | grad = 2.0262
step  14720 | loss = -2.0367 | mean(g_L) = +2.0367 | EMA = +2.0777 | std(g_L) = 0.9053 | grad = 0.7084
step  14740 | loss = -2.1340 | mean(g_L) = +2.1340 | EMA = +2.0661 | std(g_L) = 1.0182 | grad = 1.5875
step  14760 | loss = -2.1142 | mean(g_L) = +2.1142 | EMA = +2.0595 | std(g_L) = 0.9815 | grad = 0.8465
step  14780 | loss = -2.0577 | mean(g_L) = +2.0577 | EMA = +2.0995 | std(g_L) = 0.9347 | grad = 1.3510
step  14800 | loss = -2.1289 | mean(g_L) = +2.1289 | EMA = +2.0881 | std(g_L) = 1.1215 | grad = 0.9776
step  14820 | loss = -2.0536 | mean(g_L) = +2.0536 | EMA = +2.0885 | std(g_L) = 0.9757 | grad = 2.5298
step  14840 | loss = -2.0181 | mean(g_L) = +2.0181 | EMA = +2.0735 | std(g_L) = 1.0014 | grad = 1.9964
step  14860 | loss = -2.0669 | mean(g_L) = +2.0669 | EMA = +2.0677 | std(g_L) = 0.9849 | grad = 2.3901
step  14880 | loss = -2.1325 | mean(g_L) = +2.1325 | EMA = +2.0741 | std(g_L) = 0.9875 | grad = 0.6723
step  14900 | loss = -2.0499 | mean(g_L) = +2.0499 | EMA = +2.0719 | std(g_L) = 0.9308 | grad = 2.6159
step  14920 | loss = -2.2247 | mean(g_L) = +2.2247 | EMA = +2.0691 | std(g_L) = 0.9094 | grad = 0.4227
step  14940 | loss = -2.0585 | mean(g_L) = +2.0585 | EMA = +2.0707 | std(g_L) = 1.0850 | grad = 0.8913
step  14960 | loss = -2.0096 | mean(g_L) = +2.0096 | EMA = +2.0641 | std(g_L) = 1.0530 | grad = 1.5622
step  14980 | loss = -2.0889 | mean(g_L) = +2.0889 | EMA = +2.0652 | std(g_L) = 0.8558 | grad = 0.8788
step  15000 | loss = -2.2297 | mean(g_L) = +2.2297 | EMA = +2.1027 | std(g_L) = 0.8603 | grad = 1.3242
T=5 finished.
