
============================================================
Alpha = 0.4
T = 5
L = 128
Batch size = 128
Steps = 15000
Checkpoints = /home/egalarraga/beam_dad/model_checkpoints/mean_var_loss/checkpoints_nx8/models/alpha_0.4/T5_L128_B128
============================================================
step      1 | loss = -0.2055 | mean(g_L) = +0.4053 | EMA = +0.4053 | std(g_L) = 0.7066 | grad = 0.1515
step     20 | loss = -0.1581 | mean(g_L) = +0.3771 | EMA = +0.3985 | std(g_L) = 0.7400 | grad = 0.1221
step     40 | loss = -0.1359 | mean(g_L) = +0.3943 | EMA = +0.3907 | std(g_L) = 0.8038 | grad = 0.2247
step     60 | loss = -0.2091 | mean(g_L) = +0.4032 | EMA = +0.4038 | std(g_L) = 0.6965 | grad = 0.1277
step     80 | loss = -0.1725 | mean(g_L) = +0.3913 | EMA = +0.4144 | std(g_L) = 0.7396 | grad = 0.1013
step    100 | loss = -0.1961 | mean(g_L) = +0.4681 | EMA = +0.4456 | std(g_L) = 0.8247 | grad = 0.3232
step    120 | loss = -0.2834 | mean(g_L) = +0.5354 | EMA = +0.4936 | std(g_L) = 0.7937 | grad = 0.1898
step    140 | loss = -0.2474 | mean(g_L) = +0.5512 | EMA = +0.5690 | std(g_L) = 0.8715 | grad = 0.7252
step    160 | loss = -0.4373 | mean(g_L) = +0.6799 | EMA = +0.6252 | std(g_L) = 0.7788 | grad = 0.4074
step    180 | loss = -0.3793 | mean(g_L) = +0.6866 | EMA = +0.6939 | std(g_L) = 0.8764 | grad = 5.5738
step    200 | loss = -0.5403 | mean(g_L) = +0.8349 | EMA = +0.7419 | std(g_L) = 0.8581 | grad = 0.8009
step    220 | loss = -0.5872 | mean(g_L) = +0.8073 | EMA = +0.7885 | std(g_L) = 0.7417 | grad = 1.0346
step    240 | loss = -0.6064 | mean(g_L) = +0.9628 | EMA = +0.8514 | std(g_L) = 0.9439 | grad = 0.4206
step    260 | loss = -0.6300 | mean(g_L) = +1.0888 | EMA = +0.9521 | std(g_L) = 1.0710 | grad = 1.4675
step    280 | loss = -0.7765 | mean(g_L) = +1.1537 | EMA = +1.0993 | std(g_L) = 0.9711 | grad = 0.6038
step    300 | loss = -1.0008 | mean(g_L) = +1.3440 | EMA = +1.2181 | std(g_L) = 0.9263 | grad = 0.8967
step    320 | loss = -1.0808 | mean(g_L) = +1.4205 | EMA = +1.3104 | std(g_L) = 0.9216 | grad = 0.5572
step    340 | loss = -1.4621 | mean(g_L) = +1.7221 | EMA = +1.4058 | std(g_L) = 0.8063 | grad = 0.8231
step    360 | loss = -1.1681 | mean(g_L) = +1.5487 | EMA = +1.4599 | std(g_L) = 0.9754 | grad = 0.7687
step    380 | loss = -1.2613 | mean(g_L) = +1.5982 | EMA = +1.5255 | std(g_L) = 0.9178 | grad = 0.9391
step    400 | loss = -1.5209 | mean(g_L) = +1.7741 | EMA = +1.5941 | std(g_L) = 0.7956 | grad = 0.6751
step    420 | loss = -1.3246 | mean(g_L) = +1.7977 | EMA = +1.6308 | std(g_L) = 1.0876 | grad = 0.4474
step    440 | loss = -1.3762 | mean(g_L) = +1.7922 | EMA = +1.6656 | std(g_L) = 1.0198 | grad = 0.7712
step    460 | loss = -1.3936 | mean(g_L) = +1.6781 | EMA = +1.7032 | std(g_L) = 0.8434 | grad = 0.5543
step    480 | loss = -1.4426 | mean(g_L) = +1.8462 | EMA = +1.7406 | std(g_L) = 1.0045 | grad = 1.3009
step    500 | loss = -1.3479 | mean(g_L) = +1.8409 | EMA = +1.7685 | std(g_L) = 1.1103 | grad = 1.3987
step    520 | loss = -1.3905 | mean(g_L) = +1.7365 | EMA = +1.8260 | std(g_L) = 0.9300 | grad = 0.9772
step    540 | loss = -1.5465 | mean(g_L) = +1.8833 | EMA = +1.8579 | std(g_L) = 0.9175 | grad = 0.9474
step    560 | loss = -1.7199 | mean(g_L) = +2.0020 | EMA = +1.9016 | std(g_L) = 0.8398 | grad = 1.5622
step    580 | loss = -1.3602 | mean(g_L) = +1.8169 | EMA = +1.9156 | std(g_L) = 1.0685 | grad = 1.3675
step    600 | loss = -1.8184 | mean(g_L) = +2.0772 | EMA = +1.9376 | std(g_L) = 0.8044 | grad = 0.6506
step    620 | loss = -1.7384 | mean(g_L) = +1.9773 | EMA = +1.9497 | std(g_L) = 0.7727 | grad = 0.5995
step    640 | loss = -1.5865 | mean(g_L) = +1.9284 | EMA = +1.9416 | std(g_L) = 0.9244 | grad = 1.3001
step    660 | loss = -1.8230 | mean(g_L) = +2.0960 | EMA = +1.9476 | std(g_L) = 0.8260 | grad = 0.9752
step    680 | loss = -1.7635 | mean(g_L) = +2.0581 | EMA = +1.9390 | std(g_L) = 0.8582 | grad = 1.7473
step    700 | loss = -1.6691 | mean(g_L) = +1.9397 | EMA = +1.9416 | std(g_L) = 0.8225 | grad = 0.8507
step    720 | loss = -1.5705 | mean(g_L) = +1.8565 | EMA = +1.9344 | std(g_L) = 0.8456 | grad = 1.0890
step    740 | loss = -1.5950 | mean(g_L) = +2.0215 | EMA = +1.9362 | std(g_L) = 1.0326 | grad = 1.7896
step    760 | loss = -1.5357 | mean(g_L) = +1.8338 | EMA = +1.9400 | std(g_L) = 0.8633 | grad = 0.6204
step    780 | loss = -1.6537 | mean(g_L) = +1.9298 | EMA = +1.9526 | std(g_L) = 0.8308 | grad = 1.2083
step    800 | loss = -1.4772 | mean(g_L) = +1.8470 | EMA = +1.9545 | std(g_L) = 0.9615 | grad = 0.8616
step    820 | loss = -1.6204 | mean(g_L) = +1.9480 | EMA = +1.9624 | std(g_L) = 0.9051 | grad = 0.9374
step    840 | loss = -1.6830 | mean(g_L) = +2.0113 | EMA = +1.9706 | std(g_L) = 0.9060 | grad = 1.5167
step    860 | loss = -1.5628 | mean(g_L) = +1.8549 | EMA = +1.9612 | std(g_L) = 0.8545 | grad = 0.9594
step    880 | loss = -1.7861 | mean(g_L) = +2.0501 | EMA = +1.9741 | std(g_L) = 0.8124 | grad = 0.5421
step    900 | loss = -1.6156 | mean(g_L) = +1.9285 | EMA = +1.9848 | std(g_L) = 0.8844 | grad = 0.8111
step    920 | loss = -1.5398 | mean(g_L) = +1.9362 | EMA = +1.9863 | std(g_L) = 0.9955 | grad = 1.3488
step    940 | loss = -1.7568 | mean(g_L) = +2.0646 | EMA = +1.9780 | std(g_L) = 0.8772 | grad = 0.8170
step    960 | loss = -1.9817 | mean(g_L) = +2.2798 | EMA = +1.9869 | std(g_L) = 0.8633 | grad = 1.5542
step    980 | loss = -1.6445 | mean(g_L) = +1.9185 | EMA = +1.9659 | std(g_L) = 0.8276 | grad = 0.6558
step   1000 | loss = -1.5220 | mean(g_L) = +1.9611 | EMA = +1.9383 | std(g_L) = 1.0477 | grad = 0.9346
step   1020 | loss = -1.5916 | mean(g_L) = +1.9391 | EMA = +1.9604 | std(g_L) = 0.9320 | grad = 1.4390
step   1040 | loss = -1.7190 | mean(g_L) = +2.0179 | EMA = +1.9980 | std(g_L) = 0.8645 | grad = 1.0640
step   1060 | loss = -1.7054 | mean(g_L) = +2.0036 | EMA = +1.9975 | std(g_L) = 0.8634 | grad = 0.8248
step   1080 | loss = -1.6614 | mean(g_L) = +1.9614 | EMA = +1.9620 | std(g_L) = 0.8660 | grad = 0.7453
step   1100 | loss = -1.7871 | mean(g_L) = +2.0737 | EMA = +1.9614 | std(g_L) = 0.8465 | grad = 0.6173
step   1120 | loss = -1.3555 | mean(g_L) = +1.7819 | EMA = +1.9586 | std(g_L) = 1.0324 | grad = 0.4191
step   1140 | loss = -1.7454 | mean(g_L) = +2.0786 | EMA = +2.0015 | std(g_L) = 0.9126 | grad = 1.2102
step   1160 | loss = -1.7142 | mean(g_L) = +2.0333 | EMA = +1.9880 | std(g_L) = 0.8931 | grad = 1.0264
step   1180 | loss = -1.5342 | mean(g_L) = +1.9085 | EMA = +1.9927 | std(g_L) = 0.9674 | grad = 0.8868
step   1200 | loss = -1.5949 | mean(g_L) = +1.9260 | EMA = +1.9905 | std(g_L) = 0.9098 | grad = 1.4516
step   1220 | loss = -1.5767 | mean(g_L) = +1.8787 | EMA = +1.9814 | std(g_L) = 0.8690 | grad = 1.5783
step   1240 | loss = -1.7129 | mean(g_L) = +2.0175 | EMA = +1.9876 | std(g_L) = 0.8726 | grad = 0.6275
step   1260 | loss = -1.8824 | mean(g_L) = +2.1294 | EMA = +1.9965 | std(g_L) = 0.7858 | grad = 0.4925
step   1280 | loss = -1.6195 | mean(g_L) = +1.9520 | EMA = +2.0003 | std(g_L) = 0.9118 | grad = 0.6896
step   1300 | loss = -1.6980 | mean(g_L) = +1.9774 | EMA = +1.9805 | std(g_L) = 0.8358 | grad = 1.6407
step   1320 | loss = -1.6967 | mean(g_L) = +2.0364 | EMA = +1.9749 | std(g_L) = 0.9215 | grad = 1.7493
step   1340 | loss = -1.7778 | mean(g_L) = +2.0482 | EMA = +1.9858 | std(g_L) = 0.8223 | grad = 1.2559
step   1360 | loss = -1.5997 | mean(g_L) = +1.9473 | EMA = +1.9781 | std(g_L) = 0.9322 | grad = 0.9166
step   1380 | loss = -1.6675 | mean(g_L) = +1.9286 | EMA = +1.9796 | std(g_L) = 0.8079 | grad = 0.8123
step   1400 | loss = -1.6538 | mean(g_L) = +1.9728 | EMA = +1.9808 | std(g_L) = 0.8930 | grad = 1.0670
step   1420 | loss = -1.6224 | mean(g_L) = +1.9425 | EMA = +2.0107 | std(g_L) = 0.8947 | grad = 0.6351
step   1440 | loss = -1.6721 | mean(g_L) = +2.0125 | EMA = +1.9911 | std(g_L) = 0.9224 | grad = 0.8173
step   1460 | loss = -1.6724 | mean(g_L) = +1.8913 | EMA = +1.9918 | std(g_L) = 0.7397 | grad = 1.5867
step   1480 | loss = -1.4283 | mean(g_L) = +1.8959 | EMA = +2.0054 | std(g_L) = 1.0812 | grad = 0.9453
step   1500 | loss = -1.6938 | mean(g_L) = +1.9793 | EMA = +1.9935 | std(g_L) = 0.8448 | grad = 0.9878
step   1520 | loss = -1.7156 | mean(g_L) = +1.9824 | EMA = +1.9887 | std(g_L) = 0.8167 | grad = 0.8709
step   1540 | loss = -1.6181 | mean(g_L) = +1.9855 | EMA = +1.9912 | std(g_L) = 0.9585 | grad = 1.5257
step   1560 | loss = -1.6491 | mean(g_L) = +1.9931 | EMA = +1.9794 | std(g_L) = 0.9273 | grad = 0.9615
step   1580 | loss = -1.6914 | mean(g_L) = +1.9322 | EMA = +1.9832 | std(g_L) = 0.7759 | grad = 1.2463
step   1600 | loss = -1.5491 | mean(g_L) = +1.8832 | EMA = +2.0018 | std(g_L) = 0.9139 | grad = 0.9748
step   1620 | loss = -1.3962 | mean(g_L) = +1.8590 | EMA = +2.0051 | std(g_L) = 1.0757 | grad = 1.1466
step   1640 | loss = -1.7374 | mean(g_L) = +2.1093 | EMA = +1.9942 | std(g_L) = 0.9643 | grad = 0.8228
step   1660 | loss = -1.7340 | mean(g_L) = +2.0629 | EMA = +2.0009 | std(g_L) = 0.9068 | grad = 2.2326
step   1680 | loss = -1.9401 | mean(g_L) = +2.2236 | EMA = +2.0362 | std(g_L) = 0.8418 | grad = 0.9635
step   1700 | loss = -1.6039 | mean(g_L) = +1.9844 | EMA = +1.9896 | std(g_L) = 0.9753 | grad = 1.4222
step   1720 | loss = -1.6441 | mean(g_L) = +1.9642 | EMA = +1.9957 | std(g_L) = 0.8945 | grad = 0.9038
step   1740 | loss = -1.6971 | mean(g_L) = +1.9796 | EMA = +2.0022 | std(g_L) = 0.8404 | grad = 1.0559
step   1760 | loss = -1.6600 | mean(g_L) = +1.9293 | EMA = +2.0008 | std(g_L) = 0.8205 | grad = 0.6133
step   1780 | loss = -1.7182 | mean(g_L) = +2.0041 | EMA = +2.0015 | std(g_L) = 0.8455 | grad = 1.8876
step   1800 | loss = -1.6644 | mean(g_L) = +1.9549 | EMA = +1.9955 | std(g_L) = 0.8522 | grad = 0.7109
step   1820 | loss = -1.7407 | mean(g_L) = +2.0115 | EMA = +1.9906 | std(g_L) = 0.8227 | grad = 0.8797
step   1840 | loss = -1.6808 | mean(g_L) = +1.9941 | EMA = +2.0049 | std(g_L) = 0.8851 | grad = 1.3596
step   1860 | loss = -1.5729 | mean(g_L) = +1.8937 | EMA = +2.0101 | std(g_L) = 0.8956 | grad = 1.1826
step   1880 | loss = -1.5926 | mean(g_L) = +1.9360 | EMA = +1.9996 | std(g_L) = 0.9266 | grad = 0.5904
step   1900 | loss = -1.6454 | mean(g_L) = +1.9883 | EMA = +1.9980 | std(g_L) = 0.9260 | grad = 0.8949
step   1920 | loss = -1.6594 | mean(g_L) = +1.9654 | EMA = +2.0015 | std(g_L) = 0.8746 | grad = 1.3701
step   1940 | loss = -1.9467 | mean(g_L) = +2.1224 | EMA = +2.0111 | std(g_L) = 0.6628 | grad = 0.6218
step   1960 | loss = -1.7400 | mean(g_L) = +2.0831 | EMA = +2.0012 | std(g_L) = 0.9261 | grad = 1.2372
step   1980 | loss = -1.5521 | mean(g_L) = +1.9648 | EMA = +1.9995 | std(g_L) = 1.0157 | grad = 1.1744
step   2000 | loss = -1.7713 | mean(g_L) = +2.0206 | EMA = +2.0077 | std(g_L) = 0.7894 | grad = 0.5682
step   2020 | loss = -1.5603 | mean(g_L) = +1.9060 | EMA = +2.0036 | std(g_L) = 0.9297 | grad = 1.9309
step   2040 | loss = -1.7124 | mean(g_L) = +1.9571 | EMA = +1.9873 | std(g_L) = 0.7821 | grad = 0.7682
step   2060 | loss = -1.6139 | mean(g_L) = +1.9213 | EMA = +2.0070 | std(g_L) = 0.8767 | grad = 1.3520
step   2080 | loss = -1.5913 | mean(g_L) = +1.9525 | EMA = +2.0119 | std(g_L) = 0.9503 | grad = 0.8725
step   2100 | loss = -1.6055 | mean(g_L) = +1.9162 | EMA = +1.9978 | std(g_L) = 0.8813 | grad = 0.9278
step   2120 | loss = -1.8713 | mean(g_L) = +2.0966 | EMA = +1.9957 | std(g_L) = 0.7505 | grad = 0.9188
step   2140 | loss = -1.9439 | mean(g_L) = +2.1436 | EMA = +1.9980 | std(g_L) = 0.7066 | grad = 1.4090
step   2160 | loss = -1.5883 | mean(g_L) = +2.0080 | EMA = +2.0028 | std(g_L) = 1.0244 | grad = 1.1479
step   2180 | loss = -1.7811 | mean(g_L) = +2.0320 | EMA = +2.0188 | std(g_L) = 0.7921 | grad = 1.3522
step   2200 | loss = -1.6290 | mean(g_L) = +1.9592 | EMA = +2.0123 | std(g_L) = 0.9086 | grad = 1.4051
step   2220 | loss = -1.5776 | mean(g_L) = +1.9232 | EMA = +1.9849 | std(g_L) = 0.9296 | grad = 0.8726
step   2240 | loss = -1.6261 | mean(g_L) = +2.0098 | EMA = +1.9858 | std(g_L) = 0.9794 | grad = 1.7436
step   2260 | loss = -1.8418 | mean(g_L) = +2.0754 | EMA = +2.0057 | std(g_L) = 0.7643 | grad = 0.7911
step   2280 | loss = -1.6872 | mean(g_L) = +2.0215 | EMA = +2.0058 | std(g_L) = 0.9141 | grad = 1.4752
step   2300 | loss = -1.7256 | mean(g_L) = +1.9943 | EMA = +2.0139 | std(g_L) = 0.8195 | grad = 0.5681
step   2320 | loss = -1.8930 | mean(g_L) = +2.1655 | EMA = +2.0095 | std(g_L) = 0.8254 | grad = 0.4536
step   2340 | loss = -1.6025 | mean(g_L) = +1.9145 | EMA = +2.0308 | std(g_L) = 0.8832 | grad = 0.9778
step   2360 | loss = -1.7528 | mean(g_L) = +2.0876 | EMA = +2.0192 | std(g_L) = 0.9149 | grad = 1.4662
step   2380 | loss = -1.8912 | mean(g_L) = +2.1753 | EMA = +2.0074 | std(g_L) = 0.8428 | grad = 1.2502
step   2400 | loss = -1.7233 | mean(g_L) = +2.0584 | EMA = +2.0168 | std(g_L) = 0.9153 | grad = 0.6937
step   2420 | loss = -1.6722 | mean(g_L) = +1.9804 | EMA = +1.9959 | std(g_L) = 0.8778 | grad = 1.5155
step   2440 | loss = -1.6760 | mean(g_L) = +2.0039 | EMA = +1.9893 | std(g_L) = 0.9054 | grad = 0.7685
step   2460 | loss = -1.8599 | mean(g_L) = +2.1226 | EMA = +2.0116 | std(g_L) = 0.8105 | grad = 0.9411
step   2480 | loss = -1.7102 | mean(g_L) = +1.9936 | EMA = +2.0138 | std(g_L) = 0.8418 | grad = 0.5621
step   2500 | loss = -1.6787 | mean(g_L) = +2.0052 | EMA = +1.9991 | std(g_L) = 0.9034 | grad = 0.3709
step   2520 | loss = -1.9049 | mean(g_L) = +2.0883 | EMA = +2.0039 | std(g_L) = 0.6771 | grad = 0.6167
step   2540 | loss = -1.8058 | mean(g_L) = +2.1201 | EMA = +2.0159 | std(g_L) = 0.8863 | grad = 0.6480
step   2560 | loss = -1.7217 | mean(g_L) = +1.9868 | EMA = +2.0085 | std(g_L) = 0.8141 | grad = 0.6678
step   2580 | loss = -1.5692 | mean(g_L) = +1.9265 | EMA = +1.9978 | std(g_L) = 0.9451 | grad = 2.5118
step   2600 | loss = -1.5336 | mean(g_L) = +1.8491 | EMA = +2.0256 | std(g_L) = 0.8881 | grad = 0.4008
step   2620 | loss = -1.5428 | mean(g_L) = +1.9155 | EMA = +2.0114 | std(g_L) = 0.9652 | grad = 0.9222
step   2640 | loss = -1.5360 | mean(g_L) = +1.9224 | EMA = +2.0046 | std(g_L) = 0.9828 | grad = 0.9192
step   2660 | loss = -1.5339 | mean(g_L) = +1.8887 | EMA = +1.9887 | std(g_L) = 0.9419 | grad = 0.7170
step   2680 | loss = -1.6481 | mean(g_L) = +1.9516 | EMA = +1.9789 | std(g_L) = 0.8712 | grad = 0.5282
step   2700 | loss = -1.7940 | mean(g_L) = +2.0208 | EMA = +2.0060 | std(g_L) = 0.7530 | grad = 0.7136
step   2720 | loss = -1.6887 | mean(g_L) = +2.0835 | EMA = +2.0217 | std(g_L) = 0.9935 | grad = 0.7132
step   2740 | loss = -1.6525 | mean(g_L) = +2.0363 | EMA = +2.0014 | std(g_L) = 0.9795 | grad = 2.3054
step   2760 | loss = -1.8000 | mean(g_L) = +2.1185 | EMA = +2.0115 | std(g_L) = 0.8922 | grad = 0.6925
step   2780 | loss = -1.5468 | mean(g_L) = +1.9654 | EMA = +2.0210 | std(g_L) = 1.0229 | grad = 2.1269
step   2800 | loss = -1.6148 | mean(g_L) = +1.9854 | EMA = +2.0246 | std(g_L) = 0.9626 | grad = 1.4067
step   2820 | loss = -1.6535 | mean(g_L) = +1.9693 | EMA = +2.0202 | std(g_L) = 0.8885 | grad = 0.6434
step   2840 | loss = -1.4850 | mean(g_L) = +1.9461 | EMA = +2.0057 | std(g_L) = 1.0737 | grad = 0.8275
step   2860 | loss = -1.7093 | mean(g_L) = +2.0662 | EMA = +2.0145 | std(g_L) = 0.9446 | grad = 1.3574
step   2880 | loss = -1.8762 | mean(g_L) = +2.0888 | EMA = +2.0246 | std(g_L) = 0.7290 | grad = 1.2635
step   2900 | loss = -1.5780 | mean(g_L) = +2.0222 | EMA = +2.0208 | std(g_L) = 1.0537 | grad = 1.9706
step   2920 | loss = -1.5683 | mean(g_L) = +1.9256 | EMA = +2.0381 | std(g_L) = 0.9451 | grad = 0.9995
step   2940 | loss = -1.7285 | mean(g_L) = +2.0694 | EMA = +2.0347 | std(g_L) = 0.9232 | grad = 0.5840
step   2960 | loss = -1.8880 | mean(g_L) = +2.1008 | EMA = +2.0214 | std(g_L) = 0.7295 | grad = 1.3910
step   2980 | loss = -1.8051 | mean(g_L) = +2.0793 | EMA = +2.0331 | std(g_L) = 0.8279 | grad = 0.9947
step   3000 | loss = -1.7494 | mean(g_L) = +2.0584 | EMA = +2.0395 | std(g_L) = 0.8789 | grad = 0.8932
step   3020 | loss = -1.8127 | mean(g_L) = +2.0897 | EMA = +2.0389 | std(g_L) = 0.8322 | grad = 0.8488
step   3040 | loss = -1.8090 | mean(g_L) = +2.0296 | EMA = +2.0250 | std(g_L) = 0.7426 | grad = 0.5905
step   3060 | loss = -1.6587 | mean(g_L) = +2.1081 | EMA = +2.0421 | std(g_L) = 1.0599 | grad = 0.5979
step   3080 | loss = -1.5602 | mean(g_L) = +1.9844 | EMA = +2.0283 | std(g_L) = 1.0298 | grad = 1.3751
step   3100 | loss = -1.7958 | mean(g_L) = +2.0919 | EMA = +2.0212 | std(g_L) = 0.8604 | grad = 1.0811
step   3120 | loss = -1.7963 | mean(g_L) = +2.0804 | EMA = +2.0246 | std(g_L) = 0.8427 | grad = 1.7160
step   3140 | loss = -1.6693 | mean(g_L) = +1.8916 | EMA = +2.0046 | std(g_L) = 0.7456 | grad = 1.4092
step   3160 | loss = -1.7893 | mean(g_L) = +2.0883 | EMA = +2.0242 | std(g_L) = 0.8646 | grad = 0.6473
step   3180 | loss = -1.8372 | mean(g_L) = +2.1073 | EMA = +2.0108 | std(g_L) = 0.8218 | grad = 1.0816
step   3200 | loss = -1.3421 | mean(g_L) = +1.8564 | EMA = +1.9883 | std(g_L) = 1.1339 | grad = 0.4407
step   3220 | loss = -1.7636 | mean(g_L) = +2.0605 | EMA = +2.0161 | std(g_L) = 0.8616 | grad = 0.9599
step   3240 | loss = -1.9158 | mean(g_L) = +2.1754 | EMA = +2.0296 | std(g_L) = 0.8056 | grad = 0.8255
step   3260 | loss = -1.7964 | mean(g_L) = +2.0885 | EMA = +2.0381 | std(g_L) = 0.8545 | grad = 0.4777
step   3280 | loss = -1.7178 | mean(g_L) = +2.0278 | EMA = +2.0286 | std(g_L) = 0.8803 | grad = 1.4027
step   3300 | loss = -1.3389 | mean(g_L) = +1.9858 | EMA = +2.0150 | std(g_L) = 1.2717 | grad = 1.6078
step   3320 | loss = -1.7505 | mean(g_L) = +1.9566 | EMA = +1.9919 | std(g_L) = 0.7178 | grad = 1.6589
step   3340 | loss = -1.8091 | mean(g_L) = +2.0673 | EMA = +2.0165 | std(g_L) = 0.8035 | grad = 1.1608
step   3360 | loss = -1.5302 | mean(g_L) = +1.8295 | EMA = +2.0223 | std(g_L) = 0.8650 | grad = 0.6276
step   3380 | loss = -1.8177 | mean(g_L) = +2.0352 | EMA = +2.0330 | std(g_L) = 0.7374 | grad = 1.0719
step   3400 | loss = -1.5677 | mean(g_L) = +2.0122 | EMA = +2.0252 | std(g_L) = 1.0542 | grad = 1.4813
step   3420 | loss = -1.8143 | mean(g_L) = +2.0331 | EMA = +2.0200 | std(g_L) = 0.7395 | grad = 1.1294
step   3440 | loss = -1.8452 | mean(g_L) = +2.0764 | EMA = +2.0186 | std(g_L) = 0.7604 | grad = 0.8435
step   3460 | loss = -1.3380 | mean(g_L) = +1.8049 | EMA = +2.0014 | std(g_L) = 1.0803 | grad = 1.3365
step   3480 | loss = -1.8148 | mean(g_L) = +2.0797 | EMA = +2.0169 | std(g_L) = 0.8138 | grad = 0.5636
step   3500 | loss = -1.6275 | mean(g_L) = +1.9466 | EMA = +2.0296 | std(g_L) = 0.8933 | grad = 0.7678
step   3520 | loss = -1.7856 | mean(g_L) = +2.0558 | EMA = +2.0364 | std(g_L) = 0.8220 | grad = 0.8042
step   3540 | loss = -1.7203 | mean(g_L) = +2.0365 | EMA = +2.0195 | std(g_L) = 0.8892 | grad = 1.3076
step   3560 | loss = -1.6097 | mean(g_L) = +1.9014 | EMA = +2.0315 | std(g_L) = 0.8538 | grad = 0.7552
step   3580 | loss = -1.6976 | mean(g_L) = +2.0662 | EMA = +2.0395 | std(g_L) = 0.9599 | grad = 1.2775
step   3600 | loss = -1.7269 | mean(g_L) = +1.9931 | EMA = +2.0152 | std(g_L) = 0.8157 | grad = 0.8849
step   3620 | loss = -1.6843 | mean(g_L) = +2.0481 | EMA = +2.0159 | std(g_L) = 0.9537 | grad = 0.8146
step   3640 | loss = -1.6971 | mean(g_L) = +1.9817 | EMA = +2.0097 | std(g_L) = 0.8435 | grad = 1.6099
step   3660 | loss = -1.5983 | mean(g_L) = +1.9829 | EMA = +2.0133 | std(g_L) = 0.9806 | grad = 1.2536
step   3680 | loss = -1.7823 | mean(g_L) = +2.0897 | EMA = +2.0409 | std(g_L) = 0.8767 | grad = 0.3265
step   3700 | loss = -1.8581 | mean(g_L) = +2.0824 | EMA = +2.0395 | std(g_L) = 0.7488 | grad = 0.7666
step   3720 | loss = -1.7895 | mean(g_L) = +2.0154 | EMA = +2.0410 | std(g_L) = 0.7516 | grad = 1.1478
step   3740 | loss = -1.7598 | mean(g_L) = +2.0159 | EMA = +2.0349 | std(g_L) = 0.8002 | grad = 0.8546
step   3760 | loss = -1.8696 | mean(g_L) = +2.1043 | EMA = +2.0224 | std(g_L) = 0.7659 | grad = 0.9626
step   3780 | loss = -1.7997 | mean(g_L) = +2.0777 | EMA = +2.0239 | std(g_L) = 0.8337 | grad = 1.6629
step   3800 | loss = -1.8234 | mean(g_L) = +2.0963 | EMA = +2.0284 | std(g_L) = 0.8259 | grad = 0.9909
step   3820 | loss = -1.6518 | mean(g_L) = +1.9555 | EMA = +2.0156 | std(g_L) = 0.8712 | grad = 1.4973
step   3840 | loss = -1.6139 | mean(g_L) = +1.9933 | EMA = +2.0179 | std(g_L) = 0.9738 | grad = 0.2883
step   3860 | loss = -1.7077 | mean(g_L) = +2.0108 | EMA = +2.0280 | std(g_L) = 0.8706 | grad = 0.8820
step   3880 | loss = -1.7828 | mean(g_L) = +2.0612 | EMA = +2.0514 | std(g_L) = 0.8342 | grad = 0.7457
step   3900 | loss = -1.6776 | mean(g_L) = +2.0017 | EMA = +2.0381 | std(g_L) = 0.9000 | grad = 0.9358
step   3920 | loss = -1.7083 | mean(g_L) = +1.9935 | EMA = +2.0493 | std(g_L) = 0.8445 | grad = 0.6422
step   3940 | loss = -1.6179 | mean(g_L) = +1.9300 | EMA = +2.0299 | std(g_L) = 0.8833 | grad = 1.3501
step   3960 | loss = -1.9327 | mean(g_L) = +2.1456 | EMA = +2.0391 | std(g_L) = 0.7297 | grad = 0.9858
step   3980 | loss = -1.7882 | mean(g_L) = +2.0311 | EMA = +2.0448 | std(g_L) = 0.7793 | grad = 0.5112
step   4000 | loss = -1.7311 | mean(g_L) = +2.0155 | EMA = +2.0462 | std(g_L) = 0.8432 | grad = 1.2074
step   4020 | loss = -1.5003 | mean(g_L) = +1.9369 | EMA = +2.0193 | std(g_L) = 1.0447 | grad = 0.6590
step   4040 | loss = -1.7433 | mean(g_L) = +2.0248 | EMA = +2.0209 | std(g_L) = 0.8390 | grad = 1.6551
step   4060 | loss = -1.7319 | mean(g_L) = +2.0340 | EMA = +2.0413 | std(g_L) = 0.8690 | grad = 0.8029
step   4080 | loss = -1.8073 | mean(g_L) = +2.0873 | EMA = +2.0311 | std(g_L) = 0.8367 | grad = 1.3634
step   4100 | loss = -1.4224 | mean(g_L) = +1.8263 | EMA = +2.0203 | std(g_L) = 1.0048 | grad = 1.6634
step   4120 | loss = -1.7368 | mean(g_L) = +1.9937 | EMA = +2.0143 | std(g_L) = 0.8015 | grad = 0.8450
step   4140 | loss = -1.6673 | mean(g_L) = +1.9595 | EMA = +2.0120 | std(g_L) = 0.8547 | grad = 0.7303
step   4160 | loss = -1.6186 | mean(g_L) = +1.9436 | EMA = +2.0257 | std(g_L) = 0.9014 | grad = 0.7317
step   4180 | loss = -1.7824 | mean(g_L) = +2.0215 | EMA = +2.0029 | std(g_L) = 0.7731 | grad = 1.2257
step   4200 | loss = -1.6429 | mean(g_L) = +1.9205 | EMA = +2.0238 | std(g_L) = 0.8331 | grad = 0.8117
step   4220 | loss = -1.7240 | mean(g_L) = +2.0580 | EMA = +2.0264 | std(g_L) = 0.9138 | grad = 1.2041
step   4240 | loss = -1.8767 | mean(g_L) = +2.1236 | EMA = +2.0459 | std(g_L) = 0.7856 | grad = 0.5178
step   4260 | loss = -1.8130 | mean(g_L) = +2.1045 | EMA = +2.0321 | std(g_L) = 0.8536 | grad = 1.3696
step   4280 | loss = -1.7820 | mean(g_L) = +2.0306 | EMA = +2.0247 | std(g_L) = 0.7883 | grad = 0.9575
step   4300 | loss = -1.8534 | mean(g_L) = +2.1257 | EMA = +2.0348 | std(g_L) = 0.8250 | grad = 1.0388
step   4320 | loss = -1.7449 | mean(g_L) = +1.9731 | EMA = +2.0187 | std(g_L) = 0.7553 | grad = 0.8984
step   4340 | loss = -1.6687 | mean(g_L) = +2.0020 | EMA = +2.0234 | std(g_L) = 0.9128 | grad = 0.4754
step   4360 | loss = -1.8002 | mean(g_L) = +2.1151 | EMA = +2.0222 | std(g_L) = 0.8873 | grad = 0.9735
step   4380 | loss = -1.8054 | mean(g_L) = +2.0970 | EMA = +2.0176 | std(g_L) = 0.8539 | grad = 0.8709
step   4400 | loss = -1.5635 | mean(g_L) = +1.9484 | EMA = +2.0339 | std(g_L) = 0.9810 | grad = 1.3139
step   4420 | loss = -1.5562 | mean(g_L) = +1.8341 | EMA = +2.0176 | std(g_L) = 0.8336 | grad = 0.6858
step   4440 | loss = -1.8027 | mean(g_L) = +2.0488 | EMA = +2.0135 | std(g_L) = 0.7844 | grad = 0.9073
step   4460 | loss = -1.7934 | mean(g_L) = +2.0411 | EMA = +1.9978 | std(g_L) = 0.7868 | grad = 1.0383
step   4480 | loss = -1.6101 | mean(g_L) = +1.9392 | EMA = +2.0227 | std(g_L) = 0.9072 | grad = 0.9160
step   4500 | loss = -1.8527 | mean(g_L) = +2.1330 | EMA = +2.0178 | std(g_L) = 0.8371 | grad = 1.6337
step   4520 | loss = -1.6333 | mean(g_L) = +1.9660 | EMA = +2.0221 | std(g_L) = 0.9121 | grad = 0.9331
step   4540 | loss = -1.8113 | mean(g_L) = +2.0699 | EMA = +2.0365 | std(g_L) = 0.8041 | grad = 0.7646
step   4560 | loss = -1.6359 | mean(g_L) = +1.9617 | EMA = +2.0350 | std(g_L) = 0.9025 | grad = 0.7164
step   4580 | loss = -1.6866 | mean(g_L) = +1.9979 | EMA = +2.0502 | std(g_L) = 0.8821 | grad = 0.7294
step   4600 | loss = -1.5981 | mean(g_L) = +1.9851 | EMA = +2.0399 | std(g_L) = 0.9836 | grad = 0.3062
step   4620 | loss = -1.6989 | mean(g_L) = +1.9716 | EMA = +2.0171 | std(g_L) = 0.8257 | grad = 0.8382
step   4640 | loss = -1.7591 | mean(g_L) = +2.0701 | EMA = +2.0260 | std(g_L) = 0.8817 | grad = 1.1109
step   4660 | loss = -1.7784 | mean(g_L) = +2.0269 | EMA = +2.0263 | std(g_L) = 0.7882 | grad = 0.5320
step   4680 | loss = -1.8307 | mean(g_L) = +2.1078 | EMA = +2.0330 | std(g_L) = 0.8324 | grad = 1.1998
step   4700 | loss = -1.8480 | mean(g_L) = +2.1661 | EMA = +2.0435 | std(g_L) = 0.8919 | grad = 1.5023
step   4720 | loss = -1.7476 | mean(g_L) = +2.0352 | EMA = +2.0454 | std(g_L) = 0.8480 | grad = 0.9576
step   4740 | loss = -1.8482 | mean(g_L) = +2.1206 | EMA = +2.0390 | std(g_L) = 0.8253 | grad = 0.8597
step   4760 | loss = -1.7904 | mean(g_L) = +2.0753 | EMA = +2.0340 | std(g_L) = 0.8439 | grad = 1.1799
step   4780 | loss = -1.7106 | mean(g_L) = +2.0179 | EMA = +2.0378 | std(g_L) = 0.8765 | grad = 0.9386
step   4800 | loss = -1.8191 | mean(g_L) = +2.0758 | EMA = +2.0293 | std(g_L) = 0.8010 | grad = 0.5460
step   4820 | loss = -1.5257 | mean(g_L) = +1.9400 | EMA = +2.0256 | std(g_L) = 1.0176 | grad = 1.9299
step   4840 | loss = -1.7143 | mean(g_L) = +2.0125 | EMA = +2.0286 | std(g_L) = 0.8633 | grad = 0.5621
step   4860 | loss = -1.7873 | mean(g_L) = +2.0970 | EMA = +2.0479 | std(g_L) = 0.8799 | grad = 1.6226
step   4880 | loss = -1.7440 | mean(g_L) = +2.0117 | EMA = +2.0416 | std(g_L) = 0.8181 | grad = 1.0166
step   4900 | loss = -1.6861 | mean(g_L) = +2.0260 | EMA = +2.0261 | std(g_L) = 0.9218 | grad = 0.8289
step   4920 | loss = -1.7195 | mean(g_L) = +1.9757 | EMA = +2.0171 | std(g_L) = 0.8003 | grad = 0.7191
step   4940 | loss = -1.6512 | mean(g_L) = +1.9458 | EMA = +2.0374 | std(g_L) = 0.8582 | grad = 1.0412
step   4960 | loss = -1.6230 | mean(g_L) = +1.9506 | EMA = +2.0343 | std(g_L) = 0.9049 | grad = 1.0388
step   4980 | loss = -1.6345 | mean(g_L) = +2.0454 | EMA = +2.0492 | std(g_L) = 1.0136 | grad = 1.3391
step   5000 | loss = -1.6318 | mean(g_L) = +2.0085 | EMA = +2.0366 | std(g_L) = 0.9705 | grad = 0.7811
step   5020 | loss = -1.7551 | mean(g_L) = +2.1261 | EMA = +2.0520 | std(g_L) = 0.9631 | grad = 0.6826
step   5040 | loss = -1.7572 | mean(g_L) = +2.0329 | EMA = +2.0558 | std(g_L) = 0.8302 | grad = 0.9427
step   5060 | loss = -1.7106 | mean(g_L) = +2.0917 | EMA = +2.0672 | std(g_L) = 0.9761 | grad = 0.9546
step   5080 | loss = -1.6132 | mean(g_L) = +1.8661 | EMA = +2.0182 | std(g_L) = 0.7952 | grad = 0.8473
step   5100 | loss = -1.7668 | mean(g_L) = +2.0433 | EMA = +2.0314 | std(g_L) = 0.8314 | grad = 0.8586
step   5120 | loss = -1.5666 | mean(g_L) = +1.9213 | EMA = +2.0224 | std(g_L) = 0.9417 | grad = 0.9970
step   5140 | loss = -1.8972 | mean(g_L) = +2.1645 | EMA = +2.0206 | std(g_L) = 0.8175 | grad = 1.4063
step   5160 | loss = -1.8036 | mean(g_L) = +2.0203 | EMA = +2.0315 | std(g_L) = 0.7360 | grad = 1.2520
step   5180 | loss = -1.7358 | mean(g_L) = +1.9775 | EMA = +2.0271 | std(g_L) = 0.7773 | grad = 0.9392
step   5200 | loss = -1.7880 | mean(g_L) = +2.0655 | EMA = +2.0606 | std(g_L) = 0.8329 | grad = 1.1507
step   5220 | loss = -1.6435 | mean(g_L) = +2.0271 | EMA = +2.0431 | std(g_L) = 0.9792 | grad = 0.6592
step   5240 | loss = -1.7457 | mean(g_L) = +2.0184 | EMA = +2.0271 | std(g_L) = 0.8257 | grad = 1.3923
step   5260 | loss = -1.7262 | mean(g_L) = +2.1105 | EMA = +2.0153 | std(g_L) = 0.9802 | grad = 1.4277
step   5280 | loss = -1.8012 | mean(g_L) = +2.0690 | EMA = +2.0359 | std(g_L) = 0.8182 | grad = 1.5026
step   5300 | loss = -1.8138 | mean(g_L) = +2.0747 | EMA = +2.0526 | std(g_L) = 0.8075 | grad = 0.9239
step   5320 | loss = -1.9706 | mean(g_L) = +2.1999 | EMA = +2.0495 | std(g_L) = 0.7572 | grad = 0.7135
step   5340 | loss = -1.8925 | mean(g_L) = +2.1643 | EMA = +2.0558 | std(g_L) = 0.8243 | grad = 0.9760
step   5360 | loss = -1.6603 | mean(g_L) = +2.0147 | EMA = +2.0330 | std(g_L) = 0.9413 | grad = 1.0876
step   5380 | loss = -1.9254 | mean(g_L) = +2.1401 | EMA = +2.0382 | std(g_L) = 0.7326 | grad = 0.5194
step   5400 | loss = -1.7010 | mean(g_L) = +2.0287 | EMA = +2.0496 | std(g_L) = 0.9050 | grad = 0.3073
step   5420 | loss = -1.6264 | mean(g_L) = +2.0339 | EMA = +2.0386 | std(g_L) = 1.0093 | grad = 0.8134
step   5440 | loss = -1.7213 | mean(g_L) = +2.0237 | EMA = +2.0331 | std(g_L) = 0.8695 | grad = 0.9636
step   5460 | loss = -1.8003 | mean(g_L) = +2.0709 | EMA = +2.0517 | std(g_L) = 0.8226 | grad = 0.9022
step   5480 | loss = -1.8213 | mean(g_L) = +2.0658 | EMA = +2.0437 | std(g_L) = 0.7818 | grad = 1.0151
step   5500 | loss = -1.6649 | mean(g_L) = +1.9817 | EMA = +2.0407 | std(g_L) = 0.8899 | grad = 0.8924
step   5520 | loss = -1.8271 | mean(g_L) = +2.0652 | EMA = +2.0461 | std(g_L) = 0.7715 | grad = 1.3764
step   5540 | loss = -1.5217 | mean(g_L) = +1.9321 | EMA = +2.0433 | std(g_L) = 1.0129 | grad = 1.2983
step   5560 | loss = -1.6192 | mean(g_L) = +2.0101 | EMA = +2.0499 | std(g_L) = 0.9886 | grad = 1.0430
step   5580 | loss = -1.7153 | mean(g_L) = +2.0239 | EMA = +2.0579 | std(g_L) = 0.8783 | grad = 0.6886
step   5600 | loss = -1.5581 | mean(g_L) = +1.9326 | EMA = +2.0411 | std(g_L) = 0.9676 | grad = 2.3267
step   5620 | loss = -1.6652 | mean(g_L) = +2.0606 | EMA = +2.0245 | std(g_L) = 0.9942 | grad = 0.9280
step   5640 | loss = -1.8442 | mean(g_L) = +2.1726 | EMA = +2.0482 | std(g_L) = 0.9061 | grad = 1.1552
step   5660 | loss = -1.6938 | mean(g_L) = +2.0287 | EMA = +2.0547 | std(g_L) = 0.9151 | grad = 1.0219
step   5680 | loss = -1.7711 | mean(g_L) = +2.0079 | EMA = +2.0392 | std(g_L) = 0.7694 | grad = 1.1875
step   5700 | loss = -1.7037 | mean(g_L) = +2.0042 | EMA = +2.0512 | std(g_L) = 0.8668 | grad = 1.2249
step   5720 | loss = -1.8943 | mean(g_L) = +2.1431 | EMA = +2.0657 | std(g_L) = 0.7885 | grad = 0.9538
step   5740 | loss = -1.9038 | mean(g_L) = +2.1399 | EMA = +2.0633 | std(g_L) = 0.7682 | grad = 0.3902
step   5760 | loss = -1.5931 | mean(g_L) = +1.9356 | EMA = +2.0453 | std(g_L) = 0.9253 | grad = 0.8207
step   5780 | loss = -1.6644 | mean(g_L) = +1.9844 | EMA = +2.0462 | std(g_L) = 0.8945 | grad = 1.0177
step   5800 | loss = -1.7391 | mean(g_L) = +2.0220 | EMA = +2.0294 | std(g_L) = 0.8410 | grad = 0.7736
step   5820 | loss = -1.8718 | mean(g_L) = +2.1116 | EMA = +2.0398 | std(g_L) = 0.7742 | grad = 0.9725
step   5840 | loss = -1.8358 | mean(g_L) = +2.1440 | EMA = +2.0398 | std(g_L) = 0.8778 | grad = 1.1883
step   5860 | loss = -1.7875 | mean(g_L) = +2.0367 | EMA = +2.0177 | std(g_L) = 0.7892 | grad = 0.7106
step   5880 | loss = -1.8279 | mean(g_L) = +2.0585 | EMA = +2.0449 | std(g_L) = 0.7593 | grad = 0.7875
step   5900 | loss = -1.7488 | mean(g_L) = +1.9985 | EMA = +2.0469 | std(g_L) = 0.7902 | grad = 1.3419
step   5920 | loss = -1.8648 | mean(g_L) = +2.1117 | EMA = +2.0618 | std(g_L) = 0.7856 | grad = 1.1894
step   5940 | loss = -1.7133 | mean(g_L) = +2.0384 | EMA = +2.0820 | std(g_L) = 0.9015 | grad = 1.5513
step   5960 | loss = -2.0269 | mean(g_L) = +2.2580 | EMA = +2.0722 | std(g_L) = 0.7602 | grad = 0.4688
step   5980 | loss = -1.7062 | mean(g_L) = +2.0525 | EMA = +2.0597 | std(g_L) = 0.9304 | grad = 1.5839
step   6000 | loss = -1.6596 | mean(g_L) = +1.9393 | EMA = +2.0436 | std(g_L) = 0.8361 | grad = 1.1657
step   6020 | loss = -1.6705 | mean(g_L) = +1.9942 | EMA = +2.0427 | std(g_L) = 0.8995 | grad = 1.3464
step   6040 | loss = -1.7658 | mean(g_L) = +2.0909 | EMA = +2.0253 | std(g_L) = 0.9015 | grad = 1.3510
step   6060 | loss = -1.8310 | mean(g_L) = +2.0790 | EMA = +2.0477 | std(g_L) = 0.7874 | grad = 1.4357
step   6080 | loss = -1.7275 | mean(g_L) = +1.9738 | EMA = +2.0443 | std(g_L) = 0.7846 | grad = 0.8127
step   6100 | loss = -1.5526 | mean(g_L) = +1.8799 | EMA = +2.0286 | std(g_L) = 0.9045 | grad = 0.7795
step   6120 | loss = -1.6878 | mean(g_L) = +1.9846 | EMA = +2.0171 | std(g_L) = 0.8615 | grad = 1.0087
step   6140 | loss = -1.9859 | mean(g_L) = +2.1872 | EMA = +2.0610 | std(g_L) = 0.7093 | grad = 0.3470
step   6160 | loss = -1.8524 | mean(g_L) = +2.0787 | EMA = +2.0420 | std(g_L) = 0.7522 | grad = 1.0873
step   6180 | loss = -1.6894 | mean(g_L) = +2.0862 | EMA = +2.0557 | std(g_L) = 0.9960 | grad = 0.7181
step   6200 | loss = -1.9595 | mean(g_L) = +2.1947 | EMA = +2.0677 | std(g_L) = 0.7668 | grad = 0.9948
step   6220 | loss = -1.7683 | mean(g_L) = +2.1505 | EMA = +2.0639 | std(g_L) = 0.9776 | grad = 1.2061
step   6240 | loss = -1.7880 | mean(g_L) = +2.0538 | EMA = +2.0235 | std(g_L) = 0.8152 | grad = 0.8113
step   6260 | loss = -1.5872 | mean(g_L) = +1.9722 | EMA = +2.0402 | std(g_L) = 0.9810 | grad = 1.1266
step   6280 | loss = -1.7064 | mean(g_L) = +2.0227 | EMA = +2.0300 | std(g_L) = 0.8892 | grad = 1.3819
step   6300 | loss = -1.8694 | mean(g_L) = +2.0947 | EMA = +2.0577 | std(g_L) = 0.7505 | grad = 1.2523
step   6320 | loss = -1.9247 | mean(g_L) = +2.1395 | EMA = +2.0653 | std(g_L) = 0.7327 | grad = 0.6081
step   6340 | loss = -1.6708 | mean(g_L) = +1.9715 | EMA = +2.0274 | std(g_L) = 0.8671 | grad = 1.1551
step   6360 | loss = -1.4688 | mean(g_L) = +1.8283 | EMA = +2.0413 | std(g_L) = 0.9480 | grad = 1.2029
step   6380 | loss = -1.8289 | mean(g_L) = +2.1393 | EMA = +2.0586 | std(g_L) = 0.8809 | grad = 2.1109
step   6400 | loss = -1.7647 | mean(g_L) = +2.0055 | EMA = +2.0490 | std(g_L) = 0.7758 | grad = 0.9822
step   6420 | loss = -1.7061 | mean(g_L) = +1.9682 | EMA = +2.0274 | std(g_L) = 0.8094 | grad = 0.9019
step   6440 | loss = -1.6175 | mean(g_L) = +1.9954 | EMA = +2.0266 | std(g_L) = 0.9719 | grad = 0.6535
step   6460 | loss = -1.8960 | mean(g_L) = +2.1515 | EMA = +2.0313 | std(g_L) = 0.7992 | grad = 2.1939
step   6480 | loss = -1.6232 | mean(g_L) = +1.9982 | EMA = +2.0647 | std(g_L) = 0.9683 | grad = 2.2605
step   6500 | loss = -1.8660 | mean(g_L) = +2.1708 | EMA = +2.0529 | std(g_L) = 0.8729 | grad = 1.0549
step   6520 | loss = -1.9216 | mean(g_L) = +2.1341 | EMA = +2.0572 | std(g_L) = 0.7289 | grad = 1.0636
step   6540 | loss = -1.8861 | mean(g_L) = +2.1021 | EMA = +2.0401 | std(g_L) = 0.7349 | grad = 0.7174
step   6560 | loss = -1.8858 | mean(g_L) = +2.1528 | EMA = +2.0403 | std(g_L) = 0.8170 | grad = 1.3450
step   6580 | loss = -1.8587 | mean(g_L) = +2.1147 | EMA = +2.0404 | std(g_L) = 0.7999 | grad = 0.6922
step   6600 | loss = -1.7943 | mean(g_L) = +2.1083 | EMA = +2.0513 | std(g_L) = 0.8861 | grad = 0.6661
step   6620 | loss = -1.9920 | mean(g_L) = +2.1941 | EMA = +2.0525 | std(g_L) = 0.7109 | grad = 0.8837
step   6640 | loss = -1.9033 | mean(g_L) = +2.1798 | EMA = +2.0644 | std(g_L) = 0.8313 | grad = 0.7423
step   6660 | loss = -1.7616 | mean(g_L) = +2.0399 | EMA = +2.0540 | std(g_L) = 0.8342 | grad = 1.8367
step   6680 | loss = -1.6272 | mean(g_L) = +2.0676 | EMA = +2.0468 | std(g_L) = 1.0492 | grad = 0.7143
step   6700 | loss = -1.7625 | mean(g_L) = +2.0712 | EMA = +2.0539 | std(g_L) = 0.8784 | grad = 0.6998
step   6720 | loss = -1.9032 | mean(g_L) = +2.1233 | EMA = +2.0550 | std(g_L) = 0.7417 | grad = 0.8832
step   6740 | loss = -1.7632 | mean(g_L) = +2.0661 | EMA = +2.0536 | std(g_L) = 0.8703 | grad = 0.6841
step   6760 | loss = -1.7234 | mean(g_L) = +1.9876 | EMA = +2.0355 | std(g_L) = 0.8127 | grad = 1.0440
step   6780 | loss = -1.6684 | mean(g_L) = +1.9353 | EMA = +2.0602 | std(g_L) = 0.8169 | grad = 0.8996
step   6800 | loss = -1.7358 | mean(g_L) = +2.1017 | EMA = +2.0625 | std(g_L) = 0.9564 | grad = 1.3013
step   6820 | loss = -1.7723 | mean(g_L) = +2.0713 | EMA = +2.0532 | std(g_L) = 0.8645 | grad = 0.8808
step   6840 | loss = -1.8944 | mean(g_L) = +2.1686 | EMA = +2.0581 | std(g_L) = 0.8280 | grad = 0.5621
step   6860 | loss = -1.8668 | mean(g_L) = +2.1449 | EMA = +2.0675 | std(g_L) = 0.8338 | grad = 1.4936
step   6880 | loss = -1.6234 | mean(g_L) = +1.9597 | EMA = +2.0462 | std(g_L) = 0.9170 | grad = 0.6479
step   6900 | loss = -1.7505 | mean(g_L) = +2.0495 | EMA = +2.0409 | std(g_L) = 0.8645 | grad = 1.0755
step   6920 | loss = -1.5990 | mean(g_L) = +1.9559 | EMA = +2.0403 | std(g_L) = 0.9445 | grad = 1.1239
step   6940 | loss = -1.5635 | mean(g_L) = +1.9196 | EMA = +2.0407 | std(g_L) = 0.9436 | grad = 0.4026
step   6960 | loss = -1.6694 | mean(g_L) = +2.0230 | EMA = +2.0444 | std(g_L) = 0.9401 | grad = 0.9930
step   6980 | loss = -1.9811 | mean(g_L) = +2.2306 | EMA = +2.0606 | std(g_L) = 0.7898 | grad = 0.3872
step   7000 | loss = -1.7749 | mean(g_L) = +2.0598 | EMA = +2.0227 | std(g_L) = 0.8439 | grad = 0.7874
step   7020 | loss = -1.6764 | mean(g_L) = +2.1135 | EMA = +2.0459 | std(g_L) = 1.0454 | grad = 1.3036
step   7040 | loss = -1.5729 | mean(g_L) = +1.9687 | EMA = +2.0585 | std(g_L) = 0.9948 | grad = 0.6703
step   7060 | loss = -1.7422 | mean(g_L) = +2.0470 | EMA = +2.0519 | std(g_L) = 0.8730 | grad = 0.8843
step   7080 | loss = -1.9385 | mean(g_L) = +2.1595 | EMA = +2.0469 | std(g_L) = 0.7434 | grad = 0.6699
step   7100 | loss = -1.7714 | mean(g_L) = +2.1594 | EMA = +2.0613 | std(g_L) = 0.9849 | grad = 0.7349
step   7120 | loss = -1.4285 | mean(g_L) = +1.9421 | EMA = +2.0434 | std(g_L) = 1.1331 | grad = 1.7221
step   7140 | loss = -1.6871 | mean(g_L) = +2.1015 | EMA = +2.0635 | std(g_L) = 1.0178 | grad = 0.8808
step   7160 | loss = -1.8370 | mean(g_L) = +2.1117 | EMA = +2.0815 | std(g_L) = 0.8286 | grad = 1.4838
step   7180 | loss = -1.6357 | mean(g_L) = +1.9451 | EMA = +2.0568 | std(g_L) = 0.8795 | grad = 1.3408
step   7200 | loss = -1.7783 | mean(g_L) = +2.0542 | EMA = +2.0464 | std(g_L) = 0.8305 | grad = 1.2003
step   7220 | loss = -1.6559 | mean(g_L) = +1.9744 | EMA = +2.0484 | std(g_L) = 0.8923 | grad = 0.7673
step   7240 | loss = -1.6937 | mean(g_L) = +2.0161 | EMA = +2.0460 | std(g_L) = 0.8977 | grad = 0.9184
step   7260 | loss = -1.7008 | mean(g_L) = +2.0083 | EMA = +2.0452 | std(g_L) = 0.8768 | grad = 1.1860
step   7280 | loss = -1.7706 | mean(g_L) = +2.0535 | EMA = +2.0620 | std(g_L) = 0.8410 | grad = 0.8798
step   7300 | loss = -1.7174 | mean(g_L) = +2.0722 | EMA = +2.0515 | std(g_L) = 0.9417 | grad = 0.6970
step   7320 | loss = -1.7192 | mean(g_L) = +2.0507 | EMA = +2.0702 | std(g_L) = 0.9104 | grad = 0.5701
step   7340 | loss = -1.7172 | mean(g_L) = +2.0047 | EMA = +2.0633 | std(g_L) = 0.8478 | grad = 0.5269
step   7360 | loss = -1.9159 | mean(g_L) = +2.1631 | EMA = +2.0609 | std(g_L) = 0.7861 | grad = 0.3503
step   7380 | loss = -1.7579 | mean(g_L) = +2.0793 | EMA = +2.0465 | std(g_L) = 0.8965 | grad = 1.5818
step   7400 | loss = -1.7911 | mean(g_L) = +2.0846 | EMA = +2.0557 | std(g_L) = 0.8567 | grad = 0.3839
step   7420 | loss = -1.5334 | mean(g_L) = +2.0326 | EMA = +2.0534 | std(g_L) = 1.1171 | grad = 1.8774
step   7440 | loss = -1.7840 | mean(g_L) = +2.0523 | EMA = +2.0623 | std(g_L) = 0.8190 | grad = 1.5337
step   7460 | loss = -1.7853 | mean(g_L) = +2.1114 | EMA = +2.0548 | std(g_L) = 0.9029 | grad = 0.7278
step   7480 | loss = -1.6677 | mean(g_L) = +2.0665 | EMA = +2.0543 | std(g_L) = 0.9984 | grad = 0.5296
step   7500 | loss = -1.9329 | mean(g_L) = +2.2437 | EMA = +2.0770 | std(g_L) = 0.8815 | grad = 1.3940
step   7520 | loss = -1.7404 | mean(g_L) = +2.1176 | EMA = +2.0585 | std(g_L) = 0.9711 | grad = 1.1626
step   7540 | loss = -1.8881 | mean(g_L) = +2.1373 | EMA = +2.0687 | std(g_L) = 0.7894 | grad = 0.4254
step   7560 | loss = -1.7255 | mean(g_L) = +2.0666 | EMA = +2.1084 | std(g_L) = 0.9235 | grad = 0.9884
step   7580 | loss = -1.6957 | mean(g_L) = +2.0321 | EMA = +2.0834 | std(g_L) = 0.9172 | grad = 0.6855
step   7600 | loss = -1.5541 | mean(g_L) = +1.9961 | EMA = +2.0690 | std(g_L) = 1.0512 | grad = 1.4142
step   7620 | loss = -1.7662 | mean(g_L) = +2.0873 | EMA = +2.0169 | std(g_L) = 0.8960 | grad = 0.8173
step   7640 | loss = -1.7820 | mean(g_L) = +2.0946 | EMA = +2.0596 | std(g_L) = 0.8840 | grad = 1.2597
step   7660 | loss = -1.9101 | mean(g_L) = +2.1362 | EMA = +2.0814 | std(g_L) = 0.7518 | grad = 0.8304
step   7680 | loss = -1.7072 | mean(g_L) = +2.0451 | EMA = +2.0902 | std(g_L) = 0.9191 | grad = 0.6749
step   7700 | loss = -1.8703 | mean(g_L) = +2.0996 | EMA = +2.0650 | std(g_L) = 0.7570 | grad = 0.7150
step   7720 | loss = -1.9234 | mean(g_L) = +2.1839 | EMA = +2.0849 | std(g_L) = 0.8070 | grad = 0.6509
step   7740 | loss = -1.6662 | mean(g_L) = +1.9209 | EMA = +2.0689 | std(g_L) = 0.7980 | grad = 1.3073
step   7760 | loss = -1.8253 | mean(g_L) = +2.1330 | EMA = +2.0557 | std(g_L) = 0.8771 | grad = 0.5954
step   7780 | loss = -1.9644 | mean(g_L) = +2.2170 | EMA = +2.0660 | std(g_L) = 0.7947 | grad = 1.2702
step   7800 | loss = -1.9023 | mean(g_L) = +2.2536 | EMA = +2.0873 | std(g_L) = 0.9371 | grad = 1.0595
step   7820 | loss = -1.4970 | mean(g_L) = +1.8493 | EMA = +2.0703 | std(g_L) = 0.9385 | grad = 1.5803
step   7840 | loss = -1.3916 | mean(g_L) = +1.8492 | EMA = +2.0655 | std(g_L) = 1.0695 | grad = 0.8338
step   7860 | loss = -1.5727 | mean(g_L) = +1.9565 | EMA = +2.0534 | std(g_L) = 0.9795 | grad = 1.2382
step   7880 | loss = -1.6586 | mean(g_L) = +2.0298 | EMA = +2.0790 | std(g_L) = 0.9633 | grad = 0.9018
step   7900 | loss = -1.7910 | mean(g_L) = +2.0977 | EMA = +2.0637 | std(g_L) = 0.8757 | grad = 0.8071
step   7920 | loss = -1.6752 | mean(g_L) = +2.0035 | EMA = +2.0582 | std(g_L) = 0.9060 | grad = 0.7296
step   7940 | loss = -1.8105 | mean(g_L) = +2.0968 | EMA = +2.0569 | std(g_L) = 0.8460 | grad = 1.3046
step   7960 | loss = -1.7119 | mean(g_L) = +2.0438 | EMA = +2.0742 | std(g_L) = 0.9109 | grad = 1.0621
step   7980 | loss = -1.8850 | mean(g_L) = +2.1189 | EMA = +2.0844 | std(g_L) = 0.7646 | grad = 1.4082
step   8000 | loss = -1.8581 | mean(g_L) = +2.0513 | EMA = +2.0697 | std(g_L) = 0.6949 | grad = 0.7800
step   8020 | loss = -1.7162 | mean(g_L) = +2.0303 | EMA = +2.0602 | std(g_L) = 0.8861 | grad = 0.8626
step   8040 | loss = -1.6811 | mean(g_L) = +2.0284 | EMA = +2.0723 | std(g_L) = 0.9319 | grad = 0.4535
step   8060 | loss = -1.7460 | mean(g_L) = +2.0468 | EMA = +2.0675 | std(g_L) = 0.8672 | grad = 0.9251
step   8080 | loss = -1.8828 | mean(g_L) = +2.1519 | EMA = +2.0669 | std(g_L) = 0.8202 | grad = 2.0062
step   8100 | loss = -1.7774 | mean(g_L) = +2.0432 | EMA = +2.0699 | std(g_L) = 0.8152 | grad = 0.5376
step   8120 | loss = -1.7815 | mean(g_L) = +2.1201 | EMA = +2.0822 | std(g_L) = 0.9201 | grad = 0.9020
step   8140 | loss = -1.6542 | mean(g_L) = +2.0140 | EMA = +2.0838 | std(g_L) = 0.9484 | grad = 1.1978
step   8160 | loss = -1.7938 | mean(g_L) = +2.1410 | EMA = +2.0804 | std(g_L) = 0.9317 | grad = 0.6117
step   8180 | loss = -1.8063 | mean(g_L) = +2.0543 | EMA = +2.0891 | std(g_L) = 0.7875 | grad = 1.0435
step   8200 | loss = -1.8056 | mean(g_L) = +2.0984 | EMA = +2.0805 | std(g_L) = 0.8557 | grad = 0.8022
step   8220 | loss = -1.6007 | mean(g_L) = +1.9802 | EMA = +2.0589 | std(g_L) = 0.9740 | grad = 1.4580
step   8240 | loss = -1.8410 | mean(g_L) = +2.0944 | EMA = +2.0290 | std(g_L) = 0.7959 | grad = 0.4638
step   8260 | loss = -1.7758 | mean(g_L) = +2.1338 | EMA = +2.0330 | std(g_L) = 0.9460 | grad = 0.9396
step   8280 | loss = -1.4794 | mean(g_L) = +1.9552 | EMA = +2.0660 | std(g_L) = 1.0907 | grad = 1.1072
step   8300 | loss = -1.9410 | mean(g_L) = +2.1752 | EMA = +2.0768 | std(g_L) = 0.7652 | grad = 0.8731
step   8320 | loss = -1.8035 | mean(g_L) = +2.0689 | EMA = +2.0795 | std(g_L) = 0.8145 | grad = 0.6020
step   8340 | loss = -1.8025 | mean(g_L) = +2.0775 | EMA = +2.0645 | std(g_L) = 0.8292 | grad = 1.5325
step   8360 | loss = -1.9248 | mean(g_L) = +2.1578 | EMA = +2.0820 | std(g_L) = 0.7633 | grad = 0.6058
step   8380 | loss = -1.5238 | mean(g_L) = +1.9452 | EMA = +2.0608 | std(g_L) = 1.0264 | grad = 0.7019
step   8400 | loss = -1.7565 | mean(g_L) = +2.0470 | EMA = +2.0555 | std(g_L) = 0.8522 | grad = 1.2525
step   8420 | loss = -1.5577 | mean(g_L) = +1.9067 | EMA = +2.0417 | std(g_L) = 0.9341 | grad = 1.7686
step   8440 | loss = -1.8398 | mean(g_L) = +2.1133 | EMA = +2.0718 | std(g_L) = 0.8268 | grad = 1.1011
step   8460 | loss = -1.9876 | mean(g_L) = +2.2333 | EMA = +2.0783 | std(g_L) = 0.7836 | grad = 0.7888
step   8480 | loss = -1.9949 | mean(g_L) = +2.2222 | EMA = +2.0905 | std(g_L) = 0.7537 | grad = 0.3716
step   8500 | loss = -1.5684 | mean(g_L) = +1.9431 | EMA = +2.0767 | std(g_L) = 0.9679 | grad = 2.2882
step   8520 | loss = -1.7781 | mean(g_L) = +2.0876 | EMA = +2.0586 | std(g_L) = 0.8796 | grad = 1.1133
step   8540 | loss = -1.7028 | mean(g_L) = +2.0680 | EMA = +2.0538 | std(g_L) = 0.9555 | grad = 0.4662
step   8560 | loss = -1.6597 | mean(g_L) = +2.0290 | EMA = +2.0649 | std(g_L) = 0.9609 | grad = 0.9330
step   8580 | loss = -1.5402 | mean(g_L) = +2.0018 | EMA = +2.0692 | std(g_L) = 1.0742 | grad = 0.7994
step   8600 | loss = -1.8330 | mean(g_L) = +2.0427 | EMA = +2.0865 | std(g_L) = 0.7240 | grad = 0.6434
step   8620 | loss = -1.1686 | mean(g_L) = +1.8047 | EMA = +2.0935 | std(g_L) = 1.2610 | grad = 2.2400
step   8640 | loss = -1.7747 | mean(g_L) = +2.1085 | EMA = +2.0721 | std(g_L) = 0.9136 | grad = 1.4592
step   8660 | loss = -1.7452 | mean(g_L) = +2.0071 | EMA = +2.0557 | std(g_L) = 0.8092 | grad = 0.7422
step   8680 | loss = -1.7248 | mean(g_L) = +2.0642 | EMA = +2.0577 | std(g_L) = 0.9212 | grad = 0.9538
step   8700 | loss = -1.8763 | mean(g_L) = +2.1113 | EMA = +2.0599 | std(g_L) = 0.7664 | grad = 0.8657
step   8720 | loss = -1.9055 | mean(g_L) = +2.1949 | EMA = +2.0810 | std(g_L) = 0.8507 | grad = 0.5130
step   8740 | loss = -1.7396 | mean(g_L) = +2.0867 | EMA = +2.0574 | std(g_L) = 0.9316 | grad = 1.0680
step   8760 | loss = -1.7305 | mean(g_L) = +2.0570 | EMA = +2.0724 | std(g_L) = 0.9034 | grad = 0.5498
step   8780 | loss = -1.7818 | mean(g_L) = +2.1071 | EMA = +2.0850 | std(g_L) = 0.9018 | grad = 0.5181
step   8800 | loss = -1.6465 | mean(g_L) = +2.0386 | EMA = +2.0888 | std(g_L) = 0.9902 | grad = 0.9684
step   8820 | loss = -1.7737 | mean(g_L) = +2.0552 | EMA = +2.0680 | std(g_L) = 0.8389 | grad = 0.6542
step   8840 | loss = -1.5654 | mean(g_L) = +1.9802 | EMA = +2.0623 | std(g_L) = 1.0183 | grad = 1.1278
step   8860 | loss = -1.7274 | mean(g_L) = +2.0500 | EMA = +2.0611 | std(g_L) = 0.8980 | grad = 1.2081
step   8880 | loss = -1.7586 | mean(g_L) = +2.0703 | EMA = +2.0592 | std(g_L) = 0.8828 | grad = 1.2927
step   8900 | loss = -1.8922 | mean(g_L) = +2.1444 | EMA = +2.0745 | std(g_L) = 0.7940 | grad = 0.7159
step   8920 | loss = -1.7570 | mean(g_L) = +2.0615 | EMA = +2.0669 | std(g_L) = 0.8725 | grad = 0.7253
step   8940 | loss = -1.4318 | mean(g_L) = +1.9072 | EMA = +2.0685 | std(g_L) = 1.0903 | grad = 1.2125
step   8960 | loss = -1.5983 | mean(g_L) = +2.0171 | EMA = +2.0724 | std(g_L) = 1.0232 | grad = 0.7977
step   8980 | loss = -1.8185 | mean(g_L) = +2.1550 | EMA = +2.0798 | std(g_L) = 0.9172 | grad = 0.7713
step   9000 | loss = -1.8866 | mean(g_L) = +2.2025 | EMA = +2.0946 | std(g_L) = 0.8887 | grad = 1.2452
step   9020 | loss = -1.7731 | mean(g_L) = +2.0571 | EMA = +2.0601 | std(g_L) = 0.8426 | grad = 0.7143
step   9040 | loss = -1.8575 | mean(g_L) = +2.0882 | EMA = +2.0969 | std(g_L) = 0.7594 | grad = 0.6209
step   9060 | loss = -2.0189 | mean(g_L) = +2.1897 | EMA = +2.0992 | std(g_L) = 0.6533 | grad = 0.4529
step   9080 | loss = -1.7508 | mean(g_L) = +2.0329 | EMA = +2.0702 | std(g_L) = 0.8398 | grad = 0.8535
step   9100 | loss = -1.6653 | mean(g_L) = +2.0425 | EMA = +2.0866 | std(g_L) = 0.9711 | grad = 1.2492
step   9120 | loss = -1.9365 | mean(g_L) = +2.2274 | EMA = +2.0908 | std(g_L) = 0.8527 | grad = 1.1078
step   9140 | loss = -1.8542 | mean(g_L) = +2.1382 | EMA = +2.0850 | std(g_L) = 0.8426 | grad = 1.4485
step   9160 | loss = -1.5051 | mean(g_L) = +1.9373 | EMA = +2.0799 | std(g_L) = 1.0396 | grad = 1.2252
step   9180 | loss = -1.7796 | mean(g_L) = +2.0255 | EMA = +2.0813 | std(g_L) = 0.7841 | grad = 0.5731
step   9200 | loss = -1.6506 | mean(g_L) = +2.0439 | EMA = +2.0844 | std(g_L) = 0.9916 | grad = 0.7570
step   9220 | loss = -1.6751 | mean(g_L) = +2.0302 | EMA = +2.0662 | std(g_L) = 0.9422 | grad = 0.9262
step   9240 | loss = -1.7841 | mean(g_L) = +2.0677 | EMA = +2.0709 | std(g_L) = 0.8421 | grad = 1.0206
step   9260 | loss = -1.8636 | mean(g_L) = +2.1109 | EMA = +2.0563 | std(g_L) = 0.7862 | grad = 0.6988
step   9280 | loss = -1.7175 | mean(g_L) = +2.0733 | EMA = +2.0736 | std(g_L) = 0.9431 | grad = 0.9549
step   9300 | loss = -1.7554 | mean(g_L) = +2.1060 | EMA = +2.0978 | std(g_L) = 0.9362 | grad = 0.7404
step   9320 | loss = -1.6279 | mean(g_L) = +1.9774 | EMA = +2.0831 | std(g_L) = 0.9347 | grad = 0.8610
step   9340 | loss = -1.6376 | mean(g_L) = +2.0633 | EMA = +2.0963 | std(g_L) = 1.0317 | grad = 0.9522
step   9360 | loss = -1.7085 | mean(g_L) = +2.0404 | EMA = +2.0890 | std(g_L) = 0.9109 | grad = 1.2735
step   9380 | loss = -1.8220 | mean(g_L) = +2.1175 | EMA = +2.0978 | std(g_L) = 0.8594 | grad = 1.3826
step   9400 | loss = -1.7941 | mean(g_L) = +2.0968 | EMA = +2.0775 | std(g_L) = 0.8700 | grad = 1.0175
step   9420 | loss = -1.5098 | mean(g_L) = +1.9222 | EMA = +2.0596 | std(g_L) = 1.0154 | grad = 1.2898
step   9440 | loss = -1.7719 | mean(g_L) = +2.0328 | EMA = +2.0681 | std(g_L) = 0.8076 | grad = 0.5434
step   9460 | loss = -1.7345 | mean(g_L) = +2.0527 | EMA = +2.0507 | std(g_L) = 0.8918 | grad = 1.1571
step   9480 | loss = -1.7738 | mean(g_L) = +2.1369 | EMA = +2.0628 | std(g_L) = 0.9527 | grad = 2.2823
step   9500 | loss = -1.9398 | mean(g_L) = +2.1802 | EMA = +2.0981 | std(g_L) = 0.7752 | grad = 0.4045
step   9520 | loss = -1.9065 | mean(g_L) = +2.1709 | EMA = +2.1202 | std(g_L) = 0.8130 | grad = 0.6165
step   9540 | loss = -1.9424 | mean(g_L) = +2.2490 | EMA = +2.1205 | std(g_L) = 0.8754 | grad = 1.5804
step   9560 | loss = -1.6696 | mean(g_L) = +2.0420 | EMA = +2.0844 | std(g_L) = 0.9649 | grad = 0.9562
step   9580 | loss = -1.9554 | mean(g_L) = +2.1761 | EMA = +2.0759 | std(g_L) = 0.7428 | grad = 0.9019
step   9600 | loss = -1.8590 | mean(g_L) = +2.1723 | EMA = +2.0810 | std(g_L) = 0.8850 | grad = 0.6502
step   9620 | loss = -1.9877 | mean(g_L) = +2.2058 | EMA = +2.0906 | std(g_L) = 0.7383 | grad = 1.6216
step   9640 | loss = -1.4328 | mean(g_L) = +1.9480 | EMA = +2.0725 | std(g_L) = 1.1348 | grad = 0.9480
step   9660 | loss = -1.9623 | mean(g_L) = +2.2215 | EMA = +2.0984 | std(g_L) = 0.8050 | grad = 0.9037
step   9680 | loss = -1.6015 | mean(g_L) = +2.0431 | EMA = +2.0848 | std(g_L) = 1.0507 | grad = 1.3406
step   9700 | loss = -1.6464 | mean(g_L) = +2.0471 | EMA = +2.0859 | std(g_L) = 1.0009 | grad = 1.7130
step   9720 | loss = -1.6345 | mean(g_L) = +1.9868 | EMA = +2.0692 | std(g_L) = 0.9384 | grad = 0.7913
step   9740 | loss = -1.6744 | mean(g_L) = +1.9890 | EMA = +2.0860 | std(g_L) = 0.8870 | grad = 1.2930
step   9760 | loss = -1.8929 | mean(g_L) = +2.1555 | EMA = +2.0837 | std(g_L) = 0.8102 | grad = 1.2373
step   9780 | loss = -1.9019 | mean(g_L) = +2.2101 | EMA = +2.0764 | std(g_L) = 0.8778 | grad = 0.6315
step   9800 | loss = -1.6285 | mean(g_L) = +2.0620 | EMA = +2.0831 | std(g_L) = 1.0411 | grad = 1.1659
step   9820 | loss = -1.8291 | mean(g_L) = +2.1128 | EMA = +2.0810 | std(g_L) = 0.8421 | grad = 1.2638
step   9840 | loss = -1.7486 | mean(g_L) = +2.0690 | EMA = +2.0521 | std(g_L) = 0.8951 | grad = 1.3286
step   9860 | loss = -1.9159 | mean(g_L) = +2.1441 | EMA = +2.0562 | std(g_L) = 0.7552 | grad = 0.6121
step   9880 | loss = -1.7124 | mean(g_L) = +2.0486 | EMA = +2.0717 | std(g_L) = 0.9168 | grad = 1.3367
step   9900 | loss = -1.5621 | mean(g_L) = +1.9175 | EMA = +2.0863 | std(g_L) = 0.9425 | grad = 0.7329
step   9920 | loss = -1.8843 | mean(g_L) = +2.1395 | EMA = +2.1008 | std(g_L) = 0.7987 | grad = 1.4024
step   9940 | loss = -1.8612 | mean(g_L) = +2.1126 | EMA = +2.0952 | std(g_L) = 0.7927 | grad = 1.3475
step   9960 | loss = -1.6361 | mean(g_L) = +2.0872 | EMA = +2.1092 | std(g_L) = 1.0620 | grad = 1.1765
step   9980 | loss = -1.9488 | mean(g_L) = +2.1997 | EMA = +2.1208 | std(g_L) = 0.7920 | grad = 1.4489
step  10000 | loss = -1.4248 | mean(g_L) = +1.8799 | EMA = +2.0757 | std(g_L) = 1.0666 | grad = 1.1098
step  10020 | loss = -1.6119 | mean(g_L) = +1.9537 | EMA = +2.0665 | std(g_L) = 0.9244 | grad = 0.9125
step  10040 | loss = -1.8935 | mean(g_L) = +2.1092 | EMA = +2.0776 | std(g_L) = 0.7343 | grad = 0.4413
step  10060 | loss = -1.5301 | mean(g_L) = +1.9395 | EMA = +2.0789 | std(g_L) = 1.0117 | grad = 0.9844
step  10080 | loss = -1.6416 | mean(g_L) = +2.0151 | EMA = +2.0856 | std(g_L) = 0.9663 | grad = 0.6203
step  10100 | loss = -1.8528 | mean(g_L) = +2.1698 | EMA = +2.0753 | std(g_L) = 0.8902 | grad = 0.8959
step  10120 | loss = -1.8999 | mean(g_L) = +2.1584 | EMA = +2.1096 | std(g_L) = 0.8038 | grad = 1.1568
step  10140 | loss = -1.8473 | mean(g_L) = +2.1779 | EMA = +2.0885 | std(g_L) = 0.9091 | grad = 1.1028
step  10160 | loss = -1.9308 | mean(g_L) = +2.1941 | EMA = +2.1037 | std(g_L) = 0.8113 | grad = 1.8736
step  10180 | loss = -1.6723 | mean(g_L) = +1.9978 | EMA = +2.0667 | std(g_L) = 0.9021 | grad = 1.1989
step  10200 | loss = -1.7873 | mean(g_L) = +2.0822 | EMA = +2.0867 | std(g_L) = 0.8586 | grad = 0.6292
step  10220 | loss = -2.0249 | mean(g_L) = +2.2422 | EMA = +2.0902 | std(g_L) = 0.7369 | grad = 0.9722
step  10240 | loss = -1.7209 | mean(g_L) = +2.0274 | EMA = +2.0632 | std(g_L) = 0.8754 | grad = 0.6564
step  10260 | loss = -1.6204 | mean(g_L) = +1.9991 | EMA = +2.0647 | std(g_L) = 0.9730 | grad = 0.5765
step  10280 | loss = -1.7870 | mean(g_L) = +2.0659 | EMA = +2.0742 | std(g_L) = 0.8350 | grad = 1.2308
step  10300 | loss = -1.7092 | mean(g_L) = +2.0471 | EMA = +2.0698 | std(g_L) = 0.9191 | grad = 1.4247
step  10320 | loss = -1.8009 | mean(g_L) = +2.1881 | EMA = +2.0966 | std(g_L) = 0.9838 | grad = 1.0886
step  10340 | loss = -2.0213 | mean(g_L) = +2.2929 | EMA = +2.1171 | std(g_L) = 0.8240 | grad = 1.5132
step  10360 | loss = -1.7905 | mean(g_L) = +2.1166 | EMA = +2.0888 | std(g_L) = 0.9030 | grad = 1.4463
step  10380 | loss = -1.6914 | mean(g_L) = +2.0466 | EMA = +2.0828 | std(g_L) = 0.9424 | grad = 1.2431
step  10400 | loss = -1.8860 | mean(g_L) = +2.1208 | EMA = +2.0939 | std(g_L) = 0.7662 | grad = 0.3026
step  10420 | loss = -1.8443 | mean(g_L) = +2.1504 | EMA = +2.0987 | std(g_L) = 0.8748 | grad = 0.6934
step  10440 | loss = -1.8716 | mean(g_L) = +2.1694 | EMA = +2.0805 | std(g_L) = 0.8628 | grad = 1.5832
step  10460 | loss = -1.6240 | mean(g_L) = +1.9847 | EMA = +2.0816 | std(g_L) = 0.9497 | grad = 0.9015
step  10480 | loss = -1.4414 | mean(g_L) = +1.9735 | EMA = +2.0885 | std(g_L) = 1.1534 | grad = 1.1907
step  10500 | loss = -1.8564 | mean(g_L) = +2.1495 | EMA = +2.1008 | std(g_L) = 0.8560 | grad = 0.5844
step  10520 | loss = -1.8720 | mean(g_L) = +2.1238 | EMA = +2.0873 | std(g_L) = 0.7935 | grad = 0.5778
step  10540 | loss = -1.7081 | mean(g_L) = +2.0844 | EMA = +2.1012 | std(g_L) = 0.9699 | grad = 1.5628
step  10560 | loss = -1.8797 | mean(g_L) = +2.1262 | EMA = +2.0613 | std(g_L) = 0.7849 | grad = 0.8670
step  10580 | loss = -1.9330 | mean(g_L) = +2.1931 | EMA = +2.0703 | std(g_L) = 0.8063 | grad = 0.6470
step  10600 | loss = -1.7846 | mean(g_L) = +2.0976 | EMA = +2.0812 | std(g_L) = 0.8846 | grad = 1.1395
step  10620 | loss = -1.9797 | mean(g_L) = +2.2041 | EMA = +2.0864 | std(g_L) = 0.7490 | grad = 0.9336
step  10640 | loss = -1.7758 | mean(g_L) = +2.0953 | EMA = +2.0976 | std(g_L) = 0.8937 | grad = 1.1344
step  10660 | loss = -1.8473 | mean(g_L) = +2.1320 | EMA = +2.0903 | std(g_L) = 0.8437 | grad = 0.9003
step  10680 | loss = -1.8533 | mean(g_L) = +2.1336 | EMA = +2.0754 | std(g_L) = 0.8371 | grad = 1.4677
step  10700 | loss = -1.6632 | mean(g_L) = +2.0260 | EMA = +2.0818 | std(g_L) = 0.9523 | grad = 1.2437
step  10720 | loss = -1.9665 | mean(g_L) = +2.1363 | EMA = +2.0999 | std(g_L) = 0.6516 | grad = 0.7950
step  10740 | loss = -1.7031 | mean(g_L) = +2.0442 | EMA = +2.1077 | std(g_L) = 0.9234 | grad = 1.6870
step  10760 | loss = -1.8320 | mean(g_L) = +2.1590 | EMA = +2.1061 | std(g_L) = 0.9042 | grad = 1.5358
step  10780 | loss = -1.8523 | mean(g_L) = +2.1881 | EMA = +2.1031 | std(g_L) = 0.9163 | grad = 0.9446
step  10800 | loss = -1.9107 | mean(g_L) = +2.1332 | EMA = +2.0853 | std(g_L) = 0.7458 | grad = 0.9093
step  10820 | loss = -2.0741 | mean(g_L) = +2.2585 | EMA = +2.1035 | std(g_L) = 0.6790 | grad = 1.1303
step  10840 | loss = -1.9696 | mean(g_L) = +2.1914 | EMA = +2.1069 | std(g_L) = 0.7447 | grad = 0.6770
step  10860 | loss = -1.8396 | mean(g_L) = +2.0819 | EMA = +2.1111 | std(g_L) = 0.7783 | grad = 0.7835
step  10880 | loss = -1.7177 | mean(g_L) = +2.0872 | EMA = +2.1071 | std(g_L) = 0.9611 | grad = 0.7408
step  10900 | loss = -1.6479 | mean(g_L) = +1.9872 | EMA = +2.1056 | std(g_L) = 0.9210 | grad = 1.1897
step  10920 | loss = -1.7399 | mean(g_L) = +2.0703 | EMA = +2.1195 | std(g_L) = 0.9088 | grad = 1.0061
step  10940 | loss = -1.5712 | mean(g_L) = +1.9967 | EMA = +2.1114 | std(g_L) = 1.0314 | grad = 1.3021
step  10960 | loss = -1.6927 | mean(g_L) = +2.1017 | EMA = +2.0902 | std(g_L) = 1.0113 | grad = 1.0422
step  10980 | loss = -1.4384 | mean(g_L) = +1.9633 | EMA = +2.0722 | std(g_L) = 1.1456 | grad = 0.8238
step  11000 | loss = -1.8192 | mean(g_L) = +2.1440 | EMA = +2.0722 | std(g_L) = 0.9012 | grad = 0.9166
step  11020 | loss = -1.6821 | mean(g_L) = +2.1000 | EMA = +2.0912 | std(g_L) = 1.0221 | grad = 0.7157
step  11040 | loss = -1.9079 | mean(g_L) = +2.1678 | EMA = +2.1034 | std(g_L) = 0.8062 | grad = 1.4112
step  11060 | loss = -1.7438 | mean(g_L) = +2.0475 | EMA = +2.0914 | std(g_L) = 0.8713 | grad = 1.3439
step  11080 | loss = -1.5786 | mean(g_L) = +1.9998 | EMA = +2.0968 | std(g_L) = 1.0261 | grad = 1.3962
step  11100 | loss = -1.8089 | mean(g_L) = +2.1428 | EMA = +2.0888 | std(g_L) = 0.9137 | grad = 1.3220
step  11120 | loss = -1.9354 | mean(g_L) = +2.1977 | EMA = +2.1061 | std(g_L) = 0.8099 | grad = 0.7266
step  11140 | loss = -1.8312 | mean(g_L) = +2.1215 | EMA = +2.0918 | std(g_L) = 0.8519 | grad = 1.4023
step  11160 | loss = -1.8299 | mean(g_L) = +2.1246 | EMA = +2.0919 | std(g_L) = 0.8582 | grad = 1.7865
step  11180 | loss = -1.9669 | mean(g_L) = +2.2420 | EMA = +2.0811 | std(g_L) = 0.8293 | grad = 1.1014
step  11200 | loss = -1.7335 | mean(g_L) = +2.0521 | EMA = +2.0676 | std(g_L) = 0.8926 | grad = 0.8842
step  11220 | loss = -1.9976 | mean(g_L) = +2.2288 | EMA = +2.0872 | std(g_L) = 0.7604 | grad = 1.3876
step  11240 | loss = -1.5571 | mean(g_L) = +1.9532 | EMA = +2.0814 | std(g_L) = 0.9952 | grad = 0.7883
step  11260 | loss = -1.6697 | mean(g_L) = +2.1107 | EMA = +2.0837 | std(g_L) = 1.0500 | grad = 0.7071
step  11280 | loss = -1.7396 | mean(g_L) = +2.0243 | EMA = +2.0867 | std(g_L) = 0.8438 | grad = 1.2452
step  11300 | loss = -1.7786 | mean(g_L) = +2.1281 | EMA = +2.0955 | std(g_L) = 0.9349 | grad = 1.3754
step  11320 | loss = -1.8785 | mean(g_L) = +2.1253 | EMA = +2.0933 | std(g_L) = 0.7854 | grad = 1.3668
step  11340 | loss = -1.7823 | mean(g_L) = +2.0861 | EMA = +2.0840 | std(g_L) = 0.8716 | grad = 0.7437
step  11360 | loss = -1.8208 | mean(g_L) = +2.1992 | EMA = +2.1269 | std(g_L) = 0.9726 | grad = 0.5227
step  11380 | loss = -1.7258 | mean(g_L) = +2.0638 | EMA = +2.1060 | std(g_L) = 0.9193 | grad = 0.5204
step  11400 | loss = -1.7340 | mean(g_L) = +2.0799 | EMA = +2.1088 | std(g_L) = 0.9300 | grad = 1.6337
step  11420 | loss = -1.8039 | mean(g_L) = +2.0792 | EMA = +2.1080 | std(g_L) = 0.8296 | grad = 0.4708
step  11440 | loss = -1.7331 | mean(g_L) = +2.0470 | EMA = +2.0858 | std(g_L) = 0.8859 | grad = 0.6544
step  11460 | loss = -1.9319 | mean(g_L) = +2.1272 | EMA = +2.0950 | std(g_L) = 0.6988 | grad = 0.6385
step  11480 | loss = -1.6615 | mean(g_L) = +2.0275 | EMA = +2.0680 | std(g_L) = 0.9566 | grad = 1.7545
step  11500 | loss = -1.8810 | mean(g_L) = +2.1624 | EMA = +2.0786 | std(g_L) = 0.8387 | grad = 1.5694
step  11520 | loss = -1.9246 | mean(g_L) = +2.2545 | EMA = +2.1032 | std(g_L) = 0.9082 | grad = 0.7466
step  11540 | loss = -1.5571 | mean(g_L) = +2.0263 | EMA = +2.0922 | std(g_L) = 1.0830 | grad = 0.9320
step  11560 | loss = -1.7297 | mean(g_L) = +2.0491 | EMA = +2.0811 | std(g_L) = 0.8935 | grad = 1.1204
step  11580 | loss = -1.8714 | mean(g_L) = +2.1063 | EMA = +2.0824 | std(g_L) = 0.7664 | grad = 1.1430
step  11600 | loss = -1.8406 | mean(g_L) = +2.1470 | EMA = +2.1015 | std(g_L) = 0.8753 | grad = 1.4066
step  11620 | loss = -1.8679 | mean(g_L) = +2.1396 | EMA = +2.0919 | std(g_L) = 0.8242 | grad = 0.5737
step  11640 | loss = -1.8165 | mean(g_L) = +2.1545 | EMA = +2.0974 | std(g_L) = 0.9192 | grad = 0.9089
step  11660 | loss = -1.8748 | mean(g_L) = +2.1468 | EMA = +2.0989 | std(g_L) = 0.8246 | grad = 0.4350
step  11680 | loss = -1.6376 | mean(g_L) = +1.9756 | EMA = +2.0933 | std(g_L) = 0.9193 | grad = 1.0579
step  11700 | loss = -1.7328 | mean(g_L) = +2.1423 | EMA = +2.1066 | std(g_L) = 1.0119 | grad = 0.6484
step  11720 | loss = -1.4709 | mean(g_L) = +2.0333 | EMA = +2.0828 | std(g_L) = 1.1858 | grad = 2.9911
step  11740 | loss = -1.7883 | mean(g_L) = +2.0084 | EMA = +2.1093 | std(g_L) = 0.7417 | grad = 0.4290
step  11760 | loss = -1.9437 | mean(g_L) = +2.2322 | EMA = +2.0984 | std(g_L) = 0.8494 | grad = 1.6011
step  11780 | loss = -1.5985 | mean(g_L) = +2.0207 | EMA = +2.0797 | std(g_L) = 1.0273 | grad = 1.4591
step  11800 | loss = -1.3745 | mean(g_L) = +1.9090 | EMA = +2.0730 | std(g_L) = 1.1560 | grad = 2.3150
step  11820 | loss = -1.6708 | mean(g_L) = +2.0834 | EMA = +2.0849 | std(g_L) = 1.0155 | grad = 1.0179
step  11840 | loss = -1.7416 | mean(g_L) = +2.0374 | EMA = +2.0850 | std(g_L) = 0.8598 | grad = 0.6247
step  11860 | loss = -1.7908 | mean(g_L) = +2.0638 | EMA = +2.0967 | std(g_L) = 0.8261 | grad = 0.9016
step  11880 | loss = -1.7741 | mean(g_L) = +2.0946 | EMA = +2.0843 | std(g_L) = 0.8952 | grad = 0.5803
step  11900 | loss = -1.8312 | mean(g_L) = +2.1638 | EMA = +2.1095 | std(g_L) = 0.9119 | grad = 0.7875
step  11920 | loss = -1.8059 | mean(g_L) = +2.0765 | EMA = +2.1080 | std(g_L) = 0.8224 | grad = 1.2035
step  11940 | loss = -1.9061 | mean(g_L) = +2.1634 | EMA = +2.0981 | std(g_L) = 0.8021 | grad = 1.3413
step  11960 | loss = -1.5996 | mean(g_L) = +2.0041 | EMA = +2.0971 | std(g_L) = 1.0056 | grad = 0.5902
step  11980 | loss = -1.8783 | mean(g_L) = +2.0951 | EMA = +2.1096 | std(g_L) = 0.7363 | grad = 0.8840
step  12000 | loss = -1.8114 | mean(g_L) = +2.1097 | EMA = +2.1063 | std(g_L) = 0.8637 | grad = 1.1838
step  12020 | loss = -1.8433 | mean(g_L) = +2.1409 | EMA = +2.1037 | std(g_L) = 0.8626 | grad = 0.7610
step  12040 | loss = -1.7885 | mean(g_L) = +2.0990 | EMA = +2.0969 | std(g_L) = 0.8810 | grad = 1.3034
step  12060 | loss = -1.7006 | mean(g_L) = +2.0786 | EMA = +2.0803 | std(g_L) = 0.9721 | grad = 1.3271
step  12080 | loss = -1.8275 | mean(g_L) = +2.1210 | EMA = +2.1138 | std(g_L) = 0.8566 | grad = 0.8068
step  12100 | loss = -1.7969 | mean(g_L) = +2.1332 | EMA = +2.1069 | std(g_L) = 0.9169 | grad = 1.0452
step  12120 | loss = -1.3975 | mean(g_L) = +1.8373 | EMA = +2.0925 | std(g_L) = 1.0486 | grad = 1.9709
step  12140 | loss = -1.7170 | mean(g_L) = +1.9700 | EMA = +2.0942 | std(g_L) = 0.7953 | grad = 0.8573
step  12160 | loss = -1.8088 | mean(g_L) = +2.1099 | EMA = +2.1059 | std(g_L) = 0.8676 | grad = 1.2560
step  12180 | loss = -1.8913 | mean(g_L) = +2.1694 | EMA = +2.0917 | std(g_L) = 0.8338 | grad = 0.5361
step  12200 | loss = -1.5560 | mean(g_L) = +1.9117 | EMA = +2.0979 | std(g_L) = 0.9430 | grad = 0.8695
step  12220 | loss = -1.7948 | mean(g_L) = +2.0562 | EMA = +2.1058 | std(g_L) = 0.8084 | grad = 0.6878
step  12240 | loss = -1.5774 | mean(g_L) = +1.9827 | EMA = +2.1014 | std(g_L) = 1.0066 | grad = 0.5886
step  12260 | loss = -1.7004 | mean(g_L) = +2.0509 | EMA = +2.0916 | std(g_L) = 0.9361 | grad = 1.0072
step  12280 | loss = -1.8863 | mean(g_L) = +2.1265 | EMA = +2.0840 | std(g_L) = 0.7750 | grad = 1.5249
step  12300 | loss = -1.8262 | mean(g_L) = +2.0908 | EMA = +2.0911 | std(g_L) = 0.8133 | grad = 0.7023
step  12320 | loss = -1.7512 | mean(g_L) = +2.0358 | EMA = +2.0789 | std(g_L) = 0.8434 | grad = 0.9197
step  12340 | loss = -1.9800 | mean(g_L) = +2.2259 | EMA = +2.0860 | std(g_L) = 0.7840 | grad = 0.5035
step  12360 | loss = -1.9137 | mean(g_L) = +2.1108 | EMA = +2.1022 | std(g_L) = 0.7019 | grad = 1.7975
step  12380 | loss = -1.6495 | mean(g_L) = +2.0390 | EMA = +2.1137 | std(g_L) = 0.9868 | grad = 0.6895
step  12400 | loss = -1.9464 | mean(g_L) = +2.1774 | EMA = +2.1087 | std(g_L) = 0.7598 | grad = 1.3076
step  12420 | loss = -1.8585 | mean(g_L) = +2.1447 | EMA = +2.1105 | std(g_L) = 0.8459 | grad = 1.2488
step  12440 | loss = -1.8771 | mean(g_L) = +2.1713 | EMA = +2.1440 | std(g_L) = 0.8577 | grad = 1.3228
step  12460 | loss = -1.8518 | mean(g_L) = +2.0902 | EMA = +2.1041 | std(g_L) = 0.7721 | grad = 0.8580
step  12480 | loss = -1.7657 | mean(g_L) = +2.1383 | EMA = +2.1015 | std(g_L) = 0.9651 | grad = 0.8086
step  12500 | loss = -2.0550 | mean(g_L) = +2.3016 | EMA = +2.1041 | std(g_L) = 0.7852 | grad = 1.1971
step  12520 | loss = -1.9134 | mean(g_L) = +2.1438 | EMA = +2.1014 | std(g_L) = 0.7589 | grad = 0.5194
step  12540 | loss = -1.8311 | mean(g_L) = +2.1422 | EMA = +2.0932 | std(g_L) = 0.8818 | grad = 0.5656
step  12560 | loss = -1.8227 | mean(g_L) = +2.0978 | EMA = +2.1027 | std(g_L) = 0.8293 | grad = 0.4928
step  12580 | loss = -1.6046 | mean(g_L) = +2.0167 | EMA = +2.0990 | std(g_L) = 1.0151 | grad = 0.9980
step  12600 | loss = -1.5642 | mean(g_L) = +1.9564 | EMA = +2.0880 | std(g_L) = 0.9902 | grad = 0.8836
step  12620 | loss = -1.7078 | mean(g_L) = +2.0426 | EMA = +2.1021 | std(g_L) = 0.9149 | grad = 0.3776
step  12640 | loss = -1.6888 | mean(g_L) = +2.0931 | EMA = +2.0845 | std(g_L) = 1.0053 | grad = 0.8011
step  12660 | loss = -1.9959 | mean(g_L) = +2.2273 | EMA = +2.0799 | std(g_L) = 0.7605 | grad = 0.3785
step  12680 | loss = -1.6907 | mean(g_L) = +2.0865 | EMA = +2.0937 | std(g_L) = 0.9947 | grad = 1.3379
step  12700 | loss = -1.8346 | mean(g_L) = +2.1618 | EMA = +2.1019 | std(g_L) = 0.9044 | grad = 1.5574
step  12720 | loss = -1.7971 | mean(g_L) = +2.0610 | EMA = +2.0677 | std(g_L) = 0.8123 | grad = 0.5730
step  12740 | loss = -1.6677 | mean(g_L) = +2.0676 | EMA = +2.0793 | std(g_L) = 0.9999 | grad = 0.8597
step  12760 | loss = -1.8124 | mean(g_L) = +2.1619 | EMA = +2.1106 | std(g_L) = 0.9347 | grad = 1.0249
step  12780 | loss = -1.7276 | mean(g_L) = +2.0445 | EMA = +2.0885 | std(g_L) = 0.8901 | grad = 0.5744
step  12800 | loss = -1.9571 | mean(g_L) = +2.2240 | EMA = +2.1031 | std(g_L) = 0.8169 | grad = 0.6729
step  12820 | loss = -1.6256 | mean(g_L) = +2.0215 | EMA = +2.0990 | std(g_L) = 0.9950 | grad = 1.5583
step  12840 | loss = -1.8290 | mean(g_L) = +2.1644 | EMA = +2.1158 | std(g_L) = 0.9157 | grad = 1.3772
step  12860 | loss = -1.8285 | mean(g_L) = +2.1202 | EMA = +2.0948 | std(g_L) = 0.8540 | grad = 0.8997
step  12880 | loss = -1.8607 | mean(g_L) = +2.1644 | EMA = +2.1276 | std(g_L) = 0.8714 | grad = 0.4887
step  12900 | loss = -1.9211 | mean(g_L) = +2.1843 | EMA = +2.1300 | std(g_L) = 0.8112 | grad = 0.8069
step  12920 | loss = -1.7272 | mean(g_L) = +2.0746 | EMA = +2.0990 | std(g_L) = 0.9320 | grad = 0.5742
step  12940 | loss = -1.7486 | mean(g_L) = +2.1123 | EMA = +2.0985 | std(g_L) = 0.9535 | grad = 1.1721
step  12960 | loss = -1.9642 | mean(g_L) = +2.1379 | EMA = +2.0917 | std(g_L) = 0.6591 | grad = 0.6121
step  12980 | loss = -1.7715 | mean(g_L) = +2.0646 | EMA = +2.0869 | std(g_L) = 0.8561 | grad = 0.9289
step  13000 | loss = -1.7681 | mean(g_L) = +2.1162 | EMA = +2.1129 | std(g_L) = 0.9329 | grad = 0.5512
step  13020 | loss = -1.5342 | mean(g_L) = +1.9383 | EMA = +2.0907 | std(g_L) = 1.0051 | grad = 1.2258
step  13040 | loss = -1.6895 | mean(g_L) = +1.9868 | EMA = +2.0732 | std(g_L) = 0.8621 | grad = 2.3192
step  13060 | loss = -1.7814 | mean(g_L) = +2.0423 | EMA = +2.0903 | std(g_L) = 0.8076 | grad = 0.4636
step  13080 | loss = -1.8919 | mean(g_L) = +2.2247 | EMA = +2.1235 | std(g_L) = 0.9121 | grad = 0.8496
step  13100 | loss = -1.5754 | mean(g_L) = +2.0235 | EMA = +2.0952 | std(g_L) = 1.0585 | grad = 0.8948
step  13120 | loss = -1.7916 | mean(g_L) = +2.0776 | EMA = +2.1021 | std(g_L) = 0.8455 | grad = 0.8038
step  13140 | loss = -1.9375 | mean(g_L) = +2.1897 | EMA = +2.1191 | std(g_L) = 0.7941 | grad = 0.2149
step  13160 | loss = -1.7890 | mean(g_L) = +2.0513 | EMA = +2.0924 | std(g_L) = 0.8098 | grad = 0.7287
step  13180 | loss = -1.6734 | mean(g_L) = +1.9930 | EMA = +2.0884 | std(g_L) = 0.8939 | grad = 1.1873
step  13200 | loss = -1.3546 | mean(g_L) = +1.9822 | EMA = +2.0638 | std(g_L) = 1.2526 | grad = 2.3172
step  13220 | loss = -1.7434 | mean(g_L) = +2.0898 | EMA = +2.0807 | std(g_L) = 0.9305 | grad = 1.0567
step  13240 | loss = -1.6988 | mean(g_L) = +1.9853 | EMA = +2.0906 | std(g_L) = 0.8463 | grad = 1.2049
step  13260 | loss = -1.8142 | mean(g_L) = +2.0937 | EMA = +2.0899 | std(g_L) = 0.8359 | grad = 1.6211
step  13280 | loss = -2.0153 | mean(g_L) = +2.2460 | EMA = +2.1099 | std(g_L) = 0.7595 | grad = 0.9104
step  13300 | loss = -1.9905 | mean(g_L) = +2.2119 | EMA = +2.1008 | std(g_L) = 0.7441 | grad = 1.1335
step  13320 | loss = -1.6016 | mean(g_L) = +1.9873 | EMA = +2.0978 | std(g_L) = 0.9819 | grad = 0.9210
step  13340 | loss = -1.7698 | mean(g_L) = +2.0731 | EMA = +2.0842 | std(g_L) = 0.8708 | grad = 0.4144
step  13360 | loss = -1.8680 | mean(g_L) = +2.1375 | EMA = +2.0822 | std(g_L) = 0.8209 | grad = 1.7598
step  13380 | loss = -1.7919 | mean(g_L) = +2.1540 | EMA = +2.0841 | std(g_L) = 0.9515 | grad = 0.7607
step  13400 | loss = -1.8777 | mean(g_L) = +2.1229 | EMA = +2.0866 | std(g_L) = 0.7829 | grad = 1.0767
step  13420 | loss = -1.8786 | mean(g_L) = +2.1114 | EMA = +2.0925 | std(g_L) = 0.7628 | grad = 0.4779
step  13440 | loss = -2.0356 | mean(g_L) = +2.3030 | EMA = +2.1126 | std(g_L) = 0.8177 | grad = 1.0248
step  13460 | loss = -1.8524 | mean(g_L) = +2.1078 | EMA = +2.1038 | std(g_L) = 0.7990 | grad = 1.7481
step  13480 | loss = -1.9517 | mean(g_L) = +2.1910 | EMA = +2.0913 | std(g_L) = 0.7735 | grad = 0.8215
step  13500 | loss = -1.5289 | mean(g_L) = +2.0089 | EMA = +2.0866 | std(g_L) = 1.0954 | grad = 0.9486
step  13520 | loss = -1.9397 | mean(g_L) = +2.2599 | EMA = +2.0929 | std(g_L) = 0.8947 | grad = 1.1959
step  13540 | loss = -1.8135 | mean(g_L) = +2.0896 | EMA = +2.0641 | std(g_L) = 0.8308 | grad = 0.9190
step  13560 | loss = -1.5974 | mean(g_L) = +1.9752 | EMA = +2.0901 | std(g_L) = 0.9718 | grad = 0.7293
step  13580 | loss = -1.6033 | mean(g_L) = +2.0012 | EMA = +2.0833 | std(g_L) = 0.9973 | grad = 2.1943
step  13600 | loss = -1.5983 | mean(g_L) = +1.9998 | EMA = +2.1026 | std(g_L) = 1.0018 | grad = 1.1408
step  13620 | loss = -1.7342 | mean(g_L) = +2.0548 | EMA = +2.0919 | std(g_L) = 0.8953 | grad = 1.4980
step  13640 | loss = -1.8404 | mean(g_L) = +2.1835 | EMA = +2.1050 | std(g_L) = 0.9261 | grad = 1.2763
step  13660 | loss = -1.8094 | mean(g_L) = +2.1292 | EMA = +2.1168 | std(g_L) = 0.8942 | grad = 1.0968
step  13680 | loss = -1.9456 | mean(g_L) = +2.1984 | EMA = +2.1114 | std(g_L) = 0.7951 | grad = 0.8884
step  13700 | loss = -1.6938 | mean(g_L) = +2.0151 | EMA = +2.1156 | std(g_L) = 0.8962 | grad = 0.9114
step  13720 | loss = -1.7187 | mean(g_L) = +2.0252 | EMA = +2.0958 | std(g_L) = 0.8753 | grad = 0.8480
step  13740 | loss = -1.6842 | mean(g_L) = +2.0535 | EMA = +2.0897 | std(g_L) = 0.9609 | grad = 0.5594
step  13760 | loss = -1.8066 | mean(g_L) = +2.1353 | EMA = +2.0952 | std(g_L) = 0.9065 | grad = 1.5668
step  13780 | loss = -1.9725 | mean(g_L) = +2.2188 | EMA = +2.0988 | std(g_L) = 0.7847 | grad = 0.5979
step  13800 | loss = -1.5197 | mean(g_L) = +1.9886 | EMA = +2.0950 | std(g_L) = 1.0828 | grad = 2.5029
step  13820 | loss = -1.8618 | mean(g_L) = +2.1097 | EMA = +2.0829 | std(g_L) = 0.7872 | grad = 1.3417
step  13840 | loss = -1.7676 | mean(g_L) = +2.0582 | EMA = +2.1010 | std(g_L) = 0.8524 | grad = 0.4950
step  13860 | loss = -1.9490 | mean(g_L) = +2.2557 | EMA = +2.1036 | std(g_L) = 0.8757 | grad = 1.4452
step  13880 | loss = -1.9442 | mean(g_L) = +2.2198 | EMA = +2.0932 | std(g_L) = 0.8300 | grad = 2.1511
step  13900 | loss = -1.5537 | mean(g_L) = +1.9743 | EMA = +2.0781 | std(g_L) = 1.0255 | grad = 1.2198
step  13920 | loss = -1.7409 | mean(g_L) = +2.1280 | EMA = +2.0947 | std(g_L) = 0.9838 | grad = 0.8520
step  13940 | loss = -1.6970 | mean(g_L) = +2.0644 | EMA = +2.0843 | std(g_L) = 0.9583 | grad = 1.3106
step  13960 | loss = -1.8001 | mean(g_L) = +2.1418 | EMA = +2.0813 | std(g_L) = 0.9242 | grad = 1.0058
step  13980 | loss = -1.9328 | mean(g_L) = +2.1689 | EMA = +2.0823 | std(g_L) = 0.7684 | grad = 0.7025
step  14000 | loss = -1.5182 | mean(g_L) = +1.9975 | EMA = +2.0722 | std(g_L) = 1.0948 | grad = 1.4338
step  14020 | loss = -1.7535 | mean(g_L) = +2.1010 | EMA = +2.1074 | std(g_L) = 0.9320 | grad = 1.8644
step  14040 | loss = -1.8059 | mean(g_L) = +2.1337 | EMA = +2.0934 | std(g_L) = 0.9052 | grad = 1.8764
step  14060 | loss = -1.8560 | mean(g_L) = +2.0477 | EMA = +2.0763 | std(g_L) = 0.6923 | grad = 0.8089
step  14080 | loss = -1.8384 | mean(g_L) = +2.1287 | EMA = +2.0755 | std(g_L) = 0.8518 | grad = 0.7223
step  14100 | loss = -1.8256 | mean(g_L) = +2.1377 | EMA = +2.0897 | std(g_L) = 0.8833 | grad = 1.1242
step  14120 | loss = -1.8229 | mean(g_L) = +2.1136 | EMA = +2.0897 | std(g_L) = 0.8525 | grad = 0.8799
step  14140 | loss = -2.0305 | mean(g_L) = +2.2371 | EMA = +2.0955 | std(g_L) = 0.7186 | grad = 0.7808
step  14160 | loss = -1.9382 | mean(g_L) = +2.1875 | EMA = +2.1020 | std(g_L) = 0.7895 | grad = 0.2980
step  14180 | loss = -1.5908 | mean(g_L) = +1.9846 | EMA = +2.0839 | std(g_L) = 0.9922 | grad = 1.4446
step  14200 | loss = -1.6184 | mean(g_L) = +2.0072 | EMA = +2.0736 | std(g_L) = 0.9858 | grad = 1.8067
step  14220 | loss = -1.4224 | mean(g_L) = +1.9532 | EMA = +2.0594 | std(g_L) = 1.1520 | grad = 0.9938
step  14240 | loss = -1.6333 | mean(g_L) = +1.9270 | EMA = +2.0724 | std(g_L) = 0.8568 | grad = 0.9686
step  14260 | loss = -1.8869 | mean(g_L) = +2.1376 | EMA = +2.1020 | std(g_L) = 0.7916 | grad = 1.5591
step  14280 | loss = -1.8855 | mean(g_L) = +2.1403 | EMA = +2.1025 | std(g_L) = 0.7981 | grad = 1.1904
step  14300 | loss = -1.8975 | mean(g_L) = +2.1538 | EMA = +2.1081 | std(g_L) = 0.8005 | grad = 0.6609
step  14320 | loss = -1.5902 | mean(g_L) = +1.9995 | EMA = +2.0944 | std(g_L) = 1.0116 | grad = 0.8705
step  14340 | loss = -1.6550 | mean(g_L) = +2.0395 | EMA = +2.1037 | std(g_L) = 0.9804 | grad = 1.3894
step  14360 | loss = -1.6630 | mean(g_L) = +2.0500 | EMA = +2.1102 | std(g_L) = 0.9836 | grad = 0.9564
step  14380 | loss = -1.9589 | mean(g_L) = +2.1957 | EMA = +2.0867 | std(g_L) = 0.7694 | grad = 0.7925
step  14400 | loss = -1.8891 | mean(g_L) = +2.0902 | EMA = +2.0857 | std(g_L) = 0.7090 | grad = 0.7142
step  14420 | loss = -1.8389 | mean(g_L) = +2.0848 | EMA = +2.0850 | std(g_L) = 0.7841 | grad = 0.9654
step  14440 | loss = -1.5658 | mean(g_L) = +1.9820 | EMA = +2.1059 | std(g_L) = 1.0201 | grad = 0.9156
step  14460 | loss = -1.8885 | mean(g_L) = +2.1403 | EMA = +2.0972 | std(g_L) = 0.7934 | grad = 0.5856
step  14480 | loss = -1.7639 | mean(g_L) = +2.0429 | EMA = +2.0973 | std(g_L) = 0.8351 | grad = 0.9430
step  14500 | loss = -2.0562 | mean(g_L) = +2.2875 | EMA = +2.1060 | std(g_L) = 0.7603 | grad = 0.8076
step  14520 | loss = -1.7966 | mean(g_L) = +2.1257 | EMA = +2.1076 | std(g_L) = 0.9071 | grad = 2.7211
step  14540 | loss = -1.8172 | mean(g_L) = +2.0934 | EMA = +2.1011 | std(g_L) = 0.8309 | grad = 0.8574
step  14560 | loss = -1.9122 | mean(g_L) = +2.1878 | EMA = +2.0915 | std(g_L) = 0.8300 | grad = 0.4009
step  14580 | loss = -1.7578 | mean(g_L) = +2.0923 | EMA = +2.0833 | std(g_L) = 0.9145 | grad = 1.2267
step  14600 | loss = -1.7346 | mean(g_L) = +2.0074 | EMA = +2.0941 | std(g_L) = 0.8259 | grad = 1.2007
step  14620 | loss = -1.7801 | mean(g_L) = +2.0708 | EMA = +2.1018 | std(g_L) = 0.8525 | grad = 1.0533
step  14640 | loss = -1.9572 | mean(g_L) = +2.1767 | EMA = +2.0953 | std(g_L) = 0.7408 | grad = 1.1403
step  14660 | loss = -1.8490 | mean(g_L) = +2.1492 | EMA = +2.1009 | std(g_L) = 0.8663 | grad = 0.5966
step  14680 | loss = -1.8066 | mean(g_L) = +2.1530 | EMA = +2.0864 | std(g_L) = 0.9305 | grad = 1.1469
step  14700 | loss = -1.6035 | mean(g_L) = +1.9239 | EMA = +2.0846 | std(g_L) = 0.8949 | grad = 0.7693
step  14720 | loss = -1.8165 | mean(g_L) = +2.1211 | EMA = +2.1032 | std(g_L) = 0.8726 | grad = 1.1295
step  14740 | loss = -1.8412 | mean(g_L) = +2.1144 | EMA = +2.0964 | std(g_L) = 0.8265 | grad = 0.3785
step  14760 | loss = -1.8628 | mean(g_L) = +2.1271 | EMA = +2.0811 | std(g_L) = 0.8129 | grad = 2.7499
step  14780 | loss = -2.0272 | mean(g_L) = +2.2304 | EMA = +2.0849 | std(g_L) = 0.7129 | grad = 0.5608
step  14800 | loss = -1.8967 | mean(g_L) = +2.1500 | EMA = +2.0864 | std(g_L) = 0.7958 | grad = 0.9873
step  14820 | loss = -1.9177 | mean(g_L) = +2.1548 | EMA = +2.0979 | std(g_L) = 0.7698 | grad = 1.4947
step  14840 | loss = -1.7789 | mean(g_L) = +2.1538 | EMA = +2.0996 | std(g_L) = 0.9681 | grad = 1.2496
step  14860 | loss = -1.8584 | mean(g_L) = +2.1284 | EMA = +2.0851 | std(g_L) = 0.8215 | grad = 0.5143
step  14880 | loss = -1.6683 | mean(g_L) = +1.9918 | EMA = +2.0922 | std(g_L) = 0.8993 | grad = 1.0219
step  14900 | loss = -1.7961 | mean(g_L) = +2.1300 | EMA = +2.0889 | std(g_L) = 0.9137 | grad = 0.3750
step  14920 | loss = -1.8092 | mean(g_L) = +2.2194 | EMA = +2.1142 | std(g_L) = 1.0127 | grad = 1.1242
step  14940 | loss = -1.8832 | mean(g_L) = +2.1299 | EMA = +2.1058 | std(g_L) = 0.7853 | grad = 0.5104
step  14960 | loss = -1.8903 | mean(g_L) = +2.1812 | EMA = +2.0990 | std(g_L) = 0.8529 | grad = 0.4574
step  14980 | loss = -1.7224 | mean(g_L) = +2.0757 | EMA = +2.0832 | std(g_L) = 0.9398 | grad = 3.5735
step  15000 | loss = -1.8852 | mean(g_L) = +2.1593 | EMA = +2.1093 | std(g_L) = 0.8278 | grad = 1.0862
T=5 finished.
