
============================================================
Alpha = 0.75
T = 5
L = 128
Batch size = 128
Steps = 15000
Checkpoints = /home/egalarraga/beam_dad/model_checkpoints/mean_var_loss/checkpoints_nx8/models/alpha_0.75/T5_L128_B128
============================================================
step      1 | loss = -0.0308 | mean(g_L) = +0.4053 | EMA = +0.4053 | std(g_L) = 0.7066 | grad = 0.2035
step     20 | loss = +0.0276 | mean(g_L) = +0.3750 | EMA = +0.3969 | std(g_L) = 0.7326 | grad = 0.2030
step     40 | loss = +0.0832 | mean(g_L) = +0.3933 | EMA = +0.3865 | std(g_L) = 0.7970 | grad = 0.1667
step     60 | loss = -0.0325 | mean(g_L) = +0.3574 | EMA = +0.3886 | std(g_L) = 0.6581 | grad = 0.1722
step     80 | loss = -0.0053 | mean(g_L) = +0.3662 | EMA = +0.3875 | std(g_L) = 0.6937 | grad = 0.1398
step    100 | loss = +0.0514 | mean(g_L) = +0.3978 | EMA = +0.3968 | std(g_L) = 0.7739 | grad = 0.2318
step    120 | loss = +0.0149 | mean(g_L) = +0.4315 | EMA = +0.4125 | std(g_L) = 0.7715 | grad = 0.2623
step    140 | loss = +0.2060 | mean(g_L) = +0.3533 | EMA = +0.4443 | std(g_L) = 0.8636 | grad = 0.2301
step    160 | loss = -0.0740 | mean(g_L) = +0.4805 | EMA = +0.4463 | std(g_L) = 0.7362 | grad = 0.1286
step    180 | loss = +0.1686 | mean(g_L) = +0.4587 | EMA = +0.4698 | std(g_L) = 0.9145 | grad = 0.8151
step    200 | loss = -0.0724 | mean(g_L) = +0.6236 | EMA = +0.4865 | std(g_L) = 0.8573 | grad = 0.4299
step    220 | loss = -0.1488 | mean(g_L) = +0.5391 | EMA = +0.5236 | std(g_L) = 0.7214 | grad = 0.3194
step    240 | loss = -0.0751 | mean(g_L) = +0.5917 | EMA = +0.5578 | std(g_L) = 0.8300 | grad = 0.5584
step    260 | loss = -0.1921 | mean(g_L) = +0.6676 | EMA = +0.6136 | std(g_L) = 0.7963 | grad = 0.3929
step    280 | loss = -0.2815 | mean(g_L) = +0.6978 | EMA = +0.6667 | std(g_L) = 0.7450 | grad = 0.6030
step    300 | loss = -0.0259 | mean(g_L) = +0.7851 | EMA = +0.7126 | std(g_L) = 1.0061 | grad = 4.4905
step    320 | loss = -0.2282 | mean(g_L) = +0.7385 | EMA = +0.7538 | std(g_L) = 0.8248 | grad = 1.0745
step    340 | loss = -0.3696 | mean(g_L) = +0.8351 | EMA = +0.7723 | std(g_L) = 0.7878 | grad = 0.6807
step    360 | loss = -0.1000 | mean(g_L) = +0.6903 | EMA = +0.7879 | std(g_L) = 0.8871 | grad = 1.2125
step    380 | loss = -0.3835 | mean(g_L) = +0.8403 | EMA = +0.8159 | std(g_L) = 0.7805 | grad = 0.8900
step    400 | loss = -0.4598 | mean(g_L) = +0.9371 | EMA = +0.8350 | std(g_L) = 0.7977 | grad = 0.8244
step    420 | loss = -0.4290 | mean(g_L) = +0.9465 | EMA = +0.8570 | std(g_L) = 0.8307 | grad = 1.3481
step    440 | loss = -0.4544 | mean(g_L) = +1.0131 | EMA = +0.8951 | std(g_L) = 0.8631 | grad = 0.6138
step    460 | loss = -0.3174 | mean(g_L) = +0.9207 | EMA = +0.9518 | std(g_L) = 0.8969 | grad = 1.2769
step    480 | loss = -0.2838 | mean(g_L) = +0.9992 | EMA = +1.0349 | std(g_L) = 0.9767 | grad = 0.8016
step    500 | loss = -0.2845 | mean(g_L) = +1.1026 | EMA = +1.0837 | std(g_L) = 1.0444 | grad = 1.1745
step    520 | loss = -0.3684 | mean(g_L) = +1.2011 | EMA = +1.1620 | std(g_L) = 1.0537 | grad = 1.7074
step    540 | loss = -0.5751 | mean(g_L) = +1.2032 | EMA = +1.2357 | std(g_L) = 0.9151 | grad = 0.6861
step    560 | loss = -0.5527 | mean(g_L) = +1.2087 | EMA = +1.2818 | std(g_L) = 0.9352 | grad = 1.3071
step    580 | loss = -0.4584 | mean(g_L) = +1.3258 | EMA = +1.3298 | std(g_L) = 1.0754 | grad = 0.7144
step    600 | loss = -0.4278 | mean(g_L) = +1.3929 | EMA = +1.3547 | std(g_L) = 1.1344 | grad = 1.7260
step    620 | loss = -0.5739 | mean(g_L) = +1.3901 | EMA = +1.3539 | std(g_L) = 1.0432 | grad = 1.7053
step    640 | loss = -0.7457 | mean(g_L) = +1.3274 | EMA = +1.3607 | std(g_L) = 0.8807 | grad = 1.2352
step    660 | loss = -0.8110 | mean(g_L) = +1.3422 | EMA = +1.3704 | std(g_L) = 0.8416 | grad = 1.4436
step    680 | loss = -0.7212 | mean(g_L) = +1.5965 | EMA = +1.4209 | std(g_L) = 1.0804 | grad = 1.0378
step    700 | loss = -0.3759 | mean(g_L) = +1.2597 | EMA = +1.3887 | std(g_L) = 1.0855 | grad = 1.0426
step    720 | loss = -0.6793 | mean(g_L) = +1.3450 | EMA = +1.4175 | std(g_L) = 0.9422 | grad = 0.5043
step    740 | loss = -0.2126 | mean(g_L) = +1.5115 | EMA = +1.4216 | std(g_L) = 1.3160 | grad = 1.0005
step    760 | loss = -0.6837 | mean(g_L) = +1.4316 | EMA = +1.4342 | std(g_L) = 0.9986 | grad = 1.0062
step    780 | loss = -0.7531 | mean(g_L) = +1.5216 | EMA = +1.4616 | std(g_L) = 1.0123 | grad = 1.6140
step    800 | loss = -0.6967 | mean(g_L) = +1.3393 | EMA = +1.4349 | std(g_L) = 0.9256 | grad = 1.1301
step    820 | loss = -0.6299 | mean(g_L) = +1.3849 | EMA = +1.4649 | std(g_L) = 1.0033 | grad = 0.7323
step    840 | loss = -0.5404 | mean(g_L) = +1.3449 | EMA = +1.4572 | std(g_L) = 1.0357 | grad = 0.9424
step    860 | loss = -0.4487 | mean(g_L) = +1.3000 | EMA = +1.4469 | std(g_L) = 1.0654 | grad = 0.9511
step    880 | loss = -0.9580 | mean(g_L) = +1.5599 | EMA = +1.4800 | std(g_L) = 0.8959 | grad = 0.7746
step    900 | loss = -0.4926 | mean(g_L) = +1.3499 | EMA = +1.4988 | std(g_L) = 1.0692 | grad = 1.2731
step    920 | loss = -0.7615 | mean(g_L) = +1.4166 | EMA = +1.4951 | std(g_L) = 0.9346 | grad = 0.8209
step    940 | loss = -0.6917 | mean(g_L) = +1.5118 | EMA = +1.4788 | std(g_L) = 1.0457 | grad = 0.9421
step    960 | loss = -0.7760 | mean(g_L) = +1.5678 | EMA = +1.4754 | std(g_L) = 1.0275 | grad = 1.1850
step    980 | loss = -0.8925 | mean(g_L) = +1.6706 | EMA = +1.5019 | std(g_L) = 1.0186 | grad = 0.7415
step   1000 | loss = -0.5103 | mean(g_L) = +1.3861 | EMA = +1.5004 | std(g_L) = 1.0806 | grad = 0.8461
step   1020 | loss = -0.8210 | mean(g_L) = +1.5766 | EMA = +1.5046 | std(g_L) = 1.0037 | grad = 0.5606
step   1040 | loss = -0.8529 | mean(g_L) = +1.6196 | EMA = +1.5219 | std(g_L) = 1.0111 | grad = 0.7191
step   1060 | loss = -0.7565 | mean(g_L) = +1.5573 | EMA = +1.5154 | std(g_L) = 1.0333 | grad = 1.1146
step   1080 | loss = -0.7833 | mean(g_L) = +1.5480 | EMA = +1.5053 | std(g_L) = 1.0098 | grad = 2.0458
step   1100 | loss = -0.7551 | mean(g_L) = +1.6429 | EMA = +1.5116 | std(g_L) = 1.0880 | grad = 1.2541
step   1120 | loss = -0.6729 | mean(g_L) = +1.5177 | EMA = +1.5199 | std(g_L) = 1.0613 | grad = 0.5919
step   1140 | loss = -0.7434 | mean(g_L) = +1.4882 | EMA = +1.5488 | std(g_L) = 0.9965 | grad = 1.4461
step   1160 | loss = -0.8752 | mean(g_L) = +1.6742 | EMA = +1.5351 | std(g_L) = 1.0321 | grad = 0.4694
step   1180 | loss = -0.9187 | mean(g_L) = +1.6495 | EMA = +1.5259 | std(g_L) = 0.9871 | grad = 0.5459
step   1200 | loss = -0.6722 | mean(g_L) = +1.4859 | EMA = +1.5328 | std(g_L) = 1.0416 | grad = 1.4465
step   1220 | loss = -0.7214 | mean(g_L) = +1.4229 | EMA = +1.5185 | std(g_L) = 0.9672 | grad = 1.0952
step   1240 | loss = -0.7950 | mean(g_L) = +1.4951 | EMA = +1.5447 | std(g_L) = 0.9662 | grad = 1.0319
step   1260 | loss = -0.7209 | mean(g_L) = +1.5044 | EMA = +1.5388 | std(g_L) = 1.0221 | grad = 0.5535
step   1280 | loss = -0.4787 | mean(g_L) = +1.4356 | EMA = +1.5538 | std(g_L) = 1.1295 | grad = 1.2607
step   1300 | loss = -0.7802 | mean(g_L) = +1.5865 | EMA = +1.5459 | std(g_L) = 1.0368 | grad = 1.5995
step   1320 | loss = -0.5078 | mean(g_L) = +1.5195 | EMA = +1.5312 | std(g_L) = 1.1614 | grad = 2.6195
step   1340 | loss = -0.6564 | mean(g_L) = +1.5186 | EMA = +1.5286 | std(g_L) = 1.0722 | grad = 0.6658
step   1360 | loss = -0.5390 | mean(g_L) = +1.4472 | EMA = +1.5474 | std(g_L) = 1.1004 | grad = 1.9545
step   1380 | loss = -0.7552 | mean(g_L) = +1.5280 | EMA = +1.5411 | std(g_L) = 1.0151 | grad = 1.0860
step   1400 | loss = -0.7742 | mean(g_L) = +1.6421 | EMA = +1.5609 | std(g_L) = 1.0758 | grad = 0.6637
step   1420 | loss = -0.7334 | mean(g_L) = +1.5294 | EMA = +1.5766 | std(g_L) = 1.0302 | grad = 1.0724
step   1440 | loss = -0.6412 | mean(g_L) = +1.5338 | EMA = +1.5625 | std(g_L) = 1.0909 | grad = 0.9671
step   1460 | loss = -0.8418 | mean(g_L) = +1.5435 | EMA = +1.5531 | std(g_L) = 0.9672 | grad = 1.0847
step   1480 | loss = -0.6606 | mean(g_L) = +1.4164 | EMA = +1.6039 | std(g_L) = 1.0038 | grad = 0.4926
step   1500 | loss = -0.5890 | mean(g_L) = +1.4414 | EMA = +1.5795 | std(g_L) = 1.0661 | grad = 3.5787
step   1520 | loss = -0.8248 | mean(g_L) = +1.5191 | EMA = +1.5553 | std(g_L) = 0.9622 | grad = 0.9356
step   1540 | loss = -0.9793 | mean(g_L) = +1.6783 | EMA = +1.5657 | std(g_L) = 0.9654 | grad = 0.6456
step   1560 | loss = -0.5250 | mean(g_L) = +1.4688 | EMA = +1.5683 | std(g_L) = 1.1218 | grad = 1.4413
step   1580 | loss = -0.8337 | mean(g_L) = +1.5286 | EMA = +1.5545 | std(g_L) = 0.9626 | grad = 0.5344
step   1600 | loss = -0.7201 | mean(g_L) = +1.4488 | EMA = +1.5580 | std(g_L) = 0.9857 | grad = 1.1202
step   1620 | loss = -0.6008 | mean(g_L) = +1.4786 | EMA = +1.5684 | std(g_L) = 1.0818 | grad = 0.7868
step   1640 | loss = -0.5862 | mean(g_L) = +1.5414 | EMA = +1.5500 | std(g_L) = 1.1286 | grad = 0.9269
step   1660 | loss = -0.8685 | mean(g_L) = +1.6586 | EMA = +1.5658 | std(g_L) = 1.0264 | grad = 1.2644
step   1680 | loss = -0.8967 | mean(g_L) = +1.5847 | EMA = +1.5596 | std(g_L) = 0.9578 | grad = 1.5042
step   1700 | loss = -0.9771 | mean(g_L) = +1.6971 | EMA = +1.5738 | std(g_L) = 0.9797 | grad = 0.6517
step   1720 | loss = -0.7435 | mean(g_L) = +1.4252 | EMA = +1.5406 | std(g_L) = 0.9534 | grad = 1.1917
step   1740 | loss = -0.8802 | mean(g_L) = +1.5646 | EMA = +1.5537 | std(g_L) = 0.9553 | grad = 0.5433
step   1760 | loss = -0.8666 | mean(g_L) = +1.6214 | EMA = +1.5897 | std(g_L) = 1.0032 | grad = 0.5654
step   1780 | loss = -0.6286 | mean(g_L) = +1.5508 | EMA = +1.5744 | std(g_L) = 1.1089 | grad = 1.4219
step   1800 | loss = -0.5894 | mean(g_L) = +1.4872 | EMA = +1.5636 | std(g_L) = 1.0942 | grad = 1.1632
step   1820 | loss = -0.9611 | mean(g_L) = +1.5835 | EMA = +1.5558 | std(g_L) = 0.9110 | grad = 0.7451
step   1840 | loss = -0.7616 | mean(g_L) = +1.5759 | EMA = +1.5786 | std(g_L) = 1.0420 | grad = 0.9246
step   1860 | loss = -0.5643 | mean(g_L) = +1.5920 | EMA = +1.5777 | std(g_L) = 1.1706 | grad = 1.8806
step   1880 | loss = -0.7375 | mean(g_L) = +1.5203 | EMA = +1.6062 | std(g_L) = 1.0216 | grad = 0.8157
step   1900 | loss = -0.8425 | mean(g_L) = +1.5413 | EMA = +1.5610 | std(g_L) = 0.9653 | grad = 1.0418
step   1920 | loss = -0.9085 | mean(g_L) = +1.5930 | EMA = +1.5776 | std(g_L) = 0.9553 | grad = 0.9205
step   1940 | loss = -1.0107 | mean(g_L) = +1.6028 | EMA = +1.5694 | std(g_L) = 0.8885 | grad = 0.9622
step   1960 | loss = -0.7364 | mean(g_L) = +1.5128 | EMA = +1.5626 | std(g_L) = 1.0175 | grad = 1.0904
step   1980 | loss = -0.7586 | mean(g_L) = +1.5643 | EMA = +1.5790 | std(g_L) = 1.0365 | grad = 1.2913
step   2000 | loss = -0.8133 | mean(g_L) = +1.4940 | EMA = +1.5741 | std(g_L) = 0.9527 | grad = 0.7919
step   2020 | loss = -0.6853 | mean(g_L) = +1.5101 | EMA = +1.5611 | std(g_L) = 1.0487 | grad = 1.2335
step   2040 | loss = -1.0144 | mean(g_L) = +1.6929 | EMA = +1.5838 | std(g_L) = 0.9511 | grad = 0.7944
step   2060 | loss = -0.8087 | mean(g_L) = +1.4966 | EMA = +1.6030 | std(g_L) = 0.9577 | grad = 0.6277
step   2080 | loss = -1.0625 | mean(g_L) = +1.6636 | EMA = +1.6231 | std(g_L) = 0.8952 | grad = 0.3878
step   2100 | loss = -0.6671 | mean(g_L) = +1.5998 | EMA = +1.6144 | std(g_L) = 1.1152 | grad = 1.5857
step   2120 | loss = -1.1534 | mean(g_L) = +1.7431 | EMA = +1.6311 | std(g_L) = 0.8867 | grad = 1.0022
step   2140 | loss = -1.0274 | mean(g_L) = +1.7073 | EMA = +1.6239 | std(g_L) = 0.9521 | grad = 0.5084
step   2160 | loss = -0.6361 | mean(g_L) = +1.5723 | EMA = +1.6022 | std(g_L) = 1.1173 | grad = 1.6161
step   2180 | loss = -1.0283 | mean(g_L) = +1.6737 | EMA = +1.6270 | std(g_L) = 0.9277 | grad = 1.9104
step   2200 | loss = -0.9031 | mean(g_L) = +1.5753 | EMA = +1.6496 | std(g_L) = 0.9467 | grad = 1.0264
step   2220 | loss = -1.0044 | mean(g_L) = +1.6586 | EMA = +1.6667 | std(g_L) = 0.9340 | grad = 1.1638
step   2240 | loss = -0.7933 | mean(g_L) = +1.7256 | EMA = +1.6353 | std(g_L) = 1.1149 | grad = 1.7425
step   2260 | loss = -1.0673 | mean(g_L) = +1.6675 | EMA = +1.6278 | std(g_L) = 0.8946 | grad = 0.5653
step   2280 | loss = -1.0235 | mean(g_L) = +1.7152 | EMA = +1.6546 | std(g_L) = 0.9603 | grad = 0.3242
step   2300 | loss = -0.7723 | mean(g_L) = +1.6159 | EMA = +1.6628 | std(g_L) = 1.0606 | grad = 1.7619
step   2320 | loss = -1.0135 | mean(g_L) = +1.6910 | EMA = +1.6856 | std(g_L) = 0.9504 | grad = 1.2421
step   2340 | loss = -0.8893 | mean(g_L) = +1.6411 | EMA = +1.7029 | std(g_L) = 1.0012 | grad = 0.8525
step   2360 | loss = -1.0787 | mean(g_L) = +1.6298 | EMA = +1.6830 | std(g_L) = 0.8572 | grad = 0.5863
step   2380 | loss = -1.2228 | mean(g_L) = +1.8513 | EMA = +1.7077 | std(g_L) = 0.9154 | grad = 1.5040
step   2400 | loss = -1.3270 | mean(g_L) = +1.9293 | EMA = +1.7215 | std(g_L) = 0.8962 | grad = 0.6751
step   2420 | loss = -1.0407 | mean(g_L) = +1.6272 | EMA = +1.6922 | std(g_L) = 0.8843 | grad = 0.5069
step   2440 | loss = -1.1141 | mean(g_L) = +1.6942 | EMA = +1.6959 | std(g_L) = 0.8795 | grad = 0.8825
step   2460 | loss = -0.8792 | mean(g_L) = +1.7526 | EMA = +1.7417 | std(g_L) = 1.0792 | grad = 1.6552
step   2480 | loss = -0.9464 | mean(g_L) = +1.6988 | EMA = +1.7502 | std(g_L) = 1.0016 | grad = 1.6863
step   2500 | loss = -1.0855 | mean(g_L) = +1.7312 | EMA = +1.7513 | std(g_L) = 0.9279 | grad = 0.4826
step   2520 | loss = -1.0209 | mean(g_L) = +1.7372 | EMA = +1.7583 | std(g_L) = 0.9773 | grad = 1.7370
step   2540 | loss = -0.8639 | mean(g_L) = +1.6946 | EMA = +1.7264 | std(g_L) = 1.0524 | grad = 0.4500
step   2560 | loss = -1.2200 | mean(g_L) = +1.7930 | EMA = +1.7490 | std(g_L) = 0.8741 | grad = 1.4861
step   2580 | loss = -1.1938 | mean(g_L) = +1.8032 | EMA = +1.7532 | std(g_L) = 0.9014 | grad = 1.1017
step   2600 | loss = -1.1710 | mean(g_L) = +1.7323 | EMA = +1.7529 | std(g_L) = 0.8651 | grad = 0.6129
step   2620 | loss = -1.1113 | mean(g_L) = +1.7921 | EMA = +1.7938 | std(g_L) = 0.9528 | grad = 1.5573
step   2640 | loss = -1.0897 | mean(g_L) = +1.8865 | EMA = +1.8164 | std(g_L) = 1.0307 | grad = 1.0327
step   2660 | loss = -1.0946 | mean(g_L) = +1.7765 | EMA = +1.7815 | std(g_L) = 0.9536 | grad = 1.3044
step   2680 | loss = -1.0103 | mean(g_L) = +1.7507 | EMA = +1.7756 | std(g_L) = 0.9935 | grad = 0.6758
step   2700 | loss = -1.2226 | mean(g_L) = +1.8025 | EMA = +1.7846 | std(g_L) = 0.8793 | grad = 1.4529
step   2720 | loss = -1.3847 | mean(g_L) = +1.9096 | EMA = +1.8089 | std(g_L) = 0.8366 | grad = 0.6140
step   2740 | loss = -0.7262 | mean(g_L) = +1.8432 | EMA = +1.8139 | std(g_L) = 1.2204 | grad = 1.8020
step   2760 | loss = -1.0027 | mean(g_L) = +1.8372 | EMA = +1.7847 | std(g_L) = 1.0549 | grad = 1.5131
step   2780 | loss = -1.2838 | mean(g_L) = +1.8689 | EMA = +1.8027 | std(g_L) = 0.8833 | grad = 1.8027
step   2800 | loss = -0.9466 | mean(g_L) = +1.7443 | EMA = +1.8125 | std(g_L) = 1.0313 | grad = 1.0759
step   2820 | loss = -1.2096 | mean(g_L) = +1.8454 | EMA = +1.8228 | std(g_L) = 0.9208 | grad = 0.6625
step   2840 | loss = -1.3535 | mean(g_L) = +1.9096 | EMA = +1.8162 | std(g_L) = 0.8611 | grad = 1.1079
step   2860 | loss = -0.9611 | mean(g_L) = +1.7315 | EMA = +1.8004 | std(g_L) = 1.0135 | grad = 1.1529
step   2880 | loss = -1.2547 | mean(g_L) = +1.8666 | EMA = +1.8339 | std(g_L) = 0.9032 | grad = 1.0497
step   2900 | loss = -1.0415 | mean(g_L) = +1.7570 | EMA = +1.8169 | std(g_L) = 0.9767 | grad = 1.7787
step   2920 | loss = -1.2630 | mean(g_L) = +1.8063 | EMA = +1.8410 | std(g_L) = 0.8511 | grad = 0.9686
step   2940 | loss = -1.1666 | mean(g_L) = +1.8340 | EMA = +1.8315 | std(g_L) = 0.9433 | grad = 1.2719
step   2960 | loss = -1.1158 | mean(g_L) = +1.8364 | EMA = +1.8405 | std(g_L) = 0.9802 | grad = 1.1231
step   2980 | loss = -1.2471 | mean(g_L) = +1.8768 | EMA = +1.8425 | std(g_L) = 0.9163 | grad = 1.7045
step   3000 | loss = -1.1794 | mean(g_L) = +1.7500 | EMA = +1.8072 | std(g_L) = 0.8723 | grad = 0.8713
step   3020 | loss = -1.1811 | mean(g_L) = +1.7805 | EMA = +1.8221 | std(g_L) = 0.8940 | grad = 0.7697
step   3040 | loss = -1.2871 | mean(g_L) = +1.7887 | EMA = +1.8224 | std(g_L) = 0.8178 | grad = 0.8058
step   3060 | loss = -1.4333 | mean(g_L) = +1.8475 | EMA = +1.8553 | std(g_L) = 0.7432 | grad = 0.4965
step   3080 | loss = -1.2142 | mean(g_L) = +1.8771 | EMA = +1.8396 | std(g_L) = 0.9402 | grad = 0.7118
step   3100 | loss = -1.3116 | mean(g_L) = +1.8064 | EMA = +1.8271 | std(g_L) = 0.8122 | grad = 1.0992
step   3120 | loss = -1.1569 | mean(g_L) = +1.7989 | EMA = +1.8186 | std(g_L) = 0.9252 | grad = 1.2471
step   3140 | loss = -1.2982 | mean(g_L) = +1.7468 | EMA = +1.8139 | std(g_L) = 0.7734 | grad = 1.3965
step   3160 | loss = -1.2523 | mean(g_L) = +1.7799 | EMA = +1.8329 | std(g_L) = 0.8387 | grad = 1.3493
step   3180 | loss = -1.2765 | mean(g_L) = +1.9394 | EMA = +1.8404 | std(g_L) = 0.9402 | grad = 1.5399
step   3200 | loss = -1.2644 | mean(g_L) = +1.8485 | EMA = +1.8376 | std(g_L) = 0.8825 | grad = 1.0028
step   3220 | loss = -1.3394 | mean(g_L) = +1.7901 | EMA = +1.8311 | std(g_L) = 0.7752 | grad = 1.5142
step   3240 | loss = -1.4797 | mean(g_L) = +1.9455 | EMA = +1.8392 | std(g_L) = 0.7881 | grad = 1.3278
step   3260 | loss = -1.1249 | mean(g_L) = +1.7746 | EMA = +1.8334 | std(g_L) = 0.9307 | grad = 0.9488
step   3280 | loss = -1.3907 | mean(g_L) = +1.7594 | EMA = +1.8318 | std(g_L) = 0.7012 | grad = 0.7617
step   3300 | loss = -1.3027 | mean(g_L) = +1.8251 | EMA = +1.8178 | std(g_L) = 0.8346 | grad = 1.6420
step   3320 | loss = -1.3354 | mean(g_L) = +1.8776 | EMA = +1.8247 | std(g_L) = 0.8503 | grad = 0.8693
step   3340 | loss = -1.3783 | mean(g_L) = +1.8200 | EMA = +1.8428 | std(g_L) = 0.7674 | grad = 1.0519
step   3360 | loss = -1.3991 | mean(g_L) = +1.8868 | EMA = +1.8385 | std(g_L) = 0.8064 | grad = 1.0949
step   3380 | loss = -1.4373 | mean(g_L) = +1.9213 | EMA = +1.8538 | std(g_L) = 0.8034 | grad = 1.0252
step   3400 | loss = -1.2110 | mean(g_L) = +1.7116 | EMA = +1.8341 | std(g_L) = 0.8170 | grad = 0.9078
step   3420 | loss = -1.7034 | mean(g_L) = +2.0626 | EMA = +1.8432 | std(g_L) = 0.6921 | grad = 0.6302
step   3440 | loss = -1.3974 | mean(g_L) = +1.8407 | EMA = +1.8237 | std(g_L) = 0.7688 | grad = 1.5515
step   3460 | loss = -1.3064 | mean(g_L) = +1.8535 | EMA = +1.8213 | std(g_L) = 0.8541 | grad = 0.7956
step   3480 | loss = -1.4088 | mean(g_L) = +1.8362 | EMA = +1.8438 | std(g_L) = 0.7549 | grad = 0.4869
step   3500 | loss = -1.0798 | mean(g_L) = +1.7840 | EMA = +1.8476 | std(g_L) = 0.9690 | grad = 0.8072
step   3520 | loss = -1.4356 | mean(g_L) = +1.8965 | EMA = +1.8411 | std(g_L) = 0.7839 | grad = 0.8942
step   3540 | loss = -1.0846 | mean(g_L) = +1.7508 | EMA = +1.8382 | std(g_L) = 0.9424 | grad = 1.6637
step   3560 | loss = -1.3174 | mean(g_L) = +1.7798 | EMA = +1.8276 | std(g_L) = 0.7852 | grad = 0.8981
step   3580 | loss = -1.2786 | mean(g_L) = +1.9321 | EMA = +1.8312 | std(g_L) = 0.9334 | grad = 2.1558
step   3600 | loss = -1.4662 | mean(g_L) = +1.7811 | EMA = +1.8255 | std(g_L) = 0.6479 | grad = 1.0337
step   3620 | loss = -1.5415 | mean(g_L) = +1.9930 | EMA = +1.8425 | std(g_L) = 0.7758 | grad = 0.5264
step   3640 | loss = -1.2321 | mean(g_L) = +1.7268 | EMA = +1.8274 | std(g_L) = 0.8121 | grad = 2.0919
step   3660 | loss = -1.1970 | mean(g_L) = +1.8140 | EMA = +1.8378 | std(g_L) = 0.9071 | grad = 1.8434
step   3680 | loss = -1.1312 | mean(g_L) = +1.7850 | EMA = +1.8294 | std(g_L) = 0.9337 | grad = 1.4420
step   3700 | loss = -1.4348 | mean(g_L) = +1.8450 | EMA = +1.8329 | std(g_L) = 0.7396 | grad = 0.5969
step   3720 | loss = -1.2616 | mean(g_L) = +1.8424 | EMA = +1.8520 | std(g_L) = 0.8800 | grad = 0.4554
step   3740 | loss = -1.2565 | mean(g_L) = +1.7649 | EMA = +1.8342 | std(g_L) = 0.8233 | grad = 0.9220
step   3760 | loss = -1.3422 | mean(g_L) = +1.8196 | EMA = +1.8228 | std(g_L) = 0.7979 | grad = 0.3824
step   3780 | loss = -1.2424 | mean(g_L) = +1.7264 | EMA = +1.8073 | std(g_L) = 0.8034 | grad = 1.7926
step   3800 | loss = -1.4084 | mean(g_L) = +1.8306 | EMA = +1.8022 | std(g_L) = 0.7503 | grad = 1.5594
step   3820 | loss = -1.3537 | mean(g_L) = +1.7914 | EMA = +1.8108 | std(g_L) = 0.7640 | grad = 0.7960
step   3840 | loss = -1.0005 | mean(g_L) = +1.7264 | EMA = +1.8203 | std(g_L) = 0.9838 | grad = 1.4800
step   3860 | loss = -1.3259 | mean(g_L) = +1.8332 | EMA = +1.8313 | std(g_L) = 0.8225 | grad = 0.5020
step   3880 | loss = -1.4186 | mean(g_L) = +1.8704 | EMA = +1.8316 | std(g_L) = 0.7762 | grad = 0.9609
step   3900 | loss = -1.5920 | mean(g_L) = +1.9505 | EMA = +1.8423 | std(g_L) = 0.6914 | grad = 0.7253
step   3920 | loss = -1.4802 | mean(g_L) = +1.8666 | EMA = +1.8512 | std(g_L) = 0.7178 | grad = 0.5129
step   3940 | loss = -1.3472 | mean(g_L) = +1.8072 | EMA = +1.8454 | std(g_L) = 0.7831 | grad = 0.8842
step   3960 | loss = -1.2864 | mean(g_L) = +1.7908 | EMA = +1.8510 | std(g_L) = 0.8201 | grad = 1.0881
step   3980 | loss = -1.3298 | mean(g_L) = +1.7454 | EMA = +1.8457 | std(g_L) = 0.7444 | grad = 0.8971
step   4000 | loss = -1.2649 | mean(g_L) = +1.8105 | EMA = +1.8471 | std(g_L) = 0.8529 | grad = 0.9669
step   4020 | loss = -1.2008 | mean(g_L) = +1.8039 | EMA = +1.8453 | std(g_L) = 0.8968 | grad = 1.3409
step   4040 | loss = -1.4281 | mean(g_L) = +1.8564 | EMA = +1.8466 | std(g_L) = 0.7558 | grad = 1.9139
step   4060 | loss = -1.4706 | mean(g_L) = +1.9011 | EMA = +1.8424 | std(g_L) = 0.7577 | grad = 0.6943
step   4080 | loss = -1.3686 | mean(g_L) = +1.9196 | EMA = +1.8586 | std(g_L) = 0.8571 | grad = 0.9076
step   4100 | loss = -1.2350 | mean(g_L) = +1.7856 | EMA = +1.8511 | std(g_L) = 0.8569 | grad = 0.6823
step   4120 | loss = -1.3238 | mean(g_L) = +1.8781 | EMA = +1.8470 | std(g_L) = 0.8597 | grad = 0.9304
step   4140 | loss = -1.2888 | mean(g_L) = +1.8170 | EMA = +1.8497 | std(g_L) = 0.8392 | grad = 0.8284
step   4160 | loss = -1.3293 | mean(g_L) = +1.8195 | EMA = +1.8498 | std(g_L) = 0.8085 | grad = 0.8249
step   4180 | loss = -1.2997 | mean(g_L) = +1.8171 | EMA = +1.8301 | std(g_L) = 0.8306 | grad = 1.9979
step   4200 | loss = -1.1754 | mean(g_L) = +1.7692 | EMA = +1.8597 | std(g_L) = 0.8898 | grad = 0.5750
step   4220 | loss = -1.2856 | mean(g_L) = +1.8909 | EMA = +1.8567 | std(g_L) = 0.8984 | grad = 0.5803
step   4240 | loss = -1.3252 | mean(g_L) = +1.8952 | EMA = +1.8371 | std(g_L) = 0.8717 | grad = 2.3599
step   4260 | loss = -1.2532 | mean(g_L) = +1.7408 | EMA = +1.8231 | std(g_L) = 0.8063 | grad = 1.1573
step   4280 | loss = -1.2733 | mean(g_L) = +1.8061 | EMA = +1.8333 | std(g_L) = 0.8429 | grad = 1.3802
step   4300 | loss = -1.0828 | mean(g_L) = +1.8033 | EMA = +1.8435 | std(g_L) = 0.9801 | grad = 2.5969
step   4320 | loss = -1.4419 | mean(g_L) = +1.8404 | EMA = +1.8342 | std(g_L) = 0.7289 | grad = 0.9973
step   4340 | loss = -1.3608 | mean(g_L) = +1.7632 | EMA = +1.8383 | std(g_L) = 0.7324 | grad = 0.8728
step   4360 | loss = -1.1099 | mean(g_L) = +1.7434 | EMA = +1.8393 | std(g_L) = 0.9191 | grad = 1.3403
step   4380 | loss = -1.4176 | mean(g_L) = +1.8740 | EMA = +1.8315 | std(g_L) = 0.7801 | grad = 0.7431
step   4400 | loss = -1.4687 | mean(g_L) = +1.9147 | EMA = +1.8557 | std(g_L) = 0.7712 | grad = 0.7977
step   4420 | loss = -1.3374 | mean(g_L) = +1.8489 | EMA = +1.8359 | std(g_L) = 0.8258 | grad = 0.6036
step   4440 | loss = -1.4054 | mean(g_L) = +1.8653 | EMA = +1.8495 | std(g_L) = 0.7831 | grad = 0.9278
step   4460 | loss = -1.3313 | mean(g_L) = +1.8405 | EMA = +1.8277 | std(g_L) = 0.8240 | grad = 0.8270
step   4480 | loss = -1.1696 | mean(g_L) = +1.7487 | EMA = +1.8425 | std(g_L) = 0.8787 | grad = 0.9308
step   4500 | loss = -1.3322 | mean(g_L) = +1.8176 | EMA = +1.8381 | std(g_L) = 0.8045 | grad = 0.9480
step   4520 | loss = -1.2250 | mean(g_L) = +1.8065 | EMA = +1.8257 | std(g_L) = 0.8805 | grad = 0.6383
step   4540 | loss = -1.4605 | mean(g_L) = +1.8295 | EMA = +1.8502 | std(g_L) = 0.7014 | grad = 0.3581
step   4560 | loss = -1.4191 | mean(g_L) = +1.8474 | EMA = +1.8465 | std(g_L) = 0.7557 | grad = 0.5949
step   4580 | loss = -1.3009 | mean(g_L) = +1.8254 | EMA = +1.8548 | std(g_L) = 0.8362 | grad = 1.7013
step   4600 | loss = -1.3827 | mean(g_L) = +1.8151 | EMA = +1.8323 | std(g_L) = 0.7593 | grad = 1.0252
step   4620 | loss = -1.3791 | mean(g_L) = +1.8604 | EMA = +1.8192 | std(g_L) = 0.8010 | grad = 0.7234
step   4640 | loss = -1.5314 | mean(g_L) = +1.9158 | EMA = +1.8368 | std(g_L) = 0.7160 | grad = 0.6021
step   4660 | loss = -1.1285 | mean(g_L) = +1.6949 | EMA = +1.8273 | std(g_L) = 0.8690 | grad = 0.7187
step   4680 | loss = -1.4597 | mean(g_L) = +1.8781 | EMA = +1.8497 | std(g_L) = 0.7469 | grad = 0.9538
step   4700 | loss = -1.3653 | mean(g_L) = +1.9162 | EMA = +1.8489 | std(g_L) = 0.8570 | grad = 0.9835
step   4720 | loss = -1.2936 | mean(g_L) = +1.8012 | EMA = +1.8557 | std(g_L) = 0.8226 | grad = 0.8556
step   4740 | loss = -1.4313 | mean(g_L) = +1.9082 | EMA = +1.8479 | std(g_L) = 0.7974 | grad = 0.4348
step   4760 | loss = -1.4229 | mean(g_L) = +1.8628 | EMA = +1.8456 | std(g_L) = 0.7659 | grad = 0.4635
step   4780 | loss = -1.2993 | mean(g_L) = +1.7848 | EMA = +1.8543 | std(g_L) = 0.8045 | grad = 1.1342
step   4800 | loss = -1.5348 | mean(g_L) = +1.9928 | EMA = +1.8673 | std(g_L) = 0.7815 | grad = 1.2599
step   4820 | loss = -1.3925 | mean(g_L) = +1.9086 | EMA = +1.8405 | std(g_L) = 0.8295 | grad = 1.4750
step   4840 | loss = -1.2950 | mean(g_L) = +1.8040 | EMA = +1.8468 | std(g_L) = 0.8238 | grad = 1.2220
step   4860 | loss = -1.0661 | mean(g_L) = +1.7139 | EMA = +1.8389 | std(g_L) = 0.9294 | grad = 0.8862
step   4880 | loss = -1.4243 | mean(g_L) = +1.8977 | EMA = +1.8528 | std(g_L) = 0.7945 | grad = 1.4343
step   4900 | loss = -1.3994 | mean(g_L) = +1.8408 | EMA = +1.8487 | std(g_L) = 0.7671 | grad = 0.7912
step   4920 | loss = -1.3176 | mean(g_L) = +1.8841 | EMA = +1.8390 | std(g_L) = 0.8691 | grad = 1.2063
step   4940 | loss = -1.2798 | mean(g_L) = +1.7523 | EMA = +1.8531 | std(g_L) = 0.7937 | grad = 1.1370
step   4960 | loss = -1.6489 | mean(g_L) = +1.9478 | EMA = +1.8669 | std(g_L) = 0.6313 | grad = 0.7159
step   4980 | loss = -1.1523 | mean(g_L) = +1.6887 | EMA = +1.8519 | std(g_L) = 0.8457 | grad = 1.5096
step   5000 | loss = -1.2529 | mean(g_L) = +1.7998 | EMA = +1.8455 | std(g_L) = 0.8539 | grad = 0.5904
step   5020 | loss = -1.4362 | mean(g_L) = +1.8843 | EMA = +1.8364 | std(g_L) = 0.7730 | grad = 1.2314
step   5040 | loss = -1.4692 | mean(g_L) = +1.8912 | EMA = +1.8656 | std(g_L) = 0.7501 | grad = 1.1954
step   5060 | loss = -1.3555 | mean(g_L) = +1.9329 | EMA = +1.8566 | std(g_L) = 0.8774 | grad = 1.1420
step   5080 | loss = -1.3392 | mean(g_L) = +1.7600 | EMA = +1.8394 | std(g_L) = 0.7490 | grad = 0.6027
step   5100 | loss = -1.3184 | mean(g_L) = +1.8002 | EMA = +1.8473 | std(g_L) = 0.8015 | grad = 1.3412
step   5120 | loss = -1.3311 | mean(g_L) = +1.7865 | EMA = +1.8559 | std(g_L) = 0.7793 | grad = 0.8211
step   5140 | loss = -1.4561 | mean(g_L) = +1.9343 | EMA = +1.8618 | std(g_L) = 0.7985 | grad = 1.0451
step   5160 | loss = -1.4671 | mean(g_L) = +1.8829 | EMA = +1.8642 | std(g_L) = 0.7445 | grad = 1.2200
step   5180 | loss = -1.4262 | mean(g_L) = +1.8434 | EMA = +1.8631 | std(g_L) = 0.7459 | grad = 0.6850
step   5200 | loss = -1.1702 | mean(g_L) = +1.7372 | EMA = +1.8660 | std(g_L) = 0.8695 | grad = 0.5656
step   5220 | loss = -1.2717 | mean(g_L) = +1.8572 | EMA = +1.8622 | std(g_L) = 0.8836 | grad = 0.7033
step   5240 | loss = -1.4544 | mean(g_L) = +1.8629 | EMA = +1.8516 | std(g_L) = 0.7380 | grad = 1.2955
step   5260 | loss = -1.1567 | mean(g_L) = +1.8294 | EMA = +1.8332 | std(g_L) = 0.9470 | grad = 1.6402
step   5280 | loss = -1.5075 | mean(g_L) = +1.9420 | EMA = +1.8616 | std(g_L) = 0.7611 | grad = 1.6737
step   5300 | loss = -1.3785 | mean(g_L) = +1.8305 | EMA = +1.8548 | std(g_L) = 0.7763 | grad = 0.8228
step   5320 | loss = -1.4126 | mean(g_L) = +1.9474 | EMA = +1.8643 | std(g_L) = 0.8444 | grad = 0.6216
step   5340 | loss = -1.2938 | mean(g_L) = +1.8240 | EMA = +1.8567 | std(g_L) = 0.8408 | grad = 0.5807
step   5360 | loss = -1.4463 | mean(g_L) = +1.8701 | EMA = +1.8542 | std(g_L) = 0.7517 | grad = 0.8528
step   5380 | loss = -1.3133 | mean(g_L) = +1.7472 | EMA = +1.8462 | std(g_L) = 0.7606 | grad = 0.6641
step   5400 | loss = -1.5464 | mean(g_L) = +1.9223 | EMA = +1.8746 | std(g_L) = 0.7080 | grad = 0.9225
step   5420 | loss = -1.2508 | mean(g_L) = +1.8405 | EMA = +1.8805 | std(g_L) = 0.8867 | grad = 1.0369
step   5440 | loss = -1.3825 | mean(g_L) = +1.9462 | EMA = +1.8814 | std(g_L) = 0.8670 | grad = 1.2965
step   5460 | loss = -1.3188 | mean(g_L) = +1.8490 | EMA = +1.8785 | std(g_L) = 0.8408 | grad = 0.6922
step   5480 | loss = -1.3453 | mean(g_L) = +1.8056 | EMA = +1.8641 | std(g_L) = 0.7834 | grad = 0.9571
step   5500 | loss = -1.5597 | mean(g_L) = +1.9395 | EMA = +1.8661 | std(g_L) = 0.7116 | grad = 1.1366
step   5520 | loss = -1.3445 | mean(g_L) = +1.7796 | EMA = +1.8716 | std(g_L) = 0.7616 | grad = 1.4733
step   5540 | loss = -1.2659 | mean(g_L) = +1.8457 | EMA = +1.8584 | std(g_L) = 0.8793 | grad = 0.4908
step   5560 | loss = -1.4300 | mean(g_L) = +1.8365 | EMA = +1.8661 | std(g_L) = 0.7362 | grad = 0.8248
step   5580 | loss = -1.4890 | mean(g_L) = +1.9031 | EMA = +1.8671 | std(g_L) = 0.7430 | grad = 1.0269
step   5600 | loss = -1.2573 | mean(g_L) = +1.8237 | EMA = +1.8585 | std(g_L) = 0.8690 | grad = 1.1169
step   5620 | loss = -1.1918 | mean(g_L) = +1.7374 | EMA = +1.8515 | std(g_L) = 0.8530 | grad = 0.9939
step   5640 | loss = -1.2765 | mean(g_L) = +1.8989 | EMA = +1.8856 | std(g_L) = 0.9110 | grad = 0.7449
step   5660 | loss = -1.3715 | mean(g_L) = +1.8401 | EMA = +1.8702 | std(g_L) = 0.7904 | grad = 1.4663
step   5680 | loss = -1.3780 | mean(g_L) = +1.8085 | EMA = +1.8698 | std(g_L) = 0.7577 | grad = 0.8166
step   5700 | loss = -1.4620 | mean(g_L) = +1.8793 | EMA = +1.8759 | std(g_L) = 0.7459 | grad = 2.6877
step   5720 | loss = -1.4929 | mean(g_L) = +1.9000 | EMA = +1.8773 | std(g_L) = 0.7368 | grad = 0.7764
step   5740 | loss = -1.5872 | mean(g_L) = +1.9951 | EMA = +1.8749 | std(g_L) = 0.7374 | grad = 0.5313
step   5760 | loss = -1.4599 | mean(g_L) = +1.8923 | EMA = +1.8693 | std(g_L) = 0.7593 | grad = 0.4064
step   5780 | loss = -1.2491 | mean(g_L) = +1.9073 | EMA = +1.8577 | std(g_L) = 0.9368 | grad = 1.5268
step   5800 | loss = -1.3462 | mean(g_L) = +1.9049 | EMA = +1.8539 | std(g_L) = 0.8631 | grad = 1.4350
step   5820 | loss = -1.3027 | mean(g_L) = +1.8190 | EMA = +1.8395 | std(g_L) = 0.8297 | grad = 1.0005
step   5840 | loss = -1.3205 | mean(g_L) = +1.8642 | EMA = +1.8686 | std(g_L) = 0.8515 | grad = 0.9700
step   5860 | loss = -1.3605 | mean(g_L) = +1.8164 | EMA = +1.8479 | std(g_L) = 0.7797 | grad = 1.5253
step   5880 | loss = -1.2846 | mean(g_L) = +1.8084 | EMA = +1.8663 | std(g_L) = 0.8357 | grad = 1.2225
step   5900 | loss = -1.3675 | mean(g_L) = +1.8436 | EMA = +1.8732 | std(g_L) = 0.7968 | grad = 0.4848
step   5920 | loss = -1.7554 | mean(g_L) = +2.0507 | EMA = +1.8951 | std(g_L) = 0.6275 | grad = 1.0092
step   5940 | loss = -1.4785 | mean(g_L) = +1.8939 | EMA = +1.8895 | std(g_L) = 0.7442 | grad = 1.2508
step   5960 | loss = -1.4376 | mean(g_L) = +1.8378 | EMA = +1.8775 | std(g_L) = 0.7305 | grad = 1.2635
step   5980 | loss = -1.0190 | mean(g_L) = +1.8061 | EMA = +1.8690 | std(g_L) = 1.0245 | grad = 1.1489
step   6000 | loss = -1.4998 | mean(g_L) = +1.9197 | EMA = +1.8684 | std(g_L) = 0.7483 | grad = 1.1291
step   6020 | loss = -1.4157 | mean(g_L) = +1.8023 | EMA = +1.8497 | std(g_L) = 0.7180 | grad = 0.5616
step   6040 | loss = -1.4704 | mean(g_L) = +1.9932 | EMA = +1.8757 | std(g_L) = 0.8349 | grad = 2.3123
step   6060 | loss = -1.4497 | mean(g_L) = +1.9042 | EMA = +1.8697 | std(g_L) = 0.7785 | grad = 1.5668
step   6080 | loss = -1.2264 | mean(g_L) = +1.8157 | EMA = +1.8650 | std(g_L) = 0.8864 | grad = 0.4580
step   6100 | loss = -1.3994 | mean(g_L) = +1.8602 | EMA = +1.8726 | std(g_L) = 0.7839 | grad = 1.3633
step   6120 | loss = -1.6524 | mean(g_L) = +1.9327 | EMA = +1.8683 | std(g_L) = 0.6113 | grad = 0.2400
step   6140 | loss = -1.5387 | mean(g_L) = +1.9282 | EMA = +1.8550 | std(g_L) = 0.7206 | grad = 0.8020
step   6160 | loss = -1.4758 | mean(g_L) = +1.8431 | EMA = +1.8680 | std(g_L) = 0.6998 | grad = 0.9516
step   6180 | loss = -1.3663 | mean(g_L) = +1.9236 | EMA = +1.8664 | std(g_L) = 0.8621 | grad = 0.6506
step   6200 | loss = -1.4570 | mean(g_L) = +1.9226 | EMA = +1.8846 | std(g_L) = 0.7878 | grad = 1.1430
step   6220 | loss = -1.3449 | mean(g_L) = +1.8517 | EMA = +1.8693 | std(g_L) = 0.8220 | grad = 0.3976
step   6240 | loss = -1.3714 | mean(g_L) = +1.8626 | EMA = +1.8651 | std(g_L) = 0.8092 | grad = 1.4015
step   6260 | loss = -1.2542 | mean(g_L) = +1.7867 | EMA = +1.8748 | std(g_L) = 0.8426 | grad = 1.6150
step   6280 | loss = -1.4186 | mean(g_L) = +1.8766 | EMA = +1.8651 | std(g_L) = 0.7815 | grad = 0.6276
step   6300 | loss = -1.2079 | mean(g_L) = +1.8422 | EMA = +1.8753 | std(g_L) = 0.9197 | grad = 2.8025
step   6320 | loss = -1.5073 | mean(g_L) = +1.9462 | EMA = +1.8744 | std(g_L) = 0.7650 | grad = 0.8471
step   6340 | loss = -1.3989 | mean(g_L) = +1.9092 | EMA = +1.8600 | std(g_L) = 0.8248 | grad = 0.8290
step   6360 | loss = -1.2500 | mean(g_L) = +1.7881 | EMA = +1.8680 | std(g_L) = 0.8470 | grad = 1.1577
step   6380 | loss = -1.4402 | mean(g_L) = +1.9792 | EMA = +1.8673 | std(g_L) = 0.8477 | grad = 1.2446
step   6400 | loss = -1.2763 | mean(g_L) = +1.7337 | EMA = +1.8668 | std(g_L) = 0.7810 | grad = 0.5439
step   6420 | loss = -1.6839 | mean(g_L) = +1.9753 | EMA = +1.8677 | std(g_L) = 0.6233 | grad = 0.5201
step   6440 | loss = -1.0889 | mean(g_L) = +1.7545 | EMA = +1.8618 | std(g_L) = 0.9420 | grad = 0.8088
step   6460 | loss = -1.4145 | mean(g_L) = +1.8515 | EMA = +1.8610 | std(g_L) = 0.7633 | grad = 0.6317
step   6480 | loss = -1.1420 | mean(g_L) = +1.7985 | EMA = +1.8733 | std(g_L) = 0.9356 | grad = 1.4858
step   6500 | loss = -1.3685 | mean(g_L) = +1.8981 | EMA = +1.8714 | std(g_L) = 0.8403 | grad = 0.7241
step   6520 | loss = -1.4929 | mean(g_L) = +1.9083 | EMA = +1.8758 | std(g_L) = 0.7443 | grad = 0.7265
step   6540 | loss = -1.3706 | mean(g_L) = +1.7835 | EMA = +1.8661 | std(g_L) = 0.7420 | grad = 1.5119
step   6560 | loss = -1.1594 | mean(g_L) = +1.7426 | EMA = +1.8568 | std(g_L) = 0.8818 | grad = 1.6719
step   6580 | loss = -1.4079 | mean(g_L) = +1.8890 | EMA = +1.8656 | std(g_L) = 0.8009 | grad = 1.0903
step   6600 | loss = -1.3810 | mean(g_L) = +1.9232 | EMA = +1.8854 | std(g_L) = 0.8503 | grad = 1.2685
step   6620 | loss = -1.5085 | mean(g_L) = +1.9158 | EMA = +1.8656 | std(g_L) = 0.7369 | grad = 0.8576
step   6640 | loss = -1.6621 | mean(g_L) = +2.0388 | EMA = +1.8794 | std(g_L) = 0.7087 | grad = 0.7003
step   6660 | loss = -1.3036 | mean(g_L) = +1.8632 | EMA = +1.8637 | std(g_L) = 0.8638 | grad = 1.2558
step   6680 | loss = -1.3253 | mean(g_L) = +1.8082 | EMA = +1.8647 | std(g_L) = 0.8025 | grad = 2.0536
step   6700 | loss = -1.3698 | mean(g_L) = +1.8776 | EMA = +1.8843 | std(g_L) = 0.8229 | grad = 1.0182
step   6720 | loss = -1.3056 | mean(g_L) = +1.8494 | EMA = +1.8721 | std(g_L) = 0.8516 | grad = 1.1735
step   6740 | loss = -1.5555 | mean(g_L) = +1.9257 | EMA = +1.8738 | std(g_L) = 0.7026 | grad = 0.7358
step   6760 | loss = -1.4168 | mean(g_L) = +1.8414 | EMA = +1.8761 | std(g_L) = 0.7524 | grad = 0.6904
step   6780 | loss = -1.0416 | mean(g_L) = +1.6860 | EMA = +1.8838 | std(g_L) = 0.9270 | grad = 1.0316
step   6800 | loss = -1.4060 | mean(g_L) = +1.9136 | EMA = +1.8840 | std(g_L) = 0.8226 | grad = 1.0489
step   6820 | loss = -1.3397 | mean(g_L) = +1.8879 | EMA = +1.8832 | std(g_L) = 0.8549 | grad = 0.7228
step   6840 | loss = -1.2383 | mean(g_L) = +1.8979 | EMA = +1.8899 | std(g_L) = 0.9378 | grad = 0.9906
step   6860 | loss = -1.3004 | mean(g_L) = +1.8372 | EMA = +1.8826 | std(g_L) = 0.8460 | grad = 1.1304
step   6880 | loss = -1.6590 | mean(g_L) = +2.0083 | EMA = +1.8757 | std(g_L) = 0.6825 | grad = 1.2318
step   6900 | loss = -1.3834 | mean(g_L) = +1.8323 | EMA = +1.8677 | std(g_L) = 0.7736 | grad = 0.5468
step   6920 | loss = -1.3500 | mean(g_L) = +1.8618 | EMA = +1.8515 | std(g_L) = 0.8261 | grad = 1.7466
step   6940 | loss = -1.6357 | mean(g_L) = +1.9999 | EMA = +1.8813 | std(g_L) = 0.6969 | grad = 1.0626
step   6960 | loss = -1.3700 | mean(g_L) = +1.7872 | EMA = +1.8861 | std(g_L) = 0.7458 | grad = 0.8333
step   6980 | loss = -1.5636 | mean(g_L) = +1.9756 | EMA = +1.8898 | std(g_L) = 0.7412 | grad = 0.7953
step   7000 | loss = -1.5908 | mean(g_L) = +1.9791 | EMA = +1.8872 | std(g_L) = 0.7196 | grad = 0.8400
step   7020 | loss = -1.3289 | mean(g_L) = +1.8215 | EMA = +1.8859 | std(g_L) = 0.8105 | grad = 0.7418
step   7040 | loss = -1.4383 | mean(g_L) = +1.9171 | EMA = +1.8871 | std(g_L) = 0.7990 | grad = 1.1174
step   7060 | loss = -1.2793 | mean(g_L) = +1.8014 | EMA = +1.8705 | std(g_L) = 0.8344 | grad = 0.8846
step   7080 | loss = -1.3301 | mean(g_L) = +1.8355 | EMA = +1.8676 | std(g_L) = 0.8209 | grad = 0.5377
step   7100 | loss = -1.4260 | mean(g_L) = +1.9465 | EMA = +1.8744 | std(g_L) = 0.8331 | grad = 0.8565
step   7120 | loss = -1.2039 | mean(g_L) = +1.8943 | EMA = +1.8856 | std(g_L) = 0.9594 | grad = 0.8860
step   7140 | loss = -1.1908 | mean(g_L) = +1.8075 | EMA = +1.8831 | std(g_L) = 0.9068 | grad = 1.3243
step   7160 | loss = -1.4159 | mean(g_L) = +1.8786 | EMA = +1.8824 | std(g_L) = 0.7854 | grad = 1.2585
step   7180 | loss = -1.5137 | mean(g_L) = +1.9452 | EMA = +1.8927 | std(g_L) = 0.7584 | grad = 0.5422
step   7200 | loss = -1.4195 | mean(g_L) = +1.8451 | EMA = +1.8772 | std(g_L) = 0.7534 | grad = 0.9815
step   7220 | loss = -1.1084 | mean(g_L) = +1.7475 | EMA = +1.8664 | std(g_L) = 0.9231 | grad = 0.7759
step   7240 | loss = -1.1246 | mean(g_L) = +1.7228 | EMA = +1.8684 | std(g_L) = 0.8931 | grad = 1.0494
step   7260 | loss = -1.2989 | mean(g_L) = +1.8323 | EMA = +1.8787 | std(g_L) = 0.8433 | grad = 1.1267
step   7280 | loss = -1.4563 | mean(g_L) = +1.8658 | EMA = +1.8952 | std(g_L) = 0.7389 | grad = 0.7496
step   7300 | loss = -1.2633 | mean(g_L) = +1.8906 | EMA = +1.8720 | std(g_L) = 0.9145 | grad = 0.5058
step   7320 | loss = -1.6501 | mean(g_L) = +1.9757 | EMA = +1.8782 | std(g_L) = 0.6589 | grad = 0.8692
step   7340 | loss = -1.3057 | mean(g_L) = +1.7622 | EMA = +1.8680 | std(g_L) = 0.7802 | grad = 0.8554
step   7360 | loss = -1.4489 | mean(g_L) = +1.9352 | EMA = +1.8672 | std(g_L) = 0.8052 | grad = 0.8686
step   7380 | loss = -1.5039 | mean(g_L) = +1.9096 | EMA = +1.8783 | std(g_L) = 0.7355 | grad = 0.4015
step   7400 | loss = -1.7047 | mean(g_L) = +2.0262 | EMA = +1.8994 | std(g_L) = 0.6547 | grad = 0.6699
step   7420 | loss = -1.1186 | mean(g_L) = +1.8499 | EMA = +1.8921 | std(g_L) = 0.9875 | grad = 1.3136
step   7440 | loss = -1.6309 | mean(g_L) = +1.9188 | EMA = +1.8756 | std(g_L) = 0.6196 | grad = 0.7006
step   7460 | loss = -1.2491 | mean(g_L) = +1.8144 | EMA = +1.8694 | std(g_L) = 0.8682 | grad = 0.5487
step   7480 | loss = -1.4932 | mean(g_L) = +1.9202 | EMA = +1.8798 | std(g_L) = 0.7546 | grad = 0.9305
step   7500 | loss = -1.2700 | mean(g_L) = +1.9456 | EMA = +1.8721 | std(g_L) = 0.9491 | grad = 1.7353
step   7520 | loss = -1.3994 | mean(g_L) = +1.9257 | EMA = +1.8778 | std(g_L) = 0.8376 | grad = 0.8217
step   7540 | loss = -1.6337 | mean(g_L) = +2.0289 | EMA = +1.9016 | std(g_L) = 0.7259 | grad = 1.3507
step   7560 | loss = -1.2489 | mean(g_L) = +1.8523 | EMA = +1.8807 | std(g_L) = 0.8970 | grad = 1.2557
step   7580 | loss = -1.4357 | mean(g_L) = +1.8512 | EMA = +1.8866 | std(g_L) = 0.7443 | grad = 0.6488
step   7600 | loss = -1.5871 | mean(g_L) = +1.9770 | EMA = +1.8952 | std(g_L) = 0.7210 | grad = 0.8801
step   7620 | loss = -1.5943 | mean(g_L) = +1.9941 | EMA = +1.8859 | std(g_L) = 0.7301 | grad = 0.7736
step   7640 | loss = -1.3631 | mean(g_L) = +1.7756 | EMA = +1.8893 | std(g_L) = 0.7416 | grad = 0.7472
step   7660 | loss = -1.2029 | mean(g_L) = +1.8916 | EMA = +1.8950 | std(g_L) = 0.9583 | grad = 1.0530
step   7680 | loss = -1.5214 | mean(g_L) = +1.9216 | EMA = +1.9015 | std(g_L) = 0.7305 | grad = 1.1169
step   7700 | loss = -1.3593 | mean(g_L) = +1.8315 | EMA = +1.8849 | std(g_L) = 0.7935 | grad = 1.1993
step   7720 | loss = -1.4603 | mean(g_L) = +1.7796 | EMA = +1.8627 | std(g_L) = 0.6526 | grad = 0.4809
step   7740 | loss = -1.4673 | mean(g_L) = +1.8472 | EMA = +1.8620 | std(g_L) = 0.7118 | grad = 1.1761
step   7760 | loss = -1.5869 | mean(g_L) = +2.0139 | EMA = +1.8931 | std(g_L) = 0.7545 | grad = 1.6075
step   7780 | loss = -1.3748 | mean(g_L) = +1.8871 | EMA = +1.8877 | std(g_L) = 0.8265 | grad = 0.4770
step   7800 | loss = -1.3978 | mean(g_L) = +1.8819 | EMA = +1.8764 | std(g_L) = 0.8034 | grad = 1.2990
step   7820 | loss = -1.4214 | mean(g_L) = +1.8006 | EMA = +1.8711 | std(g_L) = 0.7111 | grad = 0.8829
step   7840 | loss = -1.1621 | mean(g_L) = +1.7685 | EMA = +1.8745 | std(g_L) = 0.8992 | grad = 1.9553
step   7860 | loss = -1.4764 | mean(g_L) = +1.8962 | EMA = +1.8535 | std(g_L) = 0.7482 | grad = 1.2148
step   7880 | loss = -1.4551 | mean(g_L) = +1.8797 | EMA = +1.8593 | std(g_L) = 0.7525 | grad = 1.3991
step   7900 | loss = -1.4658 | mean(g_L) = +1.9725 | EMA = +1.8779 | std(g_L) = 0.8219 | grad = 0.4034
step   7920 | loss = -1.3567 | mean(g_L) = +1.9604 | EMA = +1.8766 | std(g_L) = 0.8972 | grad = 0.8767
step   7940 | loss = -1.4285 | mean(g_L) = +1.9118 | EMA = +1.8589 | std(g_L) = 0.8028 | grad = 0.8985
step   7960 | loss = -1.4609 | mean(g_L) = +1.9238 | EMA = +1.8859 | std(g_L) = 0.7856 | grad = 1.5924
step   7980 | loss = -1.4293 | mean(g_L) = +1.8982 | EMA = +1.8776 | std(g_L) = 0.7906 | grad = 0.6283
step   8000 | loss = -1.5261 | mean(g_L) = +1.8747 | EMA = +1.8862 | std(g_L) = 0.6818 | grad = 1.4249
step   8020 | loss = -1.1645 | mean(g_L) = +1.8173 | EMA = +1.8692 | std(g_L) = 0.9330 | grad = 1.2653
step   8040 | loss = -1.5079 | mean(g_L) = +1.8967 | EMA = +1.8859 | std(g_L) = 0.7200 | grad = 1.1415
step   8060 | loss = -1.2970 | mean(g_L) = +1.7814 | EMA = +1.8940 | std(g_L) = 0.8036 | grad = 0.7681
step   8080 | loss = -1.4437 | mean(g_L) = +1.9046 | EMA = +1.8831 | std(g_L) = 0.7839 | grad = 0.8497
step   8100 | loss = -1.3962 | mean(g_L) = +1.8722 | EMA = +1.8855 | std(g_L) = 0.7967 | grad = 0.9897
step   8120 | loss = -0.9438 | mean(g_L) = +1.7262 | EMA = +1.8808 | std(g_L) = 1.0213 | grad = 1.9734
step   8140 | loss = -1.1982 | mean(g_L) = +1.7522 | EMA = +1.8738 | std(g_L) = 0.8595 | grad = 0.9951
step   8160 | loss = -1.3588 | mean(g_L) = +1.8534 | EMA = +1.8842 | std(g_L) = 0.8121 | grad = 1.3383
step   8180 | loss = -1.4238 | mean(g_L) = +1.9603 | EMA = +1.9045 | std(g_L) = 0.8457 | grad = 1.2924
step   8200 | loss = -1.6454 | mean(g_L) = +1.9361 | EMA = +1.8815 | std(g_L) = 0.6226 | grad = 0.6984
step   8220 | loss = -1.4670 | mean(g_L) = +1.8895 | EMA = +1.8680 | std(g_L) = 0.7505 | grad = 0.9692
step   8240 | loss = -1.8401 | mean(g_L) = +2.0734 | EMA = +1.8849 | std(g_L) = 0.5577 | grad = 0.4416
step   8260 | loss = -1.3740 | mean(g_L) = +1.8999 | EMA = +1.8889 | std(g_L) = 0.8374 | grad = 1.0354
step   8280 | loss = -1.6154 | mean(g_L) = +1.9618 | EMA = +1.9016 | std(g_L) = 0.6796 | grad = 1.2982
step   8300 | loss = -1.5555 | mean(g_L) = +1.9574 | EMA = +1.8834 | std(g_L) = 0.7321 | grad = 1.1805
step   8320 | loss = -1.3895 | mean(g_L) = +1.8769 | EMA = +1.8869 | std(g_L) = 0.8062 | grad = 0.6038
step   8340 | loss = -1.4000 | mean(g_L) = +1.8567 | EMA = +1.8814 | std(g_L) = 0.7803 | grad = 1.0566
step   8360 | loss = -1.1430 | mean(g_L) = +1.7809 | EMA = +1.8776 | std(g_L) = 0.9223 | grad = 1.2077
step   8380 | loss = -1.1093 | mean(g_L) = +1.7817 | EMA = +1.8657 | std(g_L) = 0.9469 | grad = 1.7239
step   8400 | loss = -1.4731 | mean(g_L) = +1.8926 | EMA = +1.8910 | std(g_L) = 0.7479 | grad = 0.8273
step   8420 | loss = -0.9993 | mean(g_L) = +1.7298 | EMA = +1.8682 | std(g_L) = 0.9869 | grad = 0.9561
step   8440 | loss = -1.3917 | mean(g_L) = +1.8064 | EMA = +1.8797 | std(g_L) = 0.7436 | grad = 1.4741
step   8460 | loss = -1.6495 | mean(g_L) = +1.9763 | EMA = +1.8883 | std(g_L) = 0.6601 | grad = 0.9848
step   8480 | loss = -1.3635 | mean(g_L) = +1.8360 | EMA = +1.8684 | std(g_L) = 0.7937 | grad = 1.4331
step   8500 | loss = -1.5196 | mean(g_L) = +1.8600 | EMA = +1.8775 | std(g_L) = 0.6737 | grad = 1.2048
step   8520 | loss = -1.4655 | mean(g_L) = +1.8703 | EMA = +1.8649 | std(g_L) = 0.7346 | grad = 0.6204
step   8540 | loss = -1.3115 | mean(g_L) = +1.8427 | EMA = +1.8607 | std(g_L) = 0.8416 | grad = 1.5224
step   8560 | loss = -1.3896 | mean(g_L) = +1.8517 | EMA = +1.8858 | std(g_L) = 0.7849 | grad = 0.8333
step   8580 | loss = -1.3984 | mean(g_L) = +1.8344 | EMA = +1.8707 | std(g_L) = 0.7625 | grad = 0.4563
step   8600 | loss = -1.6519 | mean(g_L) = +1.9511 | EMA = +1.8749 | std(g_L) = 0.6316 | grad = 0.3110
step   8620 | loss = -1.1215 | mean(g_L) = +1.7372 | EMA = +1.8657 | std(g_L) = 0.9061 | grad = 1.2682
step   8640 | loss = -1.4566 | mean(g_L) = +1.8982 | EMA = +1.8713 | std(g_L) = 0.7673 | grad = 2.2770
step   8660 | loss = -1.5227 | mean(g_L) = +1.9577 | EMA = +1.8644 | std(g_L) = 0.7616 | grad = 0.6383
step   8680 | loss = -1.3371 | mean(g_L) = +1.7989 | EMA = +1.8533 | std(g_L) = 0.7848 | grad = 0.8852
step   8700 | loss = -1.4387 | mean(g_L) = +1.9116 | EMA = +1.8623 | std(g_L) = 0.7941 | grad = 0.7891
step   8720 | loss = -1.6001 | mean(g_L) = +1.9591 | EMA = +1.8785 | std(g_L) = 0.6918 | grad = 0.8084
step   8740 | loss = -1.2026 | mean(g_L) = +1.7605 | EMA = +1.8635 | std(g_L) = 0.8625 | grad = 1.6573
step   8760 | loss = -1.2102 | mean(g_L) = +1.8247 | EMA = +1.8644 | std(g_L) = 0.9052 | grad = 1.3518
step   8780 | loss = -1.5726 | mean(g_L) = +1.9719 | EMA = +1.8869 | std(g_L) = 0.7296 | grad = 0.3087
step   8800 | loss = -1.0538 | mean(g_L) = +1.8159 | EMA = +1.8987 | std(g_L) = 1.0081 | grad = 1.0872
step   8820 | loss = -1.3404 | mean(g_L) = +1.8382 | EMA = +1.8784 | std(g_L) = 0.8147 | grad = 0.5816
step   8840 | loss = -1.5783 | mean(g_L) = +1.9003 | EMA = +1.8735 | std(g_L) = 0.6552 | grad = 0.7195
step   8860 | loss = -1.2636 | mean(g_L) = +1.8780 | EMA = +1.8840 | std(g_L) = 0.9051 | grad = 1.2353
step   8880 | loss = -1.3160 | mean(g_L) = +1.7882 | EMA = +1.8652 | std(g_L) = 0.7935 | grad = 1.3274
step   8900 | loss = -1.5741 | mean(g_L) = +1.9787 | EMA = +1.8709 | std(g_L) = 0.7345 | grad = 0.7535
step   8920 | loss = -1.1986 | mean(g_L) = +1.7874 | EMA = +1.8826 | std(g_L) = 0.8860 | grad = 1.2731
step   8940 | loss = -1.2686 | mean(g_L) = +1.8665 | EMA = +1.8766 | std(g_L) = 0.8929 | grad = 1.1052
step   8960 | loss = -1.6396 | mean(g_L) = +1.9768 | EMA = +1.8969 | std(g_L) = 0.6705 | grad = 0.3403
step   8980 | loss = -1.4129 | mean(g_L) = +1.9417 | EMA = +1.9029 | std(g_L) = 0.8397 | grad = 1.1400
step   9000 | loss = -1.3694 | mean(g_L) = +1.8480 | EMA = +1.8879 | std(g_L) = 0.7988 | grad = 0.9528
step   9020 | loss = -1.4559 | mean(g_L) = +1.8651 | EMA = +1.8914 | std(g_L) = 0.7387 | grad = 1.1572
step   9040 | loss = -1.4643 | mean(g_L) = +1.9256 | EMA = +1.9039 | std(g_L) = 0.7843 | grad = 0.6899
step   9060 | loss = -1.4880 | mean(g_L) = +1.9155 | EMA = +1.8984 | std(g_L) = 0.7549 | grad = 0.9393
step   9080 | loss = -1.2356 | mean(g_L) = +1.7954 | EMA = +1.8927 | std(g_L) = 0.8639 | grad = 1.0238
step   9100 | loss = -1.3415 | mean(g_L) = +1.9398 | EMA = +1.8973 | std(g_L) = 0.8932 | grad = 1.6717
step   9120 | loss = -1.3621 | mean(g_L) = +1.8908 | EMA = +1.8809 | std(g_L) = 0.8396 | grad = 0.8237
step   9140 | loss = -1.1160 | mean(g_L) = +1.7555 | EMA = +1.8791 | std(g_L) = 0.9234 | grad = 0.9839
step   9160 | loss = -1.3816 | mean(g_L) = +1.8295 | EMA = +1.8874 | std(g_L) = 0.7728 | grad = 1.4872
step   9180 | loss = -1.5681 | mean(g_L) = +1.9868 | EMA = +1.8984 | std(g_L) = 0.7472 | grad = 0.9519
step   9200 | loss = -1.1965 | mean(g_L) = +1.7621 | EMA = +1.8875 | std(g_L) = 0.8683 | grad = 1.5834
step   9220 | loss = -1.3837 | mean(g_L) = +1.9170 | EMA = +1.9006 | std(g_L) = 0.8432 | grad = 0.9746
step   9240 | loss = -1.4288 | mean(g_L) = +1.8984 | EMA = +1.8944 | std(g_L) = 0.7913 | grad = 1.2932
step   9260 | loss = -1.6477 | mean(g_L) = +2.0145 | EMA = +1.9023 | std(g_L) = 0.6993 | grad = 0.4391
step   9280 | loss = -1.4017 | mean(g_L) = +1.8460 | EMA = +1.8998 | std(g_L) = 0.7697 | grad = 0.6805
step   9300 | loss = -1.2612 | mean(g_L) = +1.8647 | EMA = +1.8932 | std(g_L) = 0.8970 | grad = 1.4057
step   9320 | loss = -1.2306 | mean(g_L) = +1.7685 | EMA = +1.8737 | std(g_L) = 0.8469 | grad = 1.2520
step   9340 | loss = -1.3409 | mean(g_L) = +1.9126 | EMA = +1.8754 | std(g_L) = 0.8731 | grad = 1.2963
step   9360 | loss = -1.3573 | mean(g_L) = +1.8130 | EMA = +1.8800 | std(g_L) = 0.7795 | grad = 1.2661
step   9380 | loss = -1.5322 | mean(g_L) = +2.0065 | EMA = +1.9169 | std(g_L) = 0.7952 | grad = 1.6210
step   9400 | loss = -1.4621 | mean(g_L) = +1.9091 | EMA = +1.8860 | std(g_L) = 0.7720 | grad = 1.4457
step   9420 | loss = -1.1686 | mean(g_L) = +1.7654 | EMA = +1.8934 | std(g_L) = 0.8920 | grad = 0.5595
step   9440 | loss = -1.5036 | mean(g_L) = +1.9317 | EMA = +1.9018 | std(g_L) = 0.7555 | grad = 0.8236
step   9460 | loss = -1.1793 | mean(g_L) = +1.8336 | EMA = +1.8916 | std(g_L) = 0.9340 | grad = 1.0603
step   9480 | loss = -1.3650 | mean(g_L) = +1.9377 | EMA = +1.8790 | std(g_L) = 0.8738 | grad = 0.7330
step   9500 | loss = -1.5945 | mean(g_L) = +1.9375 | EMA = +1.8898 | std(g_L) = 0.6763 | grad = 0.8099
step   9520 | loss = -1.2277 | mean(g_L) = +1.8093 | EMA = +1.9021 | std(g_L) = 0.8806 | grad = 0.9448
step   9540 | loss = -1.4823 | mean(g_L) = +2.0035 | EMA = +1.8963 | std(g_L) = 0.8337 | grad = 1.0688
step   9560 | loss = -1.2460 | mean(g_L) = +1.7930 | EMA = +1.8952 | std(g_L) = 0.8541 | grad = 0.8775
step   9580 | loss = -1.3590 | mean(g_L) = +1.8150 | EMA = +1.8759 | std(g_L) = 0.7798 | grad = 0.6570
step   9600 | loss = -1.1985 | mean(g_L) = +1.7779 | EMA = +1.9009 | std(g_L) = 0.8790 | grad = 0.6793
step   9620 | loss = -1.3973 | mean(g_L) = +1.8141 | EMA = +1.8821 | std(g_L) = 0.7455 | grad = 0.7566
step   9640 | loss = -1.2906 | mean(g_L) = +1.7370 | EMA = +1.8715 | std(g_L) = 0.7715 | grad = 1.3055
step   9660 | loss = -1.3523 | mean(g_L) = +1.8560 | EMA = +1.8983 | std(g_L) = 0.8195 | grad = 0.4924
step   9680 | loss = -1.4946 | mean(g_L) = +1.8916 | EMA = +1.9165 | std(g_L) = 0.7275 | grad = 0.6408
step   9700 | loss = -1.5440 | mean(g_L) = +1.8768 | EMA = +1.9003 | std(g_L) = 0.6662 | grad = 0.5053
step   9720 | loss = -1.2461 | mean(g_L) = +1.8058 | EMA = +1.8850 | std(g_L) = 0.8639 | grad = 0.6451
step   9740 | loss = -1.4568 | mean(g_L) = +1.8913 | EMA = +1.8925 | std(g_L) = 0.7611 | grad = 1.3920
step   9760 | loss = -1.5488 | mean(g_L) = +1.8702 | EMA = +1.8893 | std(g_L) = 0.6546 | grad = 0.8221
step   9780 | loss = -1.5304 | mean(g_L) = +1.9688 | EMA = +1.8907 | std(g_L) = 0.7646 | grad = 0.4180
step   9800 | loss = -1.3047 | mean(g_L) = +1.8409 | EMA = +1.8891 | std(g_L) = 0.8456 | grad = 1.0063
step   9820 | loss = -1.4473 | mean(g_L) = +1.9009 | EMA = +1.9006 | std(g_L) = 0.7777 | grad = 1.2281
step   9840 | loss = -1.4210 | mean(g_L) = +1.8781 | EMA = +1.8803 | std(g_L) = 0.7807 | grad = 1.0051
step   9860 | loss = -1.6167 | mean(g_L) = +1.9639 | EMA = +1.8891 | std(g_L) = 0.6803 | grad = 0.7024
step   9880 | loss = -1.2495 | mean(g_L) = +1.9230 | EMA = +1.8959 | std(g_L) = 0.9476 | grad = 1.4811
step   9900 | loss = -1.2539 | mean(g_L) = +1.7433 | EMA = +1.8964 | std(g_L) = 0.8078 | grad = 1.3847
step   9920 | loss = -1.4924 | mean(g_L) = +1.8895 | EMA = +1.9159 | std(g_L) = 0.7276 | grad = 0.7042
step   9940 | loss = -1.4865 | mean(g_L) = +1.9219 | EMA = +1.8904 | std(g_L) = 0.7619 | grad = 0.9382
step   9960 | loss = -1.5077 | mean(g_L) = +1.9182 | EMA = +1.9047 | std(g_L) = 0.7398 | grad = 0.4276
step   9980 | loss = -1.3443 | mean(g_L) = +1.8175 | EMA = +1.8988 | std(g_L) = 0.7943 | grad = 1.1579
step  10000 | loss = -1.3199 | mean(g_L) = +1.7925 | EMA = +1.8943 | std(g_L) = 0.7938 | grad = 0.6066
step  10020 | loss = -1.4206 | mean(g_L) = +1.8833 | EMA = +1.8765 | std(g_L) = 0.7854 | grad = 0.5792
step  10040 | loss = -1.4194 | mean(g_L) = +1.9428 | EMA = +1.8833 | std(g_L) = 0.8353 | grad = 0.9607
step  10060 | loss = -1.5622 | mean(g_L) = +1.8870 | EMA = +1.8819 | std(g_L) = 0.6581 | grad = 0.7427
step  10080 | loss = -1.4343 | mean(g_L) = +1.9102 | EMA = +1.9032 | std(g_L) = 0.7966 | grad = 1.2300
step  10100 | loss = -1.6333 | mean(g_L) = +1.9430 | EMA = +1.8970 | std(g_L) = 0.6426 | grad = 0.5021
step  10120 | loss = -1.6336 | mean(g_L) = +2.0024 | EMA = +1.9008 | std(g_L) = 0.7011 | grad = 0.9930
step  10140 | loss = -1.6587 | mean(g_L) = +2.0020 | EMA = +1.8928 | std(g_L) = 0.6765 | grad = 0.5503
step  10160 | loss = -1.3797 | mean(g_L) = +1.8946 | EMA = +1.9022 | std(g_L) = 0.8286 | grad = 1.6316
step  10180 | loss = -1.3324 | mean(g_L) = +1.8706 | EMA = +1.8931 | std(g_L) = 0.8471 | grad = 0.7529
step  10200 | loss = -1.4795 | mean(g_L) = +1.8613 | EMA = +1.9057 | std(g_L) = 0.7135 | grad = 0.7457
step  10220 | loss = -1.5820 | mean(g_L) = +1.9700 | EMA = +1.9071 | std(g_L) = 0.7192 | grad = 1.2214
step  10240 | loss = -1.3746 | mean(g_L) = +1.9183 | EMA = +1.8793 | std(g_L) = 0.8514 | grad = 2.2443
step  10260 | loss = -1.3664 | mean(g_L) = +1.8361 | EMA = +1.8908 | std(g_L) = 0.7913 | grad = 0.7176
step  10280 | loss = -1.5914 | mean(g_L) = +1.9745 | EMA = +1.8850 | std(g_L) = 0.7147 | grad = 0.7158
step  10300 | loss = -1.7171 | mean(g_L) = +1.9829 | EMA = +1.8712 | std(g_L) = 0.5953 | grad = 0.6531
step  10320 | loss = -1.4831 | mean(g_L) = +1.9295 | EMA = +1.8777 | std(g_L) = 0.7715 | grad = 0.7371
step  10340 | loss = -1.4303 | mean(g_L) = +1.9743 | EMA = +1.9062 | std(g_L) = 0.8517 | grad = 0.8181
step  10360 | loss = -1.3931 | mean(g_L) = +1.8091 | EMA = +1.9106 | std(g_L) = 0.7448 | grad = 1.2638
step  10380 | loss = -1.6380 | mean(g_L) = +2.0093 | EMA = +1.9117 | std(g_L) = 0.7036 | grad = 0.4967
step  10400 | loss = -1.1327 | mean(g_L) = +1.7137 | EMA = +1.8886 | std(g_L) = 0.8802 | grad = 0.9831
step  10420 | loss = -1.4236 | mean(g_L) = +1.8433 | EMA = +1.8756 | std(g_L) = 0.7481 | grad = 0.9712
step  10440 | loss = -1.2966 | mean(g_L) = +1.8534 | EMA = +1.8684 | std(g_L) = 0.8617 | grad = 1.4259
step  10460 | loss = -1.1265 | mean(g_L) = +1.7790 | EMA = +1.8717 | std(g_L) = 0.9327 | grad = 1.1333
step  10480 | loss = -1.4000 | mean(g_L) = +1.9177 | EMA = +1.8851 | std(g_L) = 0.8308 | grad = 0.7409
step  10500 | loss = -1.5161 | mean(g_L) = +1.9520 | EMA = +1.9000 | std(g_L) = 0.7623 | grad = 1.5859
step  10520 | loss = -1.6008 | mean(g_L) = +1.9594 | EMA = +1.9059 | std(g_L) = 0.6915 | grad = 0.6661
step  10540 | loss = -1.2316 | mean(g_L) = +1.8584 | EMA = +1.9039 | std(g_L) = 0.9141 | grad = 1.6097
step  10560 | loss = -1.4787 | mean(g_L) = +1.9339 | EMA = +1.8676 | std(g_L) = 0.7790 | grad = 0.5970
step  10580 | loss = -1.6165 | mean(g_L) = +2.0224 | EMA = +1.9013 | std(g_L) = 0.7357 | grad = 0.4052
step  10600 | loss = -1.3082 | mean(g_L) = +1.9183 | EMA = +1.8933 | std(g_L) = 0.9019 | grad = 0.5223
step  10620 | loss = -1.5800 | mean(g_L) = +2.0096 | EMA = +1.8960 | std(g_L) = 0.7569 | grad = 0.9528
step  10640 | loss = -1.4005 | mean(g_L) = +1.8811 | EMA = +1.8975 | std(g_L) = 0.8006 | grad = 0.4451
step  10660 | loss = -1.4683 | mean(g_L) = +1.9134 | EMA = +1.8842 | std(g_L) = 0.7704 | grad = 1.1216
step  10680 | loss = -1.2509 | mean(g_L) = +1.8365 | EMA = +1.8754 | std(g_L) = 0.8836 | grad = 1.3124
step  10700 | loss = -1.5447 | mean(g_L) = +1.9212 | EMA = +1.8848 | std(g_L) = 0.7085 | grad = 0.5978
step  10720 | loss = -1.5333 | mean(g_L) = +1.9023 | EMA = +1.8891 | std(g_L) = 0.7014 | grad = 0.7783
step  10740 | loss = -1.6390 | mean(g_L) = +1.9671 | EMA = +1.9005 | std(g_L) = 0.6614 | grad = 0.7330
step  10760 | loss = -1.3398 | mean(g_L) = +1.8969 | EMA = +1.8963 | std(g_L) = 0.8618 | grad = 0.8041
step  10780 | loss = -1.2571 | mean(g_L) = +1.8954 | EMA = +1.9031 | std(g_L) = 0.9225 | grad = 1.1028
step  10800 | loss = -1.2113 | mean(g_L) = +1.8051 | EMA = +1.8833 | std(g_L) = 0.8898 | grad = 1.6765
step  10820 | loss = -1.5741 | mean(g_L) = +1.9098 | EMA = +1.9037 | std(g_L) = 0.6690 | grad = 0.7613
step  10840 | loss = -1.5651 | mean(g_L) = +1.9145 | EMA = +1.8963 | std(g_L) = 0.6825 | grad = 0.4912
step  10860 | loss = -1.2473 | mean(g_L) = +1.7747 | EMA = +1.8950 | std(g_L) = 0.8386 | grad = 0.9212
step  10880 | loss = -1.4595 | mean(g_L) = +1.8699 | EMA = +1.8695 | std(g_L) = 0.7397 | grad = 0.8916
step  10900 | loss = -1.2260 | mean(g_L) = +1.7068 | EMA = +1.8697 | std(g_L) = 0.8007 | grad = 1.1147
step  10920 | loss = -1.1865 | mean(g_L) = +1.7978 | EMA = +1.8783 | std(g_L) = 0.9028 | grad = 1.4751
step  10940 | loss = -1.2556 | mean(g_L) = +1.8922 | EMA = +1.8985 | std(g_L) = 0.9213 | grad = 0.4722
step  10960 | loss = -0.9477 | mean(g_L) = +1.7821 | EMA = +1.8808 | std(g_L) = 1.0548 | grad = 1.4388
step  10980 | loss = -1.1848 | mean(g_L) = +1.7126 | EMA = +1.8791 | std(g_L) = 0.8389 | grad = 0.9713
step  11000 | loss = -1.3908 | mean(g_L) = +1.9886 | EMA = +1.8984 | std(g_L) = 0.8928 | grad = 0.7585
step  11020 | loss = -1.3232 | mean(g_L) = +1.8626 | EMA = +1.8955 | std(g_L) = 0.8481 | grad = 2.5044
step  11040 | loss = -1.6287 | mean(g_L) = +1.9853 | EMA = +1.9036 | std(g_L) = 0.6895 | grad = 0.5914
step  11060 | loss = -1.5927 | mean(g_L) = +1.9943 | EMA = +1.8991 | std(g_L) = 0.7318 | grad = 0.9714
step  11080 | loss = -1.1629 | mean(g_L) = +1.7918 | EMA = +1.8911 | std(g_L) = 0.9157 | grad = 1.5570
step  11100 | loss = -1.6875 | mean(g_L) = +2.0151 | EMA = +1.9024 | std(g_L) = 0.6609 | grad = 0.6933
step  11120 | loss = -1.4777 | mean(g_L) = +1.8794 | EMA = +1.9059 | std(g_L) = 0.7318 | grad = 0.6672
step  11140 | loss = -1.2933 | mean(g_L) = +1.8750 | EMA = +1.8983 | std(g_L) = 0.8807 | grad = 0.8612
step  11160 | loss = -1.5217 | mean(g_L) = +1.9576 | EMA = +1.8902 | std(g_L) = 0.7624 | grad = 0.8224
step  11180 | loss = -1.4216 | mean(g_L) = +1.9291 | EMA = +1.8829 | std(g_L) = 0.8226 | grad = 1.5106
step  11200 | loss = -1.4749 | mean(g_L) = +1.9308 | EMA = +1.8947 | std(g_L) = 0.7797 | grad = 1.4119
step  11220 | loss = -1.5771 | mean(g_L) = +1.9791 | EMA = +1.8895 | std(g_L) = 0.7322 | grad = 0.9016
step  11240 | loss = -1.6061 | mean(g_L) = +1.9506 | EMA = +1.8950 | std(g_L) = 0.6777 | grad = 0.8913
step  11260 | loss = -1.4337 | mean(g_L) = +1.9690 | EMA = +1.8789 | std(g_L) = 0.8449 | grad = 0.8345
step  11280 | loss = -1.6120 | mean(g_L) = +1.9984 | EMA = +1.8978 | std(g_L) = 0.7178 | grad = 0.5645
step  11300 | loss = -1.3612 | mean(g_L) = +1.8712 | EMA = +1.9005 | std(g_L) = 0.8246 | grad = 0.7575
step  11320 | loss = -1.2657 | mean(g_L) = +1.8057 | EMA = +1.8916 | std(g_L) = 0.8485 | grad = 0.7287
step  11340 | loss = -1.3735 | mean(g_L) = +1.9148 | EMA = +1.9125 | std(g_L) = 0.8495 | grad = 0.8668
step  11360 | loss = -1.3792 | mean(g_L) = +1.8368 | EMA = +1.9167 | std(g_L) = 0.7811 | grad = 1.4630
step  11380 | loss = -1.5325 | mean(g_L) = +1.9906 | EMA = +1.8898 | std(g_L) = 0.7815 | grad = 0.6246
step  11400 | loss = -1.2876 | mean(g_L) = +1.9307 | EMA = +1.8984 | std(g_L) = 0.9260 | grad = 0.6616
step  11420 | loss = -1.3599 | mean(g_L) = +1.7809 | EMA = +1.8825 | std(g_L) = 0.7492 | grad = 1.0551
step  11440 | loss = -1.5370 | mean(g_L) = +1.9861 | EMA = +1.8959 | std(g_L) = 0.7739 | grad = 0.6600
step  11460 | loss = -1.6230 | mean(g_L) = +1.9806 | EMA = +1.9079 | std(g_L) = 0.6905 | grad = 0.3668
step  11480 | loss = -1.2604 | mean(g_L) = +1.7480 | EMA = +1.8938 | std(g_L) = 0.8063 | grad = 1.8562
step  11500 | loss = -1.3905 | mean(g_L) = +1.8669 | EMA = +1.8920 | std(g_L) = 0.7970 | grad = 0.5220
step  11520 | loss = -1.7024 | mean(g_L) = +2.0414 | EMA = +1.9194 | std(g_L) = 0.6723 | grad = 0.4937
step  11540 | loss = -1.2314 | mean(g_L) = +1.8328 | EMA = +1.9089 | std(g_L) = 0.8954 | grad = 1.7258
step  11560 | loss = -1.3133 | mean(g_L) = +1.7843 | EMA = +1.8998 | std(g_L) = 0.7925 | grad = 1.0865
step  11580 | loss = -1.4966 | mean(g_L) = +1.9024 | EMA = +1.8983 | std(g_L) = 0.7356 | grad = 0.7461
step  11600 | loss = -1.4267 | mean(g_L) = +1.9880 | EMA = +1.9007 | std(g_L) = 0.8651 | grad = 1.1169
step  11620 | loss = -1.6757 | mean(g_L) = +1.9845 | EMA = +1.9047 | std(g_L) = 0.6417 | grad = 0.7415
step  11640 | loss = -1.7016 | mean(g_L) = +2.0147 | EMA = +1.9075 | std(g_L) = 0.6461 | grad = 0.8689
step  11660 | loss = -1.5636 | mean(g_L) = +1.9174 | EMA = +1.9074 | std(g_L) = 0.6868 | grad = 1.0560
step  11680 | loss = -1.2336 | mean(g_L) = +1.8685 | EMA = +1.9078 | std(g_L) = 0.9201 | grad = 2.0193
step  11700 | loss = -0.9233 | mean(g_L) = +1.7633 | EMA = +1.8811 | std(g_L) = 1.0583 | grad = 1.7264
step  11720 | loss = -1.2614 | mean(g_L) = +1.8065 | EMA = +1.8685 | std(g_L) = 0.8525 | grad = 0.7860
step  11740 | loss = -1.3859 | mean(g_L) = +1.9190 | EMA = +1.8917 | std(g_L) = 0.8431 | grad = 0.5777
step  11760 | loss = -1.5962 | mean(g_L) = +1.9991 | EMA = +1.9106 | std(g_L) = 0.7330 | grad = 0.9164
step  11780 | loss = -1.3077 | mean(g_L) = +1.8558 | EMA = +1.9020 | std(g_L) = 0.8549 | grad = 0.5612
step  11800 | loss = -1.2701 | mean(g_L) = +1.9181 | EMA = +1.8926 | std(g_L) = 0.9295 | grad = 1.1737
step  11820 | loss = -1.3512 | mean(g_L) = +1.8677 | EMA = +1.8901 | std(g_L) = 0.8299 | grad = 0.7396
step  11840 | loss = -1.3687 | mean(g_L) = +1.8452 | EMA = +1.8718 | std(g_L) = 0.7971 | grad = 1.0082
step  11860 | loss = -1.4688 | mean(g_L) = +1.8971 | EMA = +1.8921 | std(g_L) = 0.7557 | grad = 1.1735
step  11880 | loss = -1.2979 | mean(g_L) = +1.8762 | EMA = +1.8866 | std(g_L) = 0.8781 | grad = 0.7820
step  11900 | loss = -1.5841 | mean(g_L) = +2.0126 | EMA = +1.9055 | std(g_L) = 0.7559 | grad = 1.1593
step  11920 | loss = -1.6711 | mean(g_L) = +1.9694 | EMA = +1.9032 | std(g_L) = 0.6307 | grad = 0.9816
step  11940 | loss = -1.5651 | mean(g_L) = +1.9202 | EMA = +1.8823 | std(g_L) = 0.6880 | grad = 0.8815
step  11960 | loss = -1.4099 | mean(g_L) = +1.8613 | EMA = +1.8950 | std(g_L) = 0.7758 | grad = 0.6116
step  11980 | loss = -1.2906 | mean(g_L) = +1.8264 | EMA = +1.8998 | std(g_L) = 0.8452 | grad = 1.2985
step  12000 | loss = -1.5329 | mean(g_L) = +1.9491 | EMA = +1.9072 | std(g_L) = 0.7449 | grad = 0.5185
step  12020 | loss = -1.4854 | mean(g_L) = +1.8781 | EMA = +1.9114 | std(g_L) = 0.7235 | grad = 1.0475
step  12040 | loss = -1.5331 | mean(g_L) = +1.8993 | EMA = +1.8855 | std(g_L) = 0.6988 | grad = 0.7848
step  12060 | loss = -1.3445 | mean(g_L) = +1.8658 | EMA = +1.8849 | std(g_L) = 0.8337 | grad = 0.8164
step  12080 | loss = -1.5439 | mean(g_L) = +1.9160 | EMA = +1.8920 | std(g_L) = 0.7044 | grad = 0.3830
step  12100 | loss = -1.5978 | mean(g_L) = +1.9576 | EMA = +1.8901 | std(g_L) = 0.6926 | grad = 0.6969
step  12120 | loss = -1.3961 | mean(g_L) = +1.8667 | EMA = +1.8944 | std(g_L) = 0.7921 | grad = 0.6886
step  12140 | loss = -1.4391 | mean(g_L) = +1.8169 | EMA = +1.9141 | std(g_L) = 0.7097 | grad = 0.7637
step  12160 | loss = -1.5822 | mean(g_L) = +2.0044 | EMA = +1.9262 | std(g_L) = 0.7503 | grad = 1.1800
step  12180 | loss = -1.4503 | mean(g_L) = +1.9460 | EMA = +1.9175 | std(g_L) = 0.8130 | grad = 1.5713
step  12200 | loss = -1.3235 | mean(g_L) = +1.8633 | EMA = +1.9126 | std(g_L) = 0.8484 | grad = 1.4233
step  12220 | loss = -1.4784 | mean(g_L) = +1.8758 | EMA = +1.9022 | std(g_L) = 0.7279 | grad = 1.0171
step  12240 | loss = -1.2601 | mean(g_L) = +1.9030 | EMA = +1.9063 | std(g_L) = 0.9258 | grad = 1.0543
step  12260 | loss = -1.4108 | mean(g_L) = +1.8673 | EMA = +1.8936 | std(g_L) = 0.7802 | grad = 1.0128
step  12280 | loss = -1.6725 | mean(g_L) = +2.0266 | EMA = +1.9084 | std(g_L) = 0.6872 | grad = 0.7272
step  12300 | loss = -1.5367 | mean(g_L) = +1.9231 | EMA = +1.9068 | std(g_L) = 0.7178 | grad = 1.1171
step  12320 | loss = -1.4345 | mean(g_L) = +1.8682 | EMA = +1.9039 | std(g_L) = 0.7604 | grad = 1.0221
step  12340 | loss = -1.0470 | mean(g_L) = +1.7418 | EMA = +1.8855 | std(g_L) = 0.9625 | grad = 1.0257
step  12360 | loss = -1.4604 | mean(g_L) = +1.9125 | EMA = +1.9193 | std(g_L) = 0.7764 | grad = 1.1025
step  12380 | loss = -1.5134 | mean(g_L) = +1.9044 | EMA = +1.9241 | std(g_L) = 0.7220 | grad = 1.1271
step  12400 | loss = -1.3597 | mean(g_L) = +1.8441 | EMA = +1.9085 | std(g_L) = 0.8037 | grad = 2.0557
step  12420 | loss = -1.6764 | mean(g_L) = +2.0236 | EMA = +1.8928 | std(g_L) = 0.6804 | grad = 0.7720
step  12440 | loss = -1.4929 | mean(g_L) = +1.9261 | EMA = +1.9126 | std(g_L) = 0.7600 | grad = 0.4395
step  12460 | loss = -1.2688 | mean(g_L) = +1.8436 | EMA = +1.8977 | std(g_L) = 0.8755 | grad = 1.1539
step  12480 | loss = -1.3746 | mean(g_L) = +1.8776 | EMA = +1.9006 | std(g_L) = 0.8189 | grad = 1.2154
step  12500 | loss = -1.3977 | mean(g_L) = +1.8585 | EMA = +1.9000 | std(g_L) = 0.7838 | grad = 0.7805
step  12520 | loss = -1.4544 | mean(g_L) = +1.8109 | EMA = +1.8920 | std(g_L) = 0.6894 | grad = 0.9398
step  12540 | loss = -1.5657 | mean(g_L) = +1.9743 | EMA = +1.9065 | std(g_L) = 0.7381 | grad = 1.4746
step  12560 | loss = -1.5753 | mean(g_L) = +2.0029 | EMA = +1.9117 | std(g_L) = 0.7551 | grad = 0.8365
step  12580 | loss = -1.1414 | mean(g_L) = +1.7753 | EMA = +1.8937 | std(g_L) = 0.9193 | grad = 1.4370
step  12600 | loss = -1.3014 | mean(g_L) = +1.8154 | EMA = +1.8863 | std(g_L) = 0.8279 | grad = 1.2703
step  12620 | loss = -0.9911 | mean(g_L) = +1.7586 | EMA = +1.8815 | std(g_L) = 1.0116 | grad = 1.1231
step  12640 | loss = -1.5674 | mean(g_L) = +1.9869 | EMA = +1.8901 | std(g_L) = 0.7478 | grad = 0.9885
step  12660 | loss = -1.5520 | mean(g_L) = +2.0194 | EMA = +1.9076 | std(g_L) = 0.7894 | grad = 0.7747
step  12680 | loss = -1.2207 | mean(g_L) = +1.7443 | EMA = +1.8776 | std(g_L) = 0.8355 | grad = 0.8615
step  12700 | loss = -1.5174 | mean(g_L) = +1.9072 | EMA = +1.8859 | std(g_L) = 0.7209 | grad = 0.7010
step  12720 | loss = -1.5184 | mean(g_L) = +1.9443 | EMA = +1.9074 | std(g_L) = 0.7536 | grad = 1.0594
step  12740 | loss = -1.3063 | mean(g_L) = +1.8239 | EMA = +1.8835 | std(g_L) = 0.8308 | grad = 1.6036
step  12760 | loss = -1.4487 | mean(g_L) = +1.8719 | EMA = +1.8862 | std(g_L) = 0.7512 | grad = 1.3391
step  12780 | loss = -1.4200 | mean(g_L) = +1.9236 | EMA = +1.9001 | std(g_L) = 0.8194 | grad = 1.2412
step  12800 | loss = -1.6102 | mean(g_L) = +2.0009 | EMA = +1.9211 | std(g_L) = 0.7218 | grad = 0.9038
step  12820 | loss = -1.4363 | mean(g_L) = +1.9359 | EMA = +1.8993 | std(g_L) = 0.8162 | grad = 0.4950
step  12840 | loss = -1.5276 | mean(g_L) = +1.9239 | EMA = +1.9107 | std(g_L) = 0.7269 | grad = 0.7339
step  12860 | loss = -1.3500 | mean(g_L) = +1.7610 | EMA = +1.8983 | std(g_L) = 0.7403 | grad = 1.2061
step  12880 | loss = -1.4989 | mean(g_L) = +1.8899 | EMA = +1.9020 | std(g_L) = 0.7221 | grad = 0.7651
step  12900 | loss = -1.2113 | mean(g_L) = +1.8031 | EMA = +1.8968 | std(g_L) = 0.8883 | grad = 1.5136
step  12920 | loss = -1.4356 | mean(g_L) = +1.8901 | EMA = +1.8743 | std(g_L) = 0.7785 | grad = 0.6392
step  12940 | loss = -1.5175 | mean(g_L) = +1.8962 | EMA = +1.8879 | std(g_L) = 0.7106 | grad = 0.5925
step  12960 | loss = -1.6513 | mean(g_L) = +1.9650 | EMA = +1.9168 | std(g_L) = 0.6467 | grad = 0.6839
step  12980 | loss = -1.5021 | mean(g_L) = +1.9384 | EMA = +1.9180 | std(g_L) = 0.7627 | grad = 0.6136
step  13000 | loss = -1.4563 | mean(g_L) = +1.8467 | EMA = +1.9114 | std(g_L) = 0.7214 | grad = 0.9673
step  13020 | loss = -1.2194 | mean(g_L) = +1.8047 | EMA = +1.9056 | std(g_L) = 0.8834 | grad = 0.7864
step  13040 | loss = -1.4178 | mean(g_L) = +1.8609 | EMA = +1.9084 | std(g_L) = 0.7687 | grad = 0.8375
step  13060 | loss = -1.3282 | mean(g_L) = +1.8694 | EMA = +1.9057 | std(g_L) = 0.8495 | grad = 1.4000
step  13080 | loss = -1.4030 | mean(g_L) = +1.8319 | EMA = +1.9017 | std(g_L) = 0.7563 | grad = 0.5574
step  13100 | loss = -1.4922 | mean(g_L) = +1.8710 | EMA = +1.9120 | std(g_L) = 0.7107 | grad = 0.5850
step  13120 | loss = -1.5832 | mean(g_L) = +1.9572 | EMA = +1.9123 | std(g_L) = 0.7061 | grad = 1.0364
step  13140 | loss = -1.6503 | mean(g_L) = +1.9847 | EMA = +1.9145 | std(g_L) = 0.6678 | grad = 0.6089
step  13160 | loss = -1.3333 | mean(g_L) = +1.8123 | EMA = +1.9045 | std(g_L) = 0.7991 | grad = 0.5515
step  13180 | loss = -1.6529 | mean(g_L) = +1.9907 | EMA = +1.9133 | std(g_L) = 0.6711 | grad = 0.6767
step  13200 | loss = -0.9883 | mean(g_L) = +1.6730 | EMA = +1.8956 | std(g_L) = 0.9554 | grad = 1.8680
step  13220 | loss = -1.3412 | mean(g_L) = +1.9162 | EMA = +1.8996 | std(g_L) = 0.8756 | grad = 1.1378
step  13240 | loss = -1.3146 | mean(g_L) = +1.8061 | EMA = +1.8865 | std(g_L) = 0.8096 | grad = 1.0643
step  13260 | loss = -1.3856 | mean(g_L) = +1.9284 | EMA = +1.9007 | std(g_L) = 0.8507 | grad = 1.6154
step  13280 | loss = -1.4627 | mean(g_L) = +1.8408 | EMA = +1.9087 | std(g_L) = 0.7101 | grad = 1.0880
step  13300 | loss = -1.3127 | mean(g_L) = +1.9006 | EMA = +1.8979 | std(g_L) = 0.8854 | grad = 0.8801
step  13320 | loss = -1.2900 | mean(g_L) = +1.7982 | EMA = +1.9004 | std(g_L) = 0.8232 | grad = 1.3675
step  13340 | loss = -1.3872 | mean(g_L) = +1.9126 | EMA = +1.9172 | std(g_L) = 0.8369 | grad = 0.8798
step  13360 | loss = -1.2344 | mean(g_L) = +1.8109 | EMA = +1.8953 | std(g_L) = 0.8768 | grad = 0.4552
step  13380 | loss = -1.4751 | mean(g_L) = +1.9593 | EMA = +1.8858 | std(g_L) = 0.8035 | grad = 0.7973
step  13400 | loss = -1.4025 | mean(g_L) = +1.8787 | EMA = +1.8951 | std(g_L) = 0.7968 | grad = 1.6094
step  13420 | loss = -1.5247 | mean(g_L) = +1.9756 | EMA = +1.8875 | std(g_L) = 0.7754 | grad = 0.7746
step  13440 | loss = -1.3581 | mean(g_L) = +1.8375 | EMA = +1.8936 | std(g_L) = 0.7995 | grad = 0.9517
step  13460 | loss = -1.5101 | mean(g_L) = +1.9613 | EMA = +1.9071 | std(g_L) = 0.7757 | grad = 0.4584
step  13480 | loss = -1.6927 | mean(g_L) = +2.0337 | EMA = +1.9123 | std(g_L) = 0.6743 | grad = 0.7267
step  13500 | loss = -1.1944 | mean(g_L) = +1.8914 | EMA = +1.9033 | std(g_L) = 0.9641 | grad = 1.3636
step  13520 | loss = -1.6628 | mean(g_L) = +2.0680 | EMA = +1.9094 | std(g_L) = 0.7351 | grad = 0.8211
step  13540 | loss = -1.5783 | mean(g_L) = +1.9455 | EMA = +1.8874 | std(g_L) = 0.6997 | grad = 0.8782
step  13560 | loss = -1.3373 | mean(g_L) = +1.8671 | EMA = +1.9156 | std(g_L) = 0.8404 | grad = 0.6386
step  13580 | loss = -1.4398 | mean(g_L) = +1.8457 | EMA = +1.9157 | std(g_L) = 0.7357 | grad = 0.9839
step  13600 | loss = -1.5140 | mean(g_L) = +1.9280 | EMA = +1.9226 | std(g_L) = 0.7430 | grad = 1.1605
step  13620 | loss = -1.4626 | mean(g_L) = +1.8776 | EMA = +1.9096 | std(g_L) = 0.7438 | grad = 0.7658
step  13640 | loss = -1.4195 | mean(g_L) = +1.8763 | EMA = +1.8861 | std(g_L) = 0.7804 | grad = 1.2060
step  13660 | loss = -1.5197 | mean(g_L) = +1.9327 | EMA = +1.9070 | std(g_L) = 0.7421 | grad = 1.7963
step  13680 | loss = -1.3401 | mean(g_L) = +1.8603 | EMA = +1.8908 | std(g_L) = 0.8328 | grad = 0.5480
step  13700 | loss = -1.3557 | mean(g_L) = +1.8317 | EMA = +1.8999 | std(g_L) = 0.7967 | grad = 1.0614
step  13720 | loss = -1.4081 | mean(g_L) = +1.8965 | EMA = +1.9009 | std(g_L) = 0.8070 | grad = 0.8209
step  13740 | loss = -1.4702 | mean(g_L) = +1.9409 | EMA = +1.9033 | std(g_L) = 0.7922 | grad = 0.7009
step  13760 | loss = -1.6550 | mean(g_L) = +1.9883 | EMA = +1.9104 | std(g_L) = 0.6666 | grad = 0.9180
step  13780 | loss = -1.4956 | mean(g_L) = +1.9234 | EMA = +1.8954 | std(g_L) = 0.7553 | grad = 1.1760
step  13800 | loss = -1.2778 | mean(g_L) = +1.8217 | EMA = +1.8887 | std(g_L) = 0.8516 | grad = 0.7605
step  13820 | loss = -1.2851 | mean(g_L) = +1.8185 | EMA = +1.8993 | std(g_L) = 0.8433 | grad = 1.2885
step  13840 | loss = -1.4563 | mean(g_L) = +1.9324 | EMA = +1.9122 | std(g_L) = 0.7968 | grad = 1.9354
step  13860 | loss = -1.3466 | mean(g_L) = +1.8643 | EMA = +1.9175 | std(g_L) = 0.8308 | grad = 1.4480
step  13880 | loss = -1.5796 | mean(g_L) = +1.9681 | EMA = +1.8975 | std(g_L) = 0.7197 | grad = 0.8309
step  13900 | loss = -1.4660 | mean(g_L) = +1.8951 | EMA = +1.9018 | std(g_L) = 0.7564 | grad = 0.3260
step  13920 | loss = -1.3361 | mean(g_L) = +1.8866 | EMA = +1.9144 | std(g_L) = 0.8568 | grad = 1.0049
step  13940 | loss = -1.1266 | mean(g_L) = +1.7508 | EMA = +1.9248 | std(g_L) = 0.9123 | grad = 0.9094
step  13960 | loss = -1.4451 | mean(g_L) = +1.8722 | EMA = +1.9261 | std(g_L) = 0.7547 | grad = 0.7527
step  13980 | loss = -1.3370 | mean(g_L) = +1.8463 | EMA = +1.9099 | std(g_L) = 0.8240 | grad = 1.0200
step  14000 | loss = -1.0668 | mean(g_L) = +1.7311 | EMA = +1.9083 | std(g_L) = 0.9411 | grad = 0.9682
step  14020 | loss = -1.3295 | mean(g_L) = +1.8503 | EMA = +1.9005 | std(g_L) = 0.8333 | grad = 0.9869
step  14040 | loss = -1.5232 | mean(g_L) = +1.9168 | EMA = +1.9089 | std(g_L) = 0.7245 | grad = 1.5619
step  14060 | loss = -1.6264 | mean(g_L) = +1.9547 | EMA = +1.9012 | std(g_L) = 0.6616 | grad = 0.9652
step  14080 | loss = -1.4024 | mean(g_L) = +1.9402 | EMA = +1.9242 | std(g_L) = 0.8468 | grad = 0.8357
step  14100 | loss = -1.2135 | mean(g_L) = +1.9505 | EMA = +1.9127 | std(g_L) = 0.9913 | grad = 1.0211
step  14120 | loss = -1.3820 | mean(g_L) = +1.9133 | EMA = +1.8972 | std(g_L) = 0.8417 | grad = 1.7931
step  14140 | loss = -1.6521 | mean(g_L) = +1.9844 | EMA = +1.9032 | std(g_L) = 0.6657 | grad = 0.8280
step  14160 | loss = -1.4601 | mean(g_L) = +1.8821 | EMA = +1.9044 | std(g_L) = 0.7501 | grad = 1.0287
step  14180 | loss = -1.5317 | mean(g_L) = +1.9050 | EMA = +1.9018 | std(g_L) = 0.7056 | grad = 0.8440
step  14200 | loss = -1.2243 | mean(g_L) = +1.8434 | EMA = +1.9028 | std(g_L) = 0.9086 | grad = 0.8432
step  14220 | loss = -1.3612 | mean(g_L) = +1.9181 | EMA = +1.8984 | std(g_L) = 0.8617 | grad = 1.0319
step  14240 | loss = -1.5861 | mean(g_L) = +1.9311 | EMA = +1.8950 | std(g_L) = 0.6782 | grad = 1.6913
step  14260 | loss = -1.5619 | mean(g_L) = +1.9585 | EMA = +1.9116 | std(g_L) = 0.7273 | grad = 0.7576
step  14280 | loss = -1.3045 | mean(g_L) = +1.9293 | EMA = +1.9197 | std(g_L) = 0.9127 | grad = 4.3088
step  14300 | loss = -1.6078 | mean(g_L) = +2.0171 | EMA = +1.9117 | std(g_L) = 0.7388 | grad = 0.8766
step  14320 | loss = -1.3344 | mean(g_L) = +1.8531 | EMA = +1.9227 | std(g_L) = 0.8317 | grad = 0.8917
step  14340 | loss = -1.4923 | mean(g_L) = +1.8930 | EMA = +1.9012 | std(g_L) = 0.7310 | grad = 0.6569
step  14360 | loss = -1.3142 | mean(g_L) = +1.8264 | EMA = +1.9067 | std(g_L) = 0.8264 | grad = 0.7106
step  14380 | loss = -1.4161 | mean(g_L) = +1.9224 | EMA = +1.8998 | std(g_L) = 0.8216 | grad = 1.1635
step  14400 | loss = -1.7015 | mean(g_L) = +2.0278 | EMA = +1.9178 | std(g_L) = 0.6596 | grad = 1.0357
step  14420 | loss = -1.1128 | mean(g_L) = +1.7774 | EMA = +1.8971 | std(g_L) = 0.9414 | grad = 0.9110
step  14440 | loss = -1.2365 | mean(g_L) = +1.8358 | EMA = +1.8886 | std(g_L) = 0.8939 | grad = 1.8052
step  14460 | loss = -1.4918 | mean(g_L) = +1.9540 | EMA = +1.8920 | std(g_L) = 0.7851 | grad = 0.5407
step  14480 | loss = -1.4672 | mean(g_L) = +1.9095 | EMA = +1.9143 | std(g_L) = 0.7679 | grad = 0.8632
step  14500 | loss = -1.6303 | mean(g_L) = +1.9881 | EMA = +1.9091 | std(g_L) = 0.6907 | grad = 0.7244
step  14520 | loss = -1.4473 | mean(g_L) = +1.8743 | EMA = +1.9184 | std(g_L) = 0.7546 | grad = 1.3374
step  14540 | loss = -1.2630 | mean(g_L) = +1.8392 | EMA = +1.9047 | std(g_L) = 0.8765 | grad = 1.2011
step  14560 | loss = -1.3639 | mean(g_L) = +1.8658 | EMA = +1.9056 | std(g_L) = 0.8180 | grad = 0.6670
step  14580 | loss = -1.1527 | mean(g_L) = +1.7958 | EMA = +1.9006 | std(g_L) = 0.9260 | grad = 1.2796
step  14600 | loss = -1.2936 | mean(g_L) = +1.7999 | EMA = +1.8913 | std(g_L) = 0.8217 | grad = 0.9617
step  14620 | loss = -1.6638 | mean(g_L) = +2.0132 | EMA = +1.9157 | std(g_L) = 0.6826 | grad = 0.8453
step  14640 | loss = -1.5778 | mean(g_L) = +1.9529 | EMA = +1.9366 | std(g_L) = 0.7072 | grad = 1.0714
step  14660 | loss = -1.6725 | mean(g_L) = +2.0297 | EMA = +1.9103 | std(g_L) = 0.6901 | grad = 1.0361
step  14680 | loss = -1.5379 | mean(g_L) = +1.9266 | EMA = +1.9120 | std(g_L) = 0.7200 | grad = 0.8813
step  14700 | loss = -1.1828 | mean(g_L) = +1.7721 | EMA = +1.8886 | std(g_L) = 0.8864 | grad = 1.8968
step  14720 | loss = -1.3501 | mean(g_L) = +1.8523 | EMA = +1.9024 | std(g_L) = 0.8183 | grad = 1.1802
step  14740 | loss = -1.3689 | mean(g_L) = +1.8655 | EMA = +1.8956 | std(g_L) = 0.8138 | grad = 2.5115
step  14760 | loss = -1.3687 | mean(g_L) = +1.8876 | EMA = +1.9096 | std(g_L) = 0.8318 | grad = 1.7354
step  14780 | loss = -1.5027 | mean(g_L) = +1.9249 | EMA = +1.9351 | std(g_L) = 0.7503 | grad = 0.6425
step  14800 | loss = -1.7400 | mean(g_L) = +2.0438 | EMA = +1.9286 | std(g_L) = 0.6365 | grad = 0.5784
step  14820 | loss = -1.5505 | mean(g_L) = +1.9251 | EMA = +1.9231 | std(g_L) = 0.7068 | grad = 1.4112
step  14840 | loss = -1.2359 | mean(g_L) = +1.8223 | EMA = +1.9004 | std(g_L) = 0.8842 | grad = 0.7166
step  14860 | loss = -1.5011 | mean(g_L) = +1.9869 | EMA = +1.9159 | std(g_L) = 0.8048 | grad = 0.6379
step  14880 | loss = -1.5457 | mean(g_L) = +1.9392 | EMA = +1.8976 | std(g_L) = 0.7243 | grad = 0.9227
step  14900 | loss = -1.4226 | mean(g_L) = +1.8660 | EMA = +1.8952 | std(g_L) = 0.7689 | grad = 1.0001
step  14920 | loss = -1.4753 | mean(g_L) = +1.9899 | EMA = +1.8965 | std(g_L) = 0.8284 | grad = 0.8609
step  14940 | loss = -1.4116 | mean(g_L) = +1.8998 | EMA = +1.9004 | std(g_L) = 0.8068 | grad = 1.3279
step  14960 | loss = -1.2081 | mean(g_L) = +1.8038 | EMA = +1.8916 | std(g_L) = 0.8912 | grad = 1.1610
step  14980 | loss = -1.3205 | mean(g_L) = +1.8663 | EMA = +1.8883 | std(g_L) = 0.8530 | grad = 1.2864
step  15000 | loss = -1.4412 | mean(g_L) = +1.9197 | EMA = +1.9122 | std(g_L) = 0.7988 | grad = 1.1292
T=5 finished.
