
============================================================
Alpha = 0.5
T = 5
L = 128
Batch size = 128
Steps = 15000
Checkpoints = /home/egalarraga/beam_dad/model_checkpoints/mean_var_loss/checkpoints_nx8/models/alpha_0.5/T5_L128_B128
============================================================
step      1 | loss = -0.1556 | mean(g_L) = +0.4053 | EMA = +0.4053 | std(g_L) = 0.7066 | grad = 0.1664
step     20 | loss = -0.1050 | mean(g_L) = +0.3753 | EMA = +0.3981 | std(g_L) = 0.7353 | grad = 0.1492
step     40 | loss = -0.0804 | mean(g_L) = +0.3994 | EMA = +0.3893 | std(g_L) = 0.7987 | grad = 0.1592
step     60 | loss = -0.1540 | mean(g_L) = +0.3716 | EMA = +0.3953 | std(g_L) = 0.6597 | grad = 0.1154
step     80 | loss = -0.1425 | mean(g_L) = +0.3883 | EMA = +0.4008 | std(g_L) = 0.7011 | grad = 0.1797
step    100 | loss = -0.1034 | mean(g_L) = +0.4320 | EMA = +0.4187 | std(g_L) = 0.8107 | grad = 0.1981
step    120 | loss = -0.1665 | mean(g_L) = +0.4778 | EMA = +0.4494 | std(g_L) = 0.7890 | grad = 0.2281
step    140 | loss = -0.0666 | mean(g_L) = +0.4718 | EMA = +0.5075 | std(g_L) = 0.9002 | grad = 0.3376
step    160 | loss = -0.3055 | mean(g_L) = +0.6090 | EMA = +0.5424 | std(g_L) = 0.7791 | grad = 0.3034
step    180 | loss = -0.2315 | mean(g_L) = +0.6164 | EMA = +0.5966 | std(g_L) = 0.8773 | grad = 0.7259
step    200 | loss = -0.4538 | mean(g_L) = +0.8129 | EMA = +0.6587 | std(g_L) = 0.8475 | grad = 0.6483
step    220 | loss = -0.4998 | mean(g_L) = +0.7577 | EMA = +0.7277 | std(g_L) = 0.7182 | grad = 0.3508
step    240 | loss = -0.5013 | mean(g_L) = +0.8470 | EMA = +0.7765 | std(g_L) = 0.8316 | grad = 0.9577
step    260 | loss = -0.3776 | mean(g_L) = +0.8323 | EMA = +0.8355 | std(g_L) = 0.9536 | grad = 0.7995
step    280 | loss = -0.6527 | mean(g_L) = +0.9984 | EMA = +0.9172 | std(g_L) = 0.8315 | grad = 0.6282
step    300 | loss = -0.6894 | mean(g_L) = +1.1865 | EMA = +1.0497 | std(g_L) = 0.9971 | grad = 0.7059
step    320 | loss = -0.8519 | mean(g_L) = +1.2858 | EMA = +1.1676 | std(g_L) = 0.9316 | grad = 0.7412
step    340 | loss = -1.0963 | mean(g_L) = +1.5247 | EMA = +1.2627 | std(g_L) = 0.9256 | grad = 1.2864
step    360 | loss = -0.6773 | mean(g_L) = +1.2299 | EMA = +1.3061 | std(g_L) = 1.0512 | grad = 0.5129
step    380 | loss = -0.9020 | mean(g_L) = +1.3989 | EMA = +1.3507 | std(g_L) = 0.9968 | grad = 0.9244
step    400 | loss = -1.1906 | mean(g_L) = +1.5300 | EMA = +1.3879 | std(g_L) = 0.8239 | grad = 0.8862
step    420 | loss = -1.0411 | mean(g_L) = +1.5114 | EMA = +1.3942 | std(g_L) = 0.9699 | grad = 1.6326
step    440 | loss = -1.0571 | mean(g_L) = +1.5173 | EMA = +1.4243 | std(g_L) = 0.9593 | grad = 0.7666
step    460 | loss = -0.9967 | mean(g_L) = +1.5189 | EMA = +1.4576 | std(g_L) = 1.0220 | grad = 0.8323
step    480 | loss = -0.8722 | mean(g_L) = +1.4391 | EMA = +1.4614 | std(g_L) = 1.0648 | grad = 1.0884
step    500 | loss = -1.0715 | mean(g_L) = +1.5994 | EMA = +1.4566 | std(g_L) = 1.0276 | grad = 1.3000
step    520 | loss = -0.9819 | mean(g_L) = +1.4766 | EMA = +1.4680 | std(g_L) = 0.9948 | grad = 0.8299
step    540 | loss = -0.8035 | mean(g_L) = +1.3567 | EMA = +1.4842 | std(g_L) = 1.0518 | grad = 0.8041
step    560 | loss = -1.0395 | mean(g_L) = +1.4717 | EMA = +1.4944 | std(g_L) = 0.9297 | grad = 1.3469
step    580 | loss = -0.8006 | mean(g_L) = +1.4909 | EMA = +1.5055 | std(g_L) = 1.1750 | grad = 0.6628
step    600 | loss = -1.0119 | mean(g_L) = +1.6351 | EMA = +1.5379 | std(g_L) = 1.1164 | grad = 1.2876
step    620 | loss = -0.9618 | mean(g_L) = +1.5865 | EMA = +1.5483 | std(g_L) = 1.1178 | grad = 0.8461
step    640 | loss = -1.0769 | mean(g_L) = +1.5030 | EMA = +1.5381 | std(g_L) = 0.9231 | grad = 0.8321
step    660 | loss = -1.0180 | mean(g_L) = +1.6029 | EMA = +1.5631 | std(g_L) = 1.0816 | grad = 1.8302
step    680 | loss = -1.1565 | mean(g_L) = +1.8234 | EMA = +1.6050 | std(g_L) = 1.1548 | grad = 0.7207
step    700 | loss = -0.8448 | mean(g_L) = +1.3946 | EMA = +1.5685 | std(g_L) = 1.0487 | grad = 0.8449
step    720 | loss = -1.0484 | mean(g_L) = +1.5157 | EMA = +1.5821 | std(g_L) = 0.9667 | grad = 1.3342
step    740 | loss = -1.0522 | mean(g_L) = +1.7231 | EMA = +1.5844 | std(g_L) = 1.1583 | grad = 0.5861
step    760 | loss = -0.9531 | mean(g_L) = +1.5792 | EMA = +1.6133 | std(g_L) = 1.1190 | grad = 0.8625
step    780 | loss = -1.0642 | mean(g_L) = +1.6870 | EMA = +1.6460 | std(g_L) = 1.1160 | grad = 0.8371
step    800 | loss = -0.9553 | mean(g_L) = +1.4941 | EMA = +1.6034 | std(g_L) = 1.0380 | grad = 1.3269
step    820 | loss = -1.0872 | mean(g_L) = +1.5709 | EMA = +1.6348 | std(g_L) = 0.9835 | grad = 0.7734
step    840 | loss = -0.8031 | mean(g_L) = +1.5239 | EMA = +1.6177 | std(g_L) = 1.2007 | grad = 1.2876
step    860 | loss = -0.9746 | mean(g_L) = +1.5738 | EMA = +1.6304 | std(g_L) = 1.0947 | grad = 0.8882
step    880 | loss = -1.2348 | mean(g_L) = +1.7808 | EMA = +1.6717 | std(g_L) = 1.0450 | grad = 0.9164
step    900 | loss = -0.8603 | mean(g_L) = +1.4950 | EMA = +1.6835 | std(g_L) = 1.1266 | grad = 1.4310
step    920 | loss = -1.1235 | mean(g_L) = +1.6829 | EMA = +1.6863 | std(g_L) = 1.0577 | grad = 1.5964
step    940 | loss = -1.1411 | mean(g_L) = +1.7782 | EMA = +1.6705 | std(g_L) = 1.1287 | grad = 0.9452
step    960 | loss = -1.2632 | mean(g_L) = +1.8191 | EMA = +1.6703 | std(g_L) = 1.0545 | grad = 0.5547
step    980 | loss = -1.1951 | mean(g_L) = +1.8007 | EMA = +1.6966 | std(g_L) = 1.1006 | grad = 1.0282
step   1000 | loss = -1.1313 | mean(g_L) = +1.6291 | EMA = +1.7126 | std(g_L) = 0.9978 | grad = 0.6733
step   1020 | loss = -1.3434 | mean(g_L) = +1.8763 | EMA = +1.7808 | std(g_L) = 1.0323 | grad = 0.9965
step   1040 | loss = -1.5194 | mean(g_L) = +1.8955 | EMA = +1.8217 | std(g_L) = 0.8672 | grad = 0.8899
step   1060 | loss = -1.2715 | mean(g_L) = +1.8231 | EMA = +1.8712 | std(g_L) = 1.0503 | grad = 0.5269
step   1080 | loss = -1.4292 | mean(g_L) = +1.8831 | EMA = +1.8887 | std(g_L) = 0.9528 | grad = 1.1647
step   1100 | loss = -1.5090 | mean(g_L) = +2.0192 | EMA = +1.9183 | std(g_L) = 1.0102 | grad = 1.6946
step   1120 | loss = -1.5058 | mean(g_L) = +1.9502 | EMA = +1.9074 | std(g_L) = 0.9427 | grad = 1.2228
step   1140 | loss = -1.6646 | mean(g_L) = +2.0716 | EMA = +1.9628 | std(g_L) = 0.9021 | grad = 0.6674
step   1160 | loss = -1.5531 | mean(g_L) = +1.9861 | EMA = +1.9755 | std(g_L) = 0.9305 | grad = 0.8891
step   1180 | loss = -1.5883 | mean(g_L) = +1.9964 | EMA = +1.9914 | std(g_L) = 0.9034 | grad = 0.7225
step   1200 | loss = -1.3835 | mean(g_L) = +1.8824 | EMA = +1.9881 | std(g_L) = 0.9990 | grad = 1.1616
step   1220 | loss = -1.3844 | mean(g_L) = +1.8852 | EMA = +1.9987 | std(g_L) = 1.0008 | grad = 2.2137
step   1240 | loss = -1.3197 | mean(g_L) = +1.8648 | EMA = +1.9879 | std(g_L) = 1.0441 | grad = 1.0680
step   1260 | loss = -1.5459 | mean(g_L) = +1.9694 | EMA = +1.9921 | std(g_L) = 0.9203 | grad = 1.7668
step   1280 | loss = -1.2271 | mean(g_L) = +1.7801 | EMA = +1.9711 | std(g_L) = 1.0516 | grad = 3.1787
step   1300 | loss = -1.5259 | mean(g_L) = +2.0256 | EMA = +1.9833 | std(g_L) = 0.9996 | grad = 2.0548
step   1320 | loss = -1.6902 | mean(g_L) = +2.1052 | EMA = +1.9965 | std(g_L) = 0.9111 | grad = 1.6565
step   1340 | loss = -1.6422 | mean(g_L) = +2.0692 | EMA = +2.0139 | std(g_L) = 0.9242 | grad = 0.5903
step   1360 | loss = -1.6591 | mean(g_L) = +1.9488 | EMA = +2.0221 | std(g_L) = 0.7612 | grad = 1.1761
step   1380 | loss = -1.7510 | mean(g_L) = +2.1326 | EMA = +2.0112 | std(g_L) = 0.8737 | grad = 0.6609
step   1400 | loss = -1.4746 | mean(g_L) = +1.9625 | EMA = +2.0151 | std(g_L) = 0.9878 | grad = 3.2191
step   1420 | loss = -1.6567 | mean(g_L) = +2.0632 | EMA = +2.0183 | std(g_L) = 0.9016 | grad = 0.8919
step   1440 | loss = -1.8334 | mean(g_L) = +2.1609 | EMA = +2.0256 | std(g_L) = 0.8093 | grad = 2.4291
step   1460 | loss = -1.7112 | mean(g_L) = +2.0926 | EMA = +2.0151 | std(g_L) = 0.8734 | grad = 0.4485
step   1480 | loss = -1.5730 | mean(g_L) = +2.0414 | EMA = +2.0156 | std(g_L) = 0.9679 | grad = 1.8098
step   1500 | loss = -1.5611 | mean(g_L) = +1.9612 | EMA = +2.0255 | std(g_L) = 0.8945 | grad = 1.6228
step   1520 | loss = -1.7329 | mean(g_L) = +2.1315 | EMA = +2.0200 | std(g_L) = 0.8929 | grad = 2.3519
step   1540 | loss = -1.5566 | mean(g_L) = +1.9926 | EMA = +2.0248 | std(g_L) = 0.9338 | grad = 1.1387
step   1560 | loss = -1.6001 | mean(g_L) = +2.0013 | EMA = +2.0192 | std(g_L) = 0.8958 | grad = 1.6498
step   1580 | loss = -1.6940 | mean(g_L) = +2.0058 | EMA = +2.0187 | std(g_L) = 0.7896 | grad = 2.3907
step   1600 | loss = -1.6818 | mean(g_L) = +2.0615 | EMA = +2.0367 | std(g_L) = 0.8714 | grad = 1.2185
step   1620 | loss = -1.3265 | mean(g_L) = +1.8178 | EMA = +2.0149 | std(g_L) = 0.9912 | grad = 1.0306
step   1640 | loss = -1.6794 | mean(g_L) = +1.9543 | EMA = +1.9915 | std(g_L) = 0.7415 | grad = 1.8670
step   1660 | loss = -1.5589 | mean(g_L) = +2.0109 | EMA = +2.0392 | std(g_L) = 0.9508 | grad = 1.2579
step   1680 | loss = -1.7863 | mean(g_L) = +2.1395 | EMA = +2.0629 | std(g_L) = 0.8404 | grad = 1.3943
step   1700 | loss = -1.5196 | mean(g_L) = +1.9784 | EMA = +2.0361 | std(g_L) = 0.9579 | grad = 1.8592
step   1720 | loss = -1.6083 | mean(g_L) = +2.0214 | EMA = +2.0385 | std(g_L) = 0.9090 | grad = 0.8308
step   1740 | loss = -1.4341 | mean(g_L) = +1.9021 | EMA = +2.0356 | std(g_L) = 0.9675 | grad = 0.6878
step   1760 | loss = -1.6217 | mean(g_L) = +2.0424 | EMA = +2.0325 | std(g_L) = 0.9173 | grad = 0.9626
step   1780 | loss = -1.7396 | mean(g_L) = +2.1111 | EMA = +2.0407 | std(g_L) = 0.8619 | grad = 1.4681
step   1800 | loss = -1.5925 | mean(g_L) = +2.0806 | EMA = +2.0286 | std(g_L) = 0.9881 | grad = 0.9989
step   1820 | loss = -1.5982 | mean(g_L) = +1.9825 | EMA = +2.0244 | std(g_L) = 0.8767 | grad = 1.6014
step   1840 | loss = -1.9586 | mean(g_L) = +2.1938 | EMA = +2.0409 | std(g_L) = 0.6858 | grad = 0.7232
step   1860 | loss = -1.5606 | mean(g_L) = +1.9301 | EMA = +2.0375 | std(g_L) = 0.8596 | grad = 0.6434
step   1880 | loss = -1.4265 | mean(g_L) = +1.9902 | EMA = +2.0473 | std(g_L) = 1.0618 | grad = 1.1671
step   1900 | loss = -1.7051 | mean(g_L) = +2.0386 | EMA = +2.0416 | std(g_L) = 0.8167 | grad = 1.1899
step   1920 | loss = -1.4436 | mean(g_L) = +1.9029 | EMA = +2.0560 | std(g_L) = 0.9584 | grad = 1.0745
step   1940 | loss = -1.7666 | mean(g_L) = +2.0725 | EMA = +2.0425 | std(g_L) = 0.7821 | grad = 1.5884
step   1960 | loss = -1.7429 | mean(g_L) = +2.1094 | EMA = +2.0460 | std(g_L) = 0.8561 | grad = 3.4514
step   1980 | loss = -1.5161 | mean(g_L) = +2.0089 | EMA = +2.0318 | std(g_L) = 0.9928 | grad = 2.9068
step   2000 | loss = -1.6303 | mean(g_L) = +2.0130 | EMA = +2.0370 | std(g_L) = 0.8749 | grad = 0.6596
step   2020 | loss = -1.7155 | mean(g_L) = +1.9934 | EMA = +2.0300 | std(g_L) = 0.7455 | grad = 1.5820
step   2040 | loss = -1.6924 | mean(g_L) = +2.0368 | EMA = +2.0487 | std(g_L) = 0.8300 | grad = 1.4402
step   2060 | loss = -1.7208 | mean(g_L) = +2.0507 | EMA = +2.0488 | std(g_L) = 0.8123 | grad = 1.1165
step   2080 | loss = -1.5027 | mean(g_L) = +1.9696 | EMA = +2.0422 | std(g_L) = 0.9664 | grad = 1.9513
step   2100 | loss = -1.5709 | mean(g_L) = +1.9781 | EMA = +2.0427 | std(g_L) = 0.9025 | grad = 1.7547
step   2120 | loss = -1.8240 | mean(g_L) = +2.1528 | EMA = +2.0581 | std(g_L) = 0.8109 | grad = 0.9992
step   2140 | loss = -1.5097 | mean(g_L) = +2.0133 | EMA = +2.0449 | std(g_L) = 1.0035 | grad = 1.2638
step   2160 | loss = -1.5170 | mean(g_L) = +1.9505 | EMA = +2.0464 | std(g_L) = 0.9312 | grad = 1.1740
step   2180 | loss = -1.6176 | mean(g_L) = +2.0781 | EMA = +2.0417 | std(g_L) = 0.9596 | grad = 1.2173
step   2200 | loss = -1.5448 | mean(g_L) = +1.9200 | EMA = +2.0489 | std(g_L) = 0.8662 | grad = 1.5567
step   2220 | loss = -1.5816 | mean(g_L) = +2.0150 | EMA = +2.0296 | std(g_L) = 0.9311 | grad = 1.3844
step   2240 | loss = -1.5183 | mean(g_L) = +2.0162 | EMA = +2.0346 | std(g_L) = 0.9979 | grad = 1.0948
step   2260 | loss = -1.8902 | mean(g_L) = +2.1967 | EMA = +2.0461 | std(g_L) = 0.7829 | grad = 1.2796
step   2280 | loss = -1.7164 | mean(g_L) = +2.1011 | EMA = +2.0681 | std(g_L) = 0.8771 | grad = 1.4303
step   2300 | loss = -1.6553 | mean(g_L) = +2.0353 | EMA = +2.0384 | std(g_L) = 0.8717 | grad = 1.6054
step   2320 | loss = -1.6978 | mean(g_L) = +2.0947 | EMA = +2.0448 | std(g_L) = 0.8910 | grad = 0.9910
step   2340 | loss = -1.7373 | mean(g_L) = +2.1253 | EMA = +2.0537 | std(g_L) = 0.8809 | grad = 0.9347
step   2360 | loss = -1.8429 | mean(g_L) = +2.1795 | EMA = +2.0466 | std(g_L) = 0.8205 | grad = 1.1841
step   2380 | loss = -1.5567 | mean(g_L) = +2.0394 | EMA = +2.0510 | std(g_L) = 0.9825 | grad = 1.6671
step   2400 | loss = -1.6583 | mean(g_L) = +2.0929 | EMA = +2.0542 | std(g_L) = 0.9323 | grad = 1.2911
step   2420 | loss = -1.5944 | mean(g_L) = +2.0013 | EMA = +2.0411 | std(g_L) = 0.9021 | grad = 1.1588
step   2440 | loss = -1.7374 | mean(g_L) = +2.0513 | EMA = +2.0543 | std(g_L) = 0.7924 | grad = 1.3027
step   2460 | loss = -1.7814 | mean(g_L) = +2.1533 | EMA = +2.0666 | std(g_L) = 0.8625 | grad = 0.8071
step   2480 | loss = -1.6074 | mean(g_L) = +2.0162 | EMA = +2.0483 | std(g_L) = 0.9042 | grad = 1.4395
step   2500 | loss = -1.3012 | mean(g_L) = +1.9035 | EMA = +2.0268 | std(g_L) = 1.0975 | grad = 1.6147
step   2520 | loss = -1.7674 | mean(g_L) = +2.1125 | EMA = +2.0453 | std(g_L) = 0.8308 | grad = 1.0754
step   2540 | loss = -1.4671 | mean(g_L) = +1.9713 | EMA = +2.0489 | std(g_L) = 1.0042 | grad = 3.2910
step   2560 | loss = -1.5504 | mean(g_L) = +2.0328 | EMA = +2.0503 | std(g_L) = 0.9823 | grad = 1.7186
step   2580 | loss = -1.7143 | mean(g_L) = +2.0509 | EMA = +2.0495 | std(g_L) = 0.8205 | grad = 1.4282
step   2600 | loss = -1.6584 | mean(g_L) = +2.0292 | EMA = +2.0649 | std(g_L) = 0.8611 | grad = 2.0928
step   2620 | loss = -1.7494 | mean(g_L) = +2.1087 | EMA = +2.0697 | std(g_L) = 0.8477 | grad = 0.6671
step   2640 | loss = -1.8766 | mean(g_L) = +2.2035 | EMA = +2.0752 | std(g_L) = 0.8086 | grad = 1.7432
step   2660 | loss = -1.7933 | mean(g_L) = +2.0930 | EMA = +2.0607 | std(g_L) = 0.7742 | grad = 1.5244
step   2680 | loss = -1.6977 | mean(g_L) = +2.0469 | EMA = +2.0565 | std(g_L) = 0.8357 | grad = 0.4096
step   2700 | loss = -1.5927 | mean(g_L) = +2.0298 | EMA = +2.0645 | std(g_L) = 0.9350 | grad = 0.5459
step   2720 | loss = -1.4644 | mean(g_L) = +1.9446 | EMA = +2.0717 | std(g_L) = 0.9801 | grad = 0.5120
step   2740 | loss = -1.7912 | mean(g_L) = +2.1607 | EMA = +2.0689 | std(g_L) = 0.8596 | grad = 1.1127
step   2760 | loss = -1.7677 | mean(g_L) = +2.1988 | EMA = +2.0520 | std(g_L) = 0.9286 | grad = 1.1549
step   2780 | loss = -1.3662 | mean(g_L) = +1.9226 | EMA = +2.0528 | std(g_L) = 1.0548 | grad = 2.9696
step   2800 | loss = -1.6618 | mean(g_L) = +2.0662 | EMA = +2.0536 | std(g_L) = 0.8994 | grad = 1.3834
step   2820 | loss = -1.8209 | mean(g_L) = +2.0966 | EMA = +2.0581 | std(g_L) = 0.7426 | grad = 0.9667
step   2840 | loss = -1.6694 | mean(g_L) = +2.0302 | EMA = +2.0399 | std(g_L) = 0.8495 | grad = 1.1049
step   2860 | loss = -1.8273 | mean(g_L) = +2.1254 | EMA = +2.0417 | std(g_L) = 0.7722 | grad = 1.1157
step   2880 | loss = -1.2333 | mean(g_L) = +1.9039 | EMA = +2.0588 | std(g_L) = 1.1581 | grad = 1.6852
step   2900 | loss = -1.6574 | mean(g_L) = +2.0822 | EMA = +2.0416 | std(g_L) = 0.9218 | grad = 2.3494
step   2920 | loss = -1.6027 | mean(g_L) = +2.0329 | EMA = +2.0526 | std(g_L) = 0.9276 | grad = 1.5965
step   2940 | loss = -1.7403 | mean(g_L) = +2.1046 | EMA = +2.0548 | std(g_L) = 0.8535 | grad = 0.6207
step   2960 | loss = -1.8451 | mean(g_L) = +2.1634 | EMA = +2.0752 | std(g_L) = 0.7978 | grad = 0.9214
step   2980 | loss = -1.7376 | mean(g_L) = +2.1208 | EMA = +2.0687 | std(g_L) = 0.8754 | grad = 1.0117
step   3000 | loss = -1.8679 | mean(g_L) = +2.1974 | EMA = +2.0710 | std(g_L) = 0.8119 | grad = 1.2331
step   3020 | loss = -1.5890 | mean(g_L) = +1.9818 | EMA = +2.0692 | std(g_L) = 0.8864 | grad = 0.8241
step   3040 | loss = -1.6054 | mean(g_L) = +1.9281 | EMA = +2.0515 | std(g_L) = 0.8033 | grad = 2.9396
step   3060 | loss = -1.6461 | mean(g_L) = +2.0388 | EMA = +2.0608 | std(g_L) = 0.8862 | grad = 1.1459
step   3080 | loss = -1.4753 | mean(g_L) = +1.9424 | EMA = +2.0553 | std(g_L) = 0.9665 | grad = 1.6576
step   3100 | loss = -1.5297 | mean(g_L) = +2.0844 | EMA = +2.0271 | std(g_L) = 1.0533 | grad = 0.9147
step   3120 | loss = -1.5769 | mean(g_L) = +1.9764 | EMA = +2.0466 | std(g_L) = 0.8939 | grad = 1.6649
step   3140 | loss = -1.7513 | mean(g_L) = +2.0778 | EMA = +2.0645 | std(g_L) = 0.8082 | grad = 1.0308
step   3160 | loss = -1.6252 | mean(g_L) = +2.0044 | EMA = +2.0576 | std(g_L) = 0.8709 | grad = 1.0824
step   3180 | loss = -1.9349 | mean(g_L) = +2.2758 | EMA = +2.0700 | std(g_L) = 0.8257 | grad = 1.2207
step   3200 | loss = -1.6044 | mean(g_L) = +2.0533 | EMA = +2.0517 | std(g_L) = 0.9475 | grad = 0.7003
step   3220 | loss = -1.6814 | mean(g_L) = +2.0200 | EMA = +2.0524 | std(g_L) = 0.8230 | grad = 1.6241
step   3240 | loss = -1.7856 | mean(g_L) = +2.1003 | EMA = +2.0688 | std(g_L) = 0.7933 | grad = 0.4939
step   3260 | loss = -1.6270 | mean(g_L) = +2.0972 | EMA = +2.0512 | std(g_L) = 0.9698 | grad = 1.0622
step   3280 | loss = -1.6536 | mean(g_L) = +2.0374 | EMA = +2.0533 | std(g_L) = 0.8761 | grad = 1.9599
step   3300 | loss = -1.7717 | mean(g_L) = +2.1645 | EMA = +2.0589 | std(g_L) = 0.8864 | grad = 1.3811
step   3320 | loss = -1.8679 | mean(g_L) = +2.1508 | EMA = +2.0653 | std(g_L) = 0.7522 | grad = 1.1716
step   3340 | loss = -1.9165 | mean(g_L) = +2.2534 | EMA = +2.0691 | std(g_L) = 0.8207 | grad = 1.2787
step   3360 | loss = -1.3756 | mean(g_L) = +1.9145 | EMA = +2.0666 | std(g_L) = 1.0382 | grad = 1.2698
step   3380 | loss = -1.8370 | mean(g_L) = +2.0905 | EMA = +2.0692 | std(g_L) = 0.7119 | grad = 0.3523
step   3400 | loss = -1.5176 | mean(g_L) = +2.0318 | EMA = +2.0774 | std(g_L) = 1.0141 | grad = 1.2105
step   3420 | loss = -1.8289 | mean(g_L) = +2.1685 | EMA = +2.0527 | std(g_L) = 0.8242 | grad = 1.8547
step   3440 | loss = -1.7627 | mean(g_L) = +2.1186 | EMA = +2.0541 | std(g_L) = 0.8438 | grad = 1.8115
step   3460 | loss = -1.3360 | mean(g_L) = +1.8652 | EMA = +2.0085 | std(g_L) = 1.0288 | grad = 1.5279
step   3480 | loss = -1.7528 | mean(g_L) = +2.1341 | EMA = +2.0563 | std(g_L) = 0.8733 | grad = 1.6977
step   3500 | loss = -1.6280 | mean(g_L) = +2.0049 | EMA = +2.0583 | std(g_L) = 0.8682 | grad = 2.8933
step   3520 | loss = -1.8014 | mean(g_L) = +2.0806 | EMA = +2.0603 | std(g_L) = 0.7472 | grad = 1.7162
step   3540 | loss = -1.6792 | mean(g_L) = +2.0722 | EMA = +2.0562 | std(g_L) = 0.8866 | grad = 1.4159
step   3560 | loss = -1.5987 | mean(g_L) = +2.0376 | EMA = +2.0508 | std(g_L) = 0.9369 | grad = 1.7970
step   3580 | loss = -1.6441 | mean(g_L) = +2.0450 | EMA = +2.0631 | std(g_L) = 0.8954 | grad = 1.4118
step   3600 | loss = -1.6245 | mean(g_L) = +1.9953 | EMA = +2.0542 | std(g_L) = 0.8611 | grad = 2.1005
step   3620 | loss = -1.8263 | mean(g_L) = +2.1585 | EMA = +2.0529 | std(g_L) = 0.8151 | grad = 1.9328
step   3640 | loss = -1.8070 | mean(g_L) = +2.1393 | EMA = +2.0600 | std(g_L) = 0.8153 | grad = 1.3336
step   3660 | loss = -1.5242 | mean(g_L) = +2.0134 | EMA = +2.0403 | std(g_L) = 0.9891 | grad = 0.7123
step   3680 | loss = -1.7111 | mean(g_L) = +2.0738 | EMA = +2.0435 | std(g_L) = 0.8518 | grad = 0.8225
step   3700 | loss = -1.5654 | mean(g_L) = +1.9728 | EMA = +2.0659 | std(g_L) = 0.9027 | grad = 1.8543
step   3720 | loss = -1.7906 | mean(g_L) = +2.1115 | EMA = +2.0672 | std(g_L) = 0.8011 | grad = 0.9496
step   3740 | loss = -1.6606 | mean(g_L) = +2.0865 | EMA = +2.0450 | std(g_L) = 0.9229 | grad = 1.3399
step   3760 | loss = -1.7900 | mean(g_L) = +2.0825 | EMA = +2.0450 | std(g_L) = 0.7648 | grad = 1.3732
step   3780 | loss = -1.7212 | mean(g_L) = +2.0943 | EMA = +2.0502 | std(g_L) = 0.8638 | grad = 1.6523
step   3800 | loss = -1.6709 | mean(g_L) = +2.0894 | EMA = +2.0490 | std(g_L) = 0.9149 | grad = 0.3804
step   3820 | loss = -1.6786 | mean(g_L) = +2.0269 | EMA = +2.0503 | std(g_L) = 0.8346 | grad = 1.8580
step   3840 | loss = -1.4742 | mean(g_L) = +1.8944 | EMA = +2.0554 | std(g_L) = 0.9167 | grad = 0.9452
step   3860 | loss = -1.5640 | mean(g_L) = +1.9580 | EMA = +2.0585 | std(g_L) = 0.8876 | grad = 1.6086
step   3880 | loss = -1.5898 | mean(g_L) = +1.9570 | EMA = +2.0352 | std(g_L) = 0.8569 | grad = 1.3781
step   3900 | loss = -1.7160 | mean(g_L) = +2.0584 | EMA = +2.0425 | std(g_L) = 0.8276 | grad = 0.4009
step   3920 | loss = -1.6825 | mean(g_L) = +2.0704 | EMA = +2.0640 | std(g_L) = 0.8807 | grad = 1.2350
step   3940 | loss = -1.7709 | mean(g_L) = +2.1609 | EMA = +2.0729 | std(g_L) = 0.8832 | grad = 1.5771
step   3960 | loss = -1.5633 | mean(g_L) = +2.0128 | EMA = +2.0782 | std(g_L) = 0.9481 | grad = 1.2979
step   3980 | loss = -1.5728 | mean(g_L) = +2.0349 | EMA = +2.0761 | std(g_L) = 0.9613 | grad = 0.6725
step   4000 | loss = -1.5944 | mean(g_L) = +1.9782 | EMA = +2.0522 | std(g_L) = 0.8761 | grad = 1.8240
step   4020 | loss = -1.6558 | mean(g_L) = +2.0388 | EMA = +2.0308 | std(g_L) = 0.8751 | grad = 1.8917
step   4040 | loss = -1.7984 | mean(g_L) = +2.1397 | EMA = +2.0507 | std(g_L) = 0.8261 | grad = 1.9558
step   4060 | loss = -1.7335 | mean(g_L) = +2.1050 | EMA = +2.0729 | std(g_L) = 0.8619 | grad = 1.3821
step   4080 | loss = -1.6812 | mean(g_L) = +2.0460 | EMA = +2.0615 | std(g_L) = 0.8541 | grad = 0.9056
step   4100 | loss = -1.4158 | mean(g_L) = +1.8831 | EMA = +2.0332 | std(g_L) = 0.9668 | grad = 1.2346
step   4120 | loss = -1.6246 | mean(g_L) = +2.0294 | EMA = +2.0283 | std(g_L) = 0.8998 | grad = 1.2441
step   4140 | loss = -1.5528 | mean(g_L) = +1.9881 | EMA = +2.0356 | std(g_L) = 0.9331 | grad = 1.3842
step   4160 | loss = -1.2429 | mean(g_L) = +1.8693 | EMA = +2.0329 | std(g_L) = 1.1193 | grad = 1.7373
step   4180 | loss = -1.5756 | mean(g_L) = +1.9422 | EMA = +2.0538 | std(g_L) = 0.8563 | grad = 1.0806
step   4200 | loss = -1.4059 | mean(g_L) = +1.9104 | EMA = +2.0676 | std(g_L) = 1.0045 | grad = 1.4710
step   4220 | loss = -1.6754 | mean(g_L) = +2.0619 | EMA = +2.0628 | std(g_L) = 0.8793 | grad = 1.2311
step   4240 | loss = -1.6867 | mean(g_L) = +2.0702 | EMA = +2.0653 | std(g_L) = 0.8758 | grad = 0.5261
step   4260 | loss = -1.6583 | mean(g_L) = +2.1073 | EMA = +2.0646 | std(g_L) = 0.9476 | grad = 1.6055
step   4280 | loss = -1.5116 | mean(g_L) = +1.9477 | EMA = +2.0449 | std(g_L) = 0.9338 | grad = 1.0479
step   4300 | loss = -1.4285 | mean(g_L) = +1.9437 | EMA = +2.0377 | std(g_L) = 1.0151 | grad = 1.9762
step   4320 | loss = -1.8699 | mean(g_L) = +2.1431 | EMA = +2.0633 | std(g_L) = 0.7392 | grad = 1.5291
step   4340 | loss = -1.6629 | mean(g_L) = +2.0169 | EMA = +2.0604 | std(g_L) = 0.8415 | grad = 1.2987
step   4360 | loss = -1.6263 | mean(g_L) = +2.1120 | EMA = +2.0520 | std(g_L) = 0.9856 | grad = 1.4506
step   4380 | loss = -1.4928 | mean(g_L) = +2.0688 | EMA = +2.0593 | std(g_L) = 1.0733 | grad = 1.2832
step   4400 | loss = -1.5192 | mean(g_L) = +2.0541 | EMA = +2.0617 | std(g_L) = 1.0343 | grad = 1.3828
step   4420 | loss = -1.5980 | mean(g_L) = +2.0204 | EMA = +2.0559 | std(g_L) = 0.9191 | grad = 1.3236
step   4440 | loss = -1.7157 | mean(g_L) = +2.1052 | EMA = +2.0663 | std(g_L) = 0.8826 | grad = 0.5873
step   4460 | loss = -1.5595 | mean(g_L) = +1.9943 | EMA = +2.0380 | std(g_L) = 0.9325 | grad = 1.1595
step   4480 | loss = -1.6461 | mean(g_L) = +2.0367 | EMA = +2.0557 | std(g_L) = 0.8839 | grad = 0.8067
step   4500 | loss = -1.9063 | mean(g_L) = +2.2544 | EMA = +2.0759 | std(g_L) = 0.8343 | grad = 1.0762
step   4520 | loss = -1.5185 | mean(g_L) = +2.0328 | EMA = +2.0563 | std(g_L) = 1.0142 | grad = 2.0799
step   4540 | loss = -1.6964 | mean(g_L) = +2.1096 | EMA = +2.0717 | std(g_L) = 0.9092 | grad = 1.3595
step   4560 | loss = -1.6782 | mean(g_L) = +2.0515 | EMA = +2.0651 | std(g_L) = 0.8641 | grad = 2.0368
step   4580 | loss = -1.5151 | mean(g_L) = +1.9903 | EMA = +2.0699 | std(g_L) = 0.9749 | grad = 2.0705
step   4600 | loss = -1.7338 | mean(g_L) = +2.0775 | EMA = +2.0781 | std(g_L) = 0.8291 | grad = 1.0921
step   4620 | loss = -1.6743 | mean(g_L) = +2.0282 | EMA = +2.0398 | std(g_L) = 0.8413 | grad = 0.9753
step   4640 | loss = -1.7783 | mean(g_L) = +2.0945 | EMA = +2.0590 | std(g_L) = 0.7952 | grad = 0.9479
step   4660 | loss = -1.5979 | mean(g_L) = +2.0040 | EMA = +2.0632 | std(g_L) = 0.9013 | grad = 0.8032
step   4680 | loss = -1.5972 | mean(g_L) = +2.0303 | EMA = +2.0647 | std(g_L) = 0.9307 | grad = 1.6850
step   4700 | loss = -1.7172 | mean(g_L) = +2.1661 | EMA = +2.0905 | std(g_L) = 0.9475 | grad = 1.0921
step   4720 | loss = -1.7586 | mean(g_L) = +2.1139 | EMA = +2.0735 | std(g_L) = 0.8430 | grad = 0.6727
step   4740 | loss = -1.6247 | mean(g_L) = +2.0827 | EMA = +2.0607 | std(g_L) = 0.9571 | grad = 1.0845
step   4760 | loss = -1.6876 | mean(g_L) = +2.0552 | EMA = +2.0494 | std(g_L) = 0.8574 | grad = 1.0443
step   4780 | loss = -1.6252 | mean(g_L) = +2.1153 | EMA = +2.0863 | std(g_L) = 0.9901 | grad = 1.4892
step   4800 | loss = -1.6956 | mean(g_L) = +2.0856 | EMA = +2.0987 | std(g_L) = 0.8832 | grad = 1.9113
step   4820 | loss = -1.5893 | mean(g_L) = +2.0571 | EMA = +2.0505 | std(g_L) = 0.9673 | grad = 2.7853
step   4840 | loss = -1.6192 | mean(g_L) = +2.0963 | EMA = +2.0609 | std(g_L) = 0.9769 | grad = 1.3519
step   4860 | loss = -1.4553 | mean(g_L) = +2.0572 | EMA = +2.0515 | std(g_L) = 1.0972 | grad = 1.0610
step   4880 | loss = -1.9432 | mean(g_L) = +2.2161 | EMA = +2.0616 | std(g_L) = 0.7389 | grad = 1.0516
step   4900 | loss = -1.8270 | mean(g_L) = +2.0989 | EMA = +2.0636 | std(g_L) = 0.7374 | grad = 0.8811
step   4920 | loss = -1.5894 | mean(g_L) = +2.0139 | EMA = +2.0577 | std(g_L) = 0.9214 | grad = 1.6258
step   4940 | loss = -1.3188 | mean(g_L) = +1.8433 | EMA = +2.0608 | std(g_L) = 1.0241 | grad = 2.2270
step   4960 | loss = -1.4344 | mean(g_L) = +1.9699 | EMA = +2.0609 | std(g_L) = 1.0349 | grad = 2.4792
step   4980 | loss = -1.6818 | mean(g_L) = +2.0105 | EMA = +2.0678 | std(g_L) = 0.8108 | grad = 0.8380
step   5000 | loss = -1.5934 | mean(g_L) = +1.9661 | EMA = +2.0625 | std(g_L) = 0.8634 | grad = 1.0031
step   5020 | loss = -1.6437 | mean(g_L) = +1.9816 | EMA = +2.0393 | std(g_L) = 0.8220 | grad = 0.8220
step   5040 | loss = -1.9113 | mean(g_L) = +2.1515 | EMA = +2.0531 | std(g_L) = 0.6931 | grad = 0.8822
step   5060 | loss = -1.4300 | mean(g_L) = +2.0108 | EMA = +2.0419 | std(g_L) = 1.0777 | grad = 1.0783
step   5080 | loss = -1.7679 | mean(g_L) = +2.1471 | EMA = +2.0572 | std(g_L) = 0.8708 | grad = 0.6835
step   5100 | loss = -1.6849 | mean(g_L) = +2.0364 | EMA = +2.0625 | std(g_L) = 0.8385 | grad = 1.1967
step   5120 | loss = -1.5367 | mean(g_L) = +1.9860 | EMA = +2.0587 | std(g_L) = 0.9480 | grad = 1.2816
step   5140 | loss = -1.7158 | mean(g_L) = +2.0867 | EMA = +2.0628 | std(g_L) = 0.8613 | grad = 0.5425
step   5160 | loss = -1.8810 | mean(g_L) = +2.1524 | EMA = +2.0705 | std(g_L) = 0.7367 | grad = 1.2381
step   5180 | loss = -1.7230 | mean(g_L) = +2.0486 | EMA = +2.0598 | std(g_L) = 0.8069 | grad = 1.3117
step   5200 | loss = -1.7346 | mean(g_L) = +2.0636 | EMA = +2.0752 | std(g_L) = 0.8112 | grad = 1.4497
step   5220 | loss = -1.7989 | mean(g_L) = +2.1182 | EMA = +2.0781 | std(g_L) = 0.7991 | grad = 1.9453
step   5240 | loss = -1.9003 | mean(g_L) = +2.2075 | EMA = +2.0683 | std(g_L) = 0.7838 | grad = 0.6462
step   5260 | loss = -1.6411 | mean(g_L) = +2.0852 | EMA = +2.0607 | std(g_L) = 0.9425 | grad = 2.0010
step   5280 | loss = -1.7020 | mean(g_L) = +2.1485 | EMA = +2.0558 | std(g_L) = 0.9450 | grad = 1.6734
step   5300 | loss = -1.7504 | mean(g_L) = +2.0915 | EMA = +2.0827 | std(g_L) = 0.8260 | grad = 1.0910
step   5320 | loss = -1.5278 | mean(g_L) = +2.0736 | EMA = +2.0789 | std(g_L) = 1.0448 | grad = 2.5198
step   5340 | loss = -1.6673 | mean(g_L) = +2.1482 | EMA = +2.0681 | std(g_L) = 0.9808 | grad = 1.9516
step   5360 | loss = -1.5184 | mean(g_L) = +2.0379 | EMA = +2.0595 | std(g_L) = 1.0194 | grad = 1.5809
step   5380 | loss = -1.8136 | mean(g_L) = +2.1696 | EMA = +2.0687 | std(g_L) = 0.8438 | grad = 1.0168
step   5400 | loss = -1.5565 | mean(g_L) = +2.0815 | EMA = +2.0853 | std(g_L) = 1.0247 | grad = 1.3358
step   5420 | loss = -1.5167 | mean(g_L) = +1.9820 | EMA = +2.0821 | std(g_L) = 0.9647 | grad = 0.6021
step   5440 | loss = -1.5426 | mean(g_L) = +1.9869 | EMA = +2.0646 | std(g_L) = 0.9426 | grad = 1.1347
step   5460 | loss = -1.5917 | mean(g_L) = +1.9886 | EMA = +2.0683 | std(g_L) = 0.8909 | grad = 1.4921
step   5480 | loss = -1.4295 | mean(g_L) = +1.9152 | EMA = +2.0486 | std(g_L) = 0.9857 | grad = 1.8482
step   5500 | loss = -1.5847 | mean(g_L) = +1.9955 | EMA = +2.0522 | std(g_L) = 0.9064 | grad = 0.8880
step   5520 | loss = -1.6057 | mean(g_L) = +1.9777 | EMA = +2.0512 | std(g_L) = 0.8625 | grad = 1.6563
step   5540 | loss = -1.6806 | mean(g_L) = +2.1198 | EMA = +2.0601 | std(g_L) = 0.9373 | grad = 1.9222
step   5560 | loss = -1.8354 | mean(g_L) = +2.1397 | EMA = +2.0756 | std(g_L) = 0.7801 | grad = 0.5550
step   5580 | loss = -1.6194 | mean(g_L) = +2.0863 | EMA = +2.0897 | std(g_L) = 0.9663 | grad = 1.9076
step   5600 | loss = -1.5016 | mean(g_L) = +1.8948 | EMA = +2.0691 | std(g_L) = 0.8869 | grad = 1.1612
step   5620 | loss = -1.5807 | mean(g_L) = +2.0090 | EMA = +2.0573 | std(g_L) = 0.9255 | grad = 1.9078
step   5640 | loss = -1.8103 | mean(g_L) = +2.1424 | EMA = +2.0802 | std(g_L) = 0.8149 | grad = 1.2671
step   5660 | loss = -1.7739 | mean(g_L) = +2.0669 | EMA = +2.0777 | std(g_L) = 0.7655 | grad = 1.0866
step   5680 | loss = -1.8853 | mean(g_L) = +2.1595 | EMA = +2.0812 | std(g_L) = 0.7405 | grad = 1.1471
step   5700 | loss = -1.7719 | mean(g_L) = +2.0941 | EMA = +2.0632 | std(g_L) = 0.8027 | grad = 1.4815
step   5720 | loss = -1.3701 | mean(g_L) = +1.8919 | EMA = +2.0659 | std(g_L) = 1.0215 | grad = 1.2364
step   5740 | loss = -1.6983 | mean(g_L) = +2.0122 | EMA = +2.0790 | std(g_L) = 0.7924 | grad = 1.5746
step   5760 | loss = -1.8024 | mean(g_L) = +2.1951 | EMA = +2.0779 | std(g_L) = 0.8862 | grad = 1.2969
step   5780 | loss = -2.1250 | mean(g_L) = +2.3517 | EMA = +2.0869 | std(g_L) = 0.6734 | grad = 0.5252
step   5800 | loss = -1.6190 | mean(g_L) = +2.1399 | EMA = +2.0756 | std(g_L) = 1.0207 | grad = 1.3107
step   5820 | loss = -1.6310 | mean(g_L) = +2.0611 | EMA = +2.0667 | std(g_L) = 0.9274 | grad = 1.2768
step   5840 | loss = -1.8054 | mean(g_L) = +2.2144 | EMA = +2.0877 | std(g_L) = 0.9043 | grad = 0.8864
step   5860 | loss = -1.6785 | mean(g_L) = +2.0166 | EMA = +2.0617 | std(g_L) = 0.8223 | grad = 0.9054
step   5880 | loss = -1.6650 | mean(g_L) = +2.0590 | EMA = +2.0740 | std(g_L) = 0.8877 | grad = 2.1192
step   5900 | loss = -1.6044 | mean(g_L) = +2.0757 | EMA = +2.0809 | std(g_L) = 0.9709 | grad = 1.8901
step   5920 | loss = -1.8116 | mean(g_L) = +2.1160 | EMA = +2.0732 | std(g_L) = 0.7802 | grad = 1.3204
step   5940 | loss = -1.4216 | mean(g_L) = +1.9324 | EMA = +2.0509 | std(g_L) = 1.0107 | grad = 1.3593
step   5960 | loss = -1.6697 | mean(g_L) = +1.9955 | EMA = +2.0491 | std(g_L) = 0.8072 | grad = 1.1463
step   5980 | loss = -1.6272 | mean(g_L) = +2.0745 | EMA = +2.0476 | std(g_L) = 0.9459 | grad = 1.0410
step   6000 | loss = -1.7722 | mean(g_L) = +2.1972 | EMA = +2.0743 | std(g_L) = 0.9220 | grad = 1.0752
step   6020 | loss = -1.4213 | mean(g_L) = +1.9592 | EMA = +2.0609 | std(g_L) = 1.0373 | grad = 1.2894
step   6040 | loss = -1.3856 | mean(g_L) = +1.9083 | EMA = +2.0743 | std(g_L) = 1.0225 | grad = 1.3470
step   6060 | loss = -1.7996 | mean(g_L) = +2.1064 | EMA = +2.0903 | std(g_L) = 0.7833 | grad = 1.8934
step   6080 | loss = -1.7634 | mean(g_L) = +2.0579 | EMA = +2.0691 | std(g_L) = 0.7675 | grad = 1.8838
step   6100 | loss = -1.5875 | mean(g_L) = +2.0309 | EMA = +2.0562 | std(g_L) = 0.9417 | grad = 0.8471
step   6120 | loss = -1.8150 | mean(g_L) = +2.1783 | EMA = +2.0579 | std(g_L) = 0.8524 | grad = 2.5877
step   6140 | loss = -1.9677 | mean(g_L) = +2.2463 | EMA = +2.0816 | std(g_L) = 0.7465 | grad = 0.8039
step   6160 | loss = -1.8766 | mean(g_L) = +2.1843 | EMA = +2.0840 | std(g_L) = 0.7845 | grad = 0.4379
step   6180 | loss = -1.4454 | mean(g_L) = +1.9603 | EMA = +2.0665 | std(g_L) = 1.0147 | grad = 1.5860
step   6200 | loss = -1.8648 | mean(g_L) = +2.1693 | EMA = +2.0841 | std(g_L) = 0.7804 | grad = 1.7328
step   6220 | loss = -1.7903 | mean(g_L) = +2.1113 | EMA = +2.0875 | std(g_L) = 0.8013 | grad = 1.5227
step   6240 | loss = -1.8342 | mean(g_L) = +2.2371 | EMA = +2.0798 | std(g_L) = 0.8977 | grad = 1.0035
step   6260 | loss = -1.5228 | mean(g_L) = +2.0008 | EMA = +2.0798 | std(g_L) = 0.9777 | grad = 2.5450
step   6280 | loss = -1.4583 | mean(g_L) = +1.9805 | EMA = +2.0601 | std(g_L) = 1.0219 | grad = 0.7643
step   6300 | loss = -1.6293 | mean(g_L) = +2.0443 | EMA = +2.0531 | std(g_L) = 0.9111 | grad = 1.1033
step   6320 | loss = -1.7418 | mean(g_L) = +2.0985 | EMA = +2.0657 | std(g_L) = 0.8446 | grad = 0.3894
step   6340 | loss = -1.6991 | mean(g_L) = +2.1170 | EMA = +2.0768 | std(g_L) = 0.9142 | grad = 2.2709
step   6360 | loss = -1.5751 | mean(g_L) = +2.0182 | EMA = +2.0887 | std(g_L) = 0.9414 | grad = 1.3197
step   6380 | loss = -1.7347 | mean(g_L) = +2.2424 | EMA = +2.0820 | std(g_L) = 1.0077 | grad = 0.9634
step   6400 | loss = -1.8047 | mean(g_L) = +2.0989 | EMA = +2.0869 | std(g_L) = 0.7671 | grad = 0.4508
step   6420 | loss = -1.5922 | mean(g_L) = +1.9217 | EMA = +2.0744 | std(g_L) = 0.8117 | grad = 2.3855
step   6440 | loss = -1.5863 | mean(g_L) = +2.0168 | EMA = +2.0662 | std(g_L) = 0.9279 | grad = 2.0811
step   6460 | loss = -1.6570 | mean(g_L) = +2.0427 | EMA = +2.0691 | std(g_L) = 0.8783 | grad = 1.5224
step   6480 | loss = -1.6416 | mean(g_L) = +2.1285 | EMA = +2.0743 | std(g_L) = 0.9869 | grad = 1.4226
step   6500 | loss = -1.7929 | mean(g_L) = +2.1225 | EMA = +2.0710 | std(g_L) = 0.8119 | grad = 1.7546
step   6520 | loss = -1.5702 | mean(g_L) = +1.9972 | EMA = +2.0540 | std(g_L) = 0.9242 | grad = 1.6460
step   6540 | loss = -1.5127 | mean(g_L) = +2.0123 | EMA = +2.0668 | std(g_L) = 0.9996 | grad = 0.7807
step   6560 | loss = -1.5683 | mean(g_L) = +2.0574 | EMA = +2.0783 | std(g_L) = 0.9891 | grad = 1.2523
step   6580 | loss = -1.8069 | mean(g_L) = +2.1943 | EMA = +2.0841 | std(g_L) = 0.8802 | grad = 0.5604
step   6600 | loss = -1.4943 | mean(g_L) = +2.0407 | EMA = +2.0773 | std(g_L) = 1.0453 | grad = 0.8687
step   6620 | loss = -1.9092 | mean(g_L) = +2.2342 | EMA = +2.0842 | std(g_L) = 0.8062 | grad = 0.8669
step   6640 | loss = -1.6537 | mean(g_L) = +2.0063 | EMA = +2.0678 | std(g_L) = 0.8397 | grad = 1.3791
step   6660 | loss = -1.6371 | mean(g_L) = +2.0436 | EMA = +2.0506 | std(g_L) = 0.9016 | grad = 1.0002
step   6680 | loss = -1.4734 | mean(g_L) = +1.9816 | EMA = +2.0630 | std(g_L) = 1.0081 | grad = 2.2518
step   6700 | loss = -1.7523 | mean(g_L) = +2.0767 | EMA = +2.0875 | std(g_L) = 0.8055 | grad = 1.2700
step   6720 | loss = -1.8415 | mean(g_L) = +2.1770 | EMA = +2.0712 | std(g_L) = 0.8192 | grad = 1.2171
step   6740 | loss = -1.7133 | mean(g_L) = +2.0965 | EMA = +2.0749 | std(g_L) = 0.8755 | grad = 0.8130
step   6760 | loss = -1.5153 | mean(g_L) = +1.9260 | EMA = +2.0648 | std(g_L) = 0.9063 | grad = 0.9584
step   6780 | loss = -1.7449 | mean(g_L) = +2.1042 | EMA = +2.0642 | std(g_L) = 0.8478 | grad = 0.7114
step   6800 | loss = -1.8437 | mean(g_L) = +2.1844 | EMA = +2.0790 | std(g_L) = 0.8255 | grad = 0.8475
step   6820 | loss = -1.5496 | mean(g_L) = +1.9671 | EMA = +2.0693 | std(g_L) = 0.9138 | grad = 1.5135
step   6840 | loss = -1.8309 | mean(g_L) = +2.1941 | EMA = +2.0962 | std(g_L) = 0.8523 | grad = 0.9803
step   6860 | loss = -1.5205 | mean(g_L) = +1.9629 | EMA = +2.0685 | std(g_L) = 0.9406 | grad = 1.8607
step   6880 | loss = -1.7484 | mean(g_L) = +2.1740 | EMA = +2.0756 | std(g_L) = 0.9226 | grad = 1.3206
step   6900 | loss = -1.7011 | mean(g_L) = +2.0419 | EMA = +2.0572 | std(g_L) = 0.8256 | grad = 0.5479
step   6920 | loss = -1.4819 | mean(g_L) = +2.0488 | EMA = +2.0737 | std(g_L) = 1.0648 | grad = 2.2190
step   6940 | loss = -1.6442 | mean(g_L) = +2.0605 | EMA = +2.0791 | std(g_L) = 0.9125 | grad = 1.6163
step   6960 | loss = -1.8883 | mean(g_L) = +2.2235 | EMA = +2.0887 | std(g_L) = 0.8188 | grad = 1.6542
step   6980 | loss = -1.7090 | mean(g_L) = +2.0684 | EMA = +2.0922 | std(g_L) = 0.8479 | grad = 1.2186
step   7000 | loss = -1.5965 | mean(g_L) = +2.0128 | EMA = +2.0661 | std(g_L) = 0.9125 | grad = 1.7875
step   7020 | loss = -1.4968 | mean(g_L) = +1.9289 | EMA = +2.0696 | std(g_L) = 0.9296 | grad = 0.7021
step   7040 | loss = -1.5442 | mean(g_L) = +2.0369 | EMA = +2.0531 | std(g_L) = 0.9926 | grad = 1.2052
step   7060 | loss = -1.4593 | mean(g_L) = +1.9955 | EMA = +2.0337 | std(g_L) = 1.0355 | grad = 2.2042
step   7080 | loss = -1.6309 | mean(g_L) = +1.9616 | EMA = +2.0847 | std(g_L) = 0.8133 | grad = 0.7917
step   7100 | loss = -1.8567 | mean(g_L) = +2.1651 | EMA = +2.0749 | std(g_L) = 0.7853 | grad = 1.5868
step   7120 | loss = -1.6120 | mean(g_L) = +2.0885 | EMA = +2.0647 | std(g_L) = 0.9763 | grad = 1.3444
step   7140 | loss = -1.7129 | mean(g_L) = +2.1208 | EMA = +2.0860 | std(g_L) = 0.9032 | grad = 2.2539
step   7160 | loss = -1.1984 | mean(g_L) = +2.0215 | EMA = +2.0845 | std(g_L) = 1.2830 | grad = 1.0278
step   7180 | loss = -1.7120 | mean(g_L) = +2.1272 | EMA = +2.0657 | std(g_L) = 0.9113 | grad = 2.2239
step   7200 | loss = -1.5944 | mean(g_L) = +1.9748 | EMA = +2.0651 | std(g_L) = 0.8723 | grad = 0.7811
step   7220 | loss = -1.4357 | mean(g_L) = +1.9904 | EMA = +2.0615 | std(g_L) = 1.0534 | grad = 2.0166
step   7240 | loss = -1.6088 | mean(g_L) = +2.0732 | EMA = +2.0516 | std(g_L) = 0.9637 | grad = 1.0700
step   7260 | loss = -1.8795 | mean(g_L) = +2.2209 | EMA = +2.0598 | std(g_L) = 0.8263 | grad = 1.4283
step   7280 | loss = -1.8676 | mean(g_L) = +2.1550 | EMA = +2.0777 | std(g_L) = 0.7581 | grad = 0.9179
step   7300 | loss = -1.4482 | mean(g_L) = +2.0521 | EMA = +2.0714 | std(g_L) = 1.0990 | grad = 1.4477
step   7320 | loss = -1.5541 | mean(g_L) = +2.0713 | EMA = +2.0636 | std(g_L) = 1.0171 | grad = 2.4639
step   7340 | loss = -1.7771 | mean(g_L) = +2.1121 | EMA = +2.0709 | std(g_L) = 0.8185 | grad = 1.1740
step   7360 | loss = -1.8650 | mean(g_L) = +2.2526 | EMA = +2.0920 | std(g_L) = 0.8805 | grad = 2.0682
step   7380 | loss = -1.7891 | mean(g_L) = +2.1323 | EMA = +2.1006 | std(g_L) = 0.8284 | grad = 0.5634
step   7400 | loss = -1.6766 | mean(g_L) = +2.0573 | EMA = +2.0669 | std(g_L) = 0.8725 | grad = 1.3724
step   7420 | loss = -1.6800 | mean(g_L) = +2.0671 | EMA = +2.0820 | std(g_L) = 0.8800 | grad = 1.4614
step   7440 | loss = -1.8453 | mean(g_L) = +2.1974 | EMA = +2.0856 | std(g_L) = 0.8391 | grad = 1.2057
step   7460 | loss = -1.5960 | mean(g_L) = +2.0591 | EMA = +2.0696 | std(g_L) = 0.9624 | grad = 3.2025
step   7480 | loss = -1.5800 | mean(g_L) = +2.0177 | EMA = +2.0737 | std(g_L) = 0.9356 | grad = 1.5560
step   7500 | loss = -1.6020 | mean(g_L) = +1.9863 | EMA = +2.0730 | std(g_L) = 0.8767 | grad = 1.6961
step   7520 | loss = -1.6122 | mean(g_L) = +2.0040 | EMA = +2.0769 | std(g_L) = 0.8852 | grad = 1.1133
step   7540 | loss = -1.6489 | mean(g_L) = +2.1378 | EMA = +2.0646 | std(g_L) = 0.9888 | grad = 1.1520
step   7560 | loss = -1.6667 | mean(g_L) = +2.1131 | EMA = +2.0714 | std(g_L) = 0.9449 | grad = 1.2893
step   7580 | loss = -1.7267 | mean(g_L) = +2.0991 | EMA = +2.0630 | std(g_L) = 0.8630 | grad = 1.1616
step   7600 | loss = -1.6359 | mean(g_L) = +2.0528 | EMA = +2.0739 | std(g_L) = 0.9132 | grad = 1.6187
step   7620 | loss = -1.7348 | mean(g_L) = +2.1378 | EMA = +2.0507 | std(g_L) = 0.8978 | grad = 1.1140
step   7640 | loss = -1.4963 | mean(g_L) = +1.8830 | EMA = +2.0814 | std(g_L) = 0.8794 | grad = 0.7188
step   7660 | loss = -1.5241 | mean(g_L) = +1.9724 | EMA = +2.0952 | std(g_L) = 0.9468 | grad = 1.7342
step   7680 | loss = -1.6595 | mean(g_L) = +2.1291 | EMA = +2.0712 | std(g_L) = 0.9691 | grad = 1.6404
step   7700 | loss = -1.6419 | mean(g_L) = +2.0268 | EMA = +2.0584 | std(g_L) = 0.8774 | grad = 0.7053
step   7720 | loss = -1.7439 | mean(g_L) = +2.0895 | EMA = +2.0586 | std(g_L) = 0.8314 | grad = 1.7243
step   7740 | loss = -1.7598 | mean(g_L) = +2.0941 | EMA = +2.0669 | std(g_L) = 0.8176 | grad = 0.8991
step   7760 | loss = -1.8575 | mean(g_L) = +2.2102 | EMA = +2.0685 | std(g_L) = 0.8398 | grad = 1.6295
step   7780 | loss = -1.5632 | mean(g_L) = +1.9722 | EMA = +2.0644 | std(g_L) = 0.9045 | grad = 0.8188
step   7800 | loss = -1.6168 | mean(g_L) = +2.0765 | EMA = +2.0852 | std(g_L) = 0.9589 | grad = 0.5962
step   7820 | loss = -1.6097 | mean(g_L) = +2.0533 | EMA = +2.0721 | std(g_L) = 0.9419 | grad = 0.7904
step   7840 | loss = -1.7956 | mean(g_L) = +2.1613 | EMA = +2.0585 | std(g_L) = 0.8552 | grad = 1.3896
step   7860 | loss = -1.5991 | mean(g_L) = +2.0804 | EMA = +2.0737 | std(g_L) = 0.9811 | grad = 0.6244
step   7880 | loss = -1.5903 | mean(g_L) = +2.0325 | EMA = +2.0659 | std(g_L) = 0.9405 | grad = 0.6928
step   7900 | loss = -1.8619 | mean(g_L) = +2.2273 | EMA = +2.0735 | std(g_L) = 0.8549 | grad = 0.9757
step   7920 | loss = -1.5561 | mean(g_L) = +2.0344 | EMA = +2.0738 | std(g_L) = 0.9781 | grad = 0.8513
step   7940 | loss = -1.7079 | mean(g_L) = +2.1642 | EMA = +2.0813 | std(g_L) = 0.9553 | grad = 1.1520
step   7960 | loss = -1.7211 | mean(g_L) = +2.0904 | EMA = +2.0832 | std(g_L) = 0.8595 | grad = 1.6487
step   7980 | loss = -1.4990 | mean(g_L) = +1.9353 | EMA = +2.0668 | std(g_L) = 0.9341 | grad = 2.3294
step   8000 | loss = -1.8935 | mean(g_L) = +2.1547 | EMA = +2.0765 | std(g_L) = 0.7228 | grad = 0.9565
step   8020 | loss = -1.5012 | mean(g_L) = +1.9890 | EMA = +2.0987 | std(g_L) = 0.9877 | grad = 0.5858
step   8040 | loss = -1.4851 | mean(g_L) = +2.0672 | EMA = +2.0987 | std(g_L) = 1.0790 | grad = 0.6905
step   8060 | loss = -1.5875 | mean(g_L) = +2.0637 | EMA = +2.1001 | std(g_L) = 0.9759 | grad = 1.2543
step   8080 | loss = -1.7206 | mean(g_L) = +2.1084 | EMA = +2.0874 | std(g_L) = 0.8807 | grad = 2.8282
step   8100 | loss = -1.7916 | mean(g_L) = +2.1656 | EMA = +2.0932 | std(g_L) = 0.8649 | grad = 1.1469
step   8120 | loss = -1.2286 | mean(g_L) = +1.9511 | EMA = +2.0710 | std(g_L) = 1.2021 | grad = 3.0364
step   8140 | loss = -1.5934 | mean(g_L) = +2.0420 | EMA = +2.1055 | std(g_L) = 0.9472 | grad = 1.2482
step   8160 | loss = -1.6840 | mean(g_L) = +2.0203 | EMA = +2.0908 | std(g_L) = 0.8201 | grad = 1.0021
step   8180 | loss = -1.5924 | mean(g_L) = +2.0361 | EMA = +2.0776 | std(g_L) = 0.9420 | grad = 1.3477
step   8200 | loss = -1.7052 | mean(g_L) = +1.9959 | EMA = +2.0787 | std(g_L) = 0.7625 | grad = 0.5967
step   8220 | loss = -1.6095 | mean(g_L) = +2.0324 | EMA = +2.0604 | std(g_L) = 0.9196 | grad = 1.7343
step   8240 | loss = -1.8190 | mean(g_L) = +2.1131 | EMA = +2.0604 | std(g_L) = 0.7669 | grad = 1.3717
step   8260 | loss = -1.4598 | mean(g_L) = +1.9662 | EMA = +2.0650 | std(g_L) = 1.0064 | grad = 1.2283
step   8280 | loss = -1.6397 | mean(g_L) = +2.0608 | EMA = +2.0786 | std(g_L) = 0.9177 | grad = 1.2761
step   8300 | loss = -1.7975 | mean(g_L) = +2.1302 | EMA = +2.0677 | std(g_L) = 0.8158 | grad = 2.1749
step   8320 | loss = -1.5742 | mean(g_L) = +1.9691 | EMA = +2.0614 | std(g_L) = 0.8887 | grad = 1.2358
step   8340 | loss = -1.6619 | mean(g_L) = +2.1049 | EMA = +2.0619 | std(g_L) = 0.9413 | grad = 1.9044
step   8360 | loss = -1.5964 | mean(g_L) = +2.0147 | EMA = +2.0519 | std(g_L) = 0.9147 | grad = 1.2107
step   8380 | loss = -1.6615 | mean(g_L) = +2.0496 | EMA = +2.0680 | std(g_L) = 0.8811 | grad = 2.6610
step   8400 | loss = -1.9611 | mean(g_L) = +2.2153 | EMA = +2.0727 | std(g_L) = 0.7130 | grad = 1.3812
step   8420 | loss = -1.6160 | mean(g_L) = +2.0700 | EMA = +2.0551 | std(g_L) = 0.9529 | grad = 3.1649
step   8440 | loss = -1.6505 | mean(g_L) = +2.0648 | EMA = +2.0688 | std(g_L) = 0.9103 | grad = 1.3437
step   8460 | loss = -1.6503 | mean(g_L) = +2.0783 | EMA = +2.0881 | std(g_L) = 0.9253 | grad = 0.5891
step   8480 | loss = -1.7332 | mean(g_L) = +2.0710 | EMA = +2.0775 | std(g_L) = 0.8219 | grad = 0.5706
step   8500 | loss = -1.6570 | mean(g_L) = +1.9888 | EMA = +2.0656 | std(g_L) = 0.8147 | grad = 0.6973
step   8520 | loss = -1.5989 | mean(g_L) = +2.0066 | EMA = +2.0337 | std(g_L) = 0.9029 | grad = 1.1899
step   8540 | loss = -1.6680 | mean(g_L) = +2.0555 | EMA = +2.0642 | std(g_L) = 0.8803 | grad = 1.1438
step   8560 | loss = -1.9077 | mean(g_L) = +2.2607 | EMA = +2.0760 | std(g_L) = 0.8402 | grad = 1.1803
step   8580 | loss = -1.5896 | mean(g_L) = +2.0209 | EMA = +2.0610 | std(g_L) = 0.9288 | grad = 1.6401
step   8600 | loss = -1.6208 | mean(g_L) = +2.0075 | EMA = +2.0604 | std(g_L) = 0.8794 | grad = 1.5481
step   8620 | loss = -1.3477 | mean(g_L) = +1.8773 | EMA = +2.0740 | std(g_L) = 1.0292 | grad = 1.0368
step   8640 | loss = -1.5034 | mean(g_L) = +1.9386 | EMA = +2.0639 | std(g_L) = 0.9329 | grad = 1.0131
step   8660 | loss = -1.6610 | mean(g_L) = +2.0616 | EMA = +2.0621 | std(g_L) = 0.8950 | grad = 0.7788
step   8680 | loss = -1.6456 | mean(g_L) = +2.0521 | EMA = +2.0576 | std(g_L) = 0.9017 | grad = 1.2784
step   8700 | loss = -1.8919 | mean(g_L) = +2.1530 | EMA = +2.0654 | std(g_L) = 0.7226 | grad = 0.7199
step   8720 | loss = -1.6650 | mean(g_L) = +2.1294 | EMA = +2.0976 | std(g_L) = 0.9638 | grad = 1.8315
step   8740 | loss = -1.8593 | mean(g_L) = +2.1922 | EMA = +2.0657 | std(g_L) = 0.8159 | grad = 0.9820
step   8760 | loss = -1.4081 | mean(g_L) = +1.9013 | EMA = +2.0535 | std(g_L) = 0.9932 | grad = 1.4341
step   8780 | loss = -1.8869 | mean(g_L) = +2.2193 | EMA = +2.0921 | std(g_L) = 0.8153 | grad = 1.2994
step   8800 | loss = -1.7799 | mean(g_L) = +2.0626 | EMA = +2.0917 | std(g_L) = 0.7520 | grad = 1.6765
step   8820 | loss = -1.6952 | mean(g_L) = +2.0288 | EMA = +2.0709 | std(g_L) = 0.8169 | grad = 0.9264
step   8840 | loss = -1.4571 | mean(g_L) = +1.9699 | EMA = +2.0636 | std(g_L) = 1.0127 | grad = 1.9059
step   8860 | loss = -1.6150 | mean(g_L) = +2.1050 | EMA = +2.0707 | std(g_L) = 0.9900 | grad = 1.3925
step   8880 | loss = -1.6719 | mean(g_L) = +2.0632 | EMA = +2.0783 | std(g_L) = 0.8846 | grad = 1.5268
step   8900 | loss = -1.6408 | mean(g_L) = +2.1014 | EMA = +2.0596 | std(g_L) = 0.9598 | grad = 1.2896
step   8920 | loss = -1.6575 | mean(g_L) = +2.0343 | EMA = +2.0587 | std(g_L) = 0.8680 | grad = 1.7401
step   8940 | loss = -1.6984 | mean(g_L) = +2.1167 | EMA = +2.0689 | std(g_L) = 0.9147 | grad = 1.6512
step   8960 | loss = -1.7165 | mean(g_L) = +2.0485 | EMA = +2.0524 | std(g_L) = 0.8149 | grad = 0.3693
step   8980 | loss = -1.6821 | mean(g_L) = +2.0745 | EMA = +2.0777 | std(g_L) = 0.8859 | grad = 0.6059
step   9000 | loss = -1.5874 | mean(g_L) = +1.9779 | EMA = +2.0866 | std(g_L) = 0.8838 | grad = 1.1913
step   9020 | loss = -1.2929 | mean(g_L) = +1.9412 | EMA = +2.0680 | std(g_L) = 1.1387 | grad = 1.6526
step   9040 | loss = -1.7392 | mean(g_L) = +2.0998 | EMA = +2.0763 | std(g_L) = 0.8492 | grad = 1.1562
step   9060 | loss = -1.8027 | mean(g_L) = +2.1381 | EMA = +2.0807 | std(g_L) = 0.8190 | grad = 1.6050
step   9080 | loss = -1.7108 | mean(g_L) = +2.0476 | EMA = +2.0786 | std(g_L) = 0.8208 | grad = 1.4271
step   9100 | loss = -1.3756 | mean(g_L) = +1.9889 | EMA = +2.0746 | std(g_L) = 1.1075 | grad = 1.8276
step   9120 | loss = -1.5037 | mean(g_L) = +1.9532 | EMA = +2.0803 | std(g_L) = 0.9481 | grad = 1.5363
step   9140 | loss = -1.7033 | mean(g_L) = +2.1024 | EMA = +2.0969 | std(g_L) = 0.8934 | grad = 1.6512
step   9160 | loss = -1.3329 | mean(g_L) = +1.9939 | EMA = +2.0717 | std(g_L) = 1.1498 | grad = 1.9631
step   9180 | loss = -1.8176 | mean(g_L) = +2.1471 | EMA = +2.0656 | std(g_L) = 0.8119 | grad = 1.5515
step   9200 | loss = -1.6370 | mean(g_L) = +2.0924 | EMA = +2.0627 | std(g_L) = 0.9544 | grad = 0.7335
step   9220 | loss = -1.7147 | mean(g_L) = +2.1443 | EMA = +2.0685 | std(g_L) = 0.9270 | grad = 1.7449
step   9240 | loss = -1.7577 | mean(g_L) = +2.1352 | EMA = +2.0676 | std(g_L) = 0.8689 | grad = 0.9929
step   9260 | loss = -1.8185 | mean(g_L) = +2.1193 | EMA = +2.0741 | std(g_L) = 0.7756 | grad = 1.3572
step   9280 | loss = -1.7071 | mean(g_L) = +2.1048 | EMA = +2.0803 | std(g_L) = 0.8918 | grad = 1.5098
step   9300 | loss = -1.8634 | mean(g_L) = +2.1549 | EMA = +2.0942 | std(g_L) = 0.7635 | grad = 1.1665
step   9320 | loss = -1.5621 | mean(g_L) = +1.9796 | EMA = +2.0878 | std(g_L) = 0.9138 | grad = 1.5879
step   9340 | loss = -1.6892 | mean(g_L) = +2.0737 | EMA = +2.0840 | std(g_L) = 0.8770 | grad = 0.6949
step   9360 | loss = -1.3692 | mean(g_L) = +1.9837 | EMA = +2.0872 | std(g_L) = 1.1086 | grad = 1.7080
step   9380 | loss = -1.7269 | mean(g_L) = +2.1435 | EMA = +2.0983 | std(g_L) = 0.9128 | grad = 0.8156
step   9400 | loss = -1.6641 | mean(g_L) = +2.0714 | EMA = +2.0851 | std(g_L) = 0.9026 | grad = 2.8597
step   9420 | loss = -1.5740 | mean(g_L) = +2.0690 | EMA = +2.0762 | std(g_L) = 0.9950 | grad = 2.2079
step   9440 | loss = -1.7649 | mean(g_L) = +2.1615 | EMA = +2.0788 | std(g_L) = 0.8906 | grad = 1.0446
step   9460 | loss = -1.5120 | mean(g_L) = +2.0275 | EMA = +2.0605 | std(g_L) = 1.0154 | grad = 1.9013
step   9480 | loss = -1.7071 | mean(g_L) = +2.1968 | EMA = +2.0606 | std(g_L) = 0.9896 | grad = 1.3178
step   9500 | loss = -1.5597 | mean(g_L) = +2.0678 | EMA = +2.0712 | std(g_L) = 1.0081 | grad = 1.1577
step   9520 | loss = -1.7797 | mean(g_L) = +2.1305 | EMA = +2.0714 | std(g_L) = 0.8376 | grad = 0.4630
step   9540 | loss = -1.6894 | mean(g_L) = +2.0624 | EMA = +2.0939 | std(g_L) = 0.8637 | grad = 1.3189
step   9560 | loss = -1.5742 | mean(g_L) = +2.0268 | EMA = +2.0752 | std(g_L) = 0.9514 | grad = 2.1466
step   9580 | loss = -1.7115 | mean(g_L) = +2.1731 | EMA = +2.0854 | std(g_L) = 0.9609 | grad = 0.9089
step   9600 | loss = -1.6687 | mean(g_L) = +2.1090 | EMA = +2.0883 | std(g_L) = 0.9384 | grad = 0.8337
step   9620 | loss = -1.6225 | mean(g_L) = +2.0581 | EMA = +2.0998 | std(g_L) = 0.9334 | grad = 1.0671
step   9640 | loss = -1.3353 | mean(g_L) = +1.8904 | EMA = +2.0824 | std(g_L) = 1.0537 | grad = 1.6061
step   9660 | loss = -1.5299 | mean(g_L) = +2.0274 | EMA = +2.0827 | std(g_L) = 0.9975 | grad = 1.3972
step   9680 | loss = -1.6931 | mean(g_L) = +2.1331 | EMA = +2.0927 | std(g_L) = 0.9381 | grad = 1.0658
step   9700 | loss = -1.7338 | mean(g_L) = +2.0913 | EMA = +2.0738 | std(g_L) = 0.8456 | grad = 0.7594
step   9720 | loss = -1.6601 | mean(g_L) = +2.0134 | EMA = +2.0926 | std(g_L) = 0.8406 | grad = 1.2460
step   9740 | loss = -1.5881 | mean(g_L) = +2.1371 | EMA = +2.0763 | std(g_L) = 1.0478 | grad = 2.1534
step   9760 | loss = -1.9676 | mean(g_L) = +2.2115 | EMA = +2.0985 | std(g_L) = 0.6985 | grad = 0.8434
step   9780 | loss = -1.7659 | mean(g_L) = +2.1652 | EMA = +2.0856 | std(g_L) = 0.8936 | grad = 1.3689
step   9800 | loss = -1.6634 | mean(g_L) = +2.0387 | EMA = +2.0828 | std(g_L) = 0.8663 | grad = 1.2399
step   9820 | loss = -1.8589 | mean(g_L) = +2.1104 | EMA = +2.0586 | std(g_L) = 0.7092 | grad = 1.5314
step   9840 | loss = -1.6861 | mean(g_L) = +2.1182 | EMA = +2.0466 | std(g_L) = 0.9296 | grad = 1.2351
step   9860 | loss = -1.6946 | mean(g_L) = +2.0079 | EMA = +2.0459 | std(g_L) = 0.7917 | grad = 1.1682
step   9880 | loss = -1.8186 | mean(g_L) = +2.2479 | EMA = +2.0708 | std(g_L) = 0.9266 | grad = 0.6323
step   9900 | loss = -1.4812 | mean(g_L) = +1.9346 | EMA = +2.0811 | std(g_L) = 0.9522 | grad = 1.7706
step   9920 | loss = -1.5406 | mean(g_L) = +1.9447 | EMA = +2.0814 | std(g_L) = 0.8991 | grad = 1.1234
step   9940 | loss = -1.7711 | mean(g_L) = +2.1642 | EMA = +2.0755 | std(g_L) = 0.8866 | grad = 1.3048
step   9960 | loss = -1.6294 | mean(g_L) = +2.0394 | EMA = +2.0884 | std(g_L) = 0.9055 | grad = 1.2922
step   9980 | loss = -1.3783 | mean(g_L) = +1.9093 | EMA = +2.0873 | std(g_L) = 1.0306 | grad = 2.4858
step  10000 | loss = -1.4006 | mean(g_L) = +1.8992 | EMA = +2.0488 | std(g_L) = 0.9987 | grad = 2.1351
step  10020 | loss = -1.3803 | mean(g_L) = +1.9381 | EMA = +2.0544 | std(g_L) = 1.0562 | grad = 1.2556
step  10040 | loss = -1.8504 | mean(g_L) = +2.2099 | EMA = +2.0840 | std(g_L) = 0.8480 | grad = 1.1136
step  10060 | loss = -1.7126 | mean(g_L) = +2.0627 | EMA = +2.0853 | std(g_L) = 0.8367 | grad = 1.6693
step  10080 | loss = -1.5045 | mean(g_L) = +1.9586 | EMA = +2.0884 | std(g_L) = 0.9530 | grad = 1.2429
step  10100 | loss = -1.6614 | mean(g_L) = +2.1075 | EMA = +2.0569 | std(g_L) = 0.9446 | grad = 1.4052
step  10120 | loss = -1.7862 | mean(g_L) = +2.1464 | EMA = +2.0704 | std(g_L) = 0.8488 | grad = 1.4984
step  10140 | loss = -1.8905 | mean(g_L) = +2.2298 | EMA = +2.0912 | std(g_L) = 0.8238 | grad = 1.0116
step  10160 | loss = -1.8000 | mean(g_L) = +2.0891 | EMA = +2.0961 | std(g_L) = 0.7605 | grad = 0.8790
step  10180 | loss = -1.5272 | mean(g_L) = +1.9808 | EMA = +2.0837 | std(g_L) = 0.9525 | grad = 1.2457
step  10200 | loss = -1.6478 | mean(g_L) = +2.0744 | EMA = +2.0923 | std(g_L) = 0.9237 | grad = 1.3696
step  10220 | loss = -1.7894 | mean(g_L) = +2.1037 | EMA = +2.0692 | std(g_L) = 0.7928 | grad = 1.3842
step  10240 | loss = -1.5623 | mean(g_L) = +2.1004 | EMA = +2.0602 | std(g_L) = 1.0374 | grad = 2.4683
step  10260 | loss = -1.5074 | mean(g_L) = +2.0069 | EMA = +2.0659 | std(g_L) = 0.9994 | grad = 0.9450
step  10280 | loss = -1.6747 | mean(g_L) = +2.0704 | EMA = +2.0772 | std(g_L) = 0.8896 | grad = 1.2432
step  10300 | loss = -1.6154 | mean(g_L) = +2.0584 | EMA = +2.0600 | std(g_L) = 0.9413 | grad = 1.1361
step  10320 | loss = -1.6392 | mean(g_L) = +2.0470 | EMA = +2.0824 | std(g_L) = 0.9031 | grad = 2.5393
step  10340 | loss = -1.9134 | mean(g_L) = +2.2166 | EMA = +2.0993 | std(g_L) = 0.7788 | grad = 0.6488
step  10360 | loss = -1.4999 | mean(g_L) = +1.9770 | EMA = +2.0736 | std(g_L) = 0.9769 | grad = 1.2673
step  10380 | loss = -1.7577 | mean(g_L) = +2.1029 | EMA = +2.0718 | std(g_L) = 0.8309 | grad = 1.0312
step  10400 | loss = -1.9295 | mean(g_L) = +2.2006 | EMA = +2.0660 | std(g_L) = 0.7364 | grad = 1.7008
step  10420 | loss = -1.7910 | mean(g_L) = +2.1179 | EMA = +2.0726 | std(g_L) = 0.8085 | grad = 0.3642
step  10440 | loss = -1.6729 | mean(g_L) = +2.1281 | EMA = +2.0759 | std(g_L) = 0.9542 | grad = 1.8441
step  10460 | loss = -1.5486 | mean(g_L) = +2.0238 | EMA = +2.0782 | std(g_L) = 0.9749 | grad = 1.0596
step  10480 | loss = -1.2615 | mean(g_L) = +1.9029 | EMA = +2.0712 | std(g_L) = 1.1326 | grad = 1.5690
step  10500 | loss = -1.5006 | mean(g_L) = +2.0009 | EMA = +2.0851 | std(g_L) = 1.0002 | grad = 2.3277
step  10520 | loss = -1.9092 | mean(g_L) = +2.1999 | EMA = +2.1111 | std(g_L) = 0.7626 | grad = 0.9418
step  10540 | loss = -1.4167 | mean(g_L) = +1.9896 | EMA = +2.0768 | std(g_L) = 1.0704 | grad = 1.3465
step  10560 | loss = -1.7420 | mean(g_L) = +2.1128 | EMA = +2.0756 | std(g_L) = 0.8612 | grad = 1.0689
step  10580 | loss = -1.7163 | mean(g_L) = +2.0530 | EMA = +2.0537 | std(g_L) = 0.8206 | grad = 0.9539
step  10600 | loss = -1.3681 | mean(g_L) = +2.0197 | EMA = +2.0575 | std(g_L) = 1.1416 | grad = 1.1810
step  10620 | loss = -1.5213 | mean(g_L) = +1.9389 | EMA = +2.0718 | std(g_L) = 0.9139 | grad = 0.7241
step  10640 | loss = -1.8173 | mean(g_L) = +2.1846 | EMA = +2.1009 | std(g_L) = 0.8571 | grad = 1.6443
step  10660 | loss = -1.9385 | mean(g_L) = +2.2711 | EMA = +2.1031 | std(g_L) = 0.8156 | grad = 0.4832
step  10680 | loss = -1.3705 | mean(g_L) = +1.9105 | EMA = +2.0741 | std(g_L) = 1.0392 | grad = 2.1803
step  10700 | loss = -1.7084 | mean(g_L) = +2.0570 | EMA = +2.0773 | std(g_L) = 0.8350 | grad = 0.5593
step  10720 | loss = -1.7197 | mean(g_L) = +2.0946 | EMA = +2.0975 | std(g_L) = 0.8659 | grad = 1.5441
step  10740 | loss = -1.5658 | mean(g_L) = +1.9977 | EMA = +2.0846 | std(g_L) = 0.9294 | grad = 1.4348
step  10760 | loss = -1.5054 | mean(g_L) = +2.0006 | EMA = +2.0795 | std(g_L) = 0.9952 | grad = 0.7637
step  10780 | loss = -1.8018 | mean(g_L) = +2.1506 | EMA = +2.0822 | std(g_L) = 0.8352 | grad = 0.9967
step  10800 | loss = -1.7123 | mean(g_L) = +2.1284 | EMA = +2.0674 | std(g_L) = 0.9122 | grad = 2.2883
step  10820 | loss = -1.9025 | mean(g_L) = +2.2283 | EMA = +2.0855 | std(g_L) = 0.8073 | grad = 1.1368
step  10840 | loss = -1.9011 | mean(g_L) = +2.1623 | EMA = +2.0829 | std(g_L) = 0.7229 | grad = 0.7358
step  10860 | loss = -1.4605 | mean(g_L) = +1.9744 | EMA = +2.0648 | std(g_L) = 1.0139 | grad = 1.0405
step  10880 | loss = -1.6550 | mean(g_L) = +2.0517 | EMA = +2.0474 | std(g_L) = 0.8907 | grad = 1.5370
step  10900 | loss = -1.6370 | mean(g_L) = +2.0991 | EMA = +2.0635 | std(g_L) = 0.9613 | grad = 2.6095
step  10920 | loss = -1.6094 | mean(g_L) = +2.0664 | EMA = +2.0967 | std(g_L) = 0.9561 | grad = 0.9217
step  10940 | loss = -1.6246 | mean(g_L) = +2.0223 | EMA = +2.0700 | std(g_L) = 0.8918 | grad = 0.7938
step  10960 | loss = -1.6740 | mean(g_L) = +2.1143 | EMA = +2.0856 | std(g_L) = 0.9384 | grad = 0.9571
step  10980 | loss = -1.5127 | mean(g_L) = +1.9405 | EMA = +2.0596 | std(g_L) = 0.9250 | grad = 0.6431
step  11000 | loss = -1.8696 | mean(g_L) = +2.2028 | EMA = +2.0777 | std(g_L) = 0.8163 | grad = 1.5594
step  11020 | loss = -1.6373 | mean(g_L) = +2.0714 | EMA = +2.0914 | std(g_L) = 0.9317 | grad = 2.1455
step  11040 | loss = -1.7396 | mean(g_L) = +2.0958 | EMA = +2.0828 | std(g_L) = 0.8440 | grad = 1.0972
step  11060 | loss = -1.6448 | mean(g_L) = +2.1377 | EMA = +2.0828 | std(g_L) = 0.9929 | grad = 2.0596
step  11080 | loss = -1.6886 | mean(g_L) = +2.0355 | EMA = +2.0942 | std(g_L) = 0.8330 | grad = 1.3722
step  11100 | loss = -1.6290 | mean(g_L) = +2.0503 | EMA = +2.0899 | std(g_L) = 0.9179 | grad = 1.0271
step  11120 | loss = -1.7678 | mean(g_L) = +2.1599 | EMA = +2.0693 | std(g_L) = 0.8855 | grad = 1.7085
step  11140 | loss = -1.5945 | mean(g_L) = +2.0389 | EMA = +2.0673 | std(g_L) = 0.9428 | grad = 1.6417
step  11160 | loss = -1.8938 | mean(g_L) = +2.1978 | EMA = +2.0771 | std(g_L) = 0.7798 | grad = 1.6134
step  11180 | loss = -1.9000 | mean(g_L) = +2.2351 | EMA = +2.1020 | std(g_L) = 0.8186 | grad = 1.7573
step  11200 | loss = -1.6653 | mean(g_L) = +2.0662 | EMA = +2.0987 | std(g_L) = 0.8955 | grad = 1.5348
step  11220 | loss = -1.5111 | mean(g_L) = +2.0362 | EMA = +2.1022 | std(g_L) = 1.0247 | grad = 1.4712
step  11240 | loss = -1.4110 | mean(g_L) = +1.9753 | EMA = +2.0887 | std(g_L) = 1.0624 | grad = 3.0897
step  11260 | loss = -1.5359 | mean(g_L) = +2.0188 | EMA = +2.0507 | std(g_L) = 0.9828 | grad = 0.6397
step  11280 | loss = -1.6401 | mean(g_L) = +2.0075 | EMA = +2.0629 | std(g_L) = 0.8572 | grad = 1.2661
step  11300 | loss = -1.8088 | mean(g_L) = +2.2136 | EMA = +2.0829 | std(g_L) = 0.8997 | grad = 2.3514
step  11320 | loss = -1.6166 | mean(g_L) = +2.0155 | EMA = +2.0778 | std(g_L) = 0.8932 | grad = 1.9813
step  11340 | loss = -1.6666 | mean(g_L) = +2.0474 | EMA = +2.0767 | std(g_L) = 0.8727 | grad = 2.1283
step  11360 | loss = -1.7247 | mean(g_L) = +2.1650 | EMA = +2.1090 | std(g_L) = 0.9384 | grad = 0.9500
step  11380 | loss = -1.6623 | mean(g_L) = +2.0851 | EMA = +2.1048 | std(g_L) = 0.9196 | grad = 1.4306
step  11400 | loss = -1.6549 | mean(g_L) = +2.0597 | EMA = +2.1032 | std(g_L) = 0.8998 | grad = 0.6846
step  11420 | loss = -1.7916 | mean(g_L) = +2.1596 | EMA = +2.0824 | std(g_L) = 0.8579 | grad = 0.9471
step  11440 | loss = -1.7324 | mean(g_L) = +2.1600 | EMA = +2.0792 | std(g_L) = 0.9247 | grad = 0.8300
step  11460 | loss = -1.7886 | mean(g_L) = +2.1187 | EMA = +2.1012 | std(g_L) = 0.8126 | grad = 0.8194
step  11480 | loss = -1.5614 | mean(g_L) = +2.0281 | EMA = +2.0885 | std(g_L) = 0.9661 | grad = 2.0371
step  11500 | loss = -1.8791 | mean(g_L) = +2.2245 | EMA = +2.0964 | std(g_L) = 0.8312 | grad = 2.8170
step  11520 | loss = -1.8481 | mean(g_L) = +2.1698 | EMA = +2.0759 | std(g_L) = 0.8021 | grad = 0.7326
step  11540 | loss = -1.4692 | mean(g_L) = +2.0121 | EMA = +2.0848 | std(g_L) = 1.0420 | grad = 1.2711
step  11560 | loss = -1.4966 | mean(g_L) = +1.9638 | EMA = +2.0863 | std(g_L) = 0.9667 | grad = 1.0410
step  11580 | loss = -1.4431 | mean(g_L) = +1.9788 | EMA = +2.0781 | std(g_L) = 1.0351 | grad = 1.8908
step  11600 | loss = -1.8334 | mean(g_L) = +2.2058 | EMA = +2.0989 | std(g_L) = 0.8630 | grad = 1.5504
step  11620 | loss = -1.6331 | mean(g_L) = +2.0825 | EMA = +2.0841 | std(g_L) = 0.9481 | grad = 1.2552
step  11640 | loss = -1.6137 | mean(g_L) = +2.0989 | EMA = +2.1011 | std(g_L) = 0.9852 | grad = 1.2632
step  11660 | loss = -1.6218 | mean(g_L) = +1.9983 | EMA = +2.0947 | std(g_L) = 0.8677 | grad = 0.7262
step  11680 | loss = -1.6988 | mean(g_L) = +2.0911 | EMA = +2.1081 | std(g_L) = 0.8858 | grad = 1.0839
step  11700 | loss = -1.5941 | mean(g_L) = +2.0149 | EMA = +2.0748 | std(g_L) = 0.9174 | grad = 1.2992
step  11720 | loss = -1.2896 | mean(g_L) = +1.9094 | EMA = +2.0524 | std(g_L) = 1.1134 | grad = 1.4947
step  11740 | loss = -1.8574 | mean(g_L) = +2.1551 | EMA = +2.1052 | std(g_L) = 0.7716 | grad = 0.4975
step  11760 | loss = -1.5313 | mean(g_L) = +2.0100 | EMA = +2.1012 | std(g_L) = 0.9785 | grad = 0.7558
step  11780 | loss = -1.6876 | mean(g_L) = +2.0985 | EMA = +2.0964 | std(g_L) = 0.9066 | grad = 1.0203
step  11800 | loss = -1.6679 | mean(g_L) = +2.0991 | EMA = +2.0798 | std(g_L) = 0.9288 | grad = 0.9047
step  11820 | loss = -1.7648 | mean(g_L) = +2.1194 | EMA = +2.0872 | std(g_L) = 0.8420 | grad = 1.2378
step  11840 | loss = -1.6343 | mean(g_L) = +2.0249 | EMA = +2.0807 | std(g_L) = 0.8838 | grad = 1.0562
step  11860 | loss = -1.7060 | mean(g_L) = +2.0598 | EMA = +2.0714 | std(g_L) = 0.8411 | grad = 1.8242
step  11880 | loss = -1.7641 | mean(g_L) = +2.1631 | EMA = +2.1046 | std(g_L) = 0.8933 | grad = 1.3484
step  11900 | loss = -1.6582 | mean(g_L) = +2.0603 | EMA = +2.0864 | std(g_L) = 0.8968 | grad = 0.7181
step  11920 | loss = -1.6899 | mean(g_L) = +2.0872 | EMA = +2.0789 | std(g_L) = 0.8914 | grad = 1.5403
step  11940 | loss = -1.6103 | mean(g_L) = +2.0568 | EMA = +2.0942 | std(g_L) = 0.9450 | grad = 1.4043
step  11960 | loss = -1.7641 | mean(g_L) = +2.1210 | EMA = +2.0969 | std(g_L) = 0.8449 | grad = 0.8118
step  11980 | loss = -1.8338 | mean(g_L) = +2.1813 | EMA = +2.1122 | std(g_L) = 0.8337 | grad = 1.9716
step  12000 | loss = -1.5258 | mean(g_L) = +2.0600 | EMA = +2.0968 | std(g_L) = 1.0336 | grad = 1.3909
step  12020 | loss = -1.7578 | mean(g_L) = +2.0863 | EMA = +2.0888 | std(g_L) = 0.8105 | grad = 0.5804
step  12040 | loss = -1.5153 | mean(g_L) = +2.0089 | EMA = +2.0740 | std(g_L) = 0.9935 | grad = 1.7087
step  12060 | loss = -1.7509 | mean(g_L) = +2.1426 | EMA = +2.0709 | std(g_L) = 0.8850 | grad = 1.2119
step  12080 | loss = -1.8219 | mean(g_L) = +2.1459 | EMA = +2.0903 | std(g_L) = 0.8050 | grad = 1.2462
step  12100 | loss = -1.8188 | mean(g_L) = +2.1188 | EMA = +2.0879 | std(g_L) = 0.7745 | grad = 1.1873
step  12120 | loss = -1.5115 | mean(g_L) = +1.9579 | EMA = +2.0737 | std(g_L) = 0.9449 | grad = 1.1009
step  12140 | loss = -1.6726 | mean(g_L) = +2.0072 | EMA = +2.0928 | std(g_L) = 0.8180 | grad = 0.7748
step  12160 | loss = -1.8298 | mean(g_L) = +2.1905 | EMA = +2.0856 | std(g_L) = 0.8494 | grad = 1.1209
step  12180 | loss = -1.9345 | mean(g_L) = +2.1687 | EMA = +2.0767 | std(g_L) = 0.6844 | grad = 0.8634
step  12200 | loss = -1.7230 | mean(g_L) = +2.0644 | EMA = +2.0926 | std(g_L) = 0.8264 | grad = 1.3460
step  12220 | loss = -1.7788 | mean(g_L) = +2.1768 | EMA = +2.0894 | std(g_L) = 0.8922 | grad = 0.7763
step  12240 | loss = -1.6372 | mean(g_L) = +2.1201 | EMA = +2.0886 | std(g_L) = 0.9828 | grad = 1.5264
step  12260 | loss = -1.4887 | mean(g_L) = +1.9916 | EMA = +2.0881 | std(g_L) = 1.0029 | grad = 1.5360
step  12280 | loss = -1.7509 | mean(g_L) = +2.0982 | EMA = +2.0754 | std(g_L) = 0.8335 | grad = 2.6688
step  12300 | loss = -1.8943 | mean(g_L) = +2.1906 | EMA = +2.0700 | std(g_L) = 0.7698 | grad = 1.5269
step  12320 | loss = -1.7992 | mean(g_L) = +2.1561 | EMA = +2.0827 | std(g_L) = 0.8448 | grad = 1.3646
step  12340 | loss = -1.7077 | mean(g_L) = +2.1587 | EMA = +2.0715 | std(g_L) = 0.9498 | grad = 1.5509
step  12360 | loss = -1.8181 | mean(g_L) = +2.1128 | EMA = +2.0866 | std(g_L) = 0.7678 | grad = 1.0274
step  12380 | loss = -1.6555 | mean(g_L) = +2.1442 | EMA = +2.0979 | std(g_L) = 0.9886 | grad = 0.9444
step  12400 | loss = -1.9381 | mean(g_L) = +2.2337 | EMA = +2.0926 | std(g_L) = 0.7689 | grad = 1.2075
step  12420 | loss = -1.6576 | mean(g_L) = +2.1408 | EMA = +2.0925 | std(g_L) = 0.9831 | grad = 0.9541
step  12440 | loss = -1.9192 | mean(g_L) = +2.3140 | EMA = +2.1006 | std(g_L) = 0.8885 | grad = 3.0055
step  12460 | loss = -1.4079 | mean(g_L) = +1.8827 | EMA = +2.0795 | std(g_L) = 0.9744 | grad = 4.0157
step  12480 | loss = -1.5375 | mean(g_L) = +2.1006 | EMA = +2.0989 | std(g_L) = 1.0612 | grad = 0.7760
step  12500 | loss = -1.8015 | mean(g_L) = +2.1309 | EMA = +2.0955 | std(g_L) = 0.8117 | grad = 0.7450
step  12520 | loss = -1.5992 | mean(g_L) = +2.0512 | EMA = +2.0840 | std(g_L) = 0.9507 | grad = 2.1195
step  12540 | loss = -1.5808 | mean(g_L) = +2.0802 | EMA = +2.0769 | std(g_L) = 0.9994 | grad = 2.1903
step  12560 | loss = -1.6063 | mean(g_L) = +2.0994 | EMA = +2.0780 | std(g_L) = 0.9930 | grad = 1.0233
step  12580 | loss = -1.3270 | mean(g_L) = +1.9908 | EMA = +2.0739 | std(g_L) = 1.1522 | grad = 2.7218
step  12600 | loss = -1.7024 | mean(g_L) = +2.0381 | EMA = +2.0950 | std(g_L) = 0.8194 | grad = 0.9052
step  12620 | loss = -1.6274 | mean(g_L) = +2.0636 | EMA = +2.0949 | std(g_L) = 0.9341 | grad = 1.8177
step  12640 | loss = -1.5150 | mean(g_L) = +2.0253 | EMA = +2.0836 | std(g_L) = 1.0102 | grad = 1.9529
step  12660 | loss = -1.7521 | mean(g_L) = +2.1302 | EMA = +2.0752 | std(g_L) = 0.8695 | grad = 0.6984
step  12680 | loss = -1.6144 | mean(g_L) = +2.0512 | EMA = +2.0716 | std(g_L) = 0.9347 | grad = 1.5838
step  12700 | loss = -1.7577 | mean(g_L) = +2.1394 | EMA = +2.0969 | std(g_L) = 0.8737 | grad = 0.6262
step  12720 | loss = -1.8620 | mean(g_L) = +2.2020 | EMA = +2.0852 | std(g_L) = 0.8246 | grad = 1.7243
step  12740 | loss = -1.5106 | mean(g_L) = +2.0885 | EMA = +2.0789 | std(g_L) = 1.0751 | grad = 2.2888
step  12760 | loss = -1.4860 | mean(g_L) = +2.0007 | EMA = +2.0825 | std(g_L) = 1.0146 | grad = 1.1973
step  12780 | loss = -1.5943 | mean(g_L) = +2.0150 | EMA = +2.0709 | std(g_L) = 0.9172 | grad = 1.6718
step  12800 | loss = -1.7772 | mean(g_L) = +2.1597 | EMA = +2.0654 | std(g_L) = 0.8746 | grad = 1.4502
step  12820 | loss = -1.6482 | mean(g_L) = +2.0231 | EMA = +2.0885 | std(g_L) = 0.8659 | grad = 1.0943
step  12840 | loss = -1.7670 | mean(g_L) = +2.0817 | EMA = +2.0787 | std(g_L) = 0.7934 | grad = 0.8340
step  12860 | loss = -1.7737 | mean(g_L) = +2.1328 | EMA = +2.0885 | std(g_L) = 0.8475 | grad = 0.9982
step  12880 | loss = -1.5965 | mean(g_L) = +2.1230 | EMA = +2.1094 | std(g_L) = 1.0262 | grad = 1.4570
step  12900 | loss = -1.6339 | mean(g_L) = +2.0702 | EMA = +2.0951 | std(g_L) = 0.9342 | grad = 1.2234
step  12920 | loss = -1.6665 | mean(g_L) = +2.1338 | EMA = +2.0807 | std(g_L) = 0.9668 | grad = 0.8782
step  12940 | loss = -1.6375 | mean(g_L) = +2.0901 | EMA = +2.0838 | std(g_L) = 0.9514 | grad = 1.2245
step  12960 | loss = -1.7452 | mean(g_L) = +2.1449 | EMA = +2.0751 | std(g_L) = 0.8941 | grad = 0.8699
step  12980 | loss = -1.6512 | mean(g_L) = +2.0706 | EMA = +2.0677 | std(g_L) = 0.9158 | grad = 0.6409
step  13000 | loss = -1.7304 | mean(g_L) = +2.1163 | EMA = +2.0824 | std(g_L) = 0.8786 | grad = 1.0943
step  13020 | loss = -1.4512 | mean(g_L) = +1.9863 | EMA = +2.0694 | std(g_L) = 1.0345 | grad = 1.2936
step  13040 | loss = -1.7200 | mean(g_L) = +2.0840 | EMA = +2.0713 | std(g_L) = 0.8533 | grad = 0.6694
step  13060 | loss = -1.8036 | mean(g_L) = +2.0840 | EMA = +2.0974 | std(g_L) = 0.7488 | grad = 1.3377
step  13080 | loss = -1.5122 | mean(g_L) = +1.9983 | EMA = +2.0832 | std(g_L) = 0.9860 | grad = 1.3897
step  13100 | loss = -1.5318 | mean(g_L) = +1.8995 | EMA = +2.0521 | std(g_L) = 0.8576 | grad = 1.1015
step  13120 | loss = -1.6260 | mean(g_L) = +2.0728 | EMA = +2.0929 | std(g_L) = 0.9453 | grad = 1.3897
step  13140 | loss = -1.7154 | mean(g_L) = +2.0648 | EMA = +2.1087 | std(g_L) = 0.8360 | grad = 1.8892
step  13160 | loss = -1.9182 | mean(g_L) = +2.2206 | EMA = +2.0884 | std(g_L) = 0.7776 | grad = 0.9663
step  13180 | loss = -1.7517 | mean(g_L) = +2.1293 | EMA = +2.0739 | std(g_L) = 0.8690 | grad = 0.9789
step  13200 | loss = -1.4781 | mean(g_L) = +2.0140 | EMA = +2.0911 | std(g_L) = 1.0352 | grad = 1.8234
step  13220 | loss = -1.8119 | mean(g_L) = +2.1539 | EMA = +2.0726 | std(g_L) = 0.8270 | grad = 0.5564
step  13240 | loss = -1.7915 | mean(g_L) = +2.1140 | EMA = +2.0906 | std(g_L) = 0.8031 | grad = 1.7608
step  13260 | loss = -1.5720 | mean(g_L) = +2.0847 | EMA = +2.0969 | std(g_L) = 1.0126 | grad = 2.6007
step  13280 | loss = -1.7697 | mean(g_L) = +2.1951 | EMA = +2.1092 | std(g_L) = 0.9223 | grad = 0.8832
step  13300 | loss = -1.8984 | mean(g_L) = +2.1962 | EMA = +2.0956 | std(g_L) = 0.7717 | grad = 1.3478
step  13320 | loss = -1.4337 | mean(g_L) = +1.8912 | EMA = +2.0809 | std(g_L) = 0.9565 | grad = 0.7514
step  13340 | loss = -1.9351 | mean(g_L) = +2.2032 | EMA = +2.0798 | std(g_L) = 0.7323 | grad = 1.3806
step  13360 | loss = -1.4028 | mean(g_L) = +1.9518 | EMA = +2.0720 | std(g_L) = 1.0478 | grad = 0.8121
step  13380 | loss = -1.6157 | mean(g_L) = +2.1439 | EMA = +2.0467 | std(g_L) = 1.0278 | grad = 1.7211
step  13400 | loss = -1.7474 | mean(g_L) = +2.1526 | EMA = +2.0494 | std(g_L) = 0.9002 | grad = 0.9971
step  13420 | loss = -1.7872 | mean(g_L) = +2.1526 | EMA = +2.0854 | std(g_L) = 0.8548 | grad = 1.9731
step  13440 | loss = -1.8701 | mean(g_L) = +2.1528 | EMA = +2.0977 | std(g_L) = 0.7520 | grad = 1.2662
step  13460 | loss = -1.6247 | mean(g_L) = +2.0187 | EMA = +2.0876 | std(g_L) = 0.8878 | grad = 1.3398
step  13480 | loss = -1.7563 | mean(g_L) = +2.1689 | EMA = +2.0816 | std(g_L) = 0.9084 | grad = 0.7741
step  13500 | loss = -1.5352 | mean(g_L) = +1.9649 | EMA = +2.0753 | std(g_L) = 0.9270 | grad = 1.3786
step  13520 | loss = -1.7083 | mean(g_L) = +2.1895 | EMA = +2.0982 | std(g_L) = 0.9810 | grad = 1.6145
step  13540 | loss = -1.7656 | mean(g_L) = +2.0960 | EMA = +2.1037 | std(g_L) = 0.8128 | grad = 1.0360
step  13560 | loss = -1.6386 | mean(g_L) = +2.0803 | EMA = +2.1043 | std(g_L) = 0.9398 | grad = 1.1021
step  13580 | loss = -1.5154 | mean(g_L) = +1.9757 | EMA = +2.1115 | std(g_L) = 0.9594 | grad = 1.4030
step  13600 | loss = -1.6460 | mean(g_L) = +2.0664 | EMA = +2.0913 | std(g_L) = 0.9170 | grad = 0.8985
step  13620 | loss = -1.6087 | mean(g_L) = +2.0478 | EMA = +2.0901 | std(g_L) = 0.9371 | grad = 0.6966
step  13640 | loss = -1.6872 | mean(g_L) = +2.1270 | EMA = +2.1166 | std(g_L) = 0.9379 | grad = 1.4371
step  13660 | loss = -1.6156 | mean(g_L) = +2.0863 | EMA = +2.1102 | std(g_L) = 0.9703 | grad = 0.9441
step  13680 | loss = -1.6681 | mean(g_L) = +2.0976 | EMA = +2.0890 | std(g_L) = 0.9267 | grad = 1.4444
step  13700 | loss = -1.8680 | mean(g_L) = +2.1687 | EMA = +2.0892 | std(g_L) = 0.7755 | grad = 1.9693
step  13720 | loss = -1.4896 | mean(g_L) = +2.1144 | EMA = +2.0970 | std(g_L) = 1.1178 | grad = 2.5095
step  13740 | loss = -1.5322 | mean(g_L) = +2.0192 | EMA = +2.0757 | std(g_L) = 0.9869 | grad = 1.2860
step  13760 | loss = -1.6501 | mean(g_L) = +2.1440 | EMA = +2.0949 | std(g_L) = 0.9938 | grad = 0.8614
step  13780 | loss = -1.5783 | mean(g_L) = +2.0190 | EMA = +2.1089 | std(g_L) = 0.9388 | grad = 1.5728
step  13800 | loss = -1.4363 | mean(g_L) = +2.0584 | EMA = +2.0999 | std(g_L) = 1.1155 | grad = 0.5712
step  13820 | loss = -1.7246 | mean(g_L) = +2.0367 | EMA = +2.0912 | std(g_L) = 0.7900 | grad = 1.0188
step  13840 | loss = -1.7343 | mean(g_L) = +2.0841 | EMA = +2.0879 | std(g_L) = 0.8364 | grad = 0.6887
step  13860 | loss = -1.6647 | mean(g_L) = +2.1727 | EMA = +2.0840 | std(g_L) = 1.0080 | grad = 0.8533
step  13880 | loss = -1.7260 | mean(g_L) = +2.1079 | EMA = +2.0893 | std(g_L) = 0.8740 | grad = 0.9210
step  13900 | loss = -1.7549 | mean(g_L) = +2.1575 | EMA = +2.0826 | std(g_L) = 0.8973 | grad = 1.0691
step  13920 | loss = -1.7621 | mean(g_L) = +2.1747 | EMA = +2.0759 | std(g_L) = 0.9085 | grad = 0.8407
step  13940 | loss = -1.4408 | mean(g_L) = +1.9633 | EMA = +2.0859 | std(g_L) = 1.0222 | grad = 1.4734
step  13960 | loss = -1.7101 | mean(g_L) = +2.1606 | EMA = +2.0896 | std(g_L) = 0.9492 | grad = 1.3084
step  13980 | loss = -1.6626 | mean(g_L) = +2.0694 | EMA = +2.0938 | std(g_L) = 0.9020 | grad = 1.2438
step  14000 | loss = -1.8238 | mean(g_L) = +2.1773 | EMA = +2.0942 | std(g_L) = 0.8408 | grad = 0.9507
step  14020 | loss = -1.8924 | mean(g_L) = +2.2401 | EMA = +2.1063 | std(g_L) = 0.8339 | grad = 1.4380
step  14040 | loss = -1.5264 | mean(g_L) = +2.0030 | EMA = +2.1026 | std(g_L) = 0.9764 | grad = 0.8714
step  14060 | loss = -1.6723 | mean(g_L) = +2.0169 | EMA = +2.0928 | std(g_L) = 0.8303 | grad = 0.7927
step  14080 | loss = -1.8067 | mean(g_L) = +2.1173 | EMA = +2.0971 | std(g_L) = 0.7883 | grad = 1.2292
step  14100 | loss = -1.6502 | mean(g_L) = +2.1205 | EMA = +2.0986 | std(g_L) = 0.9699 | grad = 1.1062
step  14120 | loss = -1.3629 | mean(g_L) = +1.9409 | EMA = +2.0900 | std(g_L) = 1.0752 | grad = 0.6039
step  14140 | loss = -1.7724 | mean(g_L) = +2.1255 | EMA = +2.0706 | std(g_L) = 0.8403 | grad = 0.8163
step  14160 | loss = -1.6636 | mean(g_L) = +2.1044 | EMA = +2.0790 | std(g_L) = 0.9389 | grad = 0.7591
step  14180 | loss = -1.7094 | mean(g_L) = +2.1294 | EMA = +2.0926 | std(g_L) = 0.9165 | grad = 0.8696
step  14200 | loss = -1.7079 | mean(g_L) = +2.1270 | EMA = +2.1067 | std(g_L) = 0.9156 | grad = 1.3487
step  14220 | loss = -1.7362 | mean(g_L) = +2.0989 | EMA = +2.1074 | std(g_L) = 0.8517 | grad = 1.6609
step  14240 | loss = -1.5284 | mean(g_L) = +1.9985 | EMA = +2.0840 | std(g_L) = 0.9697 | grad = 2.1866
step  14260 | loss = -1.3426 | mean(g_L) = +1.9441 | EMA = +2.0757 | std(g_L) = 1.0968 | grad = 1.3958
step  14280 | loss = -1.5277 | mean(g_L) = +2.0765 | EMA = +2.0964 | std(g_L) = 1.0477 | grad = 1.9571
step  14300 | loss = -1.5910 | mean(g_L) = +2.1628 | EMA = +2.0997 | std(g_L) = 1.0694 | grad = 1.9119
step  14320 | loss = -1.7912 | mean(g_L) = +2.1485 | EMA = +2.1140 | std(g_L) = 0.8454 | grad = 1.4948
step  14340 | loss = -1.7974 | mean(g_L) = +2.1171 | EMA = +2.0943 | std(g_L) = 0.7996 | grad = 1.2069
step  14360 | loss = -1.8485 | mean(g_L) = +2.1604 | EMA = +2.1035 | std(g_L) = 0.7898 | grad = 1.5173
step  14380 | loss = -1.7665 | mean(g_L) = +2.1222 | EMA = +2.0911 | std(g_L) = 0.8434 | grad = 1.6432
step  14400 | loss = -1.7685 | mean(g_L) = +2.1818 | EMA = +2.0963 | std(g_L) = 0.9093 | grad = 1.6416
step  14420 | loss = -1.6499 | mean(g_L) = +2.0795 | EMA = +2.0875 | std(g_L) = 0.9269 | grad = 0.7837
step  14440 | loss = -1.6117 | mean(g_L) = +2.0082 | EMA = +2.0522 | std(g_L) = 0.8905 | grad = 2.0409
step  14460 | loss = -1.7759 | mean(g_L) = +2.1569 | EMA = +2.0786 | std(g_L) = 0.8729 | grad = 1.3392
step  14480 | loss = -1.7036 | mean(g_L) = +2.0286 | EMA = +2.0860 | std(g_L) = 0.8062 | grad = 2.0714
step  14500 | loss = -1.8064 | mean(g_L) = +2.1758 | EMA = +2.0934 | std(g_L) = 0.8595 | grad = 0.7543
step  14520 | loss = -1.7049 | mean(g_L) = +2.1396 | EMA = +2.1038 | std(g_L) = 0.9324 | grad = 2.6835
step  14540 | loss = -1.7265 | mean(g_L) = +2.1060 | EMA = +2.0921 | std(g_L) = 0.8712 | grad = 2.3274
step  14560 | loss = -1.6274 | mean(g_L) = +2.0544 | EMA = +2.0876 | std(g_L) = 0.9241 | grad = 0.9645
step  14580 | loss = -1.7193 | mean(g_L) = +2.1861 | EMA = +2.0865 | std(g_L) = 0.9663 | grad = 1.8642
step  14600 | loss = -1.5683 | mean(g_L) = +1.9999 | EMA = +2.0843 | std(g_L) = 0.9290 | grad = 0.7822
step  14620 | loss = -1.8096 | mean(g_L) = +2.2295 | EMA = +2.0928 | std(g_L) = 0.9165 | grad = 1.1628
step  14640 | loss = -1.6133 | mean(g_L) = +2.1037 | EMA = +2.0860 | std(g_L) = 0.9903 | grad = 1.8710
step  14660 | loss = -1.8790 | mean(g_L) = +2.2286 | EMA = +2.1163 | std(g_L) = 0.8362 | grad = 1.3236
step  14680 | loss = -1.8846 | mean(g_L) = +2.1899 | EMA = +2.1040 | std(g_L) = 0.7815 | grad = 0.7378
step  14700 | loss = -1.2808 | mean(g_L) = +1.8507 | EMA = +2.0813 | std(g_L) = 1.0676 | grad = 2.4538
step  14720 | loss = -1.8545 | mean(g_L) = +2.2041 | EMA = +2.0976 | std(g_L) = 0.8362 | grad = 1.0445
step  14740 | loss = -1.6049 | mean(g_L) = +1.9798 | EMA = +2.0804 | std(g_L) = 0.8659 | grad = 0.7316
step  14760 | loss = -1.7800 | mean(g_L) = +2.1235 | EMA = +2.0908 | std(g_L) = 0.8289 | grad = 1.0408
step  14780 | loss = -1.6687 | mean(g_L) = +2.1696 | EMA = +2.1060 | std(g_L) = 1.0009 | grad = 0.9039
step  14800 | loss = -1.8145 | mean(g_L) = +2.1486 | EMA = +2.1074 | std(g_L) = 0.8174 | grad = 0.9832
step  14820 | loss = -1.7960 | mean(g_L) = +2.1253 | EMA = +2.0854 | std(g_L) = 0.8115 | grad = 1.8627
step  14840 | loss = -1.6738 | mean(g_L) = +2.1092 | EMA = +2.0817 | std(g_L) = 0.9332 | grad = 1.7378
step  14860 | loss = -1.7062 | mean(g_L) = +2.1046 | EMA = +2.0806 | std(g_L) = 0.8926 | grad = 0.9202
step  14880 | loss = -1.7544 | mean(g_L) = +2.0987 | EMA = +2.0811 | std(g_L) = 0.8298 | grad = 1.5795
step  14900 | loss = -1.5831 | mean(g_L) = +1.9901 | EMA = +2.0758 | std(g_L) = 0.9022 | grad = 1.5672
step  14920 | loss = -1.8084 | mean(g_L) = +2.1222 | EMA = +2.0463 | std(g_L) = 0.7922 | grad = 1.3902
step  14940 | loss = -1.6788 | mean(g_L) = +2.0925 | EMA = +2.0771 | std(g_L) = 0.9096 | grad = 0.3411
step  14960 | loss = -1.7838 | mean(g_L) = +2.1961 | EMA = +2.0930 | std(g_L) = 0.9080 | grad = 3.0118
step  14980 | loss = -1.5706 | mean(g_L) = +1.9413 | EMA = +2.0750 | std(g_L) = 0.8610 | grad = 2.1381
step  15000 | loss = -1.9114 | mean(g_L) = +2.1519 | EMA = +2.0952 | std(g_L) = 0.6934 | grad = 1.0984
T=5 finished.
