
============================================================
Alpha = 1.0
T = 5
L = 128
Batch size = 128
Steps = 15000
Checkpoints = /home/egalarraga/beam_dad/model_checkpoints/mean_var_loss/checkpoints_nx8/models/alpha_1.0/T5_L128_B128
============================================================
step      1 | loss = +0.0941 | mean(g_L) = +0.4053 | EMA = +0.4053 | std(g_L) = 0.7066 | grad = 0.2406
step     20 | loss = +0.1569 | mean(g_L) = +0.3719 | EMA = +0.3951 | std(g_L) = 0.7272 | grad = 0.2530
step     40 | loss = +0.2465 | mean(g_L) = +0.3785 | EMA = +0.3808 | std(g_L) = 0.7906 | grad = 0.2005
step     60 | loss = +0.0817 | mean(g_L) = +0.3429 | EMA = +0.3800 | std(g_L) = 0.6515 | grad = 0.2161
step     80 | loss = +0.1213 | mean(g_L) = +0.3533 | EMA = +0.3758 | std(g_L) = 0.6889 | grad = 0.1506
step    100 | loss = +0.1671 | mean(g_L) = +0.3825 | EMA = +0.3812 | std(g_L) = 0.7413 | grad = 0.2441
step    120 | loss = +0.1733 | mean(g_L) = +0.4045 | EMA = +0.3906 | std(g_L) = 0.7601 | grad = 0.2588
step    140 | loss = +0.3822 | mean(g_L) = +0.3140 | EMA = +0.4147 | std(g_L) = 0.8344 | grad = 0.3096
step    160 | loss = +0.0473 | mean(g_L) = +0.4337 | EMA = +0.4034 | std(g_L) = 0.6935 | grad = 0.0891
step    180 | loss = +0.6687 | mean(g_L) = +0.3219 | EMA = +0.4080 | std(g_L) = 0.9953 | grad = 0.7613
step    200 | loss = +0.1800 | mean(g_L) = +0.4843 | EMA = +0.4001 | std(g_L) = 0.8151 | grad = 0.3126
step    220 | loss = +0.0721 | mean(g_L) = +0.4387 | EMA = +0.4198 | std(g_L) = 0.7147 | grad = 0.1896
step    240 | loss = +0.1483 | mean(g_L) = +0.4467 | EMA = +0.4276 | std(g_L) = 0.7714 | grad = 0.2320
step    260 | loss = +0.0773 | mean(g_L) = +0.5210 | EMA = +0.4512 | std(g_L) = 0.7735 | grad = 0.2884
step    280 | loss = +0.0030 | mean(g_L) = +0.5284 | EMA = +0.4754 | std(g_L) = 0.7289 | grad = 0.1493
step    300 | loss = +0.2814 | mean(g_L) = +0.5758 | EMA = +0.4952 | std(g_L) = 0.9259 | grad = 0.7886
step    320 | loss = -0.1030 | mean(g_L) = +0.5597 | EMA = +0.5203 | std(g_L) = 0.6758 | grad = 0.1638
step    340 | loss = +0.0623 | mean(g_L) = +0.6693 | EMA = +0.5611 | std(g_L) = 0.8554 | grad = 0.6642
step    360 | loss = +0.0375 | mean(g_L) = +0.5998 | EMA = +0.5948 | std(g_L) = 0.7984 | grad = 0.3530
step    380 | loss = -0.0662 | mean(g_L) = +0.6164 | EMA = +0.6483 | std(g_L) = 0.7417 | grad = 0.4900
step    400 | loss = +0.0124 | mean(g_L) = +0.7289 | EMA = +0.6907 | std(g_L) = 0.8610 | grad = 0.4101
step    420 | loss = -0.0313 | mean(g_L) = +0.8026 | EMA = +0.7022 | std(g_L) = 0.8783 | grad = 0.4788
step    440 | loss = -0.0002 | mean(g_L) = +0.8157 | EMA = +0.7401 | std(g_L) = 0.9030 | grad = 1.4116
step    460 | loss = -0.1184 | mean(g_L) = +0.7968 | EMA = +0.7531 | std(g_L) = 0.8237 | grad = 0.7144
step    480 | loss = +0.0883 | mean(g_L) = +0.7727 | EMA = +0.7772 | std(g_L) = 0.9279 | grad = 1.4628
step    500 | loss = -0.4349 | mean(g_L) = +0.9441 | EMA = +0.8257 | std(g_L) = 0.7136 | grad = 0.3636
step    520 | loss = -0.1964 | mean(g_L) = +0.8318 | EMA = +0.8627 | std(g_L) = 0.7971 | grad = 0.7588
step    540 | loss = -0.3614 | mean(g_L) = +0.9493 | EMA = +0.8630 | std(g_L) = 0.7667 | grad = 0.6206
step    560 | loss = -0.1890 | mean(g_L) = +0.9216 | EMA = +0.9260 | std(g_L) = 0.8559 | grad = 0.7220
step    580 | loss = -0.2179 | mean(g_L) = +0.8705 | EMA = +0.9359 | std(g_L) = 0.8078 | grad = 0.5198
step    600 | loss = -0.2845 | mean(g_L) = +1.0010 | EMA = +0.9418 | std(g_L) = 0.8465 | grad = 0.4819
step    620 | loss = -0.2653 | mean(g_L) = +0.8678 | EMA = +0.9534 | std(g_L) = 0.7762 | grad = 0.9855
step    640 | loss = -0.5299 | mean(g_L) = +1.0277 | EMA = +0.9677 | std(g_L) = 0.7056 | grad = 0.3771
step    660 | loss = -0.3688 | mean(g_L) = +0.9190 | EMA = +0.9437 | std(g_L) = 0.7417 | grad = 0.7041
step    680 | loss = -0.1848 | mean(g_L) = +0.8639 | EMA = +0.9289 | std(g_L) = 0.8241 | grad = 1.0122
step    700 | loss = -0.1432 | mean(g_L) = +1.0327 | EMA = +0.9610 | std(g_L) = 0.9431 | grad = 1.4440
step    720 | loss = -0.3167 | mean(g_L) = +0.9982 | EMA = +0.9938 | std(g_L) = 0.8255 | grad = 1.0754
step    740 | loss = +0.2753 | mean(g_L) = +0.9288 | EMA = +1.0198 | std(g_L) = 1.0973 | grad = 1.7178
step    760 | loss = -0.2785 | mean(g_L) = +1.0617 | EMA = +1.0572 | std(g_L) = 0.8850 | grad = 0.7768
step    780 | loss = -0.4306 | mean(g_L) = +1.1525 | EMA = +1.1224 | std(g_L) = 0.8496 | grad = 0.9332
step    800 | loss = -0.2549 | mean(g_L) = +1.0856 | EMA = +1.1637 | std(g_L) = 0.9115 | grad = 1.1822
step    820 | loss = -0.4061 | mean(g_L) = +1.2370 | EMA = +1.2156 | std(g_L) = 0.9115 | grad = 0.6638
step    840 | loss = +0.0389 | mean(g_L) = +1.1385 | EMA = +1.1977 | std(g_L) = 1.0851 | grad = 1.7865
step    860 | loss = -0.0755 | mean(g_L) = +1.0618 | EMA = +1.2199 | std(g_L) = 0.9931 | grad = 0.9032
step    880 | loss = -0.5418 | mean(g_L) = +1.1800 | EMA = +1.2149 | std(g_L) = 0.7989 | grad = 0.4805
step    900 | loss = -0.6358 | mean(g_L) = +1.2801 | EMA = +1.2308 | std(g_L) = 0.8027 | grad = 0.5670
step    920 | loss = -0.5826 | mean(g_L) = +1.2497 | EMA = +1.2347 | std(g_L) = 0.8167 | grad = 1.2276
step    940 | loss = -0.6977 | mean(g_L) = +1.3944 | EMA = +1.2401 | std(g_L) = 0.8347 | grad = 1.1562
step    960 | loss = -0.5133 | mean(g_L) = +1.3401 | EMA = +1.2233 | std(g_L) = 0.9093 | grad = 0.5040
step    980 | loss = -0.7261 | mean(g_L) = +1.4162 | EMA = +1.2539 | std(g_L) = 0.8307 | grad = 1.1623
step   1000 | loss = -0.4902 | mean(g_L) = +1.2295 | EMA = +1.2283 | std(g_L) = 0.8599 | grad = 1.6417
step   1020 | loss = -0.5974 | mean(g_L) = +1.3068 | EMA = +1.2565 | std(g_L) = 0.8422 | grad = 0.7710
step   1040 | loss = -0.6668 | mean(g_L) = +1.2936 | EMA = +1.2518 | std(g_L) = 0.7917 | grad = 0.6753
step   1060 | loss = -0.6145 | mean(g_L) = +1.2109 | EMA = +1.2518 | std(g_L) = 0.7723 | grad = 0.4377
step   1080 | loss = -0.0298 | mean(g_L) = +1.0860 | EMA = +1.2269 | std(g_L) = 1.0277 | grad = 1.1415
step   1100 | loss = -0.7342 | mean(g_L) = +1.3446 | EMA = +1.2564 | std(g_L) = 0.7812 | grad = 0.7455
step   1120 | loss = -0.4833 | mean(g_L) = +1.1655 | EMA = +1.2285 | std(g_L) = 0.8260 | grad = 1.2115
step   1140 | loss = -0.6558 | mean(g_L) = +1.2510 | EMA = +1.2533 | std(g_L) = 0.7714 | grad = 0.7026
step   1160 | loss = -0.6594 | mean(g_L) = +1.3531 | EMA = +1.2605 | std(g_L) = 0.8329 | grad = 0.5977
step   1180 | loss = -0.6220 | mean(g_L) = +1.2273 | EMA = +1.2502 | std(g_L) = 0.7780 | grad = 0.7364
step   1200 | loss = -0.6403 | mean(g_L) = +1.2368 | EMA = +1.2542 | std(g_L) = 0.7723 | grad = 0.6188
step   1220 | loss = -0.3534 | mean(g_L) = +1.1501 | EMA = +1.2395 | std(g_L) = 0.8926 | grad = 0.6650
step   1240 | loss = -0.6635 | mean(g_L) = +1.3284 | EMA = +1.2428 | std(g_L) = 0.8154 | grad = 1.0088
step   1260 | loss = -0.6955 | mean(g_L) = +1.2765 | EMA = +1.2434 | std(g_L) = 0.7622 | grad = 0.3808
step   1280 | loss = -0.4668 | mean(g_L) = +1.2037 | EMA = +1.2367 | std(g_L) = 0.8584 | grad = 1.0006
step   1300 | loss = -0.4838 | mean(g_L) = +1.2864 | EMA = +1.2442 | std(g_L) = 0.8958 | grad = 1.1282
step   1320 | loss = -0.4913 | mean(g_L) = +1.2672 | EMA = +1.2487 | std(g_L) = 0.8809 | grad = 1.1699
step   1340 | loss = -0.6306 | mean(g_L) = +1.3177 | EMA = +1.2511 | std(g_L) = 0.8289 | grad = 0.8990
step   1360 | loss = -0.5061 | mean(g_L) = +1.2751 | EMA = +1.2513 | std(g_L) = 0.8769 | grad = 0.5058
step   1380 | loss = -0.5274 | mean(g_L) = +1.1714 | EMA = +1.2373 | std(g_L) = 0.8025 | grad = 1.1646
step   1400 | loss = -0.4889 | mean(g_L) = +1.1754 | EMA = +1.2541 | std(g_L) = 0.8285 | grad = 1.2137
step   1420 | loss = -0.6125 | mean(g_L) = +1.3605 | EMA = +1.2538 | std(g_L) = 0.8649 | grad = 1.3234
step   1440 | loss = -0.1911 | mean(g_L) = +1.2326 | EMA = +1.2384 | std(g_L) = 1.0205 | grad = 0.8959
step   1460 | loss = -0.7405 | mean(g_L) = +1.2065 | EMA = +1.2427 | std(g_L) = 0.6826 | grad = 0.2505
step   1480 | loss = -0.6358 | mean(g_L) = +1.2965 | EMA = +1.2620 | std(g_L) = 0.8129 | grad = 0.4675
step   1500 | loss = -0.5556 | mean(g_L) = +1.2719 | EMA = +1.2691 | std(g_L) = 0.8463 | grad = 0.5807
step   1520 | loss = -0.5036 | mean(g_L) = +1.1396 | EMA = +1.2486 | std(g_L) = 0.7975 | grad = 0.5064
step   1540 | loss = -0.5778 | mean(g_L) = +1.2685 | EMA = +1.2589 | std(g_L) = 0.8311 | grad = 0.5240
step   1560 | loss = -0.5650 | mean(g_L) = +1.2462 | EMA = +1.2624 | std(g_L) = 0.8254 | grad = 1.9242
step   1580 | loss = -0.3668 | mean(g_L) = +1.2103 | EMA = +1.2719 | std(g_L) = 0.9184 | grad = 1.3943
step   1600 | loss = -0.4660 | mean(g_L) = +1.1820 | EMA = +1.2831 | std(g_L) = 0.8462 | grad = 0.5790
step   1620 | loss = -0.5517 | mean(g_L) = +1.2561 | EMA = +1.2717 | std(g_L) = 0.8393 | grad = 0.9271
step   1640 | loss = -0.4317 | mean(g_L) = +1.1790 | EMA = +1.2586 | std(g_L) = 0.8644 | grad = 0.5875
step   1660 | loss = -0.4722 | mean(g_L) = +1.1811 | EMA = +1.2788 | std(g_L) = 0.8419 | grad = 1.3818
step   1680 | loss = -0.5948 | mean(g_L) = +1.3153 | EMA = +1.2836 | std(g_L) = 0.8488 | grad = 0.4365
step   1700 | loss = -0.3310 | mean(g_L) = +1.2149 | EMA = +1.2627 | std(g_L) = 0.9401 | grad = 0.9887
step   1720 | loss = -0.9175 | mean(g_L) = +1.3412 | EMA = +1.2839 | std(g_L) = 0.6510 | grad = 0.7041
step   1740 | loss = -0.9742 | mean(g_L) = +1.3994 | EMA = +1.2702 | std(g_L) = 0.6521 | grad = 0.4735
step   1760 | loss = -0.5717 | mean(g_L) = +1.2264 | EMA = +1.2767 | std(g_L) = 0.8092 | grad = 0.5648
step   1780 | loss = -0.5896 | mean(g_L) = +1.3168 | EMA = +1.2749 | std(g_L) = 0.8527 | grad = 0.9214
step   1800 | loss = -0.3652 | mean(g_L) = +1.2344 | EMA = +1.2738 | std(g_L) = 0.9323 | grad = 2.2295
step   1820 | loss = -0.8453 | mean(g_L) = +1.3601 | EMA = +1.2949 | std(g_L) = 0.7175 | grad = 0.5520
step   1840 | loss = -0.6864 | mean(g_L) = +1.2575 | EMA = +1.2855 | std(g_L) = 0.7557 | grad = 0.7069
step   1860 | loss = -0.4280 | mean(g_L) = +1.2260 | EMA = +1.2743 | std(g_L) = 0.8933 | grad = 0.6182
step   1880 | loss = -0.7222 | mean(g_L) = +1.3256 | EMA = +1.2826 | std(g_L) = 0.7768 | grad = 0.7158
step   1900 | loss = -0.3088 | mean(g_L) = +1.2215 | EMA = +1.2790 | std(g_L) = 0.9553 | grad = 1.0073
step   1920 | loss = -0.8166 | mean(g_L) = +1.3532 | EMA = +1.2737 | std(g_L) = 0.7326 | grad = 0.8536
step   1940 | loss = -0.5773 | mean(g_L) = +1.2692 | EMA = +1.2835 | std(g_L) = 0.8319 | grad = 1.0489
step   1960 | loss = -0.6226 | mean(g_L) = +1.2814 | EMA = +1.2815 | std(g_L) = 0.8117 | grad = 0.8365
step   1980 | loss = -0.4319 | mean(g_L) = +1.2296 | EMA = +1.2965 | std(g_L) = 0.8931 | grad = 1.1526
step   2000 | loss = -0.5492 | mean(g_L) = +1.1188 | EMA = +1.2742 | std(g_L) = 0.7548 | grad = 0.8428
step   2020 | loss = -0.7265 | mean(g_L) = +1.3576 | EMA = +1.2701 | std(g_L) = 0.7944 | grad = 0.5801
step   2040 | loss = -0.7341 | mean(g_L) = +1.3698 | EMA = +1.2820 | std(g_L) = 0.7973 | grad = 0.6824
step   2060 | loss = -0.3308 | mean(g_L) = +1.2384 | EMA = +1.2981 | std(g_L) = 0.9526 | grad = 0.6547
step   2080 | loss = -0.7691 | mean(g_L) = +1.3055 | EMA = +1.2863 | std(g_L) = 0.7323 | grad = 0.6055
step   2100 | loss = -0.5934 | mean(g_L) = +1.2652 | EMA = +1.2991 | std(g_L) = 0.8197 | grad = 0.6178
step   2120 | loss = -0.7184 | mean(g_L) = +1.2959 | EMA = +1.3001 | std(g_L) = 0.7599 | grad = 0.5319
step   2140 | loss = -0.5343 | mean(g_L) = +1.2860 | EMA = +1.3245 | std(g_L) = 0.8670 | grad = 0.9455
step   2160 | loss = -0.6386 | mean(g_L) = +1.2919 | EMA = +1.3038 | std(g_L) = 0.8082 | grad = 0.7147
step   2180 | loss = -0.5950 | mean(g_L) = +1.2611 | EMA = +1.3041 | std(g_L) = 0.8161 | grad = 0.3071
step   2200 | loss = -0.4391 | mean(g_L) = +1.1989 | EMA = +1.2940 | std(g_L) = 0.8717 | grad = 1.4650
step   2220 | loss = -0.5017 | mean(g_L) = +1.2520 | EMA = +1.3070 | std(g_L) = 0.8662 | grad = 0.9644
step   2240 | loss = -0.2795 | mean(g_L) = +1.2548 | EMA = +1.2881 | std(g_L) = 0.9876 | grad = 0.8255
step   2260 | loss = -0.8773 | mean(g_L) = +1.3508 | EMA = +1.2698 | std(g_L) = 0.6881 | grad = 0.6997
step   2280 | loss = -0.7343 | mean(g_L) = +1.4108 | EMA = +1.2950 | std(g_L) = 0.8225 | grad = 0.8006
step   2300 | loss = -0.6165 | mean(g_L) = +1.3580 | EMA = +1.3000 | std(g_L) = 0.8611 | grad = 1.2312
step   2320 | loss = -0.7025 | mean(g_L) = +1.3964 | EMA = +1.3253 | std(g_L) = 0.8330 | grad = 0.9086
step   2340 | loss = -0.5871 | mean(g_L) = +1.2906 | EMA = +1.3289 | std(g_L) = 0.8387 | grad = 0.9873
step   2360 | loss = -0.7274 | mean(g_L) = +1.3960 | EMA = +1.3283 | std(g_L) = 0.8177 | grad = 0.7986
step   2380 | loss = -0.9062 | mean(g_L) = +1.4616 | EMA = +1.3302 | std(g_L) = 0.7452 | grad = 0.8721
step   2400 | loss = -0.6927 | mean(g_L) = +1.4152 | EMA = +1.3255 | std(g_L) = 0.8500 | grad = 0.5659
step   2420 | loss = -0.5869 | mean(g_L) = +1.2899 | EMA = +1.3154 | std(g_L) = 0.8384 | grad = 1.1978
step   2440 | loss = -0.5583 | mean(g_L) = +1.2790 | EMA = +1.3033 | std(g_L) = 0.8489 | grad = 0.4488
step   2460 | loss = -0.4081 | mean(g_L) = +1.2872 | EMA = +1.3203 | std(g_L) = 0.9376 | grad = 1.0606
step   2480 | loss = -0.8093 | mean(g_L) = +1.3584 | EMA = +1.3254 | std(g_L) = 0.7410 | grad = 0.4004
step   2500 | loss = -0.4614 | mean(g_L) = +1.2622 | EMA = +1.3085 | std(g_L) = 0.8948 | grad = 0.4228
step   2520 | loss = -0.6441 | mean(g_L) = +1.3902 | EMA = +1.3150 | std(g_L) = 0.8637 | grad = 1.1178
step   2540 | loss = -0.7041 | mean(g_L) = +1.3569 | EMA = +1.3318 | std(g_L) = 0.8079 | grad = 0.7595
step   2560 | loss = -0.6400 | mean(g_L) = +1.4390 | EMA = +1.3432 | std(g_L) = 0.8938 | grad = 0.6356
step   2580 | loss = -0.3396 | mean(g_L) = +1.2351 | EMA = +1.3426 | std(g_L) = 0.9463 | grad = 0.9662
step   2600 | loss = -0.5873 | mean(g_L) = +1.3113 | EMA = +1.3535 | std(g_L) = 0.8508 | grad = 1.1192
step   2620 | loss = -0.6932 | mean(g_L) = +1.3451 | EMA = +1.3649 | std(g_L) = 0.8074 | grad = 0.5328
step   2640 | loss = -1.0662 | mean(g_L) = +1.6188 | EMA = +1.3688 | std(g_L) = 0.7434 | grad = 0.4763
step   2660 | loss = -0.6349 | mean(g_L) = +1.3706 | EMA = +1.3577 | std(g_L) = 0.8577 | grad = 1.2784
step   2680 | loss = -0.5190 | mean(g_L) = +1.3485 | EMA = +1.3530 | std(g_L) = 0.9107 | grad = 1.1264
step   2700 | loss = -0.5842 | mean(g_L) = +1.3065 | EMA = +1.3520 | std(g_L) = 0.8499 | grad = 1.5176
step   2720 | loss = -0.3034 | mean(g_L) = +1.3183 | EMA = +1.3575 | std(g_L) = 1.0074 | grad = 1.8116
step   2740 | loss = -0.8539 | mean(g_L) = +1.5371 | EMA = +1.3712 | std(g_L) = 0.8266 | grad = 1.3178
step   2760 | loss = -0.6648 | mean(g_L) = +1.4395 | EMA = +1.3598 | std(g_L) = 0.8802 | grad = 0.4542
step   2780 | loss = -0.6051 | mean(g_L) = +1.3892 | EMA = +1.3864 | std(g_L) = 0.8855 | grad = 1.0815
step   2800 | loss = -0.6176 | mean(g_L) = +1.3074 | EMA = +1.4047 | std(g_L) = 0.8305 | grad = 1.4263
step   2820 | loss = -0.7278 | mean(g_L) = +1.3630 | EMA = +1.3770 | std(g_L) = 0.7970 | grad = 0.7857
step   2840 | loss = -0.9006 | mean(g_L) = +1.5675 | EMA = +1.3968 | std(g_L) = 0.8167 | grad = 1.1197
step   2860 | loss = -0.6051 | mean(g_L) = +1.3729 | EMA = +1.3915 | std(g_L) = 0.8763 | grad = 0.8295
step   2880 | loss = -0.9476 | mean(g_L) = +1.4754 | EMA = +1.4142 | std(g_L) = 0.7265 | grad = 0.5209
step   2900 | loss = -0.6369 | mean(g_L) = +1.4891 | EMA = +1.3991 | std(g_L) = 0.9231 | grad = 0.5450
step   2920 | loss = -0.6368 | mean(g_L) = +1.4017 | EMA = +1.4154 | std(g_L) = 0.8746 | grad = 1.1676
step   2940 | loss = -0.7003 | mean(g_L) = +1.4470 | EMA = +1.3981 | std(g_L) = 0.8642 | grad = 0.7630
step   2960 | loss = -1.1456 | mean(g_L) = +1.6387 | EMA = +1.4176 | std(g_L) = 0.7022 | grad = 0.6331
step   2980 | loss = -0.7127 | mean(g_L) = +1.4381 | EMA = +1.4126 | std(g_L) = 0.8517 | grad = 0.6658
step   3000 | loss = -0.6828 | mean(g_L) = +1.4379 | EMA = +1.4196 | std(g_L) = 0.8690 | grad = 1.0698
step   3020 | loss = -0.7401 | mean(g_L) = +1.4777 | EMA = +1.4276 | std(g_L) = 0.8588 | grad = 0.8567
step   3040 | loss = -0.5863 | mean(g_L) = +1.3502 | EMA = +1.4260 | std(g_L) = 0.8740 | grad = 0.7238
step   3060 | loss = -0.9429 | mean(g_L) = +1.4758 | EMA = +1.4384 | std(g_L) = 0.7300 | grad = 0.8902
step   3080 | loss = -0.6249 | mean(g_L) = +1.4375 | EMA = +1.4144 | std(g_L) = 0.9015 | grad = 1.2612
step   3100 | loss = -0.9356 | mean(g_L) = +1.6071 | EMA = +1.4335 | std(g_L) = 0.8195 | grad = 0.3131
step   3120 | loss = -0.8020 | mean(g_L) = +1.4906 | EMA = +1.4571 | std(g_L) = 0.8298 | grad = 0.7777
step   3140 | loss = -0.8831 | mean(g_L) = +1.5155 | EMA = +1.4470 | std(g_L) = 0.7952 | grad = 1.0755
step   3160 | loss = -0.7284 | mean(g_L) = +1.5135 | EMA = +1.4506 | std(g_L) = 0.8861 | grad = 1.1801
step   3180 | loss = -0.5760 | mean(g_L) = +1.3842 | EMA = +1.4477 | std(g_L) = 0.8990 | grad = 0.6470
step   3200 | loss = -0.1766 | mean(g_L) = +1.2326 | EMA = +1.4435 | std(g_L) = 1.0276 | grad = 2.2908
step   3220 | loss = -0.6859 | mean(g_L) = +1.4408 | EMA = +1.4684 | std(g_L) = 0.8688 | grad = 0.6713
step   3240 | loss = -0.4396 | mean(g_L) = +1.4059 | EMA = +1.4585 | std(g_L) = 0.9830 | grad = 0.5029
step   3260 | loss = -1.0352 | mean(g_L) = +1.5983 | EMA = +1.4767 | std(g_L) = 0.7504 | grad = 0.7407
step   3280 | loss = -0.6191 | mean(g_L) = +1.4409 | EMA = +1.5030 | std(g_L) = 0.9065 | grad = 0.8362
step   3300 | loss = -0.7929 | mean(g_L) = +1.5606 | EMA = +1.4981 | std(g_L) = 0.8762 | grad = 0.9266
step   3320 | loss = -0.9404 | mean(g_L) = +1.6265 | EMA = +1.5083 | std(g_L) = 0.8283 | grad = 1.1576
step   3340 | loss = -0.4980 | mean(g_L) = +1.5625 | EMA = +1.4948 | std(g_L) = 1.0318 | grad = 1.7169
step   3360 | loss = -0.5934 | mean(g_L) = +1.4903 | EMA = +1.5105 | std(g_L) = 0.9471 | grad = 1.0746
step   3380 | loss = -0.9480 | mean(g_L) = +1.6772 | EMA = +1.5464 | std(g_L) = 0.8539 | grad = 0.9830
step   3400 | loss = -0.7239 | mean(g_L) = +1.5233 | EMA = +1.5330 | std(g_L) = 0.8941 | grad = 0.8496
step   3420 | loss = -0.8154 | mean(g_L) = +1.5370 | EMA = +1.5238 | std(g_L) = 0.8494 | grad = 0.3301
step   3440 | loss = -1.0444 | mean(g_L) = +1.6504 | EMA = +1.5239 | std(g_L) = 0.7785 | grad = 0.9967
step   3460 | loss = -0.5898 | mean(g_L) = +1.5003 | EMA = +1.5255 | std(g_L) = 0.9542 | grad = 0.5597
step   3480 | loss = -0.8649 | mean(g_L) = +1.5796 | EMA = +1.5486 | std(g_L) = 0.8454 | grad = 0.7425
step   3500 | loss = -0.4568 | mean(g_L) = +1.4178 | EMA = +1.5505 | std(g_L) = 0.9803 | grad = 0.8633
step   3520 | loss = -0.9419 | mean(g_L) = +1.6643 | EMA = +1.5568 | std(g_L) = 0.8500 | grad = 0.5635
step   3540 | loss = -0.8906 | mean(g_L) = +1.6351 | EMA = +1.5705 | std(g_L) = 0.8629 | grad = 1.6575
step   3560 | loss = -0.5255 | mean(g_L) = +1.4910 | EMA = +1.5762 | std(g_L) = 0.9826 | grad = 0.7923
step   3580 | loss = -0.8444 | mean(g_L) = +1.6001 | EMA = +1.5889 | std(g_L) = 0.8693 | grad = 0.6965
step   3600 | loss = -0.9195 | mean(g_L) = +1.5255 | EMA = +1.5772 | std(g_L) = 0.7785 | grad = 1.0384
step   3620 | loss = -0.9742 | mean(g_L) = +1.5608 | EMA = +1.6177 | std(g_L) = 0.7659 | grad = 0.7196
step   3640 | loss = -0.6391 | mean(g_L) = +1.4893 | EMA = +1.6203 | std(g_L) = 0.9220 | grad = 1.2206
step   3660 | loss = -1.0603 | mean(g_L) = +1.7079 | EMA = +1.6385 | std(g_L) = 0.8048 | grad = 0.7403
step   3680 | loss = -0.8337 | mean(g_L) = +1.6751 | EMA = +1.6149 | std(g_L) = 0.9173 | grad = 2.4583
step   3700 | loss = -1.0168 | mean(g_L) = +1.6681 | EMA = +1.6368 | std(g_L) = 0.8070 | grad = 0.7965
step   3720 | loss = -0.9981 | mean(g_L) = +1.6403 | EMA = +1.6516 | std(g_L) = 0.8014 | grad = 0.4166
step   3740 | loss = -1.0203 | mean(g_L) = +1.7174 | EMA = +1.6479 | std(g_L) = 0.8349 | grad = 0.7093
step   3760 | loss = -0.9781 | mean(g_L) = +1.6526 | EMA = +1.6502 | std(g_L) = 0.8213 | grad = 0.7224
step   3780 | loss = -1.1188 | mean(g_L) = +1.6720 | EMA = +1.6563 | std(g_L) = 0.7437 | grad = 0.5817
step   3800 | loss = -0.6421 | mean(g_L) = +1.5496 | EMA = +1.6628 | std(g_L) = 0.9526 | grad = 1.1272
step   3820 | loss = -1.2023 | mean(g_L) = +1.7669 | EMA = +1.6832 | std(g_L) = 0.7514 | grad = 0.6869
step   3840 | loss = -0.8354 | mean(g_L) = +1.6533 | EMA = +1.6813 | std(g_L) = 0.9044 | grad = 2.7300
step   3860 | loss = -1.1186 | mean(g_L) = +1.7324 | EMA = +1.7064 | std(g_L) = 0.7835 | grad = 1.3552
step   3880 | loss = -1.0713 | mean(g_L) = +1.7700 | EMA = +1.7160 | std(g_L) = 0.8359 | grad = 1.4302
step   3900 | loss = -0.9970 | mean(g_L) = +1.6982 | EMA = +1.6980 | std(g_L) = 0.8373 | grad = 1.2679
step   3920 | loss = -1.2008 | mean(g_L) = +1.7590 | EMA = +1.7191 | std(g_L) = 0.7471 | grad = 0.7462
step   3940 | loss = -1.2648 | mean(g_L) = +1.7656 | EMA = +1.7438 | std(g_L) = 0.7077 | grad = 0.9170
step   3960 | loss = -1.2878 | mean(g_L) = +1.7855 | EMA = +1.7502 | std(g_L) = 0.7055 | grad = 0.5608
step   3980 | loss = -1.0380 | mean(g_L) = +1.6493 | EMA = +1.7519 | std(g_L) = 0.7819 | grad = 1.0517
step   4000 | loss = -1.2235 | mean(g_L) = +1.7569 | EMA = +1.7588 | std(g_L) = 0.7304 | grad = 0.8064
step   4020 | loss = -1.1606 | mean(g_L) = +1.7834 | EMA = +1.7470 | std(g_L) = 0.7892 | grad = 0.6012
step   4040 | loss = -1.0035 | mean(g_L) = +1.7311 | EMA = +1.7436 | std(g_L) = 0.8530 | grad = 0.7400
step   4060 | loss = -1.1088 | mean(g_L) = +1.7995 | EMA = +1.7437 | std(g_L) = 0.8310 | grad = 0.6472
step   4080 | loss = -1.0623 | mean(g_L) = +1.8118 | EMA = +1.7478 | std(g_L) = 0.8658 | grad = 1.4668
step   4100 | loss = -0.5708 | mean(g_L) = +1.6814 | EMA = +1.7444 | std(g_L) = 1.0538 | grad = 1.5793
step   4120 | loss = -1.0374 | mean(g_L) = +1.6360 | EMA = +1.7222 | std(g_L) = 0.7737 | grad = 0.8502
step   4140 | loss = -0.9999 | mean(g_L) = +1.6916 | EMA = +1.7450 | std(g_L) = 0.8317 | grad = 1.7414
step   4160 | loss = -0.8654 | mean(g_L) = +1.6540 | EMA = +1.7516 | std(g_L) = 0.8880 | grad = 0.8240
step   4180 | loss = -1.1411 | mean(g_L) = +1.7185 | EMA = +1.7380 | std(g_L) = 0.7599 | grad = 0.7511
step   4200 | loss = -0.9203 | mean(g_L) = +1.7321 | EMA = +1.7534 | std(g_L) = 0.9010 | grad = 1.4196
step   4220 | loss = -0.8393 | mean(g_L) = +1.6284 | EMA = +1.7528 | std(g_L) = 0.8883 | grad = 0.9935
step   4240 | loss = -1.2105 | mean(g_L) = +1.7955 | EMA = +1.7499 | std(g_L) = 0.7649 | grad = 1.2113
step   4260 | loss = -1.2260 | mean(g_L) = +1.8185 | EMA = +1.7599 | std(g_L) = 0.7698 | grad = 0.5335
step   4280 | loss = -0.9972 | mean(g_L) = +1.8044 | EMA = +1.7364 | std(g_L) = 0.8985 | grad = 1.3310
step   4300 | loss = -0.9759 | mean(g_L) = +1.7309 | EMA = +1.7510 | std(g_L) = 0.8689 | grad = 0.6386
step   4320 | loss = -0.8655 | mean(g_L) = +1.7014 | EMA = +1.7564 | std(g_L) = 0.9143 | grad = 1.6910
step   4340 | loss = -1.1492 | mean(g_L) = +1.7693 | EMA = +1.7649 | std(g_L) = 0.7874 | grad = 0.7175
step   4360 | loss = -1.0169 | mean(g_L) = +1.6795 | EMA = +1.7551 | std(g_L) = 0.8140 | grad = 0.6999
step   4380 | loss = -1.0199 | mean(g_L) = +1.7378 | EMA = +1.7431 | std(g_L) = 0.8473 | grad = 0.7545
step   4400 | loss = -0.9303 | mean(g_L) = +1.7324 | EMA = +1.7533 | std(g_L) = 0.8956 | grad = 1.2133
step   4420 | loss = -0.8800 | mean(g_L) = +1.6030 | EMA = +1.7305 | std(g_L) = 0.8503 | grad = 0.9275
step   4440 | loss = -1.0149 | mean(g_L) = +1.7138 | EMA = +1.7495 | std(g_L) = 0.8360 | grad = 0.9357
step   4460 | loss = -1.2567 | mean(g_L) = +1.8309 | EMA = +1.7271 | std(g_L) = 0.7578 | grad = 0.8322
step   4480 | loss = -1.0285 | mean(g_L) = +1.7015 | EMA = +1.7401 | std(g_L) = 0.8204 | grad = 0.6975
step   4500 | loss = -1.2363 | mean(g_L) = +1.7977 | EMA = +1.7382 | std(g_L) = 0.7493 | grad = 1.0620
step   4520 | loss = -1.0393 | mean(g_L) = +1.7259 | EMA = +1.7542 | std(g_L) = 0.8286 | grad = 1.3637
step   4540 | loss = -1.1773 | mean(g_L) = +1.7402 | EMA = +1.7516 | std(g_L) = 0.7502 | grad = 1.1584
step   4560 | loss = -1.0311 | mean(g_L) = +1.6768 | EMA = +1.7463 | std(g_L) = 0.8035 | grad = 0.8715
step   4580 | loss = -1.2339 | mean(g_L) = +1.8644 | EMA = +1.7559 | std(g_L) = 0.7940 | grad = 1.1790
step   4600 | loss = -1.1297 | mean(g_L) = +1.7014 | EMA = +1.7641 | std(g_L) = 0.7561 | grad = 0.4751
step   4620 | loss = -1.3792 | mean(g_L) = +1.9085 | EMA = +1.7524 | std(g_L) = 0.7275 | grad = 0.7241
step   4640 | loss = -1.1689 | mean(g_L) = +1.7742 | EMA = +1.7483 | std(g_L) = 0.7780 | grad = 1.4826
step   4660 | loss = -1.1552 | mean(g_L) = +1.7234 | EMA = +1.7441 | std(g_L) = 0.7538 | grad = 0.4036
step   4680 | loss = -1.1473 | mean(g_L) = +1.7736 | EMA = +1.7580 | std(g_L) = 0.7914 | grad = 1.0243
step   4700 | loss = -1.1439 | mean(g_L) = +1.7882 | EMA = +1.7658 | std(g_L) = 0.8026 | grad = 0.4515
step   4720 | loss = -1.2429 | mean(g_L) = +1.7731 | EMA = +1.7687 | std(g_L) = 0.7282 | grad = 0.8815
step   4740 | loss = -0.9925 | mean(g_L) = +1.7510 | EMA = +1.7730 | std(g_L) = 0.8709 | grad = 1.0666
step   4760 | loss = -1.1391 | mean(g_L) = +1.7465 | EMA = +1.7542 | std(g_L) = 0.7794 | grad = 0.7153
step   4780 | loss = -1.3288 | mean(g_L) = +1.7856 | EMA = +1.7575 | std(g_L) = 0.6759 | grad = 0.5210
step   4800 | loss = -0.7973 | mean(g_L) = +1.6737 | EMA = +1.7393 | std(g_L) = 0.9362 | grad = 1.0709
step   4820 | loss = -0.9889 | mean(g_L) = +1.7337 | EMA = +1.7421 | std(g_L) = 0.8631 | grad = 1.0180
step   4840 | loss = -1.1381 | mean(g_L) = +1.7324 | EMA = +1.7441 | std(g_L) = 0.7709 | grad = 1.4260
step   4860 | loss = -1.1086 | mean(g_L) = +1.7346 | EMA = +1.7584 | std(g_L) = 0.7912 | grad = 1.3535
step   4880 | loss = -1.2579 | mean(g_L) = +1.8808 | EMA = +1.7674 | std(g_L) = 0.7892 | grad = 1.3023
step   4900 | loss = -1.1729 | mean(g_L) = +1.6862 | EMA = +1.7449 | std(g_L) = 0.7165 | grad = 1.4080
step   4920 | loss = -1.2987 | mean(g_L) = +1.8257 | EMA = +1.7313 | std(g_L) = 0.7259 | grad = 0.8571
step   4940 | loss = -0.9403 | mean(g_L) = +1.7479 | EMA = +1.7453 | std(g_L) = 0.8987 | grad = 1.0606
step   4960 | loss = -1.0157 | mean(g_L) = +1.7063 | EMA = +1.7459 | std(g_L) = 0.8310 | grad = 0.7900
step   4980 | loss = -1.0700 | mean(g_L) = +1.6587 | EMA = +1.7469 | std(g_L) = 0.7672 | grad = 1.1197
step   5000 | loss = -1.0091 | mean(g_L) = +1.7201 | EMA = +1.7389 | std(g_L) = 0.8432 | grad = 1.7208
step   5020 | loss = -1.2973 | mean(g_L) = +1.8018 | EMA = +1.7432 | std(g_L) = 0.7103 | grad = 0.8008
step   5040 | loss = -1.1804 | mean(g_L) = +1.7319 | EMA = +1.7533 | std(g_L) = 0.7426 | grad = 0.4717
step   5060 | loss = -1.1584 | mean(g_L) = +1.7341 | EMA = +1.7378 | std(g_L) = 0.7588 | grad = 1.6056
step   5080 | loss = -1.1879 | mean(g_L) = +1.7548 | EMA = +1.7285 | std(g_L) = 0.7530 | grad = 1.6578
step   5100 | loss = -0.9006 | mean(g_L) = +1.7608 | EMA = +1.7511 | std(g_L) = 0.9274 | grad = 0.9608
step   5120 | loss = -1.4657 | mean(g_L) = +1.7837 | EMA = +1.7472 | std(g_L) = 0.5638 | grad = 0.4684
step   5140 | loss = -1.0706 | mean(g_L) = +1.7498 | EMA = +1.7379 | std(g_L) = 0.8241 | grad = 1.6515
step   5160 | loss = -1.4487 | mean(g_L) = +1.8186 | EMA = +1.7594 | std(g_L) = 0.6082 | grad = 0.9817
step   5180 | loss = -1.2341 | mean(g_L) = +1.7104 | EMA = +1.7446 | std(g_L) = 0.6901 | grad = 0.5546
step   5200 | loss = -1.1300 | mean(g_L) = +1.7054 | EMA = +1.7579 | std(g_L) = 0.7586 | grad = 0.8943
step   5220 | loss = -1.1168 | mean(g_L) = +1.7142 | EMA = +1.7492 | std(g_L) = 0.7729 | grad = 0.7844
step   5240 | loss = -1.3743 | mean(g_L) = +1.7997 | EMA = +1.7415 | std(g_L) = 0.6522 | grad = 1.0254
step   5260 | loss = -1.2164 | mean(g_L) = +1.8136 | EMA = +1.7338 | std(g_L) = 0.7727 | grad = 0.8767
step   5280 | loss = -0.8204 | mean(g_L) = +1.7141 | EMA = +1.7449 | std(g_L) = 0.9453 | grad = 1.3189
step   5300 | loss = -1.0950 | mean(g_L) = +1.7564 | EMA = +1.7397 | std(g_L) = 0.8133 | grad = 1.1675
step   5320 | loss = -1.2852 | mean(g_L) = +1.7885 | EMA = +1.7426 | std(g_L) = 0.7095 | grad = 1.1209
step   5340 | loss = -1.1521 | mean(g_L) = +1.7814 | EMA = +1.7476 | std(g_L) = 0.7933 | grad = 0.7950
step   5360 | loss = -1.0422 | mean(g_L) = +1.7292 | EMA = +1.7384 | std(g_L) = 0.8288 | grad = 0.6927
step   5380 | loss = -1.1049 | mean(g_L) = +1.6531 | EMA = +1.7401 | std(g_L) = 0.7404 | grad = 0.7547
step   5400 | loss = -1.0858 | mean(g_L) = +1.7297 | EMA = +1.7484 | std(g_L) = 0.8025 | grad = 0.8502
step   5420 | loss = -1.1363 | mean(g_L) = +1.6885 | EMA = +1.7298 | std(g_L) = 0.7431 | grad = 0.7508
step   5440 | loss = -0.9955 | mean(g_L) = +1.7736 | EMA = +1.7593 | std(g_L) = 0.8821 | grad = 1.9109
step   5460 | loss = -1.1027 | mean(g_L) = +1.6281 | EMA = +1.7497 | std(g_L) = 0.7248 | grad = 0.7527
step   5480 | loss = -1.0614 | mean(g_L) = +1.5842 | EMA = +1.7339 | std(g_L) = 0.7230 | grad = 1.5971
step   5500 | loss = -1.1829 | mean(g_L) = +1.7378 | EMA = +1.7466 | std(g_L) = 0.7449 | grad = 0.7108
step   5520 | loss = -1.2734 | mean(g_L) = +1.7239 | EMA = +1.7383 | std(g_L) = 0.6712 | grad = 0.5031
step   5540 | loss = -1.1502 | mean(g_L) = +1.6648 | EMA = +1.7331 | std(g_L) = 0.7174 | grad = 1.6751
step   5560 | loss = -1.3033 | mean(g_L) = +1.7559 | EMA = +1.7482 | std(g_L) = 0.6728 | grad = 1.2304
step   5580 | loss = -0.9982 | mean(g_L) = +1.6941 | EMA = +1.7527 | std(g_L) = 0.8342 | grad = 1.1702
step   5600 | loss = -0.8636 | mean(g_L) = +1.6613 | EMA = +1.7501 | std(g_L) = 0.8932 | grad = 0.9369
step   5620 | loss = -1.1349 | mean(g_L) = +1.7334 | EMA = +1.7440 | std(g_L) = 0.7736 | grad = 1.0730
step   5640 | loss = -1.1051 | mean(g_L) = +1.6882 | EMA = +1.7363 | std(g_L) = 0.7636 | grad = 0.9327
step   5660 | loss = -1.1613 | mean(g_L) = +1.6512 | EMA = +1.7362 | std(g_L) = 0.6999 | grad = 0.7873
step   5680 | loss = -1.2401 | mean(g_L) = +1.7318 | EMA = +1.7331 | std(g_L) = 0.7012 | grad = 0.7466
step   5700 | loss = -1.5139 | mean(g_L) = +1.8275 | EMA = +1.7293 | std(g_L) = 0.5600 | grad = 0.4988
step   5720 | loss = -1.3362 | mean(g_L) = +1.7829 | EMA = +1.7293 | std(g_L) = 0.6684 | grad = 0.8804
step   5740 | loss = -1.2570 | mean(g_L) = +1.7129 | EMA = +1.7386 | std(g_L) = 0.6752 | grad = 0.7986
step   5760 | loss = -1.4260 | mean(g_L) = +1.8306 | EMA = +1.7433 | std(g_L) = 0.6361 | grad = 0.3502
step   5780 | loss = -1.0037 | mean(g_L) = +1.6730 | EMA = +1.7357 | std(g_L) = 0.8181 | grad = 0.6798
step   5800 | loss = -1.4209 | mean(g_L) = +1.8654 | EMA = +1.7324 | std(g_L) = 0.6667 | grad = 1.0106
step   5820 | loss = -1.1609 | mean(g_L) = +1.7401 | EMA = +1.7240 | std(g_L) = 0.7610 | grad = 0.9867
step   5840 | loss = -1.3014 | mean(g_L) = +1.7930 | EMA = +1.7431 | std(g_L) = 0.7011 | grad = 0.7960
step   5860 | loss = -1.2818 | mean(g_L) = +1.7068 | EMA = +1.7225 | std(g_L) = 0.6519 | grad = 0.5374
step   5880 | loss = -0.9606 | mean(g_L) = +1.6351 | EMA = +1.7202 | std(g_L) = 0.8213 | grad = 1.2788
step   5900 | loss = -1.3882 | mean(g_L) = +1.7570 | EMA = +1.7248 | std(g_L) = 0.6073 | grad = 0.3606
step   5920 | loss = -1.4571 | mean(g_L) = +1.7943 | EMA = +1.7304 | std(g_L) = 0.5807 | grad = 0.6784
step   5940 | loss = -1.3090 | mean(g_L) = +1.7621 | EMA = +1.7172 | std(g_L) = 0.6732 | grad = 0.8025
step   5960 | loss = -1.1945 | mean(g_L) = +1.6494 | EMA = +1.7140 | std(g_L) = 0.6744 | grad = 0.6691
step   5980 | loss = -1.0856 | mean(g_L) = +1.7052 | EMA = +1.7179 | std(g_L) = 0.7871 | grad = 0.8278
step   6000 | loss = -1.2750 | mean(g_L) = +1.7047 | EMA = +1.7292 | std(g_L) = 0.6555 | grad = 0.8009
step   6020 | loss = -0.9864 | mean(g_L) = +1.6345 | EMA = +1.7137 | std(g_L) = 0.8050 | grad = 0.5350
step   6040 | loss = -1.1856 | mean(g_L) = +1.7251 | EMA = +1.7243 | std(g_L) = 0.7345 | grad = 1.2326
step   6060 | loss = -1.1585 | mean(g_L) = +1.6811 | EMA = +1.7317 | std(g_L) = 0.7229 | grad = 1.7544
step   6080 | loss = -1.3300 | mean(g_L) = +1.6998 | EMA = +1.7217 | std(g_L) = 0.6082 | grad = 0.3695
step   6100 | loss = -1.1957 | mean(g_L) = +1.7111 | EMA = +1.7272 | std(g_L) = 0.7179 | grad = 0.9086
step   6120 | loss = -1.2700 | mean(g_L) = +1.7360 | EMA = +1.7098 | std(g_L) = 0.6826 | grad = 0.6534
step   6140 | loss = -1.5356 | mean(g_L) = +1.7977 | EMA = +1.7266 | std(g_L) = 0.5120 | grad = 0.2928
step   6160 | loss = -1.3744 | mean(g_L) = +1.7208 | EMA = +1.7338 | std(g_L) = 0.5886 | grad = 0.8339
step   6180 | loss = -1.1068 | mean(g_L) = +1.6810 | EMA = +1.7093 | std(g_L) = 0.7578 | grad = 1.2307
step   6200 | loss = -1.3972 | mean(g_L) = +1.8452 | EMA = +1.7222 | std(g_L) = 0.6693 | grad = 1.0276
step   6220 | loss = -1.5134 | mean(g_L) = +1.7917 | EMA = +1.7228 | std(g_L) = 0.5276 | grad = 0.5130
step   6240 | loss = -1.1496 | mean(g_L) = +1.7192 | EMA = +1.7111 | std(g_L) = 0.7547 | grad = 0.8970
step   6260 | loss = -1.3253 | mean(g_L) = +1.6975 | EMA = +1.7311 | std(g_L) = 0.6101 | grad = 1.4257
step   6280 | loss = -1.0919 | mean(g_L) = +1.5925 | EMA = +1.6922 | std(g_L) = 0.7076 | grad = 0.7267
step   6300 | loss = -1.2566 | mean(g_L) = +1.7046 | EMA = +1.7100 | std(g_L) = 0.6693 | grad = 1.1302
step   6320 | loss = -1.3863 | mean(g_L) = +1.7230 | EMA = +1.7083 | std(g_L) = 0.5802 | grad = 0.4875
step   6340 | loss = -1.1636 | mean(g_L) = +1.6856 | EMA = +1.7158 | std(g_L) = 0.7225 | grad = 1.3049
step   6360 | loss = -1.1828 | mean(g_L) = +1.6689 | EMA = +1.7155 | std(g_L) = 0.6972 | grad = 1.4369
step   6380 | loss = -1.5906 | mean(g_L) = +1.8391 | EMA = +1.7349 | std(g_L) = 0.4985 | grad = 0.9795
step   6400 | loss = -1.2574 | mean(g_L) = +1.6558 | EMA = +1.7189 | std(g_L) = 0.6312 | grad = 0.2935
step   6420 | loss = -1.3214 | mean(g_L) = +1.6996 | EMA = +1.7070 | std(g_L) = 0.6150 | grad = 0.5693
step   6440 | loss = -1.0456 | mean(g_L) = +1.6203 | EMA = +1.7060 | std(g_L) = 0.7581 | grad = 0.5045
step   6460 | loss = -1.1130 | mean(g_L) = +1.7167 | EMA = +1.7023 | std(g_L) = 0.7770 | grad = 0.5008
step   6480 | loss = -0.9407 | mean(g_L) = +1.6105 | EMA = +1.7177 | std(g_L) = 0.8184 | grad = 0.7996
step   6500 | loss = -1.1427 | mean(g_L) = +1.6460 | EMA = +1.7021 | std(g_L) = 0.7094 | grad = 0.6407
step   6520 | loss = -1.3052 | mean(g_L) = +1.6991 | EMA = +1.7169 | std(g_L) = 0.6276 | grad = 1.1884
step   6540 | loss = -1.0020 | mean(g_L) = +1.6433 | EMA = +1.6908 | std(g_L) = 0.8008 | grad = 1.3117
step   6560 | loss = -1.3250 | mean(g_L) = +1.6862 | EMA = +1.7062 | std(g_L) = 0.6011 | grad = 1.0755
step   6580 | loss = -1.2923 | mean(g_L) = +1.7045 | EMA = +1.7183 | std(g_L) = 0.6420 | grad = 0.9742
step   6600 | loss = -1.3340 | mean(g_L) = +1.7383 | EMA = +1.7134 | std(g_L) = 0.6358 | grad = 0.5485
step   6620 | loss = -1.2792 | mean(g_L) = +1.6995 | EMA = +1.7134 | std(g_L) = 0.6483 | grad = 0.7373
step   6640 | loss = -1.3439 | mean(g_L) = +1.7481 | EMA = +1.7110 | std(g_L) = 0.6357 | grad = 0.9859
step   6660 | loss = -1.1138 | mean(g_L) = +1.6422 | EMA = +1.7125 | std(g_L) = 0.7270 | grad = 0.5687
step   6680 | loss = -1.1808 | mean(g_L) = +1.6508 | EMA = +1.7101 | std(g_L) = 0.6856 | grad = 0.5237
step   6700 | loss = -1.1779 | mean(g_L) = +1.6525 | EMA = +1.7048 | std(g_L) = 0.6889 | grad = 0.5919
step   6720 | loss = -1.3679 | mean(g_L) = +1.7533 | EMA = +1.7004 | std(g_L) = 0.6208 | grad = 0.8236
step   6740 | loss = -1.3807 | mean(g_L) = +1.7436 | EMA = +1.7169 | std(g_L) = 0.6024 | grad = 1.7860
step   6760 | loss = -1.2166 | mean(g_L) = +1.6261 | EMA = +1.7135 | std(g_L) = 0.6399 | grad = 0.8385
step   6780 | loss = -1.1978 | mean(g_L) = +1.6318 | EMA = +1.7087 | std(g_L) = 0.6588 | grad = 0.7733
step   6800 | loss = -1.5121 | mean(g_L) = +1.8112 | EMA = +1.7188 | std(g_L) = 0.5469 | grad = 0.5810
step   6820 | loss = -1.3153 | mean(g_L) = +1.6927 | EMA = +1.7132 | std(g_L) = 0.6143 | grad = 1.0484
step   6840 | loss = -1.3850 | mean(g_L) = +1.7538 | EMA = +1.7302 | std(g_L) = 0.6073 | grad = 0.4747
step   6860 | loss = -1.3831 | mean(g_L) = +1.7063 | EMA = +1.7215 | std(g_L) = 0.5685 | grad = 0.9682
step   6880 | loss = -1.4087 | mean(g_L) = +1.7554 | EMA = +1.7060 | std(g_L) = 0.5888 | grad = 0.8782
step   6900 | loss = -1.2806 | mean(g_L) = +1.6265 | EMA = +1.7094 | std(g_L) = 0.5881 | grad = 1.1661
step   6920 | loss = -1.2921 | mean(g_L) = +1.7348 | EMA = +1.7180 | std(g_L) = 0.6653 | grad = 0.7311
step   6940 | loss = -1.3465 | mean(g_L) = +1.7458 | EMA = +1.7179 | std(g_L) = 0.6319 | grad = 1.0405
step   6960 | loss = -1.4968 | mean(g_L) = +1.7687 | EMA = +1.7169 | std(g_L) = 0.5215 | grad = 0.7269
step   6980 | loss = -1.3229 | mean(g_L) = +1.6971 | EMA = +1.6962 | std(g_L) = 0.6117 | grad = 1.4401
step   7000 | loss = -1.3546 | mean(g_L) = +1.6856 | EMA = +1.7000 | std(g_L) = 0.5754 | grad = 0.8820
step   7020 | loss = -1.0199 | mean(g_L) = +1.6334 | EMA = +1.7070 | std(g_L) = 0.7833 | grad = 3.6038
step   7040 | loss = -1.2321 | mean(g_L) = +1.7269 | EMA = +1.7012 | std(g_L) = 0.7035 | grad = 1.3205
step   7060 | loss = -0.9656 | mean(g_L) = +1.6297 | EMA = +1.6906 | std(g_L) = 0.8149 | grad = 1.1653
step   7080 | loss = -1.4388 | mean(g_L) = +1.7777 | EMA = +1.6900 | std(g_L) = 0.5822 | grad = 0.6618
step   7100 | loss = -1.4603 | mean(g_L) = +1.7862 | EMA = +1.7202 | std(g_L) = 0.5709 | grad = 1.4409
step   7120 | loss = -1.0402 | mean(g_L) = +1.6516 | EMA = +1.7144 | std(g_L) = 0.7819 | grad = 2.9273
step   7140 | loss = -1.3422 | mean(g_L) = +1.6995 | EMA = +1.7039 | std(g_L) = 0.5978 | grad = 0.9195
step   7160 | loss = -1.2012 | mean(g_L) = +1.6770 | EMA = +1.7237 | std(g_L) = 0.6898 | grad = 0.9041
step   7180 | loss = -1.2771 | mean(g_L) = +1.7177 | EMA = +1.7066 | std(g_L) = 0.6638 | grad = 0.4499
step   7200 | loss = -1.2464 | mean(g_L) = +1.6823 | EMA = +1.6998 | std(g_L) = 0.6602 | grad = 1.0874
step   7220 | loss = -1.2687 | mean(g_L) = +1.7038 | EMA = +1.7040 | std(g_L) = 0.6596 | grad = 0.7891
step   7240 | loss = -1.3595 | mean(g_L) = +1.6990 | EMA = +1.7177 | std(g_L) = 0.5827 | grad = 1.4188
step   7260 | loss = -1.4592 | mean(g_L) = +1.7557 | EMA = +1.6967 | std(g_L) = 0.5445 | grad = 0.6923
step   7280 | loss = -1.4280 | mean(g_L) = +1.7512 | EMA = +1.7133 | std(g_L) = 0.5685 | grad = 0.7012
step   7300 | loss = -1.3345 | mean(g_L) = +1.6900 | EMA = +1.7055 | std(g_L) = 0.5963 | grad = 0.4127
step   7320 | loss = -1.4450 | mean(g_L) = +1.8055 | EMA = +1.7127 | std(g_L) = 0.6004 | grad = 0.5069
step   7340 | loss = -1.3207 | mean(g_L) = +1.6603 | EMA = +1.6919 | std(g_L) = 0.5827 | grad = 1.5354
step   7360 | loss = -1.4379 | mean(g_L) = +1.7871 | EMA = +1.7063 | std(g_L) = 0.5910 | grad = 0.5030
step   7380 | loss = -1.1306 | mean(g_L) = +1.6333 | EMA = +1.7045 | std(g_L) = 0.7090 | grad = 1.6576
step   7400 | loss = -1.5764 | mean(g_L) = +1.8060 | EMA = +1.7121 | std(g_L) = 0.4792 | grad = 0.4207
step   7420 | loss = -1.2550 | mean(g_L) = +1.6617 | EMA = +1.7174 | std(g_L) = 0.6377 | grad = 1.1110
step   7440 | loss = -1.1497 | mean(g_L) = +1.6472 | EMA = +1.7085 | std(g_L) = 0.7054 | grad = 1.1239
step   7460 | loss = -1.2753 | mean(g_L) = +1.7957 | EMA = +1.6976 | std(g_L) = 0.7214 | grad = 1.5190
step   7480 | loss = -1.0938 | mean(g_L) = +1.6656 | EMA = +1.7044 | std(g_L) = 0.7561 | grad = 1.5005
step   7500 | loss = -1.0852 | mean(g_L) = +1.6980 | EMA = +1.7023 | std(g_L) = 0.7828 | grad = 1.0068
step   7520 | loss = -1.2990 | mean(g_L) = +1.7273 | EMA = +1.7024 | std(g_L) = 0.6545 | grad = 1.1563
step   7540 | loss = -1.4105 | mean(g_L) = +1.7495 | EMA = +1.6990 | std(g_L) = 0.5822 | grad = 0.6709
step   7560 | loss = -1.2064 | mean(g_L) = +1.7007 | EMA = +1.6967 | std(g_L) = 0.7030 | grad = 1.2792
step   7580 | loss = -1.3198 | mean(g_L) = +1.7356 | EMA = +1.7056 | std(g_L) = 0.6448 | grad = 1.0596
step   7600 | loss = -1.3272 | mean(g_L) = +1.7486 | EMA = +1.7133 | std(g_L) = 0.6491 | grad = 1.0054
step   7620 | loss = -1.2728 | mean(g_L) = +1.7057 | EMA = +1.6982 | std(g_L) = 0.6580 | grad = 0.5794
step   7640 | loss = -1.3885 | mean(g_L) = +1.6998 | EMA = +1.7220 | std(g_L) = 0.5579 | grad = 0.5977
step   7660 | loss = -1.0787 | mean(g_L) = +1.6819 | EMA = +1.7130 | std(g_L) = 0.7767 | grad = 0.3141
step   7680 | loss = -1.3235 | mean(g_L) = +1.7216 | EMA = +1.7238 | std(g_L) = 0.6310 | grad = 0.7439
step   7700 | loss = -1.4034 | mean(g_L) = +1.6892 | EMA = +1.7062 | std(g_L) = 0.5346 | grad = 1.2136
step   7720 | loss = -1.2851 | mean(g_L) = +1.6714 | EMA = +1.6998 | std(g_L) = 0.6215 | grad = 0.5292
step   7740 | loss = -1.2727 | mean(g_L) = +1.6578 | EMA = +1.6881 | std(g_L) = 0.6206 | grad = 0.3043
step   7760 | loss = -1.4789 | mean(g_L) = +1.7657 | EMA = +1.7029 | std(g_L) = 0.5355 | grad = 1.4754
step   7780 | loss = -1.1513 | mean(g_L) = +1.6218 | EMA = +1.6988 | std(g_L) = 0.6860 | grad = 0.8284
step   7800 | loss = -1.1862 | mean(g_L) = +1.6990 | EMA = +1.6996 | std(g_L) = 0.7161 | grad = 0.9037
step   7820 | loss = -1.3322 | mean(g_L) = +1.6918 | EMA = +1.7060 | std(g_L) = 0.5996 | grad = 0.5206
step   7840 | loss = -1.3442 | mean(g_L) = +1.7409 | EMA = +1.6912 | std(g_L) = 0.6299 | grad = 0.6089
step   7860 | loss = -1.0652 | mean(g_L) = +1.6723 | EMA = +1.6949 | std(g_L) = 0.7792 | grad = 2.8124
step   7880 | loss = -1.2992 | mean(g_L) = +1.6804 | EMA = +1.6907 | std(g_L) = 0.6174 | grad = 0.4950
step   7900 | loss = -1.4370 | mean(g_L) = +1.7851 | EMA = +1.6998 | std(g_L) = 0.5900 | grad = 0.7545
step   7920 | loss = -1.3443 | mean(g_L) = +1.7541 | EMA = +1.7040 | std(g_L) = 0.6401 | grad = 1.0221
step   7940 | loss = -1.5007 | mean(g_L) = +1.8203 | EMA = +1.7031 | std(g_L) = 0.5653 | grad = 0.3613
step   7960 | loss = -1.3792 | mean(g_L) = +1.7198 | EMA = +1.6919 | std(g_L) = 0.5836 | grad = 1.1723
step   7980 | loss = -1.3405 | mean(g_L) = +1.6253 | EMA = +1.6886 | std(g_L) = 0.5336 | grad = 0.6669
step   8000 | loss = -1.4022 | mean(g_L) = +1.6995 | EMA = +1.7041 | std(g_L) = 0.5452 | grad = 0.8167
step   8020 | loss = -1.3110 | mean(g_L) = +1.7054 | EMA = +1.6987 | std(g_L) = 0.6280 | grad = 0.6421
step   8040 | loss = -1.3197 | mean(g_L) = +1.7581 | EMA = +1.7144 | std(g_L) = 0.6621 | grad = 0.7360
step   8060 | loss = -1.4514 | mean(g_L) = +1.7566 | EMA = +1.7188 | std(g_L) = 0.5524 | grad = 0.5152
step   8080 | loss = -1.3501 | mean(g_L) = +1.7839 | EMA = +1.7140 | std(g_L) = 0.6586 | grad = 0.6208
step   8100 | loss = -1.3327 | mean(g_L) = +1.7232 | EMA = +1.7011 | std(g_L) = 0.6249 | grad = 1.0840
step   8120 | loss = -1.4947 | mean(g_L) = +1.7364 | EMA = +1.7198 | std(g_L) = 0.4916 | grad = 0.8820
step   8140 | loss = -1.3267 | mean(g_L) = +1.7237 | EMA = +1.7138 | std(g_L) = 0.6301 | grad = 0.9486
step   8160 | loss = -1.3192 | mean(g_L) = +1.7023 | EMA = +1.7014 | std(g_L) = 0.6189 | grad = 0.5983
step   8180 | loss = -1.0437 | mean(g_L) = +1.5906 | EMA = +1.6971 | std(g_L) = 0.7395 | grad = 0.6587
step   8200 | loss = -1.4926 | mean(g_L) = +1.7621 | EMA = +1.6965 | std(g_L) = 0.5191 | grad = 0.7252
step   8220 | loss = -1.3867 | mean(g_L) = +1.7046 | EMA = +1.6926 | std(g_L) = 0.5638 | grad = 0.6635
step   8240 | loss = -1.4179 | mean(g_L) = +1.7335 | EMA = +1.6864 | std(g_L) = 0.5618 | grad = 0.8990
step   8260 | loss = -1.2361 | mean(g_L) = +1.6430 | EMA = +1.6954 | std(g_L) = 0.6379 | grad = 1.5854
step   8280 | loss = -1.4522 | mean(g_L) = +1.7779 | EMA = +1.7117 | std(g_L) = 0.5707 | grad = 0.5925
step   8300 | loss = -1.3772 | mean(g_L) = +1.7441 | EMA = +1.7087 | std(g_L) = 0.6057 | grad = 0.6336
step   8320 | loss = -1.2855 | mean(g_L) = +1.7137 | EMA = +1.6966 | std(g_L) = 0.6543 | grad = 1.1676
step   8340 | loss = -1.3961 | mean(g_L) = +1.6974 | EMA = +1.6951 | std(g_L) = 0.5490 | grad = 1.5207
step   8360 | loss = -1.3479 | mean(g_L) = +1.6563 | EMA = +1.6968 | std(g_L) = 0.5553 | grad = 0.9698
step   8380 | loss = -1.2862 | mean(g_L) = +1.7445 | EMA = +1.6940 | std(g_L) = 0.6770 | grad = 0.8325
step   8400 | loss = -1.3928 | mean(g_L) = +1.6938 | EMA = +1.6901 | std(g_L) = 0.5487 | grad = 0.6353
step   8420 | loss = -0.8044 | mean(g_L) = +1.5530 | EMA = +1.6927 | std(g_L) = 0.8652 | grad = 1.4512
step   8440 | loss = -1.4126 | mean(g_L) = +1.7387 | EMA = +1.7221 | std(g_L) = 0.5710 | grad = 1.5645
step   8460 | loss = -1.4032 | mean(g_L) = +1.7662 | EMA = +1.7170 | std(g_L) = 0.6025 | grad = 0.3055
step   8480 | loss = -1.4524 | mean(g_L) = +1.7472 | EMA = +1.7135 | std(g_L) = 0.5429 | grad = 0.5816
step   8500 | loss = -1.3491 | mean(g_L) = +1.6747 | EMA = +1.7076 | std(g_L) = 0.5706 | grad = 0.5281
step   8520 | loss = -1.3881 | mean(g_L) = +1.6991 | EMA = +1.7051 | std(g_L) = 0.5577 | grad = 0.7036
step   8540 | loss = -1.2765 | mean(g_L) = +1.6451 | EMA = +1.6936 | std(g_L) = 0.6071 | grad = 1.2090
step   8560 | loss = -1.3656 | mean(g_L) = +1.7520 | EMA = +1.7073 | std(g_L) = 0.6216 | grad = 0.5163
step   8580 | loss = -1.2025 | mean(g_L) = +1.6689 | EMA = +1.7072 | std(g_L) = 0.6829 | grad = 0.7171
step   8600 | loss = -1.2483 | mean(g_L) = +1.7306 | EMA = +1.7030 | std(g_L) = 0.6944 | grad = 0.6260
step   8620 | loss = -1.1251 | mean(g_L) = +1.5914 | EMA = +1.6970 | std(g_L) = 0.6828 | grad = 1.1750
step   8640 | loss = -1.3687 | mean(g_L) = +1.7246 | EMA = +1.6978 | std(g_L) = 0.5966 | grad = 0.6785
step   8660 | loss = -1.5422 | mean(g_L) = +1.8449 | EMA = +1.7078 | std(g_L) = 0.5502 | grad = 0.6769
step   8680 | loss = -1.0088 | mean(g_L) = +1.5929 | EMA = +1.6846 | std(g_L) = 0.7643 | grad = 1.6916
step   8700 | loss = -1.3373 | mean(g_L) = +1.6756 | EMA = +1.7033 | std(g_L) = 0.5817 | grad = 1.0150
step   8720 | loss = -1.3495 | mean(g_L) = +1.6828 | EMA = +1.7130 | std(g_L) = 0.5774 | grad = 0.8966
step   8740 | loss = -1.2477 | mean(g_L) = +1.6278 | EMA = +1.6947 | std(g_L) = 0.6165 | grad = 0.4528
step   8760 | loss = -1.2608 | mean(g_L) = +1.6683 | EMA = +1.6967 | std(g_L) = 0.6384 | grad = 1.2335
step   8780 | loss = -1.5608 | mean(g_L) = +1.8340 | EMA = +1.7091 | std(g_L) = 0.5228 | grad = 0.9483
step   8800 | loss = -1.2795 | mean(g_L) = +1.6735 | EMA = +1.7013 | std(g_L) = 0.6277 | grad = 0.7443
step   8820 | loss = -1.1798 | mean(g_L) = +1.6579 | EMA = +1.7044 | std(g_L) = 0.6914 | grad = 1.4453
step   8840 | loss = -1.3306 | mean(g_L) = +1.6401 | EMA = +1.6991 | std(g_L) = 0.5563 | grad = 0.8719
step   8860 | loss = -1.2191 | mean(g_L) = +1.6310 | EMA = +1.7073 | std(g_L) = 0.6418 | grad = 1.1222
step   8880 | loss = -0.8898 | mean(g_L) = +1.5276 | EMA = +1.6860 | std(g_L) = 0.7987 | grad = 2.0582
step   8900 | loss = -1.3081 | mean(g_L) = +1.7251 | EMA = +1.6841 | std(g_L) = 0.6457 | grad = 0.8208
step   8920 | loss = -1.1574 | mean(g_L) = +1.6278 | EMA = +1.6995 | std(g_L) = 0.6858 | grad = 1.3147
step   8940 | loss = -1.2188 | mean(g_L) = +1.7010 | EMA = +1.7069 | std(g_L) = 0.6944 | grad = 1.1545
step   8960 | loss = -1.3933 | mean(g_L) = +1.6603 | EMA = +1.7003 | std(g_L) = 0.5167 | grad = 0.8919
step   8980 | loss = -1.2745 | mean(g_L) = +1.6717 | EMA = +1.6970 | std(g_L) = 0.6302 | grad = 2.1303
step   9000 | loss = -1.4089 | mean(g_L) = +1.7260 | EMA = +1.7120 | std(g_L) = 0.5630 | grad = 0.9325
step   9020 | loss = -1.3636 | mean(g_L) = +1.6591 | EMA = +1.7077 | std(g_L) = 0.5436 | grad = 0.6870
step   9040 | loss = -1.4472 | mean(g_L) = +1.8148 | EMA = +1.7182 | std(g_L) = 0.6063 | grad = 0.6201
step   9060 | loss = -1.4832 | mean(g_L) = +1.7898 | EMA = +1.7230 | std(g_L) = 0.5537 | grad = 0.8797
step   9080 | loss = -1.4028 | mean(g_L) = +1.7600 | EMA = +1.7199 | std(g_L) = 0.5977 | grad = 0.6578
step   9100 | loss = -1.2803 | mean(g_L) = +1.7132 | EMA = +1.7150 | std(g_L) = 0.6579 | grad = 0.9258
step   9120 | loss = -1.2957 | mean(g_L) = +1.7041 | EMA = +1.7063 | std(g_L) = 0.6391 | grad = 0.8652
step   9140 | loss = -1.4594 | mean(g_L) = +1.7338 | EMA = +1.7178 | std(g_L) = 0.5238 | grad = 0.9381
step   9160 | loss = -1.2505 | mean(g_L) = +1.6985 | EMA = +1.7184 | std(g_L) = 0.6694 | grad = 2.1075
step   9180 | loss = -1.3222 | mean(g_L) = +1.6994 | EMA = +1.7131 | std(g_L) = 0.6141 | grad = 1.4579
step   9200 | loss = -1.2729 | mean(g_L) = +1.6417 | EMA = +1.6995 | std(g_L) = 0.6073 | grad = 0.7597
step   9220 | loss = -1.5119 | mean(g_L) = +1.8387 | EMA = +1.7142 | std(g_L) = 0.5717 | grad = 0.7708
step   9240 | loss = -1.4567 | mean(g_L) = +1.7654 | EMA = +1.7103 | std(g_L) = 0.5556 | grad = 1.7025
step   9260 | loss = -1.4384 | mean(g_L) = +1.7193 | EMA = +1.7073 | std(g_L) = 0.5300 | grad = 0.4330
step   9280 | loss = -1.4348 | mean(g_L) = +1.7237 | EMA = +1.7262 | std(g_L) = 0.5375 | grad = 0.8055
step   9300 | loss = -1.1633 | mean(g_L) = +1.6452 | EMA = +1.7216 | std(g_L) = 0.6942 | grad = 0.6034
step   9320 | loss = -1.3807 | mean(g_L) = +1.7164 | EMA = +1.7182 | std(g_L) = 0.5794 | grad = 0.4608
step   9340 | loss = -1.3908 | mean(g_L) = +1.7830 | EMA = +1.7121 | std(g_L) = 0.6262 | grad = 0.6085
step   9360 | loss = -1.0577 | mean(g_L) = +1.6071 | EMA = +1.6962 | std(g_L) = 0.7412 | grad = 0.7846
step   9380 | loss = -1.4975 | mean(g_L) = +1.7513 | EMA = +1.7061 | std(g_L) = 0.5038 | grad = 0.8349
step   9400 | loss = -1.3804 | mean(g_L) = +1.7586 | EMA = +1.7105 | std(g_L) = 0.6150 | grad = 0.7214
step   9420 | loss = -1.0028 | mean(g_L) = +1.5871 | EMA = +1.6921 | std(g_L) = 0.7644 | grad = 0.7464
step   9440 | loss = -1.4511 | mean(g_L) = +1.7923 | EMA = +1.7024 | std(g_L) = 0.5841 | grad = 0.7260
step   9460 | loss = -1.3871 | mean(g_L) = +1.7028 | EMA = +1.7054 | std(g_L) = 0.5618 | grad = 0.3252
step   9480 | loss = -1.2287 | mean(g_L) = +1.7604 | EMA = +1.7082 | std(g_L) = 0.7292 | grad = 1.5394
step   9500 | loss = -1.5803 | mean(g_L) = +1.8450 | EMA = +1.7108 | std(g_L) = 0.5145 | grad = 1.3802
step   9520 | loss = -1.0778 | mean(g_L) = +1.6273 | EMA = +1.7160 | std(g_L) = 0.7413 | grad = 0.7514
step   9540 | loss = -1.4076 | mean(g_L) = +1.7254 | EMA = +1.7073 | std(g_L) = 0.5637 | grad = 0.8581
step   9560 | loss = -1.3323 | mean(g_L) = +1.6509 | EMA = +1.6923 | std(g_L) = 0.5645 | grad = 1.0356
step   9580 | loss = -1.2822 | mean(g_L) = +1.7297 | EMA = +1.6933 | std(g_L) = 0.6689 | grad = 1.1582
step   9600 | loss = -1.3898 | mean(g_L) = +1.6643 | EMA = +1.7048 | std(g_L) = 0.5239 | grad = 1.0401
step   9620 | loss = -1.2396 | mean(g_L) = +1.6448 | EMA = +1.7047 | std(g_L) = 0.6365 | grad = 1.0515
step   9640 | loss = -0.9248 | mean(g_L) = +1.5482 | EMA = +1.6979 | std(g_L) = 0.7895 | grad = 0.8892
step   9660 | loss = -1.5115 | mean(g_L) = +1.7888 | EMA = +1.7142 | std(g_L) = 0.5266 | grad = 0.3715
step   9680 | loss = -1.2744 | mean(g_L) = +1.7126 | EMA = +1.7036 | std(g_L) = 0.6620 | grad = 1.4082
step   9700 | loss = -1.5284 | mean(g_L) = +1.8141 | EMA = +1.7065 | std(g_L) = 0.5345 | grad = 0.4459
step   9720 | loss = -1.2841 | mean(g_L) = +1.7027 | EMA = +1.7107 | std(g_L) = 0.6469 | grad = 0.5094
step   9740 | loss = -1.3629 | mean(g_L) = +1.7143 | EMA = +1.7145 | std(g_L) = 0.5928 | grad = 0.8140
step   9760 | loss = -1.4135 | mean(g_L) = +1.6794 | EMA = +1.7120 | std(g_L) = 0.5156 | grad = 0.4534
step   9780 | loss = -1.4237 | mean(g_L) = +1.7471 | EMA = +1.7152 | std(g_L) = 0.5687 | grad = 0.3335
step   9800 | loss = -1.2315 | mean(g_L) = +1.6553 | EMA = +1.7026 | std(g_L) = 0.6510 | grad = 0.8169
step   9820 | loss = -1.3331 | mean(g_L) = +1.7355 | EMA = +1.7111 | std(g_L) = 0.6343 | grad = 0.6775
step   9840 | loss = -1.4182 | mean(g_L) = +1.7257 | EMA = +1.6939 | std(g_L) = 0.5545 | grad = 1.1140
step   9860 | loss = -1.3648 | mean(g_L) = +1.6742 | EMA = +1.7009 | std(g_L) = 0.5563 | grad = 0.4443
step   9880 | loss = -1.3138 | mean(g_L) = +1.7316 | EMA = +1.7016 | std(g_L) = 0.6464 | grad = 1.3522
step   9900 | loss = -1.3612 | mean(g_L) = +1.6730 | EMA = +1.7039 | std(g_L) = 0.5584 | grad = 0.9219
step   9920 | loss = -1.3004 | mean(g_L) = +1.6832 | EMA = +1.7070 | std(g_L) = 0.6187 | grad = 1.4092
step   9940 | loss = -1.3776 | mean(g_L) = +1.6914 | EMA = +1.7028 | std(g_L) = 0.5602 | grad = 0.9626
step   9960 | loss = -1.2823 | mean(g_L) = +1.6690 | EMA = +1.7081 | std(g_L) = 0.6218 | grad = 0.8085
step   9980 | loss = -1.1479 | mean(g_L) = +1.5808 | EMA = +1.7035 | std(g_L) = 0.6580 | grad = 0.7096
step  10000 | loss = -1.2014 | mean(g_L) = +1.6396 | EMA = +1.7007 | std(g_L) = 0.6619 | grad = 1.4463
step  10020 | loss = -1.0592 | mean(g_L) = +1.6778 | EMA = +1.7010 | std(g_L) = 0.7865 | grad = 0.5073
step  10040 | loss = -1.5537 | mean(g_L) = +1.8051 | EMA = +1.7188 | std(g_L) = 0.5013 | grad = 0.8030
step  10060 | loss = -1.3951 | mean(g_L) = +1.6896 | EMA = +1.6883 | std(g_L) = 0.5427 | grad = 0.5445
step  10080 | loss = -1.2633 | mean(g_L) = +1.6410 | EMA = +1.7000 | std(g_L) = 0.6146 | grad = 1.6197
step  10100 | loss = -1.4044 | mean(g_L) = +1.7251 | EMA = +1.7012 | std(g_L) = 0.5663 | grad = 0.6286
step  10120 | loss = -1.4938 | mean(g_L) = +1.7535 | EMA = +1.7089 | std(g_L) = 0.5096 | grad = 0.2569
step  10140 | loss = -1.4301 | mean(g_L) = +1.7465 | EMA = +1.7084 | std(g_L) = 0.5625 | grad = 0.7774
step  10160 | loss = -1.4510 | mean(g_L) = +1.7598 | EMA = +1.7083 | std(g_L) = 0.5557 | grad = 1.1257
step  10180 | loss = -1.2530 | mean(g_L) = +1.6774 | EMA = +1.7054 | std(g_L) = 0.6514 | grad = 0.8223
step  10200 | loss = -1.3065 | mean(g_L) = +1.6870 | EMA = +1.7128 | std(g_L) = 0.6168 | grad = 0.5869
step  10220 | loss = -1.3860 | mean(g_L) = +1.7247 | EMA = +1.7126 | std(g_L) = 0.5820 | grad = 0.5973
step  10240 | loss = -1.4204 | mean(g_L) = +1.7373 | EMA = +1.7118 | std(g_L) = 0.5629 | grad = 0.5097
step  10260 | loss = -1.2756 | mean(g_L) = +1.7050 | EMA = +1.7128 | std(g_L) = 0.6553 | grad = 0.9363
step  10280 | loss = -1.3076 | mean(g_L) = +1.7165 | EMA = +1.7226 | std(g_L) = 0.6394 | grad = 0.4768
step  10300 | loss = -1.4150 | mean(g_L) = +1.7583 | EMA = +1.7114 | std(g_L) = 0.5859 | grad = 0.8568
step  10320 | loss = -1.4058 | mean(g_L) = +1.7449 | EMA = +1.7260 | std(g_L) = 0.5824 | grad = 1.1819
step  10340 | loss = -1.1877 | mean(g_L) = +1.6735 | EMA = +1.7197 | std(g_L) = 0.6970 | grad = 0.8774
step  10360 | loss = -1.3237 | mean(g_L) = +1.6539 | EMA = +1.7067 | std(g_L) = 0.5746 | grad = 0.6297
step  10380 | loss = -1.2918 | mean(g_L) = +1.7076 | EMA = +1.6906 | std(g_L) = 0.6448 | grad = 0.7180
step  10400 | loss = -1.5315 | mean(g_L) = +1.7866 | EMA = +1.7005 | std(g_L) = 0.5051 | grad = 0.7549
step  10420 | loss = -1.3842 | mean(g_L) = +1.6966 | EMA = +1.6968 | std(g_L) = 0.5589 | grad = 0.8946
step  10440 | loss = -1.2867 | mean(g_L) = +1.6677 | EMA = +1.7013 | std(g_L) = 0.6172 | grad = 0.9058
step  10460 | loss = -1.2379 | mean(g_L) = +1.6598 | EMA = +1.6989 | std(g_L) = 0.6495 | grad = 0.7872
step  10480 | loss = -1.0389 | mean(g_L) = +1.5878 | EMA = +1.7002 | std(g_L) = 0.7408 | grad = 1.0678
step  10500 | loss = -1.3254 | mean(g_L) = +1.6833 | EMA = +1.7085 | std(g_L) = 0.5983 | grad = 0.5117
step  10520 | loss = -1.3851 | mean(g_L) = +1.7013 | EMA = +1.7076 | std(g_L) = 0.5623 | grad = 0.9875
step  10540 | loss = -1.4377 | mean(g_L) = +1.7008 | EMA = +1.7108 | std(g_L) = 0.5130 | grad = 1.0227
step  10560 | loss = -1.4777 | mean(g_L) = +1.7672 | EMA = +1.7019 | std(g_L) = 0.5380 | grad = 0.7134
step  10580 | loss = -1.3746 | mean(g_L) = +1.7636 | EMA = +1.7053 | std(g_L) = 0.6237 | grad = 0.4135
step  10600 | loss = -1.1212 | mean(g_L) = +1.7030 | EMA = +1.7086 | std(g_L) = 0.7628 | grad = 1.3165
step  10620 | loss = -1.2038 | mean(g_L) = +1.6671 | EMA = +1.7019 | std(g_L) = 0.6807 | grad = 1.4743
step  10640 | loss = -1.3712 | mean(g_L) = +1.6760 | EMA = +1.7148 | std(g_L) = 0.5522 | grad = 0.7871
step  10660 | loss = -1.4103 | mean(g_L) = +1.7586 | EMA = +1.7051 | std(g_L) = 0.5902 | grad = 0.9356
step  10680 | loss = -1.2573 | mean(g_L) = +1.6841 | EMA = +1.6897 | std(g_L) = 0.6533 | grad = 0.5471
step  10700 | loss = -1.4986 | mean(g_L) = +1.7529 | EMA = +1.7037 | std(g_L) = 0.5043 | grad = 0.7212
step  10720 | loss = -1.4757 | mean(g_L) = +1.7254 | EMA = +1.7123 | std(g_L) = 0.4997 | grad = 0.5582
step  10740 | loss = -1.3425 | mean(g_L) = +1.6479 | EMA = +1.6840 | std(g_L) = 0.5526 | grad = 0.4072
step  10760 | loss = -1.3597 | mean(g_L) = +1.6965 | EMA = +1.6883 | std(g_L) = 0.5803 | grad = 0.3264
step  10780 | loss = -1.4260 | mean(g_L) = +1.7284 | EMA = +1.7134 | std(g_L) = 0.5499 | grad = 0.5773
step  10800 | loss = -1.5165 | mean(g_L) = +1.7742 | EMA = +1.7149 | std(g_L) = 0.5076 | grad = 0.4542
step  10820 | loss = -1.3876 | mean(g_L) = +1.7381 | EMA = +1.7223 | std(g_L) = 0.5920 | grad = 1.0813
step  10840 | loss = -1.5440 | mean(g_L) = +1.7757 | EMA = +1.7054 | std(g_L) = 0.4814 | grad = 0.4668
step  10860 | loss = -1.2244 | mean(g_L) = +1.7024 | EMA = +1.7028 | std(g_L) = 0.6913 | grad = 0.6684
step  10880 | loss = -1.3661 | mean(g_L) = +1.7310 | EMA = +1.7093 | std(g_L) = 0.6041 | grad = 0.3725
step  10900 | loss = -1.2741 | mean(g_L) = +1.6868 | EMA = +1.7003 | std(g_L) = 0.6424 | grad = 0.9518
step  10920 | loss = -1.1705 | mean(g_L) = +1.6159 | EMA = +1.6966 | std(g_L) = 0.6674 | grad = 0.6671
step  10940 | loss = -1.0330 | mean(g_L) = +1.6469 | EMA = +1.7038 | std(g_L) = 0.7835 | grad = 0.5994
step  10960 | loss = -1.4365 | mean(g_L) = +1.7955 | EMA = +1.7046 | std(g_L) = 0.5992 | grad = 0.5870
step  10980 | loss = -1.4405 | mean(g_L) = +1.7475 | EMA = +1.6955 | std(g_L) = 0.5540 | grad = 0.6866
step  11000 | loss = -1.0970 | mean(g_L) = +1.6915 | EMA = +1.7029 | std(g_L) = 0.7710 | grad = 1.1836
step  11020 | loss = -1.2396 | mean(g_L) = +1.6869 | EMA = +1.7080 | std(g_L) = 0.6688 | grad = 0.6607
step  11040 | loss = -1.5142 | mean(g_L) = +1.7433 | EMA = +1.7242 | std(g_L) = 0.4787 | grad = 0.3581
step  11060 | loss = -1.5387 | mean(g_L) = +1.7580 | EMA = +1.7105 | std(g_L) = 0.4683 | grad = 0.9578
step  11080 | loss = -1.3967 | mean(g_L) = +1.7131 | EMA = +1.7056 | std(g_L) = 0.5625 | grad = 0.6654
step  11100 | loss = -1.4737 | mean(g_L) = +1.7332 | EMA = +1.7029 | std(g_L) = 0.5093 | grad = 0.9239
step  11120 | loss = -1.1908 | mean(g_L) = +1.7218 | EMA = +1.7111 | std(g_L) = 0.7287 | grad = 0.8672
step  11140 | loss = -1.4473 | mean(g_L) = +1.7587 | EMA = +1.7116 | std(g_L) = 0.5581 | grad = 0.4048
step  11160 | loss = -1.2811 | mean(g_L) = +1.6943 | EMA = +1.7095 | std(g_L) = 0.6428 | grad = 0.8266
step  11180 | loss = -1.4125 | mean(g_L) = +1.7634 | EMA = +1.7063 | std(g_L) = 0.5923 | grad = 0.5461
step  11200 | loss = -1.1372 | mean(g_L) = +1.6481 | EMA = +1.6982 | std(g_L) = 0.7148 | grad = 0.4208
step  11220 | loss = -1.4118 | mean(g_L) = +1.7126 | EMA = +1.7075 | std(g_L) = 0.5485 | grad = 0.8938
step  11240 | loss = -1.4025 | mean(g_L) = +1.7689 | EMA = +1.7114 | std(g_L) = 0.6053 | grad = 0.6390
step  11260 | loss = -1.0903 | mean(g_L) = +1.6249 | EMA = +1.6863 | std(g_L) = 0.7312 | grad = 0.6236
step  11280 | loss = -1.4379 | mean(g_L) = +1.6921 | EMA = +1.6967 | std(g_L) = 0.5042 | grad = 0.5482
step  11300 | loss = -1.4588 | mean(g_L) = +1.7550 | EMA = +1.7087 | std(g_L) = 0.5443 | grad = 0.3975
step  11320 | loss = -1.3323 | mean(g_L) = +1.6900 | EMA = +1.7000 | std(g_L) = 0.5981 | grad = 0.9404
step  11340 | loss = -1.1477 | mean(g_L) = +1.6248 | EMA = +1.7092 | std(g_L) = 0.6907 | grad = 0.9098
step  11360 | loss = -1.4550 | mean(g_L) = +1.7023 | EMA = +1.7172 | std(g_L) = 0.4972 | grad = 0.5359
step  11380 | loss = -1.5912 | mean(g_L) = +1.8665 | EMA = +1.7222 | std(g_L) = 0.5247 | grad = 0.6168
step  11400 | loss = -1.1048 | mean(g_L) = +1.6499 | EMA = +1.7118 | std(g_L) = 0.7384 | grad = 0.8781
step  11420 | loss = -1.4659 | mean(g_L) = +1.7125 | EMA = +1.6961 | std(g_L) = 0.4966 | grad = 0.4841
step  11440 | loss = -1.4388 | mean(g_L) = +1.7732 | EMA = +1.7037 | std(g_L) = 0.5783 | grad = 0.5520
step  11460 | loss = -1.4436 | mean(g_L) = +1.6848 | EMA = +1.7141 | std(g_L) = 0.4911 | grad = 0.3349
step  11480 | loss = -1.2312 | mean(g_L) = +1.6114 | EMA = +1.7078 | std(g_L) = 0.6166 | grad = 1.4280
step  11500 | loss = -1.4273 | mean(g_L) = +1.7310 | EMA = +1.6997 | std(g_L) = 0.5511 | grad = 1.0530
step  11520 | loss = -1.4761 | mean(g_L) = +1.7809 | EMA = +1.6973 | std(g_L) = 0.5521 | grad = 1.2305
step  11540 | loss = -1.1535 | mean(g_L) = +1.6032 | EMA = +1.7048 | std(g_L) = 0.6706 | grad = 0.4598
step  11560 | loss = -0.9447 | mean(g_L) = +1.5384 | EMA = +1.6914 | std(g_L) = 0.7705 | grad = 0.5857
step  11580 | loss = -1.4279 | mean(g_L) = +1.7196 | EMA = +1.6965 | std(g_L) = 0.5401 | grad = 0.5270
step  11600 | loss = -1.3198 | mean(g_L) = +1.7026 | EMA = +1.7012 | std(g_L) = 0.6187 | grad = 0.6681
step  11620 | loss = -1.4954 | mean(g_L) = +1.7797 | EMA = +1.7105 | std(g_L) = 0.5332 | grad = 0.6261
step  11640 | loss = -1.4826 | mean(g_L) = +1.7824 | EMA = +1.7032 | std(g_L) = 0.5476 | grad = 0.7409
step  11660 | loss = -1.1116 | mean(g_L) = +1.6558 | EMA = +1.7056 | std(g_L) = 0.7378 | grad = 0.6616
step  11680 | loss = -1.2184 | mean(g_L) = +1.7346 | EMA = +1.7125 | std(g_L) = 0.7185 | grad = 0.7496
step  11700 | loss = -1.2073 | mean(g_L) = +1.6401 | EMA = +1.6893 | std(g_L) = 0.6578 | grad = 0.7860
step  11720 | loss = -1.1761 | mean(g_L) = +1.6013 | EMA = +1.6988 | std(g_L) = 0.6521 | grad = 0.9459
step  11740 | loss = -1.1910 | mean(g_L) = +1.6547 | EMA = +1.7136 | std(g_L) = 0.6810 | grad = 0.6991
step  11760 | loss = -1.5516 | mean(g_L) = +1.8322 | EMA = +1.7193 | std(g_L) = 0.5298 | grad = 1.1043
step  11780 | loss = -1.4059 | mean(g_L) = +1.7623 | EMA = +1.7100 | std(g_L) = 0.5970 | grad = 0.5435
step  11800 | loss = -0.9891 | mean(g_L) = +1.6788 | EMA = +1.7081 | std(g_L) = 0.8305 | grad = 1.2650
step  11820 | loss = -1.4334 | mean(g_L) = +1.7106 | EMA = +1.7108 | std(g_L) = 0.5266 | grad = 0.5474
step  11840 | loss = -1.3697 | mean(g_L) = +1.6683 | EMA = +1.7002 | std(g_L) = 0.5464 | grad = 0.7275
step  11860 | loss = -1.3978 | mean(g_L) = +1.7107 | EMA = +1.7037 | std(g_L) = 0.5594 | grad = 0.5596
step  11880 | loss = -1.3983 | mean(g_L) = +1.7360 | EMA = +1.7126 | std(g_L) = 0.5811 | grad = 0.4159
step  11900 | loss = -1.2950 | mean(g_L) = +1.6565 | EMA = +1.7102 | std(g_L) = 0.6012 | grad = 0.8051
step  11920 | loss = -1.4254 | mean(g_L) = +1.7428 | EMA = +1.7059 | std(g_L) = 0.5634 | grad = 0.9882
step  11940 | loss = -1.4003 | mean(g_L) = +1.7428 | EMA = +1.7153 | std(g_L) = 0.5852 | grad = 0.6272
step  11960 | loss = -1.4178 | mean(g_L) = +1.6916 | EMA = +1.7173 | std(g_L) = 0.5233 | grad = 0.4150
step  11980 | loss = -0.8909 | mean(g_L) = +1.6037 | EMA = +1.7076 | std(g_L) = 0.8443 | grad = 2.0141
step  12000 | loss = -1.3013 | mean(g_L) = +1.6960 | EMA = +1.7106 | std(g_L) = 0.6283 | grad = 1.0402
step  12020 | loss = -1.3109 | mean(g_L) = +1.6964 | EMA = +1.7094 | std(g_L) = 0.6209 | grad = 0.4627
step  12040 | loss = -1.3147 | mean(g_L) = +1.7421 | EMA = +1.7068 | std(g_L) = 0.6538 | grad = 0.7886
step  12060 | loss = -1.3857 | mean(g_L) = +1.7093 | EMA = +1.6898 | std(g_L) = 0.5688 | grad = 0.5605
step  12080 | loss = -1.3568 | mean(g_L) = +1.6631 | EMA = +1.7066 | std(g_L) = 0.5535 | grad = 1.2472
step  12100 | loss = -1.1750 | mean(g_L) = +1.6445 | EMA = +1.6993 | std(g_L) = 0.6852 | grad = 0.5040
step  12120 | loss = -1.3322 | mean(g_L) = +1.7146 | EMA = +1.7081 | std(g_L) = 0.6184 | grad = 0.8761
step  12140 | loss = -1.4429 | mean(g_L) = +1.7592 | EMA = +1.7177 | std(g_L) = 0.5624 | grad = 0.8927
step  12160 | loss = -1.3438 | mean(g_L) = +1.7284 | EMA = +1.7194 | std(g_L) = 0.6202 | grad = 1.2192
step  12180 | loss = -1.4117 | mean(g_L) = +1.7390 | EMA = +1.7211 | std(g_L) = 0.5721 | grad = 0.9797
step  12200 | loss = -1.2276 | mean(g_L) = +1.6636 | EMA = +1.7250 | std(g_L) = 0.6603 | grad = 0.6837
step  12220 | loss = -1.3985 | mean(g_L) = +1.7023 | EMA = +1.7166 | std(g_L) = 0.5512 | grad = 0.7554
step  12240 | loss = -1.3206 | mean(g_L) = +1.6979 | EMA = +1.7018 | std(g_L) = 0.6142 | grad = 0.8854
step  12260 | loss = -1.2917 | mean(g_L) = +1.6934 | EMA = +1.6968 | std(g_L) = 0.6339 | grad = 0.4702
step  12280 | loss = -1.4101 | mean(g_L) = +1.6496 | EMA = +1.6900 | std(g_L) = 0.4893 | grad = 0.3825
step  12300 | loss = -1.5091 | mean(g_L) = +1.7473 | EMA = +1.7056 | std(g_L) = 0.4880 | grad = 0.6828
step  12320 | loss = -1.4428 | mean(g_L) = +1.7521 | EMA = +1.7162 | std(g_L) = 0.5561 | grad = 0.5785
step  12340 | loss = -1.4370 | mean(g_L) = +1.7680 | EMA = +1.7051 | std(g_L) = 0.5753 | grad = 0.4543
step  12360 | loss = -1.2613 | mean(g_L) = +1.6738 | EMA = +1.7142 | std(g_L) = 0.6423 | grad = 0.4290
step  12380 | loss = -1.4351 | mean(g_L) = +1.6989 | EMA = +1.7120 | std(g_L) = 0.5136 | grad = 0.4569
step  12400 | loss = -1.3386 | mean(g_L) = +1.7426 | EMA = +1.7094 | std(g_L) = 0.6356 | grad = 0.5938
step  12420 | loss = -1.2105 | mean(g_L) = +1.6831 | EMA = +1.6925 | std(g_L) = 0.6875 | grad = 1.9997
step  12440 | loss = -1.3781 | mean(g_L) = +1.7522 | EMA = +1.7023 | std(g_L) = 0.6116 | grad = 0.4420
step  12460 | loss = -1.2872 | mean(g_L) = +1.6598 | EMA = +1.7115 | std(g_L) = 0.6104 | grad = 0.7249
step  12480 | loss = -1.1685 | mean(g_L) = +1.6527 | EMA = +1.6939 | std(g_L) = 0.6959 | grad = 0.3904
step  12500 | loss = -1.3925 | mean(g_L) = +1.7230 | EMA = +1.7058 | std(g_L) = 0.5749 | grad = 0.7193
step  12520 | loss = -1.3945 | mean(g_L) = +1.7899 | EMA = +1.6946 | std(g_L) = 0.6289 | grad = 0.8140
step  12540 | loss = -1.3034 | mean(g_L) = +1.6912 | EMA = +1.6932 | std(g_L) = 0.6227 | grad = 0.5856
step  12560 | loss = -1.5732 | mean(g_L) = +1.8589 | EMA = +1.7069 | std(g_L) = 0.5346 | grad = 1.0869
step  12580 | loss = -1.2195 | mean(g_L) = +1.6533 | EMA = +1.7077 | std(g_L) = 0.6586 | grad = 1.0695
step  12600 | loss = -1.3557 | mean(g_L) = +1.7056 | EMA = +1.7108 | std(g_L) = 0.5915 | grad = 0.8134
step  12620 | loss = -1.4144 | mean(g_L) = +1.7429 | EMA = +1.7048 | std(g_L) = 0.5732 | grad = 0.4449
step  12640 | loss = -1.3285 | mean(g_L) = +1.6970 | EMA = +1.7046 | std(g_L) = 0.6070 | grad = 0.4491
step  12660 | loss = -1.2872 | mean(g_L) = +1.7075 | EMA = +1.7039 | std(g_L) = 0.6483 | grad = 0.8618
step  12680 | loss = -1.4749 | mean(g_L) = +1.7329 | EMA = +1.7072 | std(g_L) = 0.5079 | grad = 0.4920
step  12700 | loss = -1.3818 | mean(g_L) = +1.6909 | EMA = +1.6981 | std(g_L) = 0.5559 | grad = 0.5743
step  12720 | loss = -1.4833 | mean(g_L) = +1.7714 | EMA = +1.7034 | std(g_L) = 0.5367 | grad = 0.6690
step  12740 | loss = -1.2909 | mean(g_L) = +1.6337 | EMA = +1.6933 | std(g_L) = 0.5855 | grad = 0.4394
step  12760 | loss = -1.3325 | mean(g_L) = +1.6682 | EMA = +1.6957 | std(g_L) = 0.5794 | grad = 0.6282
step  12780 | loss = -1.3648 | mean(g_L) = +1.7131 | EMA = +1.7093 | std(g_L) = 0.5902 | grad = 0.6344
step  12800 | loss = -1.4238 | mean(g_L) = +1.6989 | EMA = +1.7106 | std(g_L) = 0.5245 | grad = 1.0149
step  12820 | loss = -1.3696 | mean(g_L) = +1.6911 | EMA = +1.7196 | std(g_L) = 0.5670 | grad = 0.7279
step  12840 | loss = -1.3474 | mean(g_L) = +1.7265 | EMA = +1.7139 | std(g_L) = 0.6157 | grad = 0.5089
step  12860 | loss = -1.4875 | mean(g_L) = +1.7491 | EMA = +1.7089 | std(g_L) = 0.5115 | grad = 0.5851
step  12880 | loss = -1.3163 | mean(g_L) = +1.7436 | EMA = +1.7050 | std(g_L) = 0.6537 | grad = 0.4272
step  12900 | loss = -1.2516 | mean(g_L) = +1.7106 | EMA = +1.7092 | std(g_L) = 0.6774 | grad = 0.4629
step  12920 | loss = -0.9807 | mean(g_L) = +1.6180 | EMA = +1.6860 | std(g_L) = 0.7983 | grad = 0.5622
step  12940 | loss = -1.3286 | mean(g_L) = +1.6617 | EMA = +1.6996 | std(g_L) = 0.5772 | grad = 1.3764
step  12960 | loss = -1.3342 | mean(g_L) = +1.6705 | EMA = +1.6970 | std(g_L) = 0.5799 | grad = 0.4662
step  12980 | loss = -0.9642 | mean(g_L) = +1.5856 | EMA = +1.6884 | std(g_L) = 0.7883 | grad = 4.0484
step  13000 | loss = -1.3547 | mean(g_L) = +1.6816 | EMA = +1.7084 | std(g_L) = 0.5717 | grad = 1.0995
step  13020 | loss = -1.2573 | mean(g_L) = +1.7078 | EMA = +1.7068 | std(g_L) = 0.6712 | grad = 1.4371
step  13040 | loss = -1.4684 | mean(g_L) = +1.7640 | EMA = +1.7114 | std(g_L) = 0.5436 | grad = 0.4032
step  13060 | loss = -1.4199 | mean(g_L) = +1.7170 | EMA = +1.7088 | std(g_L) = 0.5450 | grad = 0.9225
step  13080 | loss = -1.3698 | mean(g_L) = +1.6239 | EMA = +1.7047 | std(g_L) = 0.5041 | grad = 0.7196
step  13100 | loss = -1.3608 | mean(g_L) = +1.6924 | EMA = +1.7073 | std(g_L) = 0.5759 | grad = 0.4018
step  13120 | loss = -1.5002 | mean(g_L) = +1.7636 | EMA = +1.7185 | std(g_L) = 0.5132 | grad = 0.6514
step  13140 | loss = -1.4627 | mean(g_L) = +1.7146 | EMA = +1.7018 | std(g_L) = 0.5019 | grad = 1.0045
step  13160 | loss = -1.3900 | mean(g_L) = +1.6757 | EMA = +1.7142 | std(g_L) = 0.5345 | grad = 0.2232
step  13180 | loss = -1.4938 | mean(g_L) = +1.7031 | EMA = +1.6993 | std(g_L) = 0.4575 | grad = 0.3700
step  13200 | loss = -0.4895 | mean(g_L) = +1.6091 | EMA = +1.7044 | std(g_L) = 1.0581 | grad = 1.3091
step  13220 | loss = -1.3600 | mean(g_L) = +1.6916 | EMA = +1.7052 | std(g_L) = 0.5759 | grad = 0.9099
step  13240 | loss = -1.4177 | mean(g_L) = +1.7585 | EMA = +1.7109 | std(g_L) = 0.5838 | grad = 0.8955
step  13260 | loss = -1.5362 | mean(g_L) = +1.8084 | EMA = +1.7306 | std(g_L) = 0.5217 | grad = 0.8218
step  13280 | loss = -1.4206 | mean(g_L) = +1.7175 | EMA = +1.7148 | std(g_L) = 0.5449 | grad = 0.8830
step  13300 | loss = -1.3613 | mean(g_L) = +1.7465 | EMA = +1.7151 | std(g_L) = 0.6206 | grad = 0.6303
step  13320 | loss = -1.3905 | mean(g_L) = +1.6825 | EMA = +1.7078 | std(g_L) = 0.5403 | grad = 0.7133
step  13340 | loss = -1.5103 | mean(g_L) = +1.7628 | EMA = +1.7040 | std(g_L) = 0.5024 | grad = 0.6887
step  13360 | loss = -1.2596 | mean(g_L) = +1.6408 | EMA = +1.7093 | std(g_L) = 0.6174 | grad = 1.0334
step  13380 | loss = -1.2305 | mean(g_L) = +1.6670 | EMA = +1.6869 | std(g_L) = 0.6606 | grad = 1.3395
step  13400 | loss = -1.4441 | mean(g_L) = +1.7050 | EMA = +1.6941 | std(g_L) = 0.5107 | grad = 0.5531
step  13420 | loss = -1.4717 | mean(g_L) = +1.7174 | EMA = +1.6951 | std(g_L) = 0.4956 | grad = 0.7084
step  13440 | loss = -1.2553 | mean(g_L) = +1.6598 | EMA = +1.6851 | std(g_L) = 0.6360 | grad = 0.6237
step  13460 | loss = -1.3768 | mean(g_L) = +1.6795 | EMA = +1.7032 | std(g_L) = 0.5502 | grad = 0.9285
step  13480 | loss = -1.5012 | mean(g_L) = +1.7404 | EMA = +1.6929 | std(g_L) = 0.4890 | grad = 0.4521
step  13500 | loss = -1.1829 | mean(g_L) = +1.6698 | EMA = +1.7054 | std(g_L) = 0.6978 | grad = 1.0577
step  13520 | loss = -1.5412 | mean(g_L) = +1.8261 | EMA = +1.7183 | std(g_L) = 0.5337 | grad = 0.6321
step  13540 | loss = -1.4856 | mean(g_L) = +1.6966 | EMA = +1.7022 | std(g_L) = 0.4593 | grad = 1.2464
step  13560 | loss = -1.4739 | mean(g_L) = +1.7522 | EMA = +1.7071 | std(g_L) = 0.5276 | grad = 0.5403
step  13580 | loss = -1.4385 | mean(g_L) = +1.6810 | EMA = +1.7095 | std(g_L) = 0.4925 | grad = 0.3935
step  13600 | loss = -1.3484 | mean(g_L) = +1.7128 | EMA = +1.6982 | std(g_L) = 0.6036 | grad = 1.2016
step  13620 | loss = -1.3079 | mean(g_L) = +1.6827 | EMA = +1.6872 | std(g_L) = 0.6123 | grad = 0.4833
step  13640 | loss = -1.4753 | mean(g_L) = +1.7486 | EMA = +1.7091 | std(g_L) = 0.5228 | grad = 0.3826
step  13660 | loss = -1.3181 | mean(g_L) = +1.6662 | EMA = +1.7103 | std(g_L) = 0.5900 | grad = 2.3815
step  13680 | loss = -1.2901 | mean(g_L) = +1.7048 | EMA = +1.7074 | std(g_L) = 0.6440 | grad = 0.6365
step  13700 | loss = -1.2666 | mean(g_L) = +1.6991 | EMA = +1.7153 | std(g_L) = 0.6576 | grad = 1.7671
step  13720 | loss = -1.4228 | mean(g_L) = +1.7104 | EMA = +1.7017 | std(g_L) = 0.5363 | grad = 0.9925
step  13740 | loss = -1.1969 | mean(g_L) = +1.7517 | EMA = +1.6845 | std(g_L) = 0.7448 | grad = 1.0590
step  13760 | loss = -1.4562 | mean(g_L) = +1.7702 | EMA = +1.6986 | std(g_L) = 0.5603 | grad = 0.8431
step  13780 | loss = -1.4739 | mean(g_L) = +1.7008 | EMA = +1.7044 | std(g_L) = 0.4762 | grad = 1.0304
step  13800 | loss = -1.2041 | mean(g_L) = +1.6334 | EMA = +1.6949 | std(g_L) = 0.6553 | grad = 1.2744
step  13820 | loss = -1.1295 | mean(g_L) = +1.5836 | EMA = +1.6991 | std(g_L) = 0.6738 | grad = 1.9479
step  13840 | loss = -1.3090 | mean(g_L) = +1.6242 | EMA = +1.6986 | std(g_L) = 0.5614 | grad = 1.2827
step  13860 | loss = -1.3327 | mean(g_L) = +1.7160 | EMA = +1.6985 | std(g_L) = 0.6191 | grad = 1.1591
step  13880 | loss = -1.2727 | mean(g_L) = +1.6577 | EMA = +1.6968 | std(g_L) = 0.6205 | grad = 0.5452
step  13900 | loss = -1.4441 | mean(g_L) = +1.7041 | EMA = +1.7125 | std(g_L) = 0.5099 | grad = 0.6508
step  13920 | loss = -1.0584 | mean(g_L) = +1.6210 | EMA = +1.6985 | std(g_L) = 0.7500 | grad = 1.3733
step  13940 | loss = -1.3332 | mean(g_L) = +1.6808 | EMA = +1.7115 | std(g_L) = 0.5896 | grad = 0.6427
step  13960 | loss = -1.2501 | mean(g_L) = +1.6050 | EMA = +1.7058 | std(g_L) = 0.5957 | grad = 0.7083
step  13980 | loss = -1.4469 | mean(g_L) = +1.7186 | EMA = +1.6965 | std(g_L) = 0.5212 | grad = 0.7927
step  14000 | loss = -1.0505 | mean(g_L) = +1.6193 | EMA = +1.6902 | std(g_L) = 0.7542 | grad = 0.8833
step  14020 | loss = -1.5514 | mean(g_L) = +1.7699 | EMA = +1.7104 | std(g_L) = 0.4675 | grad = 0.2648
step  14040 | loss = -1.3250 | mean(g_L) = +1.7000 | EMA = +1.7035 | std(g_L) = 0.6124 | grad = 0.4500
step  14060 | loss = -1.4689 | mean(g_L) = +1.7107 | EMA = +1.6953 | std(g_L) = 0.4917 | grad = 0.4667
step  14080 | loss = -1.4196 | mean(g_L) = +1.7582 | EMA = +1.7017 | std(g_L) = 0.5819 | grad = 0.4750
step  14100 | loss = -1.1968 | mean(g_L) = +1.6707 | EMA = +1.7003 | std(g_L) = 0.6884 | grad = 0.8521
step  14120 | loss = -1.4254 | mean(g_L) = +1.7484 | EMA = +1.7061 | std(g_L) = 0.5682 | grad = 0.9040
step  14140 | loss = -1.5415 | mean(g_L) = +1.7657 | EMA = +1.7020 | std(g_L) = 0.4736 | grad = 0.3668
step  14160 | loss = -1.4990 | mean(g_L) = +1.7699 | EMA = +1.7015 | std(g_L) = 0.5204 | grad = 0.4888
step  14180 | loss = -1.3251 | mean(g_L) = +1.7453 | EMA = +1.7089 | std(g_L) = 0.6482 | grad = 0.5698
step  14200 | loss = -1.4233 | mean(g_L) = +1.7023 | EMA = +1.7061 | std(g_L) = 0.5282 | grad = 1.0646
step  14220 | loss = -1.3304 | mean(g_L) = +1.7588 | EMA = +1.7103 | std(g_L) = 0.6545 | grad = 0.6136
step  14240 | loss = -1.2484 | mean(g_L) = +1.6411 | EMA = +1.7044 | std(g_L) = 0.6267 | grad = 0.6928
step  14260 | loss = -1.4144 | mean(g_L) = +1.7384 | EMA = +1.7038 | std(g_L) = 0.5692 | grad = 1.0120
step  14280 | loss = -1.4816 | mean(g_L) = +1.7964 | EMA = +1.7143 | std(g_L) = 0.5611 | grad = 0.8322
step  14300 | loss = -1.3736 | mean(g_L) = +1.6573 | EMA = +1.7038 | std(g_L) = 0.5326 | grad = 0.7175
step  14320 | loss = -1.3172 | mean(g_L) = +1.7654 | EMA = +1.7105 | std(g_L) = 0.6695 | grad = 1.2683
step  14340 | loss = -1.4422 | mean(g_L) = +1.7379 | EMA = +1.7103 | std(g_L) = 0.5437 | grad = 0.8867
step  14360 | loss = -1.4058 | mean(g_L) = +1.6746 | EMA = +1.7062 | std(g_L) = 0.5184 | grad = 0.6999
step  14380 | loss = -1.4127 | mean(g_L) = +1.7051 | EMA = +1.6965 | std(g_L) = 0.5407 | grad = 1.1866
step  14400 | loss = -1.3772 | mean(g_L) = +1.6985 | EMA = +1.7000 | std(g_L) = 0.5669 | grad = 1.1647
step  14420 | loss = -1.4098 | mean(g_L) = +1.7361 | EMA = +1.7059 | std(g_L) = 0.5712 | grad = 0.4437
step  14440 | loss = -1.2624 | mean(g_L) = +1.6970 | EMA = +1.6941 | std(g_L) = 0.6593 | grad = 0.8085
step  14460 | loss = -1.5132 | mean(g_L) = +1.7839 | EMA = +1.7113 | std(g_L) = 0.5203 | grad = 1.1111
step  14480 | loss = -1.5786 | mean(g_L) = +1.7740 | EMA = +1.7059 | std(g_L) = 0.4421 | grad = 0.4107
step  14500 | loss = -1.4755 | mean(g_L) = +1.7345 | EMA = +1.7034 | std(g_L) = 0.5090 | grad = 0.4704
step  14520 | loss = -1.3702 | mean(g_L) = +1.7172 | EMA = +1.7077 | std(g_L) = 0.5891 | grad = 0.5438
step  14540 | loss = -1.4858 | mean(g_L) = +1.7559 | EMA = +1.6954 | std(g_L) = 0.5197 | grad = 0.5087
step  14560 | loss = -1.3870 | mean(g_L) = +1.7158 | EMA = +1.7105 | std(g_L) = 0.5734 | grad = 0.2908
step  14580 | loss = -1.4561 | mean(g_L) = +1.7756 | EMA = +1.7053 | std(g_L) = 0.5653 | grad = 0.7840
step  14600 | loss = -1.2699 | mean(g_L) = +1.6833 | EMA = +1.6948 | std(g_L) = 0.6430 | grad = 0.5972
step  14620 | loss = -1.3938 | mean(g_L) = +1.7496 | EMA = +1.7112 | std(g_L) = 0.5965 | grad = 1.2450
step  14640 | loss = -1.3113 | mean(g_L) = +1.6797 | EMA = +1.7021 | std(g_L) = 0.6070 | grad = 1.3969
step  14660 | loss = -1.4289 | mean(g_L) = +1.7343 | EMA = +1.6868 | std(g_L) = 0.5526 | grad = 0.8419
step  14680 | loss = -1.4372 | mean(g_L) = +1.7116 | EMA = +1.7037 | std(g_L) = 0.5238 | grad = 0.7592
step  14700 | loss = -1.1994 | mean(g_L) = +1.6394 | EMA = +1.7084 | std(g_L) = 0.6633 | grad = 0.5170
step  14720 | loss = -1.5029 | mean(g_L) = +1.7543 | EMA = +1.7030 | std(g_L) = 0.5014 | grad = 0.7181
step  14740 | loss = -1.3393 | mean(g_L) = +1.6516 | EMA = +1.7099 | std(g_L) = 0.5589 | grad = 0.6015
step  14760 | loss = -1.2556 | mean(g_L) = +1.6411 | EMA = +1.6950 | std(g_L) = 0.6208 | grad = 0.8619
step  14780 | loss = -1.3810 | mean(g_L) = +1.6869 | EMA = +1.6943 | std(g_L) = 0.5530 | grad = 0.9074
step  14800 | loss = -1.2600 | mean(g_L) = +1.6501 | EMA = +1.7063 | std(g_L) = 0.6246 | grad = 0.8834
step  14820 | loss = -1.3264 | mean(g_L) = +1.6814 | EMA = +1.6942 | std(g_L) = 0.5959 | grad = 0.8231
step  14840 | loss = -1.4269 | mean(g_L) = +1.6846 | EMA = +1.7021 | std(g_L) = 0.5077 | grad = 0.5830
step  14860 | loss = -1.4153 | mean(g_L) = +1.7271 | EMA = +1.7041 | std(g_L) = 0.5584 | grad = 0.7154
step  14880 | loss = -1.3415 | mean(g_L) = +1.6678 | EMA = +1.6961 | std(g_L) = 0.5712 | grad = 1.1378
step  14900 | loss = -1.2910 | mean(g_L) = +1.7403 | EMA = +1.7013 | std(g_L) = 0.6703 | grad = 1.1758
step  14920 | loss = -1.4786 | mean(g_L) = +1.7779 | EMA = +1.7092 | std(g_L) = 0.5471 | grad = 0.7766
step  14940 | loss = -1.4957 | mean(g_L) = +1.7381 | EMA = +1.7196 | std(g_L) = 0.4923 | grad = 0.3777
step  14960 | loss = -1.3117 | mean(g_L) = +1.7091 | EMA = +1.7073 | std(g_L) = 0.6303 | grad = 0.9417
step  14980 | loss = -1.3398 | mean(g_L) = +1.6522 | EMA = +1.7028 | std(g_L) = 0.5589 | grad = 1.0406
step  15000 | loss = -1.4405 | mean(g_L) = +1.7065 | EMA = +1.7067 | std(g_L) = 0.5158 | grad = 0.5690
T=5 finished.
