
============================================================
Alpha = 0.1
T = 5
L = 128
Batch size = 128
Steps = 15000
Checkpoints = /home/egalarraga/beam_dad/model_checkpoints/mean_var_loss/checkpoints_nx8/models/alpha_0.1/T5_L128_B128
============================================================
step      1 | loss = -0.3553 | mean(g_L) = +0.4053 | EMA = +0.4053 | std(g_L) = 0.7066 | grad = 0.1342
step     20 | loss = -0.3414 | mean(g_L) = +0.4023 | EMA = +0.4073 | std(g_L) = 0.7804 | grad = 0.1017
step     40 | loss = -0.4130 | mean(g_L) = +0.5015 | EMA = +0.4260 | std(g_L) = 0.9408 | grad = 0.2792
step     60 | loss = -0.4193 | mean(g_L) = +0.4847 | EMA = +0.4771 | std(g_L) = 0.8087 | grad = 0.1472
step     80 | loss = -0.4265 | mean(g_L) = +0.5015 | EMA = +0.5376 | std(g_L) = 0.8662 | grad = 0.2214
step    100 | loss = -0.5681 | mean(g_L) = +0.6721 | EMA = +0.6353 | std(g_L) = 1.0200 | grad = 0.3734
step    120 | loss = -0.6450 | mean(g_L) = +0.7678 | EMA = +0.7691 | std(g_L) = 1.1084 | grad = 0.3348
step    140 | loss = -0.7737 | mean(g_L) = +0.9030 | EMA = +0.9088 | std(g_L) = 1.1373 | grad = 0.2432
step    160 | loss = -0.7454 | mean(g_L) = +0.8672 | EMA = +0.9382 | std(g_L) = 1.1035 | grad = 0.1688
step    180 | loss = -0.8345 | mean(g_L) = +0.9448 | EMA = +0.9670 | std(g_L) = 1.0504 | grad = 0.3614
step    200 | loss = -0.8551 | mean(g_L) = +0.9932 | EMA = +0.9796 | std(g_L) = 1.1752 | grad = 0.3582
step    220 | loss = -0.8697 | mean(g_L) = +0.9747 | EMA = +1.0174 | std(g_L) = 1.0248 | grad = 0.2873
step    240 | loss = -0.9232 | mean(g_L) = +1.0679 | EMA = +1.0523 | std(g_L) = 1.2029 | grad = 0.3577
step    260 | loss = -1.1832 | mean(g_L) = +1.3117 | EMA = +1.1674 | std(g_L) = 1.1335 | grad = 0.4438
step    280 | loss = -1.6260 | mean(g_L) = +1.7250 | EMA = +1.3482 | std(g_L) = 0.9952 | grad = 0.5241
step    300 | loss = -1.6238 | mean(g_L) = +1.7238 | EMA = +1.4807 | std(g_L) = 1.0000 | grad = 0.3726
step    320 | loss = -1.4917 | mean(g_L) = +1.5940 | EMA = +1.5389 | std(g_L) = 1.0118 | grad = 0.3787
step    340 | loss = -1.4682 | mean(g_L) = +1.5847 | EMA = +1.5554 | std(g_L) = 1.0791 | grad = 0.2256
step    360 | loss = -1.2849 | mean(g_L) = +1.4071 | EMA = +1.5590 | std(g_L) = 1.1053 | grad = 0.3658
step    380 | loss = -1.6577 | mean(g_L) = +1.7647 | EMA = +1.5837 | std(g_L) = 1.0345 | grad = 0.2812
step    400 | loss = -1.6877 | mean(g_L) = +1.7835 | EMA = +1.6191 | std(g_L) = 0.9786 | grad = 0.4126
step    420 | loss = -1.5925 | mean(g_L) = +1.6968 | EMA = +1.6749 | std(g_L) = 1.0215 | grad = 0.5913
step    440 | loss = -1.5671 | mean(g_L) = +1.6804 | EMA = +1.7247 | std(g_L) = 1.0643 | grad = 0.8036
step    460 | loss = -1.6617 | mean(g_L) = +1.7695 | EMA = +1.7636 | std(g_L) = 1.0379 | grad = 0.9180
step    480 | loss = -1.5570 | mean(g_L) = +1.6636 | EMA = +1.7692 | std(g_L) = 1.0329 | grad = 0.6641
step    500 | loss = -1.6910 | mean(g_L) = +1.7920 | EMA = +1.7965 | std(g_L) = 1.0048 | grad = 0.7136
step    520 | loss = -1.4431 | mean(g_L) = +1.6115 | EMA = +1.7764 | std(g_L) = 1.2979 | grad = 0.7004
step    540 | loss = -1.5639 | mean(g_L) = +1.6831 | EMA = +1.7835 | std(g_L) = 1.0917 | grad = 0.7521
step    560 | loss = -1.5435 | mean(g_L) = +1.6968 | EMA = +1.7864 | std(g_L) = 1.2385 | grad = 0.7884
step    580 | loss = -1.6468 | mean(g_L) = +1.7467 | EMA = +1.8039 | std(g_L) = 0.9993 | grad = 1.0027
step    600 | loss = -1.8866 | mean(g_L) = +1.9670 | EMA = +1.8191 | std(g_L) = 0.8963 | grad = 0.8240
step    620 | loss = -1.6213 | mean(g_L) = +1.7154 | EMA = +1.8099 | std(g_L) = 0.9700 | grad = 0.5860
step    640 | loss = -1.7947 | mean(g_L) = +1.9009 | EMA = +1.8287 | std(g_L) = 1.0307 | grad = 0.7752
step    660 | loss = -1.5322 | mean(g_L) = +1.6280 | EMA = +1.7879 | std(g_L) = 0.9785 | grad = 1.1963
step    680 | loss = -1.7319 | mean(g_L) = +1.8358 | EMA = +1.7939 | std(g_L) = 1.0195 | grad = 0.3723
step    700 | loss = -1.6059 | mean(g_L) = +1.7464 | EMA = +1.8121 | std(g_L) = 1.1854 | grad = 1.3055
step    720 | loss = -1.7810 | mean(g_L) = +1.8701 | EMA = +1.8184 | std(g_L) = 0.9439 | grad = 0.6178
step    740 | loss = -1.6992 | mean(g_L) = +1.8290 | EMA = +1.8348 | std(g_L) = 1.1396 | grad = 0.5375
step    760 | loss = -1.6794 | mean(g_L) = +1.7809 | EMA = +1.8431 | std(g_L) = 1.0073 | grad = 0.4049
step    780 | loss = -1.7992 | mean(g_L) = +1.8896 | EMA = +1.8552 | std(g_L) = 0.9510 | grad = 0.9912
step    800 | loss = -1.7026 | mean(g_L) = +1.8121 | EMA = +1.8362 | std(g_L) = 1.0466 | grad = 0.5212
step    820 | loss = -1.6881 | mean(g_L) = +1.7971 | EMA = +1.8628 | std(g_L) = 1.0437 | grad = 0.4961
step    840 | loss = -1.7320 | mean(g_L) = +1.8242 | EMA = +1.8792 | std(g_L) = 0.9603 | grad = 0.6526
step    860 | loss = -1.7244 | mean(g_L) = +1.8399 | EMA = +1.8543 | std(g_L) = 1.0747 | grad = 0.3989
step    880 | loss = -1.9250 | mean(g_L) = +2.0025 | EMA = +1.8788 | std(g_L) = 0.8803 | grad = 0.4131
step    900 | loss = -1.7946 | mean(g_L) = +1.8926 | EMA = +1.8732 | std(g_L) = 0.9901 | grad = 1.0760
step    920 | loss = -1.7651 | mean(g_L) = +1.8397 | EMA = +1.8906 | std(g_L) = 0.8642 | grad = 0.5246
step    940 | loss = -1.6430 | mean(g_L) = +1.8098 | EMA = +1.8961 | std(g_L) = 1.2911 | grad = 0.6171
step    960 | loss = -1.8243 | mean(g_L) = +1.9263 | EMA = +1.8888 | std(g_L) = 1.0097 | grad = 1.0411
step    980 | loss = -1.8898 | mean(g_L) = +1.9473 | EMA = +1.8657 | std(g_L) = 0.7587 | grad = 0.2780
step   1000 | loss = -1.8411 | mean(g_L) = +1.9284 | EMA = +1.8814 | std(g_L) = 0.9342 | grad = 0.7331
step   1020 | loss = -1.9460 | mean(g_L) = +2.0167 | EMA = +1.9130 | std(g_L) = 0.8408 | grad = 0.5851
step   1040 | loss = -1.9285 | mean(g_L) = +2.0082 | EMA = +1.9048 | std(g_L) = 0.8922 | grad = 0.6215
step   1060 | loss = -2.0627 | mean(g_L) = +2.1235 | EMA = +1.9204 | std(g_L) = 0.7794 | grad = 0.8130
step   1080 | loss = -1.8827 | mean(g_L) = +1.9611 | EMA = +1.9239 | std(g_L) = 0.8856 | grad = 0.5384
step   1100 | loss = -1.8409 | mean(g_L) = +1.9248 | EMA = +1.8887 | std(g_L) = 0.9157 | grad = 0.8818
step   1120 | loss = -1.8159 | mean(g_L) = +1.8897 | EMA = +1.8752 | std(g_L) = 0.8587 | grad = 0.8041
step   1140 | loss = -1.7986 | mean(g_L) = +1.9023 | EMA = +1.8937 | std(g_L) = 1.0183 | grad = 0.8334
step   1160 | loss = -1.8631 | mean(g_L) = +1.9784 | EMA = +1.9152 | std(g_L) = 1.0735 | grad = 1.2474
step   1180 | loss = -1.8169 | mean(g_L) = +1.8945 | EMA = +1.9073 | std(g_L) = 0.8813 | grad = 0.4545
step   1200 | loss = -1.7802 | mean(g_L) = +1.8700 | EMA = +1.9275 | std(g_L) = 0.9477 | grad = 0.8031
step   1220 | loss = -1.6705 | mean(g_L) = +1.7681 | EMA = +1.9093 | std(g_L) = 0.9879 | grad = 0.5480
step   1240 | loss = -1.8689 | mean(g_L) = +1.9586 | EMA = +1.9220 | std(g_L) = 0.9470 | grad = 0.5553
step   1260 | loss = -1.7501 | mean(g_L) = +1.8703 | EMA = +1.9263 | std(g_L) = 1.0965 | grad = 0.8870
step   1280 | loss = -1.6208 | mean(g_L) = +1.7273 | EMA = +1.8961 | std(g_L) = 1.0322 | grad = 0.6384
step   1300 | loss = -1.9881 | mean(g_L) = +2.0520 | EMA = +1.9060 | std(g_L) = 0.7996 | grad = 0.7681
step   1320 | loss = -1.8575 | mean(g_L) = +1.9483 | EMA = +1.8916 | std(g_L) = 0.9532 | grad = 0.3463
step   1340 | loss = -1.6383 | mean(g_L) = +1.7589 | EMA = +1.9079 | std(g_L) = 1.0982 | grad = 0.5823
step   1360 | loss = -1.9653 | mean(g_L) = +2.0105 | EMA = +1.9181 | std(g_L) = 0.6717 | grad = 0.7123
step   1380 | loss = -1.7276 | mean(g_L) = +1.8136 | EMA = +1.8984 | std(g_L) = 0.9276 | grad = 0.5229
step   1400 | loss = -1.7876 | mean(g_L) = +1.8549 | EMA = +1.9034 | std(g_L) = 0.8207 | grad = 0.6705
step   1420 | loss = -1.7396 | mean(g_L) = +1.8476 | EMA = +1.8925 | std(g_L) = 1.0393 | grad = 0.9929
step   1440 | loss = -1.7475 | mean(g_L) = +1.8387 | EMA = +1.8823 | std(g_L) = 0.9554 | grad = 0.3662
step   1460 | loss = -1.8726 | mean(g_L) = +1.9359 | EMA = +1.9004 | std(g_L) = 0.7960 | grad = 0.7205
step   1480 | loss = -1.7768 | mean(g_L) = +1.8785 | EMA = +1.9205 | std(g_L) = 1.0081 | grad = 0.6462
step   1500 | loss = -1.8513 | mean(g_L) = +1.9211 | EMA = +1.9195 | std(g_L) = 0.8354 | grad = 0.9212
step   1520 | loss = -1.7730 | mean(g_L) = +1.8535 | EMA = +1.9097 | std(g_L) = 0.8976 | grad = 0.7613
step   1540 | loss = -1.9051 | mean(g_L) = +1.9803 | EMA = +1.9052 | std(g_L) = 0.8673 | grad = 0.7857
step   1560 | loss = -1.6967 | mean(g_L) = +1.7982 | EMA = +1.8912 | std(g_L) = 1.0072 | grad = 0.4816
step   1580 | loss = -1.8985 | mean(g_L) = +1.9498 | EMA = +1.9080 | std(g_L) = 0.7165 | grad = 0.6774
step   1600 | loss = -1.8512 | mean(g_L) = +1.9151 | EMA = +1.9295 | std(g_L) = 0.7997 | grad = 0.7455
step   1620 | loss = -1.7095 | mean(g_L) = +1.8045 | EMA = +1.9017 | std(g_L) = 0.9745 | grad = 0.6195
step   1640 | loss = -1.7502 | mean(g_L) = +1.8592 | EMA = +1.8982 | std(g_L) = 1.0438 | grad = 0.5811
step   1660 | loss = -1.8982 | mean(g_L) = +1.9893 | EMA = +1.9166 | std(g_L) = 0.9546 | grad = 0.6517
step   1680 | loss = -1.9549 | mean(g_L) = +2.0369 | EMA = +1.9208 | std(g_L) = 0.9058 | grad = 0.6530
step   1700 | loss = -1.8521 | mean(g_L) = +1.9539 | EMA = +1.8843 | std(g_L) = 1.0091 | grad = 0.5449
step   1720 | loss = -1.9819 | mean(g_L) = +2.0446 | EMA = +1.9330 | std(g_L) = 0.7916 | grad = 0.2892
step   1740 | loss = -1.8415 | mean(g_L) = +1.9053 | EMA = +1.9215 | std(g_L) = 0.7987 | grad = 0.5033
step   1760 | loss = -1.9779 | mean(g_L) = +2.0452 | EMA = +1.9224 | std(g_L) = 0.8203 | grad = 0.7944
step   1780 | loss = -1.7695 | mean(g_L) = +1.8621 | EMA = +1.9278 | std(g_L) = 0.9624 | grad = 0.7735
step   1800 | loss = -1.8217 | mean(g_L) = +1.9213 | EMA = +1.9090 | std(g_L) = 0.9981 | grad = 0.4730
step   1820 | loss = -1.7651 | mean(g_L) = +1.8657 | EMA = +1.9012 | std(g_L) = 1.0030 | grad = 0.4835
step   1840 | loss = -1.7785 | mean(g_L) = +1.8509 | EMA = +1.9352 | std(g_L) = 0.8509 | grad = 0.7206
step   1860 | loss = -1.6180 | mean(g_L) = +1.7167 | EMA = +1.9325 | std(g_L) = 0.9934 | grad = 0.8257
step   1880 | loss = -1.6923 | mean(g_L) = +1.7751 | EMA = +1.9254 | std(g_L) = 0.9101 | grad = 0.3814
step   1900 | loss = -1.8647 | mean(g_L) = +1.9603 | EMA = +1.9012 | std(g_L) = 0.9774 | grad = 0.2865
step   1920 | loss = -1.7755 | mean(g_L) = +1.8698 | EMA = +1.9212 | std(g_L) = 0.9711 | grad = 1.0138
step   1940 | loss = -1.9020 | mean(g_L) = +1.9668 | EMA = +1.9464 | std(g_L) = 0.8048 | grad = 0.9067
step   1960 | loss = -1.8968 | mean(g_L) = +1.9826 | EMA = +1.9440 | std(g_L) = 0.9263 | grad = 0.8188
step   1980 | loss = -1.8203 | mean(g_L) = +1.8955 | EMA = +1.9324 | std(g_L) = 0.8672 | grad = 0.6272
step   2000 | loss = -1.8867 | mean(g_L) = +1.9574 | EMA = +1.9332 | std(g_L) = 0.8410 | grad = 0.8250
step   2020 | loss = -1.7586 | mean(g_L) = +1.8432 | EMA = +1.9068 | std(g_L) = 0.9199 | grad = 0.4052
step   2040 | loss = -1.8188 | mean(g_L) = +1.8932 | EMA = +1.9193 | std(g_L) = 0.8630 | grad = 0.6016
step   2060 | loss = -1.7615 | mean(g_L) = +1.8781 | EMA = +1.9300 | std(g_L) = 1.0798 | grad = 0.8206
step   2080 | loss = -1.7956 | mean(g_L) = +1.8627 | EMA = +1.9400 | std(g_L) = 0.8191 | grad = 0.2080
step   2100 | loss = -1.8132 | mean(g_L) = +1.8901 | EMA = +1.9249 | std(g_L) = 0.8773 | grad = 0.6564
step   2120 | loss = -1.9206 | mean(g_L) = +1.9743 | EMA = +1.9274 | std(g_L) = 0.7325 | grad = 0.5291
step   2140 | loss = -1.7893 | mean(g_L) = +1.8771 | EMA = +1.9317 | std(g_L) = 0.9368 | grad = 0.7522
step   2160 | loss = -1.7920 | mean(g_L) = +1.8787 | EMA = +1.9375 | std(g_L) = 0.9312 | grad = 0.3929
step   2180 | loss = -1.7967 | mean(g_L) = +1.8884 | EMA = +1.9268 | std(g_L) = 0.9578 | grad = 0.7437
step   2200 | loss = -1.7911 | mean(g_L) = +1.8750 | EMA = +1.9253 | std(g_L) = 0.9164 | grad = 0.9014
step   2220 | loss = -1.8555 | mean(g_L) = +1.9287 | EMA = +1.9137 | std(g_L) = 0.8558 | grad = 0.4031
step   2240 | loss = -1.7713 | mean(g_L) = +1.8735 | EMA = +1.9349 | std(g_L) = 1.0107 | grad = 1.1395
step   2260 | loss = -1.9764 | mean(g_L) = +2.0437 | EMA = +1.9366 | std(g_L) = 0.8208 | grad = 0.6387
step   2280 | loss = -1.8092 | mean(g_L) = +1.9032 | EMA = +1.9281 | std(g_L) = 0.9696 | grad = 0.9428
step   2300 | loss = -1.7790 | mean(g_L) = +1.8765 | EMA = +1.9147 | std(g_L) = 0.9872 | grad = 0.6287
step   2320 | loss = -1.9520 | mean(g_L) = +2.0241 | EMA = +1.9205 | std(g_L) = 0.8489 | grad = 0.5785
step   2340 | loss = -1.9034 | mean(g_L) = +1.9700 | EMA = +1.9303 | std(g_L) = 0.8160 | grad = 0.3037
step   2360 | loss = -2.1278 | mean(g_L) = +2.1839 | EMA = +1.9493 | std(g_L) = 0.7486 | grad = 0.6827
step   2380 | loss = -1.9421 | mean(g_L) = +2.0182 | EMA = +1.9508 | std(g_L) = 0.8721 | grad = 0.6108
step   2400 | loss = -1.8962 | mean(g_L) = +1.9616 | EMA = +1.9605 | std(g_L) = 0.8082 | grad = 0.9232
step   2420 | loss = -1.8081 | mean(g_L) = +1.8862 | EMA = +1.9257 | std(g_L) = 0.8842 | grad = 0.7185
step   2440 | loss = -1.6990 | mean(g_L) = +1.7933 | EMA = +1.9253 | std(g_L) = 0.9711 | grad = 1.3493
step   2460 | loss = -1.8274 | mean(g_L) = +1.9460 | EMA = +1.9511 | std(g_L) = 1.0889 | grad = 0.4859
step   2480 | loss = -1.9263 | mean(g_L) = +2.0063 | EMA = +1.9529 | std(g_L) = 0.8943 | grad = 0.9758
step   2500 | loss = -1.7452 | mean(g_L) = +1.8449 | EMA = +1.9316 | std(g_L) = 0.9982 | grad = 0.4981
step   2520 | loss = -1.8530 | mean(g_L) = +1.9304 | EMA = +1.9329 | std(g_L) = 0.8799 | grad = 0.6600
step   2540 | loss = -1.8182 | mean(g_L) = +1.9128 | EMA = +1.9451 | std(g_L) = 0.9731 | grad = 0.4163
step   2560 | loss = -1.9293 | mean(g_L) = +2.0066 | EMA = +1.9387 | std(g_L) = 0.8793 | grad = 0.3240
step   2580 | loss = -1.8222 | mean(g_L) = +1.9069 | EMA = +1.9211 | std(g_L) = 0.9199 | grad = 0.5626
step   2600 | loss = -1.8165 | mean(g_L) = +1.9054 | EMA = +1.9410 | std(g_L) = 0.9427 | grad = 0.6749
step   2620 | loss = -2.0267 | mean(g_L) = +2.0790 | EMA = +1.9574 | std(g_L) = 0.7229 | grad = 0.4565
step   2640 | loss = -1.9388 | mean(g_L) = +2.0083 | EMA = +1.9482 | std(g_L) = 0.8332 | grad = 0.5411
step   2660 | loss = -1.8360 | mean(g_L) = +1.9305 | EMA = +1.9540 | std(g_L) = 0.9717 | grad = 0.5098
step   2680 | loss = -1.8738 | mean(g_L) = +1.9631 | EMA = +1.9316 | std(g_L) = 0.9449 | grad = 0.7343
step   2700 | loss = -1.7964 | mean(g_L) = +1.9104 | EMA = +1.9448 | std(g_L) = 1.0675 | grad = 0.4752
step   2720 | loss = -1.9783 | mean(g_L) = +2.0487 | EMA = +1.9797 | std(g_L) = 0.8390 | grad = 0.5632
step   2740 | loss = -2.0156 | mean(g_L) = +2.0986 | EMA = +1.9486 | std(g_L) = 0.9110 | grad = 0.4914
step   2760 | loss = -1.9334 | mean(g_L) = +2.0125 | EMA = +1.9355 | std(g_L) = 0.8895 | grad = 0.6332
step   2780 | loss = -1.7981 | mean(g_L) = +1.9134 | EMA = +1.9559 | std(g_L) = 1.0737 | grad = 0.7051
step   2800 | loss = -1.7977 | mean(g_L) = +1.9002 | EMA = +1.9389 | std(g_L) = 1.0123 | grad = 0.5537
step   2820 | loss = -1.8038 | mean(g_L) = +1.8967 | EMA = +1.9602 | std(g_L) = 0.9636 | grad = 0.3450
step   2840 | loss = -1.8329 | mean(g_L) = +1.9070 | EMA = +1.9500 | std(g_L) = 0.8607 | grad = 0.4732
step   2860 | loss = -1.9424 | mean(g_L) = +2.0212 | EMA = +1.9558 | std(g_L) = 0.8879 | grad = 0.8507
step   2880 | loss = -1.7561 | mean(g_L) = +1.8535 | EMA = +1.9475 | std(g_L) = 0.9871 | grad = 0.4804
step   2900 | loss = -1.9415 | mean(g_L) = +2.0097 | EMA = +1.9335 | std(g_L) = 0.8259 | grad = 0.5274
step   2920 | loss = -1.9062 | mean(g_L) = +1.9922 | EMA = +1.9603 | std(g_L) = 0.9273 | grad = 0.3701
step   2940 | loss = -1.8371 | mean(g_L) = +1.9183 | EMA = +1.9582 | std(g_L) = 0.9011 | grad = 0.4663
step   2960 | loss = -1.9189 | mean(g_L) = +1.9959 | EMA = +1.9417 | std(g_L) = 0.8774 | grad = 0.3900
step   2980 | loss = -1.9517 | mean(g_L) = +2.0157 | EMA = +1.9670 | std(g_L) = 0.7999 | grad = 0.7339
step   3000 | loss = -1.8237 | mean(g_L) = +1.9205 | EMA = +1.9812 | std(g_L) = 0.9837 | grad = 0.4106
step   3020 | loss = -1.8144 | mean(g_L) = +1.8971 | EMA = +1.9804 | std(g_L) = 0.9096 | grad = 0.6905
step   3040 | loss = -1.8272 | mean(g_L) = +1.8961 | EMA = +1.9513 | std(g_L) = 0.8301 | grad = 1.1128
step   3060 | loss = -1.9236 | mean(g_L) = +2.0027 | EMA = +1.9497 | std(g_L) = 0.8894 | grad = 0.4998
step   3080 | loss = -1.9099 | mean(g_L) = +1.9867 | EMA = +1.9484 | std(g_L) = 0.8760 | grad = 0.7490
step   3100 | loss = -1.7900 | mean(g_L) = +1.8959 | EMA = +1.9555 | std(g_L) = 1.0294 | grad = 0.4929
step   3120 | loss = -1.8778 | mean(g_L) = +1.9683 | EMA = +1.9493 | std(g_L) = 0.9514 | grad = 0.7230
step   3140 | loss = -1.9222 | mean(g_L) = +1.9927 | EMA = +1.9475 | std(g_L) = 0.8397 | grad = 0.7136
step   3160 | loss = -1.8939 | mean(g_L) = +1.9720 | EMA = +1.9377 | std(g_L) = 0.8838 | grad = 0.5384
step   3180 | loss = -2.1184 | mean(g_L) = +2.2049 | EMA = +1.9558 | std(g_L) = 0.9301 | grad = 0.6153
step   3200 | loss = -1.7334 | mean(g_L) = +1.8276 | EMA = +1.9392 | std(g_L) = 0.9704 | grad = 0.4155
step   3220 | loss = -1.8744 | mean(g_L) = +1.9744 | EMA = +1.9694 | std(g_L) = 0.9999 | grad = 0.7106
step   3240 | loss = -1.9136 | mean(g_L) = +1.9885 | EMA = +1.9609 | std(g_L) = 0.8656 | grad = 1.2107
step   3260 | loss = -1.7577 | mean(g_L) = +1.8532 | EMA = +1.9365 | std(g_L) = 0.9769 | grad = 0.7610
step   3280 | loss = -1.7977 | mean(g_L) = +1.8828 | EMA = +1.9437 | std(g_L) = 0.9223 | grad = 0.5158
step   3300 | loss = -1.7733 | mean(g_L) = +1.8737 | EMA = +1.9395 | std(g_L) = 1.0020 | grad = 0.7188
step   3320 | loss = -1.9312 | mean(g_L) = +1.9916 | EMA = +1.9676 | std(g_L) = 0.7772 | grad = 0.3519
step   3340 | loss = -1.8926 | mean(g_L) = +1.9742 | EMA = +1.9728 | std(g_L) = 0.9029 | grad = 0.8888
step   3360 | loss = -1.7799 | mean(g_L) = +1.8655 | EMA = +1.9555 | std(g_L) = 0.9253 | grad = 0.4991
step   3380 | loss = -1.8914 | mean(g_L) = +1.9603 | EMA = +1.9649 | std(g_L) = 0.8301 | grad = 0.6637
step   3400 | loss = -1.8322 | mean(g_L) = +1.9201 | EMA = +1.9614 | std(g_L) = 0.9378 | grad = 0.7064
step   3420 | loss = -1.9411 | mean(g_L) = +2.0273 | EMA = +1.9672 | std(g_L) = 0.9283 | grad = 0.1701
step   3440 | loss = -1.9822 | mean(g_L) = +2.0432 | EMA = +1.9673 | std(g_L) = 0.7807 | grad = 0.8703
step   3460 | loss = -1.7604 | mean(g_L) = +1.8488 | EMA = +1.9371 | std(g_L) = 0.9403 | grad = 0.7093
step   3480 | loss = -1.8805 | mean(g_L) = +1.9557 | EMA = +1.9658 | std(g_L) = 0.8672 | grad = 0.4195
step   3500 | loss = -1.8592 | mean(g_L) = +1.9734 | EMA = +1.9801 | std(g_L) = 1.0686 | grad = 0.3725
step   3520 | loss = -1.9397 | mean(g_L) = +2.0092 | EMA = +1.9700 | std(g_L) = 0.8341 | grad = 0.5264
step   3540 | loss = -1.6782 | mean(g_L) = +1.8156 | EMA = +1.9566 | std(g_L) = 1.1725 | grad = 0.7366
step   3560 | loss = -1.9087 | mean(g_L) = +1.9798 | EMA = +1.9616 | std(g_L) = 0.8436 | grad = 0.7342
step   3580 | loss = -1.8349 | mean(g_L) = +1.9331 | EMA = +1.9538 | std(g_L) = 0.9912 | grad = 0.7448
step   3600 | loss = -1.9592 | mean(g_L) = +2.0154 | EMA = +1.9703 | std(g_L) = 0.7502 | grad = 0.7043
step   3620 | loss = -2.0170 | mean(g_L) = +2.0873 | EMA = +1.9832 | std(g_L) = 0.8383 | grad = 0.6284
step   3640 | loss = -1.8883 | mean(g_L) = +1.9563 | EMA = +1.9696 | std(g_L) = 0.8242 | grad = 0.8357
step   3660 | loss = -1.9476 | mean(g_L) = +2.0244 | EMA = +1.9686 | std(g_L) = 0.8764 | grad = 0.4945
step   3680 | loss = -1.8272 | mean(g_L) = +1.9429 | EMA = +1.9757 | std(g_L) = 1.0755 | grad = 0.4732
step   3700 | loss = -1.8669 | mean(g_L) = +1.9500 | EMA = +1.9520 | std(g_L) = 0.9115 | grad = 0.3063
step   3720 | loss = -1.8264 | mean(g_L) = +1.9118 | EMA = +1.9542 | std(g_L) = 0.9240 | grad = 0.3988
step   3740 | loss = -2.0406 | mean(g_L) = +2.0974 | EMA = +1.9522 | std(g_L) = 0.7537 | grad = 0.7619
step   3760 | loss = -2.0317 | mean(g_L) = +2.1076 | EMA = +1.9542 | std(g_L) = 0.8712 | grad = 0.6843
step   3780 | loss = -1.8246 | mean(g_L) = +1.9249 | EMA = +1.9492 | std(g_L) = 1.0014 | grad = 1.0386
step   3800 | loss = -1.9510 | mean(g_L) = +2.0228 | EMA = +1.9457 | std(g_L) = 0.8478 | grad = 0.4037
step   3820 | loss = -1.9994 | mean(g_L) = +2.0529 | EMA = +1.9625 | std(g_L) = 0.7314 | grad = 0.2539
step   3840 | loss = -1.7825 | mean(g_L) = +1.8923 | EMA = +1.9694 | std(g_L) = 1.0480 | grad = 0.7496
step   3860 | loss = -2.0136 | mean(g_L) = +2.0736 | EMA = +1.9592 | std(g_L) = 0.7748 | grad = 0.5125
step   3880 | loss = -1.8627 | mean(g_L) = +1.9407 | EMA = +1.9417 | std(g_L) = 0.8832 | grad = 0.5044
step   3900 | loss = -1.9790 | mean(g_L) = +2.0460 | EMA = +1.9564 | std(g_L) = 0.8185 | grad = 0.5741
step   3920 | loss = -2.0454 | mean(g_L) = +2.1175 | EMA = +1.9788 | std(g_L) = 0.8492 | grad = 0.2644
step   3940 | loss = -1.8868 | mean(g_L) = +1.9560 | EMA = +1.9647 | std(g_L) = 0.8323 | grad = 0.7819
step   3960 | loss = -1.9058 | mean(g_L) = +1.9832 | EMA = +1.9707 | std(g_L) = 0.8798 | grad = 0.6593
step   3980 | loss = -1.7487 | mean(g_L) = +1.8341 | EMA = +1.9836 | std(g_L) = 0.9245 | grad = 0.3770
step   4000 | loss = -1.9484 | mean(g_L) = +2.0115 | EMA = +1.9985 | std(g_L) = 0.7944 | grad = 0.5165
step   4020 | loss = -1.8414 | mean(g_L) = +1.9201 | EMA = +1.9746 | std(g_L) = 0.8871 | grad = 0.4056
step   4040 | loss = -1.8350 | mean(g_L) = +1.9126 | EMA = +1.9515 | std(g_L) = 0.8808 | grad = 0.6408
step   4060 | loss = -1.7647 | mean(g_L) = +1.8696 | EMA = +1.9586 | std(g_L) = 1.0244 | grad = 0.3735
step   4080 | loss = -2.0377 | mean(g_L) = +2.1090 | EMA = +1.9545 | std(g_L) = 0.8447 | grad = 0.5586
step   4100 | loss = -1.5872 | mean(g_L) = +1.7125 | EMA = +1.9464 | std(g_L) = 1.1194 | grad = 0.7931
step   4120 | loss = -1.8348 | mean(g_L) = +1.9390 | EMA = +1.9460 | std(g_L) = 1.0212 | grad = 0.7002
step   4140 | loss = -1.9092 | mean(g_L) = +1.9872 | EMA = +1.9483 | std(g_L) = 0.8832 | grad = 0.4103
step   4160 | loss = -1.8660 | mean(g_L) = +1.9672 | EMA = +1.9610 | std(g_L) = 1.0058 | grad = 0.6190
step   4180 | loss = -1.8500 | mean(g_L) = +1.9241 | EMA = +1.9643 | std(g_L) = 0.8612 | grad = 0.2888
step   4200 | loss = -1.8051 | mean(g_L) = +1.8958 | EMA = +1.9650 | std(g_L) = 0.9525 | grad = 1.3603
step   4220 | loss = -1.8589 | mean(g_L) = +1.9761 | EMA = +1.9535 | std(g_L) = 1.0829 | grad = 0.3528
step   4240 | loss = -1.8699 | mean(g_L) = +1.9649 | EMA = +1.9664 | std(g_L) = 0.9750 | grad = 0.5059
step   4260 | loss = -1.8533 | mean(g_L) = +1.9497 | EMA = +1.9709 | std(g_L) = 0.9820 | grad = 0.5705
step   4280 | loss = -1.8299 | mean(g_L) = +1.9296 | EMA = +1.9713 | std(g_L) = 0.9987 | grad = 0.4628
step   4300 | loss = -1.7467 | mean(g_L) = +1.8676 | EMA = +1.9731 | std(g_L) = 1.0993 | grad = 0.5330
step   4320 | loss = -1.8906 | mean(g_L) = +1.9646 | EMA = +1.9687 | std(g_L) = 0.8604 | grad = 0.7735
step   4340 | loss = -1.8679 | mean(g_L) = +1.9349 | EMA = +1.9898 | std(g_L) = 0.8183 | grad = 0.4174
step   4360 | loss = -1.8658 | mean(g_L) = +1.9638 | EMA = +1.9666 | std(g_L) = 0.9897 | grad = 1.1070
step   4380 | loss = -1.8249 | mean(g_L) = +1.9137 | EMA = +1.9420 | std(g_L) = 0.9422 | grad = 0.5852
step   4400 | loss = -1.9093 | mean(g_L) = +2.0230 | EMA = +1.9709 | std(g_L) = 1.0661 | grad = 0.5976
step   4420 | loss = -1.6656 | mean(g_L) = +1.7695 | EMA = +1.9552 | std(g_L) = 1.0197 | grad = 0.3830
step   4440 | loss = -1.9055 | mean(g_L) = +1.9849 | EMA = +1.9702 | std(g_L) = 0.8911 | grad = 0.9589
step   4460 | loss = -1.9119 | mean(g_L) = +1.9670 | EMA = +1.9413 | std(g_L) = 0.7426 | grad = 0.9075
step   4480 | loss = -1.7283 | mean(g_L) = +1.8200 | EMA = +1.9620 | std(g_L) = 0.9577 | grad = 0.6353
step   4500 | loss = -1.9423 | mean(g_L) = +2.0268 | EMA = +1.9725 | std(g_L) = 0.9196 | grad = 1.4121
step   4520 | loss = -1.9578 | mean(g_L) = +2.0318 | EMA = +1.9650 | std(g_L) = 0.8603 | grad = 0.7717
step   4540 | loss = -1.9164 | mean(g_L) = +2.0159 | EMA = +1.9785 | std(g_L) = 0.9976 | grad = 0.7344
step   4560 | loss = -1.9412 | mean(g_L) = +2.0216 | EMA = +1.9679 | std(g_L) = 0.8971 | grad = 1.1130
step   4580 | loss = -1.9760 | mean(g_L) = +2.0376 | EMA = +1.9831 | std(g_L) = 0.7847 | grad = 1.4379
step   4600 | loss = -1.7307 | mean(g_L) = +1.8264 | EMA = +1.9789 | std(g_L) = 0.9784 | grad = 0.4617
step   4620 | loss = -1.7397 | mean(g_L) = +1.8243 | EMA = +1.9833 | std(g_L) = 0.9198 | grad = 0.6595
step   4640 | loss = -2.0009 | mean(g_L) = +2.0736 | EMA = +1.9805 | std(g_L) = 0.8523 | grad = 0.6510
step   4660 | loss = -1.7373 | mean(g_L) = +1.8268 | EMA = +1.9705 | std(g_L) = 0.9463 | grad = 0.6657
step   4680 | loss = -1.8430 | mean(g_L) = +1.9560 | EMA = +1.9878 | std(g_L) = 1.0634 | grad = 0.8055
step   4700 | loss = -1.9500 | mean(g_L) = +2.0303 | EMA = +1.9942 | std(g_L) = 0.8960 | grad = 0.4727
step   4720 | loss = -1.8425 | mean(g_L) = +1.9255 | EMA = +1.9892 | std(g_L) = 0.9109 | grad = 0.6951
step   4740 | loss = -1.7418 | mean(g_L) = +1.8285 | EMA = +1.9880 | std(g_L) = 0.9314 | grad = 1.1191
step   4760 | loss = -1.9497 | mean(g_L) = +2.0186 | EMA = +1.9750 | std(g_L) = 0.8297 | grad = 0.6422
step   4780 | loss = -1.9880 | mean(g_L) = +2.0682 | EMA = +1.9823 | std(g_L) = 0.8958 | grad = 0.1926
step   4800 | loss = -1.8204 | mean(g_L) = +1.9371 | EMA = +1.9872 | std(g_L) = 1.0803 | grad = 0.8090
step   4820 | loss = -1.9441 | mean(g_L) = +2.0182 | EMA = +1.9784 | std(g_L) = 0.8612 | grad = 0.7091
step   4840 | loss = -1.8091 | mean(g_L) = +1.9135 | EMA = +1.9814 | std(g_L) = 1.0221 | grad = 0.8347
step   4860 | loss = -1.7741 | mean(g_L) = +1.8663 | EMA = +1.9733 | std(g_L) = 0.9606 | grad = 1.4676
step   4880 | loss = -1.9811 | mean(g_L) = +2.0628 | EMA = +1.9758 | std(g_L) = 0.9036 | grad = 0.3479
step   4900 | loss = -1.9662 | mean(g_L) = +2.0462 | EMA = +1.9857 | std(g_L) = 0.8947 | grad = 0.4928
step   4920 | loss = -1.8106 | mean(g_L) = +1.8868 | EMA = +1.9685 | std(g_L) = 0.8731 | grad = 0.3857
step   4940 | loss = -1.6424 | mean(g_L) = +1.7789 | EMA = +1.9812 | std(g_L) = 1.1683 | grad = 0.7387
step   4960 | loss = -1.7757 | mean(g_L) = +1.8741 | EMA = +1.9935 | std(g_L) = 0.9919 | grad = 1.1721
step   4980 | loss = -1.8183 | mean(g_L) = +1.9352 | EMA = +1.9908 | std(g_L) = 1.0810 | grad = 0.4031
step   5000 | loss = -1.8633 | mean(g_L) = +1.9511 | EMA = +1.9873 | std(g_L) = 0.9370 | grad = 0.6893
step   5020 | loss = -1.9313 | mean(g_L) = +1.9980 | EMA = +1.9802 | std(g_L) = 0.8172 | grad = 0.5182
step   5040 | loss = -1.9368 | mean(g_L) = +1.9986 | EMA = +1.9836 | std(g_L) = 0.7862 | grad = 0.3299
step   5060 | loss = -2.0448 | mean(g_L) = +2.1227 | EMA = +1.9874 | std(g_L) = 0.8828 | grad = 0.3147
step   5080 | loss = -1.8617 | mean(g_L) = +1.9573 | EMA = +1.9758 | std(g_L) = 0.9780 | grad = 0.7104
step   5100 | loss = -1.6699 | mean(g_L) = +1.7612 | EMA = +1.9791 | std(g_L) = 0.9555 | grad = 0.8626
step   5120 | loss = -1.8509 | mean(g_L) = +1.9260 | EMA = +1.9731 | std(g_L) = 0.8669 | grad = 0.7359
step   5140 | loss = -1.8582 | mean(g_L) = +1.9526 | EMA = +1.9703 | std(g_L) = 0.9715 | grad = 0.5148
step   5160 | loss = -1.8584 | mean(g_L) = +1.9167 | EMA = +1.9760 | std(g_L) = 0.7637 | grad = 0.4857
step   5180 | loss = -1.9616 | mean(g_L) = +2.0228 | EMA = +1.9822 | std(g_L) = 0.7822 | grad = 0.6224
step   5200 | loss = -1.9401 | mean(g_L) = +2.0000 | EMA = +1.9820 | std(g_L) = 0.7738 | grad = 0.6326
step   5220 | loss = -2.0426 | mean(g_L) = +2.1172 | EMA = +1.9776 | std(g_L) = 0.8638 | grad = 0.3943
step   5240 | loss = -1.9313 | mean(g_L) = +2.0306 | EMA = +1.9585 | std(g_L) = 0.9967 | grad = 0.5955
step   5260 | loss = -1.9295 | mean(g_L) = +2.0154 | EMA = +1.9516 | std(g_L) = 0.9269 | grad = 0.6968
step   5280 | loss = -1.8574 | mean(g_L) = +1.9508 | EMA = +1.9894 | std(g_L) = 0.9663 | grad = 0.9284
step   5300 | loss = -1.8969 | mean(g_L) = +1.9669 | EMA = +1.9824 | std(g_L) = 0.8368 | grad = 0.4290
step   5320 | loss = -2.0282 | mean(g_L) = +2.0825 | EMA = +1.9838 | std(g_L) = 0.7366 | grad = 0.5008
step   5340 | loss = -1.9417 | mean(g_L) = +2.0344 | EMA = +2.0002 | std(g_L) = 0.9628 | grad = 0.6485
step   5360 | loss = -1.8650 | mean(g_L) = +1.9442 | EMA = +1.9832 | std(g_L) = 0.8899 | grad = 0.4138
step   5380 | loss = -1.8412 | mean(g_L) = +1.9271 | EMA = +1.9714 | std(g_L) = 0.9270 | grad = 0.5075
step   5400 | loss = -1.9182 | mean(g_L) = +2.0200 | EMA = +2.0160 | std(g_L) = 1.0090 | grad = 0.5956
step   5420 | loss = -1.8654 | mean(g_L) = +1.9806 | EMA = +2.0033 | std(g_L) = 1.0735 | grad = 0.8420
step   5440 | loss = -1.8281 | mean(g_L) = +1.9291 | EMA = +1.9921 | std(g_L) = 1.0048 | grad = 0.7522
step   5460 | loss = -1.9657 | mean(g_L) = +2.0518 | EMA = +1.9903 | std(g_L) = 0.9278 | grad = 0.5448
step   5480 | loss = -1.6885 | mean(g_L) = +1.7869 | EMA = +1.9825 | std(g_L) = 0.9917 | grad = 1.1334
step   5500 | loss = -1.8594 | mean(g_L) = +1.9509 | EMA = +1.9935 | std(g_L) = 0.9567 | grad = 0.9315
step   5520 | loss = -1.8860 | mean(g_L) = +1.9874 | EMA = +1.9956 | std(g_L) = 1.0071 | grad = 0.6257
step   5540 | loss = -1.7042 | mean(g_L) = +1.8575 | EMA = +1.9793 | std(g_L) = 1.2380 | grad = 0.5135
step   5560 | loss = -1.8096 | mean(g_L) = +1.9446 | EMA = +1.9739 | std(g_L) = 1.1621 | grad = 0.7780
step   5580 | loss = -1.9707 | mean(g_L) = +2.0482 | EMA = +2.0013 | std(g_L) = 0.8800 | grad = 0.4140
step   5600 | loss = -1.7430 | mean(g_L) = +1.8635 | EMA = +1.9886 | std(g_L) = 1.0978 | grad = 0.5263
step   5620 | loss = -1.9132 | mean(g_L) = +2.0267 | EMA = +1.9927 | std(g_L) = 1.0657 | grad = 0.5151
step   5640 | loss = -1.9560 | mean(g_L) = +2.0527 | EMA = +1.9936 | std(g_L) = 0.9833 | grad = 0.5461
step   5660 | loss = -1.9221 | mean(g_L) = +2.0055 | EMA = +1.9957 | std(g_L) = 0.9137 | grad = 1.2029
step   5680 | loss = -1.7450 | mean(g_L) = +1.8737 | EMA = +2.0021 | std(g_L) = 1.1344 | grad = 0.9386
step   5700 | loss = -1.9904 | mean(g_L) = +2.0677 | EMA = +2.0034 | std(g_L) = 0.8797 | grad = 0.5499
step   5720 | loss = -1.9092 | mean(g_L) = +1.9821 | EMA = +1.9888 | std(g_L) = 0.8538 | grad = 0.5108
step   5740 | loss = -2.0018 | mean(g_L) = +2.0620 | EMA = +1.9930 | std(g_L) = 0.7761 | grad = 0.7809
step   5760 | loss = -1.9543 | mean(g_L) = +2.0265 | EMA = +2.0060 | std(g_L) = 0.8494 | grad = 0.5132
step   5780 | loss = -2.1181 | mean(g_L) = +2.1710 | EMA = +2.0262 | std(g_L) = 0.7272 | grad = 0.5174
step   5800 | loss = -1.9631 | mean(g_L) = +2.0491 | EMA = +2.0140 | std(g_L) = 0.9269 | grad = 0.7230
step   5820 | loss = -1.9730 | mean(g_L) = +2.0556 | EMA = +1.9801 | std(g_L) = 0.9091 | grad = 0.2870
step   5840 | loss = -2.0703 | mean(g_L) = +2.1593 | EMA = +2.0057 | std(g_L) = 0.9435 | grad = 0.4128
step   5860 | loss = -1.8164 | mean(g_L) = +1.8964 | EMA = +1.9733 | std(g_L) = 0.8946 | grad = 1.1814
step   5880 | loss = -1.6994 | mean(g_L) = +1.8397 | EMA = +1.9703 | std(g_L) = 1.1845 | grad = 0.4711
step   5900 | loss = -1.8287 | mean(g_L) = +1.9278 | EMA = +1.9894 | std(g_L) = 0.9956 | grad = 0.6865
step   5920 | loss = -1.8893 | mean(g_L) = +1.9694 | EMA = +1.9919 | std(g_L) = 0.8952 | grad = 0.3963
step   5940 | loss = -1.9051 | mean(g_L) = +1.9797 | EMA = +1.9905 | std(g_L) = 0.8636 | grad = 1.0187
step   5960 | loss = -1.9229 | mean(g_L) = +2.0106 | EMA = +1.9836 | std(g_L) = 0.9366 | grad = 0.7216
step   5980 | loss = -1.9887 | mean(g_L) = +2.0660 | EMA = +1.9807 | std(g_L) = 0.8788 | grad = 0.5522
step   6000 | loss = -1.9724 | mean(g_L) = +2.0663 | EMA = +2.0028 | std(g_L) = 0.9689 | grad = 0.6584
step   6020 | loss = -1.7639 | mean(g_L) = +1.8837 | EMA = +1.9927 | std(g_L) = 1.0947 | grad = 0.7326
step   6040 | loss = -1.8241 | mean(g_L) = +1.9083 | EMA = +1.9889 | std(g_L) = 0.9174 | grad = 0.3982
step   6060 | loss = -2.0060 | mean(g_L) = +2.0768 | EMA = +2.0234 | std(g_L) = 0.8411 | grad = 0.3462
step   6080 | loss = -1.9579 | mean(g_L) = +2.0515 | EMA = +1.9972 | std(g_L) = 0.9677 | grad = 0.7660
step   6100 | loss = -1.8803 | mean(g_L) = +1.9837 | EMA = +1.9964 | std(g_L) = 1.0166 | grad = 0.7978
step   6120 | loss = -2.0668 | mean(g_L) = +2.1250 | EMA = +1.9801 | std(g_L) = 0.7625 | grad = 0.4786
step   6140 | loss = -1.9296 | mean(g_L) = +2.0237 | EMA = +2.0013 | std(g_L) = 0.9699 | grad = 0.4449
step   6160 | loss = -1.9544 | mean(g_L) = +2.0261 | EMA = +2.0083 | std(g_L) = 0.8467 | grad = 0.3731
step   6180 | loss = -1.8049 | mean(g_L) = +1.9240 | EMA = +1.9904 | std(g_L) = 1.0912 | grad = 0.6633
step   6200 | loss = -2.0687 | mean(g_L) = +2.1434 | EMA = +2.0066 | std(g_L) = 0.8642 | grad = 0.8978
step   6220 | loss = -1.8822 | mean(g_L) = +1.9883 | EMA = +1.9937 | std(g_L) = 1.0302 | grad = 0.5983
step   6240 | loss = -2.0173 | mean(g_L) = +2.0904 | EMA = +1.9800 | std(g_L) = 0.8549 | grad = 0.7227
step   6260 | loss = -1.8779 | mean(g_L) = +1.9615 | EMA = +1.9952 | std(g_L) = 0.9141 | grad = 0.3590
step   6280 | loss = -1.7275 | mean(g_L) = +1.8250 | EMA = +1.9617 | std(g_L) = 0.9872 | grad = 0.8331
step   6300 | loss = -1.9184 | mean(g_L) = +1.9971 | EMA = +1.9728 | std(g_L) = 0.8872 | grad = 0.6814
step   6320 | loss = -1.8481 | mean(g_L) = +1.9494 | EMA = +1.9786 | std(g_L) = 1.0070 | grad = 0.2467
step   6340 | loss = -1.9075 | mean(g_L) = +1.9970 | EMA = +1.9864 | std(g_L) = 0.9460 | grad = 0.5944
step   6360 | loss = -1.9201 | mean(g_L) = +1.9831 | EMA = +2.0054 | std(g_L) = 0.7936 | grad = 0.5400
step   6380 | loss = -1.9480 | mean(g_L) = +2.0553 | EMA = +1.9909 | std(g_L) = 1.0359 | grad = 0.6058
step   6400 | loss = -1.9656 | mean(g_L) = +2.0364 | EMA = +1.9797 | std(g_L) = 0.8414 | grad = 0.7632
step   6420 | loss = -1.8924 | mean(g_L) = +1.9656 | EMA = +1.9759 | std(g_L) = 0.8557 | grad = 0.4709
step   6440 | loss = -1.9217 | mean(g_L) = +1.9895 | EMA = +1.9722 | std(g_L) = 0.8233 | grad = 0.5454
step   6460 | loss = -1.9756 | mean(g_L) = +2.0431 | EMA = +1.9878 | std(g_L) = 0.8213 | grad = 0.3131
step   6480 | loss = -1.9711 | mean(g_L) = +2.0377 | EMA = +2.0088 | std(g_L) = 0.8156 | grad = 1.2704
step   6500 | loss = -1.8521 | mean(g_L) = +1.9443 | EMA = +2.0143 | std(g_L) = 0.9602 | grad = 0.7098
step   6520 | loss = -1.8105 | mean(g_L) = +1.9197 | EMA = +2.0048 | std(g_L) = 1.0449 | grad = 0.4397
step   6540 | loss = -1.9186 | mean(g_L) = +2.0205 | EMA = +2.0090 | std(g_L) = 1.0094 | grad = 0.2401
step   6560 | loss = -1.8226 | mean(g_L) = +1.9422 | EMA = +2.0016 | std(g_L) = 1.0934 | grad = 0.8101
step   6580 | loss = -1.9039 | mean(g_L) = +1.9833 | EMA = +1.9958 | std(g_L) = 0.8907 | grad = 0.5263
step   6600 | loss = -1.8398 | mean(g_L) = +1.9482 | EMA = +1.9965 | std(g_L) = 1.0409 | grad = 0.6909
step   6620 | loss = -1.8840 | mean(g_L) = +1.9678 | EMA = +1.9828 | std(g_L) = 0.9154 | grad = 1.1354
step   6640 | loss = -2.0324 | mean(g_L) = +2.1121 | EMA = +2.0046 | std(g_L) = 0.8926 | grad = 0.3939
step   6660 | loss = -1.7431 | mean(g_L) = +1.8301 | EMA = +1.9866 | std(g_L) = 0.9328 | grad = 0.6197
step   6680 | loss = -2.0007 | mean(g_L) = +2.0635 | EMA = +1.9938 | std(g_L) = 0.7925 | grad = 0.5830
step   6700 | loss = -2.0362 | mean(g_L) = +2.0997 | EMA = +2.0064 | std(g_L) = 0.7966 | grad = 0.5088
step   6720 | loss = -1.8627 | mean(g_L) = +1.9421 | EMA = +2.0048 | std(g_L) = 0.8913 | grad = 0.6358
step   6740 | loss = -1.8438 | mean(g_L) = +1.9243 | EMA = +2.0069 | std(g_L) = 0.8970 | grad = 0.6604
step   6760 | loss = -1.8507 | mean(g_L) = +1.9304 | EMA = +2.0066 | std(g_L) = 0.8930 | grad = 0.5433
step   6780 | loss = -1.8761 | mean(g_L) = +1.9447 | EMA = +1.9962 | std(g_L) = 0.8284 | grad = 0.5755
step   6800 | loss = -2.0448 | mean(g_L) = +2.1229 | EMA = +2.0004 | std(g_L) = 0.8837 | grad = 0.6675
step   6820 | loss = -2.0032 | mean(g_L) = +2.0769 | EMA = +2.0046 | std(g_L) = 0.8585 | grad = 0.3701
step   6840 | loss = -1.9953 | mean(g_L) = +2.0532 | EMA = +2.0388 | std(g_L) = 0.7610 | grad = 0.7800
step   6860 | loss = -1.9522 | mean(g_L) = +2.0367 | EMA = +2.0257 | std(g_L) = 0.9195 | grad = 0.4197
step   6880 | loss = -1.9725 | mean(g_L) = +2.0473 | EMA = +2.0223 | std(g_L) = 0.8650 | grad = 0.5396
step   6900 | loss = -1.9080 | mean(g_L) = +1.9767 | EMA = +1.9808 | std(g_L) = 0.8294 | grad = 0.8174
step   6920 | loss = -1.8744 | mean(g_L) = +1.9528 | EMA = +1.9857 | std(g_L) = 0.8852 | grad = 0.8090
step   6940 | loss = -1.9548 | mean(g_L) = +2.0265 | EMA = +2.0197 | std(g_L) = 0.8467 | grad = 0.7479
step   6960 | loss = -1.9964 | mean(g_L) = +2.0695 | EMA = +2.0138 | std(g_L) = 0.8552 | grad = 0.6511
step   6980 | loss = -2.1208 | mean(g_L) = +2.1844 | EMA = +1.9994 | std(g_L) = 0.7976 | grad = 0.7308
step   7000 | loss = -1.8997 | mean(g_L) = +1.9902 | EMA = +1.9756 | std(g_L) = 0.9516 | grad = 0.4200
step   7020 | loss = -1.8176 | mean(g_L) = +1.9293 | EMA = +1.9807 | std(g_L) = 1.0572 | grad = 0.4278
step   7040 | loss = -1.8908 | mean(g_L) = +1.9671 | EMA = +1.9793 | std(g_L) = 0.8736 | grad = 0.6334
step   7060 | loss = -1.9006 | mean(g_L) = +1.9877 | EMA = +1.9961 | std(g_L) = 0.9335 | grad = 0.6628
step   7080 | loss = -2.0549 | mean(g_L) = +2.1329 | EMA = +2.0042 | std(g_L) = 0.8830 | grad = 0.8604
step   7100 | loss = -1.7535 | mean(g_L) = +1.8728 | EMA = +2.0112 | std(g_L) = 1.0921 | grad = 0.4465
step   7120 | loss = -1.8482 | mean(g_L) = +1.9557 | EMA = +2.0290 | std(g_L) = 1.0372 | grad = 0.3976
step   7140 | loss = -1.9820 | mean(g_L) = +2.0698 | EMA = +2.0058 | std(g_L) = 0.9368 | grad = 0.3787
step   7160 | loss = -1.7701 | mean(g_L) = +1.8616 | EMA = +2.0117 | std(g_L) = 0.9565 | grad = 0.4786
step   7180 | loss = -1.8354 | mean(g_L) = +1.9435 | EMA = +1.9865 | std(g_L) = 1.0396 | grad = 0.6615
step   7200 | loss = -1.8382 | mean(g_L) = +1.9288 | EMA = +1.9734 | std(g_L) = 0.9523 | grad = 0.7065
step   7220 | loss = -1.8218 | mean(g_L) = +1.9140 | EMA = +1.9952 | std(g_L) = 0.9602 | grad = 0.5768
step   7240 | loss = -1.7377 | mean(g_L) = +1.8567 | EMA = +1.9921 | std(g_L) = 1.0910 | grad = 0.5539
step   7260 | loss = -1.9231 | mean(g_L) = +1.9982 | EMA = +1.9945 | std(g_L) = 0.8667 | grad = 0.3947
step   7280 | loss = -1.8473 | mean(g_L) = +1.9384 | EMA = +2.0079 | std(g_L) = 0.9545 | grad = 0.7627
step   7300 | loss = -1.7869 | mean(g_L) = +1.8872 | EMA = +1.9748 | std(g_L) = 1.0013 | grad = 0.5942
step   7320 | loss = -2.0437 | mean(g_L) = +2.1264 | EMA = +2.0020 | std(g_L) = 0.9092 | grad = 0.8157
step   7340 | loss = -1.8490 | mean(g_L) = +1.9349 | EMA = +2.0017 | std(g_L) = 0.9264 | grad = 0.5923
step   7360 | loss = -1.9991 | mean(g_L) = +2.0827 | EMA = +2.0227 | std(g_L) = 0.9146 | grad = 0.3647
step   7380 | loss = -2.0071 | mean(g_L) = +2.0865 | EMA = +2.0123 | std(g_L) = 0.8911 | grad = 0.6706
step   7400 | loss = -1.9264 | mean(g_L) = +2.0284 | EMA = +2.0202 | std(g_L) = 1.0100 | grad = 0.3719
step   7420 | loss = -1.9219 | mean(g_L) = +1.9913 | EMA = +2.0250 | std(g_L) = 0.8331 | grad = 0.7806
step   7440 | loss = -1.8219 | mean(g_L) = +1.9176 | EMA = +1.9993 | std(g_L) = 0.9782 | grad = 0.7026
step   7460 | loss = -2.0710 | mean(g_L) = +2.1495 | EMA = +2.0016 | std(g_L) = 0.8859 | grad = 0.3966
step   7480 | loss = -1.8794 | mean(g_L) = +1.9900 | EMA = +2.0106 | std(g_L) = 1.0517 | grad = 0.4808
step   7500 | loss = -1.8920 | mean(g_L) = +1.9836 | EMA = +2.0130 | std(g_L) = 0.9567 | grad = 0.4891
step   7520 | loss = -1.8831 | mean(g_L) = +1.9625 | EMA = +2.0255 | std(g_L) = 0.8915 | grad = 0.7432
step   7540 | loss = -1.9645 | mean(g_L) = +2.0409 | EMA = +2.0152 | std(g_L) = 0.8745 | grad = 0.8458
step   7560 | loss = -1.7865 | mean(g_L) = +1.9216 | EMA = +2.0004 | std(g_L) = 1.1623 | grad = 0.9577
step   7580 | loss = -2.1320 | mean(g_L) = +2.2136 | EMA = +2.0138 | std(g_L) = 0.9036 | grad = 0.8832
step   7600 | loss = -1.8511 | mean(g_L) = +1.9242 | EMA = +2.0082 | std(g_L) = 0.8551 | grad = 0.3359
step   7620 | loss = -1.8831 | mean(g_L) = +1.9748 | EMA = +1.9856 | std(g_L) = 0.9574 | grad = 0.9038
step   7640 | loss = -1.7545 | mean(g_L) = +1.8511 | EMA = +1.9991 | std(g_L) = 0.9833 | grad = 0.4535
step   7660 | loss = -1.9540 | mean(g_L) = +2.0294 | EMA = +2.0055 | std(g_L) = 0.8682 | grad = 0.5890
step   7680 | loss = -1.9862 | mean(g_L) = +2.0641 | EMA = +2.0234 | std(g_L) = 0.8828 | grad = 0.6743
step   7700 | loss = -1.8508 | mean(g_L) = +1.9315 | EMA = +2.0061 | std(g_L) = 0.8982 | grad = 0.3291
step   7720 | loss = -1.9194 | mean(g_L) = +1.9779 | EMA = +2.0150 | std(g_L) = 0.7648 | grad = 0.6859
step   7740 | loss = -1.9175 | mean(g_L) = +1.9895 | EMA = +1.9953 | std(g_L) = 0.8483 | grad = 0.8934
step   7760 | loss = -1.9651 | mean(g_L) = +2.0326 | EMA = +2.0049 | std(g_L) = 0.8218 | grad = 1.0591
step   7780 | loss = -1.9359 | mean(g_L) = +2.0169 | EMA = +2.0100 | std(g_L) = 0.9003 | grad = 0.4484
step   7800 | loss = -1.8320 | mean(g_L) = +1.9285 | EMA = +1.9988 | std(g_L) = 0.9823 | grad = 0.2590
step   7820 | loss = -1.7661 | mean(g_L) = +1.8682 | EMA = +1.9787 | std(g_L) = 1.0106 | grad = 0.8662
step   7840 | loss = -1.7988 | mean(g_L) = +1.8809 | EMA = +1.9856 | std(g_L) = 0.9066 | grad = 0.3445
step   7860 | loss = -1.8663 | mean(g_L) = +1.9666 | EMA = +1.9956 | std(g_L) = 1.0016 | grad = 0.4218
step   7880 | loss = -2.0856 | mean(g_L) = +2.1537 | EMA = +2.0079 | std(g_L) = 0.8249 | grad = 0.9475
step   7900 | loss = -2.0480 | mean(g_L) = +2.1212 | EMA = +2.0034 | std(g_L) = 0.8556 | grad = 0.4815
step   7920 | loss = -1.8938 | mean(g_L) = +1.9962 | EMA = +2.0113 | std(g_L) = 1.0118 | grad = 0.4145
step   7940 | loss = -2.1195 | mean(g_L) = +2.1905 | EMA = +2.0177 | std(g_L) = 0.8426 | grad = 0.6924
step   7960 | loss = -1.8902 | mean(g_L) = +1.9968 | EMA = +2.0116 | std(g_L) = 1.0326 | grad = 0.5444
step   7980 | loss = -1.7951 | mean(g_L) = +1.9010 | EMA = +2.0080 | std(g_L) = 1.0292 | grad = 0.6295
step   8000 | loss = -1.9466 | mean(g_L) = +2.0166 | EMA = +1.9959 | std(g_L) = 0.8370 | grad = 0.5837
step   8020 | loss = -1.9543 | mean(g_L) = +2.0661 | EMA = +2.0126 | std(g_L) = 1.0575 | grad = 0.3792
step   8040 | loss = -1.9271 | mean(g_L) = +1.9992 | EMA = +2.0125 | std(g_L) = 0.8491 | grad = 0.9177
step   8060 | loss = -1.9695 | mean(g_L) = +2.0504 | EMA = +2.0322 | std(g_L) = 0.8995 | grad = 0.5218
step   8080 | loss = -2.0232 | mean(g_L) = +2.0917 | EMA = +2.0205 | std(g_L) = 0.8277 | grad = 0.9550
step   8100 | loss = -1.9586 | mean(g_L) = +2.0332 | EMA = +2.0110 | std(g_L) = 0.8637 | grad = 0.5375
step   8120 | loss = -1.7867 | mean(g_L) = +1.9112 | EMA = +2.0150 | std(g_L) = 1.1158 | grad = 1.1113
step   8140 | loss = -1.9585 | mean(g_L) = +2.0579 | EMA = +2.0162 | std(g_L) = 0.9969 | grad = 0.7433
step   8160 | loss = -2.0246 | mean(g_L) = +2.1119 | EMA = +2.0040 | std(g_L) = 0.9341 | grad = 0.3981
step   8180 | loss = -1.8525 | mean(g_L) = +1.9507 | EMA = +2.0194 | std(g_L) = 0.9913 | grad = 0.9905
step   8200 | loss = -1.8553 | mean(g_L) = +1.9603 | EMA = +2.0198 | std(g_L) = 1.0248 | grad = 0.5740
step   8220 | loss = -1.8512 | mean(g_L) = +1.9610 | EMA = +2.0226 | std(g_L) = 1.0479 | grad = 0.4536
step   8240 | loss = -1.9709 | mean(g_L) = +2.0490 | EMA = +2.0183 | std(g_L) = 0.8834 | grad = 0.6442
step   8260 | loss = -1.7217 | mean(g_L) = +1.8184 | EMA = +2.0187 | std(g_L) = 0.9833 | grad = 1.0328
step   8280 | loss = -1.9553 | mean(g_L) = +2.0587 | EMA = +2.0252 | std(g_L) = 1.0171 | grad = 0.6548
step   8300 | loss = -2.1010 | mean(g_L) = +2.1673 | EMA = +2.0324 | std(g_L) = 0.8140 | grad = 0.7649
step   8320 | loss = -1.8510 | mean(g_L) = +1.9244 | EMA = +2.0172 | std(g_L) = 0.8570 | grad = 0.8829
step   8340 | loss = -1.8897 | mean(g_L) = +1.9699 | EMA = +2.0035 | std(g_L) = 0.8956 | grad = 0.4236
step   8360 | loss = -2.0127 | mean(g_L) = +2.0967 | EMA = +2.0298 | std(g_L) = 0.9167 | grad = 0.5081
step   8380 | loss = -1.9787 | mean(g_L) = +2.0541 | EMA = +2.0080 | std(g_L) = 0.8682 | grad = 0.4843
step   8400 | loss = -1.9507 | mean(g_L) = +2.0424 | EMA = +2.0110 | std(g_L) = 0.9580 | grad = 0.5325
step   8420 | loss = -1.8757 | mean(g_L) = +1.9690 | EMA = +2.0172 | std(g_L) = 0.9658 | grad = 0.6796
step   8440 | loss = -2.0336 | mean(g_L) = +2.1059 | EMA = +2.0237 | std(g_L) = 0.8499 | grad = 0.4105
step   8460 | loss = -1.9977 | mean(g_L) = +2.0807 | EMA = +2.0280 | std(g_L) = 0.9112 | grad = 0.5620
step   8480 | loss = -2.0295 | mean(g_L) = +2.1112 | EMA = +2.0377 | std(g_L) = 0.9041 | grad = 1.3009
step   8500 | loss = -1.9340 | mean(g_L) = +2.0087 | EMA = +2.0204 | std(g_L) = 0.8643 | grad = 0.6110
step   8520 | loss = -1.9820 | mean(g_L) = +2.0587 | EMA = +2.0066 | std(g_L) = 0.8761 | grad = 0.3440
step   8540 | loss = -1.9582 | mean(g_L) = +2.0680 | EMA = +2.0124 | std(g_L) = 1.0477 | grad = 0.5030
step   8560 | loss = -2.1424 | mean(g_L) = +2.2126 | EMA = +2.0283 | std(g_L) = 0.8384 | grad = 0.5132
step   8580 | loss = -1.7322 | mean(g_L) = +1.8414 | EMA = +2.0040 | std(g_L) = 1.0452 | grad = 0.5804
step   8600 | loss = -1.8705 | mean(g_L) = +1.9401 | EMA = +1.9969 | std(g_L) = 0.8341 | grad = 0.6787
step   8620 | loss = -1.6909 | mean(g_L) = +1.8224 | EMA = +2.0123 | std(g_L) = 1.1466 | grad = 0.3473
step   8640 | loss = -1.9471 | mean(g_L) = +2.0371 | EMA = +2.0132 | std(g_L) = 0.9485 | grad = 0.8569
step   8660 | loss = -1.9462 | mean(g_L) = +2.0034 | EMA = +2.0246 | std(g_L) = 0.7566 | grad = 0.7904
step   8680 | loss = -1.9342 | mean(g_L) = +2.0357 | EMA = +2.0108 | std(g_L) = 1.0079 | grad = 0.8668
step   8700 | loss = -2.0190 | mean(g_L) = +2.0939 | EMA = +1.9976 | std(g_L) = 0.8654 | grad = 0.4063
step   8720 | loss = -1.8449 | mean(g_L) = +1.9488 | EMA = +2.0213 | std(g_L) = 1.0190 | grad = 0.5032
step   8740 | loss = -1.8947 | mean(g_L) = +2.0080 | EMA = +2.0010 | std(g_L) = 1.0643 | grad = 0.6055
step   8760 | loss = -1.7824 | mean(g_L) = +1.8692 | EMA = +2.0007 | std(g_L) = 0.9312 | grad = 0.3839
step   8780 | loss = -2.0416 | mean(g_L) = +2.1237 | EMA = +2.0200 | std(g_L) = 0.9060 | grad = 0.5108
step   8800 | loss = -2.1010 | mean(g_L) = +2.1668 | EMA = +2.0298 | std(g_L) = 0.8110 | grad = 0.4834
step   8820 | loss = -1.8209 | mean(g_L) = +1.9110 | EMA = +2.0165 | std(g_L) = 0.9495 | grad = 0.4245
step   8840 | loss = -1.8603 | mean(g_L) = +1.9802 | EMA = +2.0190 | std(g_L) = 1.0950 | grad = 0.6654
step   8860 | loss = -2.0852 | mean(g_L) = +2.1516 | EMA = +2.0493 | std(g_L) = 0.8146 | grad = 1.0018
step   8880 | loss = -1.8772 | mean(g_L) = +1.9595 | EMA = +2.0030 | std(g_L) = 0.9073 | grad = 0.5645
step   8900 | loss = -1.9298 | mean(g_L) = +2.0253 | EMA = +2.0055 | std(g_L) = 0.9772 | grad = 0.4459
step   8920 | loss = -1.9515 | mean(g_L) = +2.0386 | EMA = +1.9928 | std(g_L) = 0.9330 | grad = 0.6263
step   8940 | loss = -1.7878 | mean(g_L) = +1.8841 | EMA = +2.0224 | std(g_L) = 0.9815 | grad = 0.7123
step   8960 | loss = -1.7749 | mean(g_L) = +1.8684 | EMA = +2.0158 | std(g_L) = 0.9672 | grad = 0.4470
step   8980 | loss = -1.9254 | mean(g_L) = +2.0233 | EMA = +2.0236 | std(g_L) = 0.9891 | grad = 0.4360
step   9000 | loss = -1.9434 | mean(g_L) = +2.0160 | EMA = +2.0256 | std(g_L) = 0.8518 | grad = 0.2800
step   9020 | loss = -1.8367 | mean(g_L) = +1.9429 | EMA = +2.0124 | std(g_L) = 1.0309 | grad = 0.9406
step   9040 | loss = -1.9785 | mean(g_L) = +2.0680 | EMA = +2.0391 | std(g_L) = 0.9458 | grad = 0.5027
step   9060 | loss = -2.1170 | mean(g_L) = +2.1797 | EMA = +2.0470 | std(g_L) = 0.7919 | grad = 0.3296
step   9080 | loss = -1.8608 | mean(g_L) = +1.9426 | EMA = +2.0342 | std(g_L) = 0.9046 | grad = 0.7034
step   9100 | loss = -1.8789 | mean(g_L) = +1.9781 | EMA = +2.0320 | std(g_L) = 0.9956 | grad = 0.5998
step   9120 | loss = -1.9530 | mean(g_L) = +2.0536 | EMA = +2.0222 | std(g_L) = 1.0031 | grad = 0.7450
step   9140 | loss = -2.0442 | mean(g_L) = +2.1223 | EMA = +2.0451 | std(g_L) = 0.8838 | grad = 0.2904
step   9160 | loss = -1.8482 | mean(g_L) = +1.9282 | EMA = +2.0147 | std(g_L) = 0.8944 | grad = 0.7668
step   9180 | loss = -2.1191 | mean(g_L) = +2.1866 | EMA = +2.0282 | std(g_L) = 0.8213 | grad = 0.8437
step   9200 | loss = -2.0083 | mean(g_L) = +2.0932 | EMA = +2.0320 | std(g_L) = 0.9219 | grad = 0.5871
step   9220 | loss = -1.8030 | mean(g_L) = +1.9085 | EMA = +2.0224 | std(g_L) = 1.0271 | grad = 0.6324
step   9240 | loss = -1.9590 | mean(g_L) = +2.0382 | EMA = +2.0309 | std(g_L) = 0.8896 | grad = 0.7196
step   9260 | loss = -1.9487 | mean(g_L) = +2.0110 | EMA = +2.0294 | std(g_L) = 0.7891 | grad = 0.7859
step   9280 | loss = -1.8833 | mean(g_L) = +1.9842 | EMA = +2.0239 | std(g_L) = 1.0044 | grad = 0.8434
step   9300 | loss = -1.9719 | mean(g_L) = +2.0452 | EMA = +2.0396 | std(g_L) = 0.8556 | grad = 0.7227
step   9320 | loss = -1.7997 | mean(g_L) = +1.9039 | EMA = +2.0215 | std(g_L) = 1.0205 | grad = 0.7689
step   9340 | loss = -2.0607 | mean(g_L) = +2.1250 | EMA = +2.0162 | std(g_L) = 0.8018 | grad = 0.5313
step   9360 | loss = -1.8019 | mean(g_L) = +1.8956 | EMA = +2.0155 | std(g_L) = 0.9677 | grad = 0.4729
step   9380 | loss = -1.9807 | mean(g_L) = +2.1091 | EMA = +2.0364 | std(g_L) = 1.1333 | grad = 0.8343
step   9400 | loss = -1.8810 | mean(g_L) = +1.9691 | EMA = +2.0320 | std(g_L) = 0.9386 | grad = 0.9140
step   9420 | loss = -1.7819 | mean(g_L) = +1.9231 | EMA = +2.0248 | std(g_L) = 1.1882 | grad = 0.4364
step   9440 | loss = -1.9854 | mean(g_L) = +2.0672 | EMA = +2.0311 | std(g_L) = 0.9043 | grad = 0.5952
step   9460 | loss = -1.8295 | mean(g_L) = +1.9305 | EMA = +2.0197 | std(g_L) = 1.0053 | grad = 0.6015
step   9480 | loss = -2.1255 | mean(g_L) = +2.2079 | EMA = +2.0246 | std(g_L) = 0.9074 | grad = 0.5612
step   9500 | loss = -1.9493 | mean(g_L) = +2.0302 | EMA = +2.0358 | std(g_L) = 0.8995 | grad = 0.5476
step   9520 | loss = -1.9755 | mean(g_L) = +2.0598 | EMA = +2.0409 | std(g_L) = 0.9178 | grad = 0.5555
step   9540 | loss = -2.1319 | mean(g_L) = +2.1992 | EMA = +2.0453 | std(g_L) = 0.8203 | grad = 0.5173
step   9560 | loss = -1.9576 | mean(g_L) = +2.0331 | EMA = +2.0382 | std(g_L) = 0.8688 | grad = 0.3809
step   9580 | loss = -1.9588 | mean(g_L) = +2.0394 | EMA = +2.0351 | std(g_L) = 0.8980 | grad = 0.5702
step   9600 | loss = -1.9232 | mean(g_L) = +1.9934 | EMA = +2.0225 | std(g_L) = 0.8381 | grad = 0.6201
step   9620 | loss = -1.9481 | mean(g_L) = +2.0244 | EMA = +2.0309 | std(g_L) = 0.8738 | grad = 0.4173
step   9640 | loss = -1.7059 | mean(g_L) = +1.8214 | EMA = +2.0153 | std(g_L) = 1.0747 | grad = 0.5708
step   9660 | loss = -2.1561 | mean(g_L) = +2.2151 | EMA = +2.0404 | std(g_L) = 0.7678 | grad = 0.2734
step   9680 | loss = -1.9491 | mean(g_L) = +2.0286 | EMA = +2.0628 | std(g_L) = 0.8918 | grad = 0.5572
step   9700 | loss = -1.9775 | mean(g_L) = +2.0675 | EMA = +2.0473 | std(g_L) = 0.9488 | grad = 0.6650
step   9720 | loss = -1.9223 | mean(g_L) = +2.0218 | EMA = +2.0420 | std(g_L) = 0.9975 | grad = 1.0037
step   9740 | loss = -2.0147 | mean(g_L) = +2.0961 | EMA = +2.0370 | std(g_L) = 0.9023 | grad = 0.7907
step   9760 | loss = -1.8961 | mean(g_L) = +1.9931 | EMA = +2.0403 | std(g_L) = 0.9848 | grad = 0.6592
step   9780 | loss = -2.0363 | mean(g_L) = +2.1088 | EMA = +2.0197 | std(g_L) = 0.8519 | grad = 0.4751
step   9800 | loss = -1.9170 | mean(g_L) = +2.0121 | EMA = +2.0253 | std(g_L) = 0.9748 | grad = 0.8499
step   9820 | loss = -1.9806 | mean(g_L) = +2.0665 | EMA = +2.0227 | std(g_L) = 0.9267 | grad = 1.3513
step   9840 | loss = -2.0437 | mean(g_L) = +2.1133 | EMA = +2.0020 | std(g_L) = 0.8340 | grad = 0.5832
step   9860 | loss = -1.9502 | mean(g_L) = +2.0233 | EMA = +1.9937 | std(g_L) = 0.8548 | grad = 0.8090
step   9880 | loss = -1.9319 | mean(g_L) = +2.0177 | EMA = +2.0381 | std(g_L) = 0.9260 | grad = 0.5693
step   9900 | loss = -1.7188 | mean(g_L) = +1.8395 | EMA = +2.0308 | std(g_L) = 1.0983 | grad = 0.8926
step   9920 | loss = -1.9892 | mean(g_L) = +2.0685 | EMA = +2.0508 | std(g_L) = 0.8904 | grad = 0.6266
step   9940 | loss = -1.8041 | mean(g_L) = +1.9039 | EMA = +2.0367 | std(g_L) = 0.9990 | grad = 0.5644
step   9960 | loss = -1.9795 | mean(g_L) = +2.0604 | EMA = +2.0516 | std(g_L) = 0.8994 | grad = 0.9276
step   9980 | loss = -2.0297 | mean(g_L) = +2.1123 | EMA = +2.0611 | std(g_L) = 0.9087 | grad = 0.9436
step  10000 | loss = -1.8181 | mean(g_L) = +1.9161 | EMA = +2.0130 | std(g_L) = 0.9900 | grad = 0.3579
step  10020 | loss = -1.9075 | mean(g_L) = +1.9898 | EMA = +2.0308 | std(g_L) = 0.9072 | grad = 0.5941
step  10040 | loss = -2.0927 | mean(g_L) = +2.1538 | EMA = +2.0328 | std(g_L) = 0.7816 | grad = 0.6672
step  10060 | loss = -1.8331 | mean(g_L) = +1.9159 | EMA = +2.0206 | std(g_L) = 0.9099 | grad = 0.3798
step  10080 | loss = -1.8604 | mean(g_L) = +1.9583 | EMA = +2.0365 | std(g_L) = 0.9897 | grad = 0.9421
step  10100 | loss = -2.0116 | mean(g_L) = +2.1065 | EMA = +2.0116 | std(g_L) = 0.9743 | grad = 0.6690
step  10120 | loss = -1.9533 | mean(g_L) = +2.0463 | EMA = +2.0464 | std(g_L) = 0.9645 | grad = 0.5944
step  10140 | loss = -1.9983 | mean(g_L) = +2.0997 | EMA = +2.0542 | std(g_L) = 1.0074 | grad = 0.6852
step  10160 | loss = -2.1825 | mean(g_L) = +2.2316 | EMA = +2.0751 | std(g_L) = 0.7012 | grad = 0.3550
step  10180 | loss = -1.9017 | mean(g_L) = +1.9902 | EMA = +2.0416 | std(g_L) = 0.9405 | grad = 0.3523
step  10200 | loss = -1.8395 | mean(g_L) = +1.9758 | EMA = +2.0565 | std(g_L) = 1.1672 | grad = 0.8353
step  10220 | loss = -2.0789 | mean(g_L) = +2.1557 | EMA = +2.0321 | std(g_L) = 0.8760 | grad = 0.8062
step  10240 | loss = -1.8814 | mean(g_L) = +1.9828 | EMA = +2.0215 | std(g_L) = 1.0067 | grad = 0.5572
step  10260 | loss = -1.9514 | mean(g_L) = +2.0381 | EMA = +2.0333 | std(g_L) = 0.9310 | grad = 0.5687
step  10280 | loss = -2.0223 | mean(g_L) = +2.1051 | EMA = +2.0385 | std(g_L) = 0.9096 | grad = 0.4458
step  10300 | loss = -1.9888 | mean(g_L) = +2.0709 | EMA = +2.0337 | std(g_L) = 0.9061 | grad = 0.6917
step  10320 | loss = -1.9882 | mean(g_L) = +2.0944 | EMA = +2.0460 | std(g_L) = 1.0305 | grad = 0.6690
step  10340 | loss = -2.0425 | mean(g_L) = +2.1295 | EMA = +2.0555 | std(g_L) = 0.9324 | grad = 0.6453
step  10360 | loss = -1.9635 | mean(g_L) = +2.0573 | EMA = +2.0440 | std(g_L) = 0.9688 | grad = 0.8131
step  10380 | loss = -1.9768 | mean(g_L) = +2.0579 | EMA = +2.0320 | std(g_L) = 0.9006 | grad = 0.7564
step  10400 | loss = -1.9836 | mean(g_L) = +2.0656 | EMA = +2.0347 | std(g_L) = 0.9057 | grad = 0.7393
step  10420 | loss = -1.9648 | mean(g_L) = +2.0562 | EMA = +2.0315 | std(g_L) = 0.9558 | grad = 0.3774
step  10440 | loss = -2.0418 | mean(g_L) = +2.1325 | EMA = +2.0413 | std(g_L) = 0.9525 | grad = 0.3998
step  10460 | loss = -2.0155 | mean(g_L) = +2.1045 | EMA = +2.0221 | std(g_L) = 0.9435 | grad = 0.8964
step  10480 | loss = -1.7988 | mean(g_L) = +1.9464 | EMA = +2.0196 | std(g_L) = 1.2149 | grad = 0.8727
step  10500 | loss = -2.0470 | mean(g_L) = +2.1166 | EMA = +2.0361 | std(g_L) = 0.8342 | grad = 0.5232
step  10520 | loss = -1.9955 | mean(g_L) = +2.0634 | EMA = +2.0580 | std(g_L) = 0.8243 | grad = 0.6794
step  10540 | loss = -1.9817 | mean(g_L) = +2.0665 | EMA = +2.0704 | std(g_L) = 0.9210 | grad = 0.8342
step  10560 | loss = -1.9987 | mean(g_L) = +2.0666 | EMA = +2.0425 | std(g_L) = 0.8239 | grad = 0.4286
step  10580 | loss = -1.9383 | mean(g_L) = +2.0196 | EMA = +2.0576 | std(g_L) = 0.9016 | grad = 1.1278
step  10600 | loss = -1.9107 | mean(g_L) = +2.0271 | EMA = +2.0569 | std(g_L) = 1.0790 | grad = 0.5518
step  10620 | loss = -1.9583 | mean(g_L) = +2.0271 | EMA = +2.0423 | std(g_L) = 0.8296 | grad = 0.9598
step  10640 | loss = -2.0279 | mean(g_L) = +2.0904 | EMA = +2.0589 | std(g_L) = 0.7905 | grad = 0.8585
step  10660 | loss = -1.9370 | mean(g_L) = +2.0207 | EMA = +2.0500 | std(g_L) = 0.9151 | grad = 0.5293
step  10680 | loss = -1.9304 | mean(g_L) = +2.0193 | EMA = +2.0414 | std(g_L) = 0.9430 | grad = 1.3548
step  10700 | loss = -1.9619 | mean(g_L) = +2.0615 | EMA = +2.0507 | std(g_L) = 0.9979 | grad = 0.4986
step  10720 | loss = -1.9819 | mean(g_L) = +2.0519 | EMA = +2.0553 | std(g_L) = 0.8362 | grad = 0.7426
step  10740 | loss = -1.8899 | mean(g_L) = +1.9839 | EMA = +2.0445 | std(g_L) = 0.9693 | grad = 0.6443
step  10760 | loss = -2.0058 | mean(g_L) = +2.0963 | EMA = +2.0463 | std(g_L) = 0.9515 | grad = 1.2161
step  10780 | loss = -2.1065 | mean(g_L) = +2.1827 | EMA = +2.0691 | std(g_L) = 0.8727 | grad = 0.7064
step  10800 | loss = -1.9202 | mean(g_L) = +2.0351 | EMA = +2.0660 | std(g_L) = 1.0721 | grad = 0.6544
step  10820 | loss = -1.9207 | mean(g_L) = +1.9914 | EMA = +2.0566 | std(g_L) = 0.8409 | grad = 0.3488
step  10840 | loss = -2.0442 | mean(g_L) = +2.1231 | EMA = +2.0625 | std(g_L) = 0.8886 | grad = 0.8617
step  10860 | loss = -2.0121 | mean(g_L) = +2.0749 | EMA = +2.0476 | std(g_L) = 0.7920 | grad = 0.5033
step  10880 | loss = -2.0289 | mean(g_L) = +2.1430 | EMA = +2.0487 | std(g_L) = 1.0681 | grad = 0.8399
step  10900 | loss = -1.9633 | mean(g_L) = +2.0382 | EMA = +2.0533 | std(g_L) = 0.8658 | grad = 0.6286
step  10920 | loss = -1.8920 | mean(g_L) = +1.9761 | EMA = +2.0720 | std(g_L) = 0.9168 | grad = 0.5425
step  10940 | loss = -1.9109 | mean(g_L) = +2.0328 | EMA = +2.0591 | std(g_L) = 1.1042 | grad = 0.3651
step  10960 | loss = -2.0211 | mean(g_L) = +2.1015 | EMA = +2.0550 | std(g_L) = 0.8971 | grad = 0.7597
step  10980 | loss = -2.0144 | mean(g_L) = +2.1005 | EMA = +2.0475 | std(g_L) = 0.9279 | grad = 0.8038
step  11000 | loss = -1.9723 | mean(g_L) = +2.0639 | EMA = +2.0572 | std(g_L) = 0.9572 | grad = 0.5942
step  11020 | loss = -1.9437 | mean(g_L) = +2.0495 | EMA = +2.0694 | std(g_L) = 1.0283 | grad = 0.7592
step  11040 | loss = -2.0934 | mean(g_L) = +2.1541 | EMA = +2.0664 | std(g_L) = 0.7791 | grad = 0.4092
step  11060 | loss = -1.9381 | mean(g_L) = +2.0477 | EMA = +2.0496 | std(g_L) = 1.0469 | grad = 0.9033
step  11080 | loss = -1.9868 | mean(g_L) = +2.0523 | EMA = +2.0390 | std(g_L) = 0.8097 | grad = 0.2494
step  11100 | loss = -2.0609 | mean(g_L) = +2.1393 | EMA = +2.0660 | std(g_L) = 0.8854 | grad = 0.7500
step  11120 | loss = -2.0507 | mean(g_L) = +2.1370 | EMA = +2.0653 | std(g_L) = 0.9291 | grad = 0.4015
step  11140 | loss = -2.1278 | mean(g_L) = +2.1953 | EMA = +2.0542 | std(g_L) = 0.8215 | grad = 0.7805
step  11160 | loss = -2.1694 | mean(g_L) = +2.2282 | EMA = +2.0706 | std(g_L) = 0.7669 | grad = 0.7057
step  11180 | loss = -2.0497 | mean(g_L) = +2.1217 | EMA = +2.0502 | std(g_L) = 0.8482 | grad = 0.6240
step  11200 | loss = -2.0661 | mean(g_L) = +2.1420 | EMA = +2.0463 | std(g_L) = 0.8708 | grad = 0.5035
step  11220 | loss = -1.9725 | mean(g_L) = +2.0705 | EMA = +2.0738 | std(g_L) = 0.9896 | grad = 0.4647
step  11240 | loss = -2.0222 | mean(g_L) = +2.0998 | EMA = +2.0613 | std(g_L) = 0.8810 | grad = 0.3614
step  11260 | loss = -1.8996 | mean(g_L) = +2.0192 | EMA = +2.0169 | std(g_L) = 1.0936 | grad = 0.4565
step  11280 | loss = -2.0041 | mean(g_L) = +2.1050 | EMA = +2.0482 | std(g_L) = 1.0048 | grad = 1.0560
step  11300 | loss = -2.0695 | mean(g_L) = +2.1413 | EMA = +2.0470 | std(g_L) = 0.8474 | grad = 0.7791
step  11320 | loss = -2.0800 | mean(g_L) = +2.1593 | EMA = +2.0673 | std(g_L) = 0.8908 | grad = 0.4832
step  11340 | loss = -1.8245 | mean(g_L) = +1.9404 | EMA = +2.0431 | std(g_L) = 1.0763 | grad = 0.3460
step  11360 | loss = -2.0640 | mean(g_L) = +2.1370 | EMA = +2.0779 | std(g_L) = 0.8545 | grad = 0.4536
step  11380 | loss = -1.9282 | mean(g_L) = +2.0164 | EMA = +2.0499 | std(g_L) = 0.9392 | grad = 1.3822
step  11400 | loss = -2.0687 | mean(g_L) = +2.1487 | EMA = +2.0572 | std(g_L) = 0.8944 | grad = 1.0521
step  11420 | loss = -2.0112 | mean(g_L) = +2.0971 | EMA = +2.0499 | std(g_L) = 0.9269 | grad = 0.6531
step  11440 | loss = -2.0848 | mean(g_L) = +2.1697 | EMA = +2.0491 | std(g_L) = 0.9214 | grad = 0.5164
step  11460 | loss = -2.0000 | mean(g_L) = +2.0713 | EMA = +2.0723 | std(g_L) = 0.8440 | grad = 0.6269
step  11480 | loss = -1.8494 | mean(g_L) = +1.9482 | EMA = +2.0389 | std(g_L) = 0.9938 | grad = 1.1386
step  11500 | loss = -1.9023 | mean(g_L) = +2.0036 | EMA = +2.0411 | std(g_L) = 1.0065 | grad = 0.5052
step  11520 | loss = -2.1429 | mean(g_L) = +2.2027 | EMA = +2.0527 | std(g_L) = 0.7731 | grad = 0.2646
step  11540 | loss = -2.0011 | mean(g_L) = +2.0768 | EMA = +2.0731 | std(g_L) = 0.8702 | grad = 0.9789
step  11560 | loss = -1.9480 | mean(g_L) = +2.0258 | EMA = +2.0477 | std(g_L) = 0.8821 | grad = 0.6611
step  11580 | loss = -2.0218 | mean(g_L) = +2.1027 | EMA = +2.0566 | std(g_L) = 0.8993 | grad = 0.5324
step  11600 | loss = -2.0837 | mean(g_L) = +2.1623 | EMA = +2.0710 | std(g_L) = 0.8864 | grad = 0.4861
step  11620 | loss = -1.9451 | mean(g_L) = +2.0275 | EMA = +2.0460 | std(g_L) = 0.9075 | grad = 0.3219
step  11640 | loss = -1.9325 | mean(g_L) = +2.0215 | EMA = +2.0635 | std(g_L) = 0.9435 | grad = 0.4760
step  11660 | loss = -1.8327 | mean(g_L) = +1.9539 | EMA = +2.0755 | std(g_L) = 1.1007 | grad = 0.8262
step  11680 | loss = -1.9127 | mean(g_L) = +2.0104 | EMA = +2.0534 | std(g_L) = 0.9882 | grad = 0.5139
step  11700 | loss = -1.7962 | mean(g_L) = +1.9125 | EMA = +2.0598 | std(g_L) = 1.0785 | grad = 1.0861
step  11720 | loss = -1.8351 | mean(g_L) = +1.9395 | EMA = +2.0437 | std(g_L) = 1.0220 | grad = 0.7640
step  11740 | loss = -1.9713 | mean(g_L) = +2.0640 | EMA = +2.0635 | std(g_L) = 0.9629 | grad = 0.4523
step  11760 | loss = -1.9234 | mean(g_L) = +2.0262 | EMA = +2.0636 | std(g_L) = 1.0139 | grad = 0.4802
step  11780 | loss = -1.7906 | mean(g_L) = +1.8965 | EMA = +2.0684 | std(g_L) = 1.0295 | grad = 0.8649
step  11800 | loss = -1.9858 | mean(g_L) = +2.1084 | EMA = +2.0503 | std(g_L) = 1.1072 | grad = 0.8273
step  11820 | loss = -1.9728 | mean(g_L) = +2.0734 | EMA = +2.0525 | std(g_L) = 1.0030 | grad = 0.7475
step  11840 | loss = -2.0581 | mean(g_L) = +2.1437 | EMA = +2.0479 | std(g_L) = 0.9251 | grad = 0.6209
step  11860 | loss = -1.8579 | mean(g_L) = +1.9283 | EMA = +2.0461 | std(g_L) = 0.8393 | grad = 0.4495
step  11880 | loss = -2.0465 | mean(g_L) = +2.1510 | EMA = +2.0504 | std(g_L) = 1.0222 | grad = 0.5828
step  11900 | loss = -2.0624 | mean(g_L) = +2.1466 | EMA = +2.0810 | std(g_L) = 0.9177 | grad = 0.4231
step  11920 | loss = -1.9790 | mean(g_L) = +2.0608 | EMA = +2.0470 | std(g_L) = 0.9043 | grad = 0.3908
step  11940 | loss = -2.1231 | mean(g_L) = +2.1869 | EMA = +2.0584 | std(g_L) = 0.7987 | grad = 0.3777
step  11960 | loss = -2.1442 | mean(g_L) = +2.2022 | EMA = +2.0658 | std(g_L) = 0.7617 | grad = 0.6477
step  11980 | loss = -1.9974 | mean(g_L) = +2.0689 | EMA = +2.0775 | std(g_L) = 0.8452 | grad = 0.8332
step  12000 | loss = -1.8559 | mean(g_L) = +1.9873 | EMA = +2.0753 | std(g_L) = 1.1463 | grad = 1.0549
step  12020 | loss = -1.9995 | mean(g_L) = +2.0758 | EMA = +2.0739 | std(g_L) = 0.8735 | grad = 0.5214
step  12040 | loss = -2.0120 | mean(g_L) = +2.0989 | EMA = +2.0710 | std(g_L) = 0.9325 | grad = 0.8093
step  12060 | loss = -1.9353 | mean(g_L) = +2.0370 | EMA = +2.0517 | std(g_L) = 1.0086 | grad = 0.4689
step  12080 | loss = -1.9768 | mean(g_L) = +2.0800 | EMA = +2.0574 | std(g_L) = 1.0157 | grad = 0.4409
step  12100 | loss = -1.9855 | mean(g_L) = +2.0834 | EMA = +2.0328 | std(g_L) = 0.9897 | grad = 0.9225
step  12120 | loss = -1.7373 | mean(g_L) = +1.8756 | EMA = +2.0556 | std(g_L) = 1.1762 | grad = 0.6256
step  12140 | loss = -1.9280 | mean(g_L) = +2.0106 | EMA = +2.0620 | std(g_L) = 0.9092 | grad = 0.3498
step  12160 | loss = -1.9487 | mean(g_L) = +2.0343 | EMA = +2.0522 | std(g_L) = 0.9255 | grad = 0.7536
step  12180 | loss = -2.1528 | mean(g_L) = +2.2029 | EMA = +2.0631 | std(g_L) = 0.7072 | grad = 0.8088
step  12200 | loss = -1.9427 | mean(g_L) = +2.0423 | EMA = +2.0743 | std(g_L) = 0.9979 | grad = 0.7501
step  12220 | loss = -2.0421 | mean(g_L) = +2.1036 | EMA = +2.0657 | std(g_L) = 0.7846 | grad = 0.6716
step  12240 | loss = -1.8487 | mean(g_L) = +1.9588 | EMA = +2.0556 | std(g_L) = 1.0491 | grad = 1.1626
step  12260 | loss = -1.8876 | mean(g_L) = +2.0046 | EMA = +2.0375 | std(g_L) = 1.0814 | grad = 0.3060
step  12280 | loss = -2.0950 | mean(g_L) = +2.1517 | EMA = +2.0462 | std(g_L) = 0.7527 | grad = 0.5547
step  12300 | loss = -1.8530 | mean(g_L) = +1.9366 | EMA = +2.0277 | std(g_L) = 0.9142 | grad = 1.6490
step  12320 | loss = -1.8995 | mean(g_L) = +2.0069 | EMA = +2.0461 | std(g_L) = 1.0364 | grad = 1.3163
step  12340 | loss = -2.0780 | mean(g_L) = +2.1744 | EMA = +2.0516 | std(g_L) = 0.9820 | grad = 0.9365
step  12360 | loss = -1.9534 | mean(g_L) = +2.0463 | EMA = +2.0661 | std(g_L) = 0.9637 | grad = 0.4708
step  12380 | loss = -1.9150 | mean(g_L) = +2.0365 | EMA = +2.0765 | std(g_L) = 1.1022 | grad = 1.2733
step  12400 | loss = -1.9776 | mean(g_L) = +2.0544 | EMA = +2.0590 | std(g_L) = 0.8762 | grad = 0.6845
step  12420 | loss = -2.0178 | mean(g_L) = +2.1147 | EMA = +2.0481 | std(g_L) = 0.9845 | grad = 0.4058
step  12440 | loss = -2.0148 | mean(g_L) = +2.0943 | EMA = +2.0794 | std(g_L) = 0.8917 | grad = 1.1098
step  12460 | loss = -1.9148 | mean(g_L) = +2.0165 | EMA = +2.0569 | std(g_L) = 1.0086 | grad = 1.0200
step  12480 | loss = -1.9214 | mean(g_L) = +2.0392 | EMA = +2.0617 | std(g_L) = 1.0855 | grad = 1.0603
step  12500 | loss = -2.0959 | mean(g_L) = +2.1707 | EMA = +2.0547 | std(g_L) = 0.8648 | grad = 0.7096
step  12520 | loss = -1.8778 | mean(g_L) = +1.9634 | EMA = +2.0577 | std(g_L) = 0.9248 | grad = 0.6326
step  12540 | loss = -2.0592 | mean(g_L) = +2.1516 | EMA = +2.0481 | std(g_L) = 0.9615 | grad = 0.7054
step  12560 | loss = -2.1533 | mean(g_L) = +2.2122 | EMA = +2.0699 | std(g_L) = 0.7669 | grad = 0.4834
step  12580 | loss = -1.8197 | mean(g_L) = +1.9384 | EMA = +2.0561 | std(g_L) = 1.0893 | grad = 0.8828
step  12600 | loss = -2.0750 | mean(g_L) = +2.1456 | EMA = +2.0825 | std(g_L) = 0.8404 | grad = 0.4510
step  12620 | loss = -2.0523 | mean(g_L) = +2.1283 | EMA = +2.0717 | std(g_L) = 0.8715 | grad = 0.9159
step  12640 | loss = -1.7686 | mean(g_L) = +1.8928 | EMA = +2.0523 | std(g_L) = 1.1143 | grad = 0.9786
step  12660 | loss = -1.9615 | mean(g_L) = +2.0465 | EMA = +2.0650 | std(g_L) = 0.9219 | grad = 1.3218
step  12680 | loss = -1.8615 | mean(g_L) = +1.9577 | EMA = +2.0650 | std(g_L) = 0.9808 | grad = 0.8331
step  12700 | loss = -1.9514 | mean(g_L) = +2.0516 | EMA = +2.0718 | std(g_L) = 1.0012 | grad = 0.3893
step  12720 | loss = -1.9548 | mean(g_L) = +2.0446 | EMA = +2.0764 | std(g_L) = 0.9476 | grad = 0.4303
step  12740 | loss = -1.8306 | mean(g_L) = +1.9715 | EMA = +2.0503 | std(g_L) = 1.1872 | grad = 1.1212
step  12760 | loss = -1.9471 | mean(g_L) = +2.0289 | EMA = +2.0713 | std(g_L) = 0.9043 | grad = 0.7109
step  12780 | loss = -1.9927 | mean(g_L) = +2.0674 | EMA = +2.0622 | std(g_L) = 0.8643 | grad = 0.8492
step  12800 | loss = -2.1462 | mean(g_L) = +2.2171 | EMA = +2.0683 | std(g_L) = 0.8417 | grad = 0.8327
step  12820 | loss = -1.9414 | mean(g_L) = +2.0431 | EMA = +2.0627 | std(g_L) = 1.0084 | grad = 1.0253
step  12840 | loss = -2.0446 | mean(g_L) = +2.1487 | EMA = +2.0655 | std(g_L) = 1.0206 | grad = 0.6703
step  12860 | loss = -1.9817 | mean(g_L) = +2.0553 | EMA = +2.0510 | std(g_L) = 0.8583 | grad = 0.4643
step  12880 | loss = -2.0182 | mean(g_L) = +2.1190 | EMA = +2.0860 | std(g_L) = 1.0037 | grad = 0.6685
step  12900 | loss = -2.0191 | mean(g_L) = +2.1034 | EMA = +2.0916 | std(g_L) = 0.9180 | grad = 1.0584
step  12920 | loss = -1.9103 | mean(g_L) = +2.0163 | EMA = +2.0422 | std(g_L) = 1.0299 | grad = 0.9406
step  12940 | loss = -1.9632 | mean(g_L) = +2.0418 | EMA = +2.0378 | std(g_L) = 0.8869 | grad = 1.0185
step  12960 | loss = -2.0809 | mean(g_L) = +2.1572 | EMA = +2.0342 | std(g_L) = 0.8736 | grad = 0.5458
step  12980 | loss = -1.9305 | mean(g_L) = +2.0494 | EMA = +2.0420 | std(g_L) = 1.0903 | grad = 0.4305
step  13000 | loss = -1.9648 | mean(g_L) = +2.0463 | EMA = +2.0569 | std(g_L) = 0.9027 | grad = 0.5159
step  13020 | loss = -1.8853 | mean(g_L) = +1.9692 | EMA = +2.0445 | std(g_L) = 0.9163 | grad = 0.7306
step  13040 | loss = -1.8809 | mean(g_L) = +1.9708 | EMA = +2.0431 | std(g_L) = 0.9481 | grad = 0.3874
step  13060 | loss = -1.9096 | mean(g_L) = +1.9960 | EMA = +2.0541 | std(g_L) = 0.9295 | grad = 0.5020
step  13080 | loss = -1.7602 | mean(g_L) = +1.8828 | EMA = +2.0487 | std(g_L) = 1.1074 | grad = 0.7026
step  13100 | loss = -1.9568 | mean(g_L) = +2.0532 | EMA = +2.0518 | std(g_L) = 0.9821 | grad = 1.3030
step  13120 | loss = -1.8247 | mean(g_L) = +1.9166 | EMA = +2.0527 | std(g_L) = 0.9589 | grad = 0.6771
step  13140 | loss = -2.1092 | mean(g_L) = +2.1690 | EMA = +2.0704 | std(g_L) = 0.7730 | grad = 1.1103
step  13160 | loss = -1.9437 | mean(g_L) = +2.0297 | EMA = +2.0591 | std(g_L) = 0.9274 | grad = 0.8800
step  13180 | loss = -1.9500 | mean(g_L) = +2.0320 | EMA = +2.0357 | std(g_L) = 0.9059 | grad = 0.4755
step  13200 | loss = -1.8501 | mean(g_L) = +2.0090 | EMA = +2.0415 | std(g_L) = 1.2608 | grad = 0.8315
step  13220 | loss = -2.0262 | mean(g_L) = +2.1092 | EMA = +2.0327 | std(g_L) = 0.9108 | grad = 0.7022
step  13240 | loss = -2.0296 | mean(g_L) = +2.1025 | EMA = +2.0327 | std(g_L) = 0.8535 | grad = 0.3256
step  13260 | loss = -1.9910 | mean(g_L) = +2.1210 | EMA = +2.0639 | std(g_L) = 1.1405 | grad = 1.0573
step  13280 | loss = -1.9422 | mean(g_L) = +2.0347 | EMA = +2.0425 | std(g_L) = 0.9618 | grad = 0.7566
step  13300 | loss = -2.0562 | mean(g_L) = +2.1464 | EMA = +2.0521 | std(g_L) = 0.9499 | grad = 0.6412
step  13320 | loss = -1.9770 | mean(g_L) = +2.0618 | EMA = +2.0702 | std(g_L) = 0.9208 | grad = 0.5721
step  13340 | loss = -2.0272 | mean(g_L) = +2.1048 | EMA = +2.0505 | std(g_L) = 0.8806 | grad = 0.8709
step  13360 | loss = -1.9798 | mean(g_L) = +2.0737 | EMA = +2.0356 | std(g_L) = 0.9692 | grad = 0.7847
step  13380 | loss = -1.9450 | mean(g_L) = +2.0509 | EMA = +2.0425 | std(g_L) = 1.0292 | grad = 0.5995
step  13400 | loss = -2.0063 | mean(g_L) = +2.0801 | EMA = +2.0512 | std(g_L) = 0.8592 | grad = 0.5132
step  13420 | loss = -2.1023 | mean(g_L) = +2.1870 | EMA = +2.0572 | std(g_L) = 0.9206 | grad = 1.0780
step  13440 | loss = -1.9404 | mean(g_L) = +2.0509 | EMA = +2.0574 | std(g_L) = 1.0513 | grad = 1.0529
step  13460 | loss = -1.9232 | mean(g_L) = +2.0161 | EMA = +2.0541 | std(g_L) = 0.9638 | grad = 0.6477
step  13480 | loss = -1.9325 | mean(g_L) = +2.0229 | EMA = +2.0497 | std(g_L) = 0.9505 | grad = 0.7820
step  13500 | loss = -1.8902 | mean(g_L) = +2.0151 | EMA = +2.0493 | std(g_L) = 1.1175 | grad = 0.7517
step  13520 | loss = -2.0123 | mean(g_L) = +2.1022 | EMA = +2.0470 | std(g_L) = 0.9483 | grad = 0.9462
step  13540 | loss = -1.9592 | mean(g_L) = +2.0391 | EMA = +2.0864 | std(g_L) = 0.8938 | grad = 0.3434
step  13560 | loss = -1.9224 | mean(g_L) = +2.0070 | EMA = +2.0694 | std(g_L) = 0.9197 | grad = 0.8982
step  13580 | loss = -2.0171 | mean(g_L) = +2.0756 | EMA = +2.0710 | std(g_L) = 0.7644 | grad = 0.5788
step  13600 | loss = -2.1047 | mean(g_L) = +2.1831 | EMA = +2.0532 | std(g_L) = 0.8854 | grad = 0.3437
step  13620 | loss = -1.8667 | mean(g_L) = +1.9493 | EMA = +2.0638 | std(g_L) = 0.9085 | grad = 0.7271
step  13640 | loss = -2.1022 | mean(g_L) = +2.1797 | EMA = +2.0710 | std(g_L) = 0.8803 | grad = 0.6779
step  13660 | loss = -2.0828 | mean(g_L) = +2.1529 | EMA = +2.0848 | std(g_L) = 0.8372 | grad = 1.2412
step  13680 | loss = -1.9288 | mean(g_L) = +2.0117 | EMA = +2.0652 | std(g_L) = 0.9103 | grad = 0.4873
step  13700 | loss = -2.0078 | mean(g_L) = +2.0897 | EMA = +2.0580 | std(g_L) = 0.9052 | grad = 0.8572
step  13720 | loss = -2.0828 | mean(g_L) = +2.1720 | EMA = +2.0669 | std(g_L) = 0.9442 | grad = 0.4951
step  13740 | loss = -1.7108 | mean(g_L) = +1.8503 | EMA = +2.0599 | std(g_L) = 1.1813 | grad = 0.6639
step  13760 | loss = -2.0172 | mean(g_L) = +2.1003 | EMA = +2.0660 | std(g_L) = 0.9114 | grad = 0.7304
step  13780 | loss = -1.9586 | mean(g_L) = +2.0423 | EMA = +2.0828 | std(g_L) = 0.9150 | grad = 0.6452
step  13800 | loss = -1.8253 | mean(g_L) = +1.9403 | EMA = +2.0946 | std(g_L) = 1.0723 | grad = 0.8294
step  13820 | loss = -2.0643 | mean(g_L) = +2.1303 | EMA = +2.0795 | std(g_L) = 0.8127 | grad = 0.2700
step  13840 | loss = -1.8951 | mean(g_L) = +1.9974 | EMA = +2.0645 | std(g_L) = 1.0116 | grad = 0.3700
step  13860 | loss = -2.1612 | mean(g_L) = +2.2426 | EMA = +2.0707 | std(g_L) = 0.9026 | grad = 0.3749
step  13880 | loss = -1.8555 | mean(g_L) = +1.9853 | EMA = +2.0804 | std(g_L) = 1.1394 | grad = 0.4600
step  13900 | loss = -1.9926 | mean(g_L) = +2.0991 | EMA = +2.0822 | std(g_L) = 1.0319 | grad = 0.2745
step  13920 | loss = -2.2542 | mean(g_L) = +2.3264 | EMA = +2.0951 | std(g_L) = 0.8496 | grad = 0.4884
step  13940 | loss = -1.9463 | mean(g_L) = +2.0469 | EMA = +2.0743 | std(g_L) = 1.0033 | grad = 0.6162
step  13960 | loss = -2.1001 | mean(g_L) = +2.1602 | EMA = +2.0776 | std(g_L) = 0.7756 | grad = 0.9077
step  13980 | loss = -1.9779 | mean(g_L) = +2.0587 | EMA = +2.0817 | std(g_L) = 0.8992 | grad = 1.1358
step  14000 | loss = -2.0680 | mean(g_L) = +2.1401 | EMA = +2.0873 | std(g_L) = 0.8494 | grad = 1.2149
step  14020 | loss = -2.1605 | mean(g_L) = +2.2259 | EMA = +2.0929 | std(g_L) = 0.8088 | grad = 0.5534
step  14040 | loss = -1.9140 | mean(g_L) = +2.0059 | EMA = +2.0768 | std(g_L) = 0.9585 | grad = 0.4261
step  14060 | loss = -2.0448 | mean(g_L) = +2.1062 | EMA = +2.0582 | std(g_L) = 0.7838 | grad = 0.8281
step  14080 | loss = -2.1549 | mean(g_L) = +2.2066 | EMA = +2.0794 | std(g_L) = 0.7192 | grad = 0.3777
step  14100 | loss = -1.9546 | mean(g_L) = +2.0734 | EMA = +2.0620 | std(g_L) = 1.0900 | grad = 0.7602
step  14120 | loss = -1.7985 | mean(g_L) = +1.9102 | EMA = +2.0510 | std(g_L) = 1.0567 | grad = 0.6854
step  14140 | loss = -1.9619 | mean(g_L) = +2.0447 | EMA = +2.0451 | std(g_L) = 0.9099 | grad = 1.4226
step  14160 | loss = -1.9521 | mean(g_L) = +2.0396 | EMA = +2.0730 | std(g_L) = 0.9352 | grad = 0.7752
step  14180 | loss = -1.9763 | mean(g_L) = +2.0640 | EMA = +2.0620 | std(g_L) = 0.9364 | grad = 0.5056
step  14200 | loss = -1.9472 | mean(g_L) = +2.0458 | EMA = +2.0833 | std(g_L) = 0.9929 | grad = 0.8302
step  14220 | loss = -1.8925 | mean(g_L) = +2.0191 | EMA = +2.0444 | std(g_L) = 1.1254 | grad = 2.0713
step  14240 | loss = -1.9456 | mean(g_L) = +2.0384 | EMA = +2.0737 | std(g_L) = 0.9634 | grad = 1.0011
step  14260 | loss = -2.0613 | mean(g_L) = +2.1386 | EMA = +2.0998 | std(g_L) = 0.8792 | grad = 1.0430
step  14280 | loss = -1.8647 | mean(g_L) = +1.9798 | EMA = +2.0660 | std(g_L) = 1.0729 | grad = 0.3312
step  14300 | loss = -1.8828 | mean(g_L) = +1.9694 | EMA = +2.0642 | std(g_L) = 0.9308 | grad = 0.6064
step  14320 | loss = -1.9715 | mean(g_L) = +2.0438 | EMA = +2.0909 | std(g_L) = 0.8505 | grad = 0.2716
step  14340 | loss = -1.9821 | mean(g_L) = +2.0541 | EMA = +2.0600 | std(g_L) = 0.8487 | grad = 1.7611
step  14360 | loss = -1.8805 | mean(g_L) = +1.9876 | EMA = +2.0578 | std(g_L) = 1.0348 | grad = 0.5774
step  14380 | loss = -2.0274 | mean(g_L) = +2.1024 | EMA = +2.0521 | std(g_L) = 0.8663 | grad = 0.9304
step  14400 | loss = -2.0252 | mean(g_L) = +2.1267 | EMA = +2.0653 | std(g_L) = 1.0075 | grad = 0.3365
step  14420 | loss = -2.0461 | mean(g_L) = +2.1420 | EMA = +2.0858 | std(g_L) = 0.9789 | grad = 0.6976
step  14440 | loss = -1.9991 | mean(g_L) = +2.0966 | EMA = +2.0791 | std(g_L) = 0.9872 | grad = 0.9776
step  14460 | loss = -2.0216 | mean(g_L) = +2.0974 | EMA = +2.0749 | std(g_L) = 0.8708 | grad = 0.4607
step  14480 | loss = -2.0720 | mean(g_L) = +2.1313 | EMA = +2.0683 | std(g_L) = 0.7701 | grad = 0.4735
step  14500 | loss = -2.0016 | mean(g_L) = +2.0871 | EMA = +2.0626 | std(g_L) = 0.9249 | grad = 0.4075
step  14520 | loss = -1.9060 | mean(g_L) = +1.9981 | EMA = +2.0708 | std(g_L) = 0.9596 | grad = 0.4868
step  14540 | loss = -1.9867 | mean(g_L) = +2.0529 | EMA = +2.0634 | std(g_L) = 0.8138 | grad = 1.0549
step  14560 | loss = -2.0851 | mean(g_L) = +2.1634 | EMA = +2.0777 | std(g_L) = 0.8846 | grad = 0.9290
step  14580 | loss = -1.8823 | mean(g_L) = +1.9908 | EMA = +2.0476 | std(g_L) = 1.0414 | grad = 0.6812
step  14600 | loss = -1.8182 | mean(g_L) = +1.9293 | EMA = +2.0728 | std(g_L) = 1.0539 | grad = 0.6730
step  14620 | loss = -2.1193 | mean(g_L) = +2.1858 | EMA = +2.0836 | std(g_L) = 0.8153 | grad = 0.6956
step  14640 | loss = -2.0578 | mean(g_L) = +2.1219 | EMA = +2.0857 | std(g_L) = 0.8009 | grad = 0.4401
step  14660 | loss = -1.9340 | mean(g_L) = +2.0217 | EMA = +2.0919 | std(g_L) = 0.9365 | grad = 0.3761
step  14680 | loss = -2.0108 | mean(g_L) = +2.0967 | EMA = +2.0797 | std(g_L) = 0.9268 | grad = 1.0165
step  14700 | loss = -1.9180 | mean(g_L) = +2.0196 | EMA = +2.0745 | std(g_L) = 1.0079 | grad = 0.5400
step  14720 | loss = -1.9155 | mean(g_L) = +1.9864 | EMA = +2.0844 | std(g_L) = 0.8423 | grad = 1.6587
step  14740 | loss = -1.9768 | mean(g_L) = +2.0671 | EMA = +2.0798 | std(g_L) = 0.9501 | grad = 0.5441
step  14760 | loss = -1.8830 | mean(g_L) = +1.9737 | EMA = +2.0494 | std(g_L) = 0.9524 | grad = 0.6564
step  14780 | loss = -2.0278 | mean(g_L) = +2.0998 | EMA = +2.0767 | std(g_L) = 0.8487 | grad = 0.4227
step  14800 | loss = -2.2000 | mean(g_L) = +2.2654 | EMA = +2.0754 | std(g_L) = 0.8085 | grad = 0.6336
step  14820 | loss = -1.9551 | mean(g_L) = +2.0282 | EMA = +2.0755 | std(g_L) = 0.8547 | grad = 0.6123
step  14840 | loss = -2.0011 | mean(g_L) = +2.0882 | EMA = +2.0662 | std(g_L) = 0.9330 | grad = 0.6681
step  14860 | loss = -2.0606 | mean(g_L) = +2.1345 | EMA = +2.0697 | std(g_L) = 0.8598 | grad = 1.2541
step  14880 | loss = -1.9335 | mean(g_L) = +2.0152 | EMA = +2.0588 | std(g_L) = 0.9039 | grad = 0.4438
step  14900 | loss = -1.9742 | mean(g_L) = +2.0493 | EMA = +2.0751 | std(g_L) = 0.8667 | grad = 0.6726
step  14920 | loss = -2.1825 | mean(g_L) = +2.2371 | EMA = +2.0875 | std(g_L) = 0.7392 | grad = 0.4617
step  14940 | loss = -2.0632 | mean(g_L) = +2.1615 | EMA = +2.0881 | std(g_L) = 0.9916 | grad = 0.2561
step  14960 | loss = -1.9739 | mean(g_L) = +2.0757 | EMA = +2.0656 | std(g_L) = 1.0089 | grad = 0.5051
step  14980 | loss = -1.9463 | mean(g_L) = +2.0230 | EMA = +2.0330 | std(g_L) = 0.8754 | grad = 0.6033
step  15000 | loss = -2.1543 | mean(g_L) = +2.2077 | EMA = +2.0679 | std(g_L) = 0.7311 | grad = 0.7737
T=5 finished.
