Device: cuda
N antennas : 8
Ns         : 127
step      1 | loss = -0.3767 | g_L = +0.3767 | EMA = +0.3767 | std(g_L) = 0.8029 | grad = 0.0589
step     20 | loss = -0.2988 | g_L = +0.2988 | EMA = +0.3326 | std(g_L) = 0.7331 | grad = 0.0289
step     40 | loss = -0.3090 | g_L = +0.3090 | EMA = +0.3164 | std(g_L) = 0.7181 | grad = 0.0342
step     60 | loss = -0.4510 | g_L = +0.4510 | EMA = +0.3274 | std(g_L) = 0.8658 | grad = 0.0719
step     80 | loss = -0.4101 | g_L = +0.4101 | EMA = +0.3527 | std(g_L) = 0.8171 | grad = 0.0847
step    100 | loss = -0.3833 | g_L = +0.3833 | EMA = +0.3893 | std(g_L) = 0.8314 | grad = 0.0970
step    120 | loss = -0.4598 | g_L = +0.4598 | EMA = +0.4314 | std(g_L) = 0.9761 | grad = 0.1684
step    140 | loss = -0.5710 | g_L = +0.5710 | EMA = +0.4976 | std(g_L) = 1.0222 | grad = 0.1571
step    160 | loss = -0.6688 | g_L = +0.6688 | EMA = +0.5649 | std(g_L) = 1.0839 | grad = 0.1610
step    180 | loss = -0.6497 | g_L = +0.6497 | EMA = +0.6181 | std(g_L) = 1.1366 | grad = 0.0957
step    200 | loss = -0.7736 | g_L = +0.7736 | EMA = +0.6786 | std(g_L) = 1.1874 | grad = 0.1424
step    220 | loss = -0.8181 | g_L = +0.8181 | EMA = +0.7273 | std(g_L) = 1.2023 | grad = 0.2205
step    240 | loss = -0.8243 | g_L = +0.8243 | EMA = +0.7876 | std(g_L) = 1.1296 | grad = 0.2934
step    260 | loss = -0.8793 | g_L = +0.8793 | EMA = +0.8506 | std(g_L) = 1.1215 | grad = 0.1905
step    280 | loss = -1.0395 | g_L = +1.0395 | EMA = +0.9101 | std(g_L) = 1.1242 | grad = 0.1385
step    300 | loss = -1.0482 | g_L = +1.0482 | EMA = +0.9515 | std(g_L) = 1.0711 | grad = 0.0685
step    320 | loss = -0.9253 | g_L = +0.9253 | EMA = +0.9715 | std(g_L) = 1.0476 | grad = 0.0674
step    340 | loss = -1.0101 | g_L = +1.0101 | EMA = +0.9855 | std(g_L) = 1.1464 | grad = 0.2286
step    360 | loss = -1.0932 | g_L = +1.0932 | EMA = +1.0140 | std(g_L) = 1.1643 | grad = 0.1799
step    380 | loss = -1.0233 | g_L = +1.0233 | EMA = +1.0293 | std(g_L) = 1.1295 | grad = 0.2794
step    400 | loss = -0.9678 | g_L = +0.9678 | EMA = +1.0405 | std(g_L) = 1.2096 | grad = 0.1348
step    420 | loss = -1.0652 | g_L = +1.0652 | EMA = +1.0569 | std(g_L) = 1.2348 | grad = 0.1822
step    440 | loss = -0.9618 | g_L = +0.9618 | EMA = +1.0382 | std(g_L) = 1.1625 | grad = 0.1558
step    460 | loss = -1.0565 | g_L = +1.0565 | EMA = +1.0310 | std(g_L) = 1.1474 | grad = 0.2188
step    480 | loss = -1.0748 | g_L = +1.0748 | EMA = +1.0527 | std(g_L) = 1.2182 | grad = 0.1260
step    500 | loss = -0.9918 | g_L = +0.9918 | EMA = +1.0382 | std(g_L) = 1.1700 | grad = 0.1273
step    520 | loss = -1.0967 | g_L = +1.0967 | EMA = +1.0406 | std(g_L) = 1.1447 | grad = 0.1948
step    540 | loss = -1.1049 | g_L = +1.1049 | EMA = +1.0463 | std(g_L) = 1.1280 | grad = 0.0931
step    560 | loss = -1.0589 | g_L = +1.0589 | EMA = +1.0448 | std(g_L) = 1.1730 | grad = 0.2072
step    580 | loss = -1.1319 | g_L = +1.1319 | EMA = +1.0509 | std(g_L) = 1.1320 | grad = 0.1184
step    600 | loss = -0.9771 | g_L = +0.9771 | EMA = +1.0435 | std(g_L) = 1.1251 | grad = 0.1767
step    620 | loss = -0.9608 | g_L = +0.9608 | EMA = +1.0447 | std(g_L) = 1.2216 | grad = 0.1336
step    640 | loss = -0.9999 | g_L = +0.9999 | EMA = +1.0445 | std(g_L) = 1.2023 | grad = 0.1313
step    660 | loss = -1.0596 | g_L = +1.0596 | EMA = +1.0468 | std(g_L) = 1.1559 | grad = 0.1372
step    680 | loss = -1.0406 | g_L = +1.0406 | EMA = +1.0521 | std(g_L) = 1.1532 | grad = 0.1704
step    700 | loss = -1.0833 | g_L = +1.0833 | EMA = +1.0461 | std(g_L) = 1.2288 | grad = 0.1737
step    720 | loss = -1.0798 | g_L = +1.0798 | EMA = +1.0534 | std(g_L) = 1.1283 | grad = 0.1466
step    740 | loss = -1.0524 | g_L = +1.0524 | EMA = +1.0474 | std(g_L) = 1.1750 | grad = 0.1238
step    760 | loss = -1.1096 | g_L = +1.1096 | EMA = +1.0494 | std(g_L) = 1.1608 | grad = 0.2465
step    780 | loss = -1.0897 | g_L = +1.0897 | EMA = +1.0417 | std(g_L) = 1.2423 | grad = 0.1556
step    800 | loss = -1.1357 | g_L = +1.1357 | EMA = +1.0536 | std(g_L) = 1.1372 | grad = 0.2383
step    820 | loss = -1.0624 | g_L = +1.0624 | EMA = +1.0491 | std(g_L) = 1.1605 | grad = 0.2458
step    840 | loss = -1.0416 | g_L = +1.0416 | EMA = +1.0509 | std(g_L) = 1.2028 | grad = 0.0923
step    860 | loss = -0.9971 | g_L = +0.9971 | EMA = +1.0397 | std(g_L) = 1.1126 | grad = 0.2381
step    880 | loss = -1.0934 | g_L = +1.0934 | EMA = +1.0644 | std(g_L) = 1.1657 | grad = 0.1056
step    900 | loss = -0.9896 | g_L = +0.9896 | EMA = +1.0459 | std(g_L) = 1.2485 | grad = 0.0785
step    920 | loss = -1.0594 | g_L = +1.0594 | EMA = +1.0427 | std(g_L) = 1.1322 | grad = 0.0746
step    940 | loss = -1.0748 | g_L = +1.0748 | EMA = +1.0469 | std(g_L) = 1.1520 | grad = 0.1488
step    960 | loss = -1.0622 | g_L = +1.0622 | EMA = +1.0484 | std(g_L) = 1.1664 | grad = 0.1780
step    980 | loss = -0.9701 | g_L = +0.9701 | EMA = +1.0427 | std(g_L) = 1.1462 | grad = 0.1616
step   1000 | loss = -1.0718 | g_L = +1.0718 | EMA = +1.0365 | std(g_L) = 1.1908 | grad = 0.1353
step   1020 | loss = -0.9665 | g_L = +0.9665 | EMA = +1.0444 | std(g_L) = 1.1320 | grad = 0.1021
step   1040 | loss = -0.9522 | g_L = +0.9522 | EMA = +1.0420 | std(g_L) = 1.1546 | grad = 0.1440
step   1060 | loss = -0.9844 | g_L = +0.9844 | EMA = +1.0278 | std(g_L) = 1.2022 | grad = 0.1926
step   1080 | loss = -1.0934 | g_L = +1.0934 | EMA = +1.0306 | std(g_L) = 1.1863 | grad = 0.1075
step   1100 | loss = -0.9938 | g_L = +0.9938 | EMA = +1.0405 | std(g_L) = 1.1957 | grad = 0.0984
step   1120 | loss = -1.0622 | g_L = +1.0622 | EMA = +1.0580 | std(g_L) = 1.1482 | grad = 0.0897
step   1140 | loss = -1.0106 | g_L = +1.0106 | EMA = +1.0455 | std(g_L) = 1.1037 | grad = 0.1675
step   1160 | loss = -1.0135 | g_L = +1.0135 | EMA = +1.0429 | std(g_L) = 1.1854 | grad = 0.1060
step   1180 | loss = -1.0659 | g_L = +1.0659 | EMA = +1.0527 | std(g_L) = 1.1559 | grad = 0.1391
step   1200 | loss = -1.1067 | g_L = +1.1067 | EMA = +1.0704 | std(g_L) = 1.1829 | grad = 0.1548
step   1220 | loss = -1.0837 | g_L = +1.0837 | EMA = +1.0784 | std(g_L) = 1.1618 | grad = 0.1460
step   1240 | loss = -1.1071 | g_L = +1.1071 | EMA = +1.0514 | std(g_L) = 1.1964 | grad = 0.1532
step   1260 | loss = -0.9867 | g_L = +0.9867 | EMA = +1.0431 | std(g_L) = 1.1572 | grad = 0.2002
step   1280 | loss = -1.1409 | g_L = +1.1409 | EMA = +1.0531 | std(g_L) = 1.1769 | grad = 0.3219
step   1300 | loss = -1.0982 | g_L = +1.0982 | EMA = +1.0706 | std(g_L) = 1.2137 | grad = 0.1117
step   1320 | loss = -1.1573 | g_L = +1.1573 | EMA = +1.0634 | std(g_L) = 1.1754 | grad = 0.1031
step   1340 | loss = -1.0945 | g_L = +1.0945 | EMA = +1.0511 | std(g_L) = 1.1549 | grad = 0.1348
step   1360 | loss = -1.1013 | g_L = +1.1013 | EMA = +1.0549 | std(g_L) = 1.1297 | grad = 0.3336
step   1380 | loss = -1.0644 | g_L = +1.0644 | EMA = +1.0543 | std(g_L) = 1.2148 | grad = 0.1764
step   1400 | loss = -1.1417 | g_L = +1.1417 | EMA = +1.0552 | std(g_L) = 1.1044 | grad = 0.3268
step   1420 | loss = -1.0274 | g_L = +1.0274 | EMA = +1.0560 | std(g_L) = 1.1656 | grad = 0.2590
step   1440 | loss = -1.0317 | g_L = +1.0317 | EMA = +1.0454 | std(g_L) = 1.1646 | grad = 0.1846
step   1460 | loss = -1.1577 | g_L = +1.1577 | EMA = +1.0552 | std(g_L) = 1.1840 | grad = 0.1720
step   1480 | loss = -1.0882 | g_L = +1.0882 | EMA = +1.0566 | std(g_L) = 1.1752 | grad = 0.1342
step   1500 | loss = -1.0750 | g_L = +1.0750 | EMA = +1.0519 | std(g_L) = 1.1662 | grad = 0.0757
step   1520 | loss = -1.0711 | g_L = +1.0711 | EMA = +1.0621 | std(g_L) = 1.2145 | grad = 0.0723
step   1540 | loss = -1.0650 | g_L = +1.0650 | EMA = +1.0548 | std(g_L) = 1.2255 | grad = 0.1341
step   1560 | loss = -1.1352 | g_L = +1.1352 | EMA = +1.0687 | std(g_L) = 1.2233 | grad = 0.2739
step   1580 | loss = -0.9603 | g_L = +0.9603 | EMA = +1.0539 | std(g_L) = 1.1617 | grad = 0.2746
step   1600 | loss = -1.0818 | g_L = +1.0818 | EMA = +1.0540 | std(g_L) = 1.1803 | grad = 0.2197
step   1620 | loss = -1.0930 | g_L = +1.0930 | EMA = +1.0719 | std(g_L) = 1.2429 | grad = 0.1872
step   1640 | loss = -1.0581 | g_L = +1.0581 | EMA = +1.0625 | std(g_L) = 1.1798 | grad = 0.2043
step   1660 | loss = -1.0689 | g_L = +1.0689 | EMA = +1.0678 | std(g_L) = 1.1437 | grad = 0.2517
step   1680 | loss = -1.0593 | g_L = +1.0593 | EMA = +1.0686 | std(g_L) = 1.1862 | grad = 0.1854
step   1700 | loss = -1.0954 | g_L = +1.0954 | EMA = +1.0581 | std(g_L) = 1.1632 | grad = 0.1987
step   1720 | loss = -1.0500 | g_L = +1.0500 | EMA = +1.0647 | std(g_L) = 1.1710 | grad = 0.0871
step   1740 | loss = -1.0593 | g_L = +1.0593 | EMA = +1.0596 | std(g_L) = 1.1977 | grad = 0.1602
step   1760 | loss = -1.0851 | g_L = +1.0851 | EMA = +1.0745 | std(g_L) = 1.1438 | grad = 0.3129
step   1780 | loss = -1.0559 | g_L = +1.0559 | EMA = +1.0684 | std(g_L) = 1.1911 | grad = 0.2565
step   1800 | loss = -1.1350 | g_L = +1.1350 | EMA = +1.0791 | std(g_L) = 1.1428 | grad = 0.1935
step   1820 | loss = -1.0667 | g_L = +1.0667 | EMA = +1.0874 | std(g_L) = 1.1782 | grad = 0.2031
step   1840 | loss = -1.1786 | g_L = +1.1786 | EMA = +1.0845 | std(g_L) = 1.1652 | grad = 0.0933
step   1860 | loss = -1.0541 | g_L = +1.0541 | EMA = +1.0843 | std(g_L) = 1.1152 | grad = 0.2427
step   1880 | loss = -1.0651 | g_L = +1.0651 | EMA = +1.0907 | std(g_L) = 1.1236 | grad = 0.3476
step   1900 | loss = -1.1834 | g_L = +1.1834 | EMA = +1.0923 | std(g_L) = 1.1012 | grad = 0.1388
step   1920 | loss = -0.9751 | g_L = +0.9751 | EMA = +1.0952 | std(g_L) = 1.0934 | grad = 0.2234
step   1940 | loss = -1.0791 | g_L = +1.0791 | EMA = +1.1091 | std(g_L) = 1.1265 | grad = 0.0952
step   1960 | loss = -1.0736 | g_L = +1.0736 | EMA = +1.1122 | std(g_L) = 1.0844 | grad = 0.1091
step   1980 | loss = -1.0179 | g_L = +1.0179 | EMA = +1.1028 | std(g_L) = 1.1094 | grad = 0.1647
step   2000 | loss = -1.1561 | g_L = +1.1561 | EMA = +1.1161 | std(g_L) = 1.1011 | grad = 0.1266
step   2020 | loss = -1.0585 | g_L = +1.0585 | EMA = +1.1078 | std(g_L) = 1.1127 | grad = 0.1213
step   2040 | loss = -1.1059 | g_L = +1.1059 | EMA = +1.1101 | std(g_L) = 1.1440 | grad = 0.2065
step   2060 | loss = -1.1538 | g_L = +1.1538 | EMA = +1.1142 | std(g_L) = 1.1378 | grad = 0.2688
step   2080 | loss = -1.1226 | g_L = +1.1226 | EMA = +1.1040 | std(g_L) = 1.1876 | grad = 0.1358
step   2100 | loss = -1.1498 | g_L = +1.1498 | EMA = +1.1080 | std(g_L) = 1.1459 | grad = 0.2343
step   2120 | loss = -1.1445 | g_L = +1.1445 | EMA = +1.1202 | std(g_L) = 1.1828 | grad = 0.2409
step   2140 | loss = -1.1182 | g_L = +1.1182 | EMA = +1.1157 | std(g_L) = 1.1150 | grad = 0.2430
step   2160 | loss = -1.0927 | g_L = +1.0927 | EMA = +1.1157 | std(g_L) = 1.0954 | grad = 0.2541
step   2180 | loss = -1.1533 | g_L = +1.1533 | EMA = +1.1360 | std(g_L) = 1.1105 | grad = 0.1552
step   2200 | loss = -1.1213 | g_L = +1.1213 | EMA = +1.1332 | std(g_L) = 1.1332 | grad = 0.1358
step   2220 | loss = -1.0313 | g_L = +1.0313 | EMA = +1.1276 | std(g_L) = 1.1246 | grad = 0.1087
step   2240 | loss = -1.2107 | g_L = +1.2107 | EMA = +1.1354 | std(g_L) = 1.1634 | grad = 0.1248
step   2260 | loss = -1.0752 | g_L = +1.0752 | EMA = +1.1179 | std(g_L) = 1.1269 | grad = 0.1642
step   2280 | loss = -1.1014 | g_L = +1.1014 | EMA = +1.1193 | std(g_L) = 1.1301 | grad = 0.2117
step   2300 | loss = -1.0862 | g_L = +1.0862 | EMA = +1.1212 | std(g_L) = 1.0294 | grad = 0.1904
step   2320 | loss = -1.1752 | g_L = +1.1752 | EMA = +1.1218 | std(g_L) = 1.1195 | grad = 0.1841
step   2340 | loss = -1.0320 | g_L = +1.0320 | EMA = +1.1213 | std(g_L) = 1.0862 | grad = 0.1804
step   2360 | loss = -1.1915 | g_L = +1.1915 | EMA = +1.1271 | std(g_L) = 1.1442 | grad = 0.1208
step   2380 | loss = -1.0915 | g_L = +1.0915 | EMA = +1.1304 | std(g_L) = 1.1224 | grad = 0.0815
step   2400 | loss = -1.1530 | g_L = +1.1530 | EMA = +1.1353 | std(g_L) = 1.0816 | grad = 0.1076
step   2420 | loss = -1.1199 | g_L = +1.1199 | EMA = +1.1330 | std(g_L) = 1.0588 | grad = 0.1330
step   2440 | loss = -1.1158 | g_L = +1.1158 | EMA = +1.1298 | std(g_L) = 1.1713 | grad = 0.2038
step   2460 | loss = -1.1255 | g_L = +1.1255 | EMA = +1.1431 | std(g_L) = 1.1067 | grad = 0.2423
step   2480 | loss = -1.0994 | g_L = +1.0994 | EMA = +1.1425 | std(g_L) = 1.1063 | grad = 0.1211
step   2500 | loss = -1.2096 | g_L = +1.2096 | EMA = +1.1419 | std(g_L) = 1.0820 | grad = 0.1417
step   2520 | loss = -1.1855 | g_L = +1.1855 | EMA = +1.1468 | std(g_L) = 1.1594 | grad = 0.1988
step   2540 | loss = -1.1387 | g_L = +1.1387 | EMA = +1.1432 | std(g_L) = 1.1400 | grad = 0.2247
step   2560 | loss = -1.1189 | g_L = +1.1189 | EMA = +1.1344 | std(g_L) = 1.0353 | grad = 0.3042
step   2580 | loss = -1.1200 | g_L = +1.1200 | EMA = +1.1436 | std(g_L) = 1.0035 | grad = 0.1561
step   2600 | loss = -1.0684 | g_L = +1.0684 | EMA = +1.1422 | std(g_L) = 1.0084 | grad = 0.2200
step   2620 | loss = -1.1069 | g_L = +1.1069 | EMA = +1.1362 | std(g_L) = 1.0545 | grad = 0.1574
step   2640 | loss = -1.1538 | g_L = +1.1538 | EMA = +1.1443 | std(g_L) = 1.0570 | grad = 0.1174
step   2660 | loss = -1.2139 | g_L = +1.2139 | EMA = +1.1436 | std(g_L) = 1.1063 | grad = 0.1804
step   2680 | loss = -1.1181 | g_L = +1.1181 | EMA = +1.1386 | std(g_L) = 1.0716 | grad = 0.2304
step   2700 | loss = -1.1488 | g_L = +1.1488 | EMA = +1.1503 | std(g_L) = 1.0588 | grad = 0.2012
step   2720 | loss = -1.1587 | g_L = +1.1587 | EMA = +1.1447 | std(g_L) = 1.0774 | grad = 0.0966
step   2740 | loss = -1.0910 | g_L = +1.0910 | EMA = +1.1382 | std(g_L) = 1.0592 | grad = 0.2695
step   2760 | loss = -1.1513 | g_L = +1.1513 | EMA = +1.1359 | std(g_L) = 1.0715 | grad = 0.1200
step   2780 | loss = -1.1276 | g_L = +1.1276 | EMA = +1.1324 | std(g_L) = 1.0307 | grad = 0.1417
step   2800 | loss = -1.1183 | g_L = +1.1183 | EMA = +1.1329 | std(g_L) = 1.1251 | grad = 0.0961
step   2820 | loss = -1.1432 | g_L = +1.1432 | EMA = +1.1433 | std(g_L) = 1.0923 | grad = 0.0988
step   2840 | loss = -1.0982 | g_L = +1.0982 | EMA = +1.1438 | std(g_L) = 1.0740 | grad = 0.2228
step   2860 | loss = -1.2129 | g_L = +1.2129 | EMA = +1.1538 | std(g_L) = 1.0391 | grad = 0.1111
step   2880 | loss = -1.1620 | g_L = +1.1620 | EMA = +1.1400 | std(g_L) = 1.0883 | grad = 0.2712
step   2900 | loss = -1.1808 | g_L = +1.1808 | EMA = +1.1307 | std(g_L) = 1.0844 | grad = 0.0584
step   2920 | loss = -1.1380 | g_L = +1.1380 | EMA = +1.1348 | std(g_L) = 1.1504 | grad = 0.2163
step   2940 | loss = -1.2369 | g_L = +1.2369 | EMA = +1.1489 | std(g_L) = 1.0966 | grad = 0.0883
step   2960 | loss = -1.0905 | g_L = +1.0905 | EMA = +1.1350 | std(g_L) = 0.9829 | grad = 0.1685
step   2980 | loss = -1.0683 | g_L = +1.0683 | EMA = +1.1288 | std(g_L) = 1.0673 | grad = 0.2307
step   3000 | loss = -1.1622 | g_L = +1.1622 | EMA = +1.1418 | std(g_L) = 1.0777 | grad = 0.1279
step   3020 | loss = -1.0670 | g_L = +1.0670 | EMA = +1.1382 | std(g_L) = 1.0411 | grad = 0.1807
step   3040 | loss = -1.0798 | g_L = +1.0798 | EMA = +1.1261 | std(g_L) = 1.0568 | grad = 0.1077
step   3060 | loss = -1.1390 | g_L = +1.1390 | EMA = +1.1359 | std(g_L) = 1.0975 | grad = 0.1825
step   3080 | loss = -1.1626 | g_L = +1.1626 | EMA = +1.1387 | std(g_L) = 1.0493 | grad = 0.1337
step   3100 | loss = -1.1663 | g_L = +1.1663 | EMA = +1.1364 | std(g_L) = 1.1005 | grad = 0.0845
step   3120 | loss = -1.1464 | g_L = +1.1464 | EMA = +1.1418 | std(g_L) = 1.0566 | grad = 0.1375
step   3140 | loss = -1.2773 | g_L = +1.2773 | EMA = +1.1484 | std(g_L) = 1.1256 | grad = 0.2262
step   3160 | loss = -1.2118 | g_L = +1.2118 | EMA = +1.1383 | std(g_L) = 1.0648 | grad = 0.1327
step   3180 | loss = -1.1534 | g_L = +1.1534 | EMA = +1.1384 | std(g_L) = 1.0047 | grad = 0.1956
step   3200 | loss = -1.0577 | g_L = +1.0577 | EMA = +1.1272 | std(g_L) = 1.0665 | grad = 0.1297
step   3220 | loss = -1.2220 | g_L = +1.2220 | EMA = +1.1300 | std(g_L) = 1.0528 | grad = 0.2601
step   3240 | loss = -1.1496 | g_L = +1.1496 | EMA = +1.1447 | std(g_L) = 1.0601 | grad = 0.1328
step   3260 | loss = -1.1910 | g_L = +1.1910 | EMA = +1.1408 | std(g_L) = 1.0579 | grad = 0.1675
step   3280 | loss = -1.1384 | g_L = +1.1384 | EMA = +1.1328 | std(g_L) = 1.0232 | grad = 0.1047
step   3300 | loss = -1.0865 | g_L = +1.0865 | EMA = +1.1332 | std(g_L) = 1.0599 | grad = 0.1315
step   3320 | loss = -1.2175 | g_L = +1.2175 | EMA = +1.1371 | std(g_L) = 1.0777 | grad = 0.2580
step   3340 | loss = -1.2064 | g_L = +1.2064 | EMA = +1.1461 | std(g_L) = 1.0954 | grad = 0.0887
step   3360 | loss = -1.1607 | g_L = +1.1607 | EMA = +1.1436 | std(g_L) = 1.0217 | grad = 0.1793
step   3380 | loss = -1.1414 | g_L = +1.1414 | EMA = +1.1379 | std(g_L) = 1.0408 | grad = 0.2496
step   3400 | loss = -1.1753 | g_L = +1.1753 | EMA = +1.1381 | std(g_L) = 1.0534 | grad = 0.0872
step   3420 | loss = -1.2105 | g_L = +1.2105 | EMA = +1.1459 | std(g_L) = 1.0330 | grad = 0.0595
step   3440 | loss = -1.1744 | g_L = +1.1744 | EMA = +1.1439 | std(g_L) = 1.1255 | grad = 0.1559
step   3460 | loss = -1.1234 | g_L = +1.1234 | EMA = +1.1354 | std(g_L) = 1.0369 | grad = 0.1511
step   3480 | loss = -1.1485 | g_L = +1.1485 | EMA = +1.1388 | std(g_L) = 1.1426 | grad = 0.1689
step   3500 | loss = -1.1297 | g_L = +1.1297 | EMA = +1.1312 | std(g_L) = 1.0663 | grad = 0.1771
step   3520 | loss = -1.1977 | g_L = +1.1977 | EMA = +1.1344 | std(g_L) = 1.0917 | grad = 0.1792
step   3540 | loss = -1.1649 | g_L = +1.1649 | EMA = +1.1384 | std(g_L) = 1.0701 | grad = 0.1585
step   3560 | loss = -1.1493 | g_L = +1.1493 | EMA = +1.1512 | std(g_L) = 1.0486 | grad = 0.1943
step   3580 | loss = -1.1567 | g_L = +1.1567 | EMA = +1.1446 | std(g_L) = 1.0760 | grad = 0.2089
step   3600 | loss = -1.1420 | g_L = +1.1420 | EMA = +1.1431 | std(g_L) = 1.0817 | grad = 0.1490
step   3620 | loss = -1.1123 | g_L = +1.1123 | EMA = +1.1409 | std(g_L) = 1.0475 | grad = 0.1624
step   3640 | loss = -1.1828 | g_L = +1.1828 | EMA = +1.1352 | std(g_L) = 1.1144 | grad = 0.1080
step   3660 | loss = -1.1325 | g_L = +1.1325 | EMA = +1.1303 | std(g_L) = 1.0006 | grad = 0.0887
step   3680 | loss = -1.1236 | g_L = +1.1236 | EMA = +1.1407 | std(g_L) = 1.1100 | grad = 0.1404
step   3700 | loss = -1.2147 | g_L = +1.2147 | EMA = +1.1333 | std(g_L) = 1.0464 | grad = 0.2404
step   3720 | loss = -1.1879 | g_L = +1.1879 | EMA = +1.1409 | std(g_L) = 1.0969 | grad = 0.1047
step   3740 | loss = -1.1537 | g_L = +1.1537 | EMA = +1.1589 | std(g_L) = 1.0850 | grad = 0.1852
step   3760 | loss = -1.1769 | g_L = +1.1769 | EMA = +1.1485 | std(g_L) = 1.1070 | grad = 0.0834
step   3780 | loss = -1.1300 | g_L = +1.1300 | EMA = +1.1402 | std(g_L) = 1.0704 | grad = 0.1939
step   3800 | loss = -1.1562 | g_L = +1.1562 | EMA = +1.1401 | std(g_L) = 1.0469 | grad = 0.1729
step   3820 | loss = -1.1751 | g_L = +1.1751 | EMA = +1.1574 | std(g_L) = 1.0956 | grad = 0.1431
step   3840 | loss = -1.1377 | g_L = +1.1377 | EMA = +1.1532 | std(g_L) = 1.0781 | grad = 0.1431
step   3860 | loss = -1.1629 | g_L = +1.1629 | EMA = +1.1424 | std(g_L) = 1.0898 | grad = 0.2485
step   3880 | loss = -1.1623 | g_L = +1.1623 | EMA = +1.1380 | std(g_L) = 1.0680 | grad = 0.1873
step   3900 | loss = -1.1566 | g_L = +1.1566 | EMA = +1.1461 | std(g_L) = 1.0716 | grad = 0.1512
step   3920 | loss = -1.1272 | g_L = +1.1272 | EMA = +1.1517 | std(g_L) = 1.1299 | grad = 0.1314
step   3940 | loss = -1.1537 | g_L = +1.1537 | EMA = +1.1520 | std(g_L) = 1.0806 | grad = 0.1513
step   3960 | loss = -1.2458 | g_L = +1.2458 | EMA = +1.1558 | std(g_L) = 1.0544 | grad = 0.0828
step   3980 | loss = -1.1542 | g_L = +1.1542 | EMA = +1.1493 | std(g_L) = 1.0718 | grad = 0.1600
step   4000 | loss = -1.1116 | g_L = +1.1116 | EMA = +1.1513 | std(g_L) = 1.0394 | grad = 0.1508
step   4020 | loss = -1.1835 | g_L = +1.1835 | EMA = +1.1533 | std(g_L) = 1.1286 | grad = 0.1077
step   4040 | loss = -1.1473 | g_L = +1.1473 | EMA = +1.1621 | std(g_L) = 1.0519 | grad = 0.1693
step   4060 | loss = -1.0892 | g_L = +1.0892 | EMA = +1.1611 | std(g_L) = 1.1300 | grad = 0.1692
step   4080 | loss = -1.1209 | g_L = +1.1209 | EMA = +1.1541 | std(g_L) = 1.0340 | grad = 0.1754
step   4100 | loss = -1.1941 | g_L = +1.1941 | EMA = +1.1593 | std(g_L) = 1.1044 | grad = 0.2002
step   4120 | loss = -1.2367 | g_L = +1.2367 | EMA = +1.1659 | std(g_L) = 1.1203 | grad = 0.2125
step   4140 | loss = -1.0677 | g_L = +1.0677 | EMA = +1.1511 | std(g_L) = 1.1292 | grad = 0.1722
step   4160 | loss = -1.1469 | g_L = +1.1469 | EMA = +1.1480 | std(g_L) = 1.0355 | grad = 0.3502
step   4180 | loss = -1.1159 | g_L = +1.1159 | EMA = +1.1521 | std(g_L) = 1.0722 | grad = 0.1155
step   4200 | loss = -1.1369 | g_L = +1.1369 | EMA = +1.1491 | std(g_L) = 1.0489 | grad = 0.2017
step   4220 | loss = -1.1906 | g_L = +1.1906 | EMA = +1.1535 | std(g_L) = 1.0689 | grad = 0.1550
step   4240 | loss = -1.1998 | g_L = +1.1998 | EMA = +1.1523 | std(g_L) = 1.0417 | grad = 0.3388
step   4260 | loss = -1.0961 | g_L = +1.0961 | EMA = +1.1498 | std(g_L) = 1.0539 | grad = 0.0819
step   4280 | loss = -1.1519 | g_L = +1.1519 | EMA = +1.1540 | std(g_L) = 1.0516 | grad = 0.1592
step   4300 | loss = -1.0939 | g_L = +1.0939 | EMA = +1.1590 | std(g_L) = 1.0745 | grad = 0.0783
step   4320 | loss = -1.1821 | g_L = +1.1821 | EMA = +1.1592 | std(g_L) = 1.0906 | grad = 0.2159
step   4340 | loss = -1.2105 | g_L = +1.2105 | EMA = +1.1617 | std(g_L) = 1.0494 | grad = 0.0699
step   4360 | loss = -1.2151 | g_L = +1.2151 | EMA = +1.1674 | std(g_L) = 1.1222 | grad = 0.2333
step   4380 | loss = -1.0664 | g_L = +1.0664 | EMA = +1.1606 | std(g_L) = 1.0647 | grad = 0.1492
step   4400 | loss = -1.1577 | g_L = +1.1577 | EMA = +1.1633 | std(g_L) = 1.0799 | grad = 0.1444
step   4420 | loss = -1.1858 | g_L = +1.1858 | EMA = +1.1712 | std(g_L) = 1.0753 | grad = 0.1127
step   4440 | loss = -1.1564 | g_L = +1.1564 | EMA = +1.1587 | std(g_L) = 1.0678 | grad = 0.1765
step   4460 | loss = -1.1583 | g_L = +1.1583 | EMA = +1.1610 | std(g_L) = 1.1153 | grad = 0.1944
step   4480 | loss = -1.1685 | g_L = +1.1685 | EMA = +1.1625 | std(g_L) = 1.1172 | grad = 0.3061
step   4500 | loss = -1.1203 | g_L = +1.1203 | EMA = +1.1720 | std(g_L) = 1.1044 | grad = 0.0613
step   4520 | loss = -1.1846 | g_L = +1.1846 | EMA = +1.1559 | std(g_L) = 1.1053 | grad = 0.2968
step   4540 | loss = -1.1067 | g_L = +1.1067 | EMA = +1.1628 | std(g_L) = 1.0947 | grad = 0.0631
step   4560 | loss = -1.1591 | g_L = +1.1591 | EMA = +1.1636 | std(g_L) = 1.0344 | grad = 0.1890
step   4580 | loss = -1.0691 | g_L = +1.0691 | EMA = +1.1524 | std(g_L) = 1.0474 | grad = 0.2097
step   4600 | loss = -1.1956 | g_L = +1.1956 | EMA = +1.1792 | std(g_L) = 1.0950 | grad = 0.1609
step   4620 | loss = -1.1157 | g_L = +1.1157 | EMA = +1.1729 | std(g_L) = 1.0705 | grad = 0.1332
step   4640 | loss = -1.1181 | g_L = +1.1181 | EMA = +1.1728 | std(g_L) = 1.1403 | grad = 0.2181
step   4660 | loss = -1.1362 | g_L = +1.1362 | EMA = +1.1668 | std(g_L) = 1.1321 | grad = 0.2568
step   4680 | loss = -1.0927 | g_L = +1.0927 | EMA = +1.1682 | std(g_L) = 0.9943 | grad = 0.1851
step   4700 | loss = -1.1657 | g_L = +1.1657 | EMA = +1.1723 | std(g_L) = 1.0733 | grad = 0.1459
step   4720 | loss = -1.1347 | g_L = +1.1347 | EMA = +1.1705 | std(g_L) = 1.1111 | grad = 0.1224
step   4740 | loss = -1.0774 | g_L = +1.0774 | EMA = +1.1705 | std(g_L) = 1.1177 | grad = 0.1326
step   4760 | loss = -1.1712 | g_L = +1.1712 | EMA = +1.1784 | std(g_L) = 1.1387 | grad = 0.0729
step   4780 | loss = -1.0961 | g_L = +1.0961 | EMA = +1.1792 | std(g_L) = 1.0661 | grad = 0.0821
step   4800 | loss = -1.1617 | g_L = +1.1617 | EMA = +1.1713 | std(g_L) = 1.1197 | grad = 0.1847
step   4820 | loss = -1.1664 | g_L = +1.1664 | EMA = +1.1743 | std(g_L) = 1.0804 | grad = 0.2721
step   4840 | loss = -1.1664 | g_L = +1.1664 | EMA = +1.1794 | std(g_L) = 1.1143 | grad = 0.1485
step   4860 | loss = -1.2222 | g_L = +1.2222 | EMA = +1.1812 | std(g_L) = 1.1082 | grad = 0.1867
step   4880 | loss = -1.1972 | g_L = +1.1972 | EMA = +1.1735 | std(g_L) = 1.0716 | grad = 0.0780
step   4900 | loss = -1.1728 | g_L = +1.1728 | EMA = +1.1741 | std(g_L) = 1.1833 | grad = 0.2299
step   4920 | loss = -1.1527 | g_L = +1.1527 | EMA = +1.1708 | std(g_L) = 1.0811 | grad = 0.1018
step   4940 | loss = -1.2741 | g_L = +1.2741 | EMA = +1.1780 | std(g_L) = 1.1878 | grad = 0.0975
step   4960 | loss = -1.1824 | g_L = +1.1824 | EMA = +1.1755 | std(g_L) = 1.1484 | grad = 0.2214
step   4980 | loss = -1.2618 | g_L = +1.2618 | EMA = +1.1901 | std(g_L) = 1.1479 | grad = 0.1073
step   5000 | loss = -1.2744 | g_L = +1.2744 | EMA = +1.2079 | std(g_L) = 1.1009 | grad = 0.2529
step   5020 | loss = -1.1390 | g_L = +1.1390 | EMA = +1.1891 | std(g_L) = 1.0409 | grad = 0.1138
step   5040 | loss = -1.2370 | g_L = +1.2370 | EMA = +1.1921 | std(g_L) = 1.1341 | grad = 0.1337
step   5060 | loss = -1.2458 | g_L = +1.2458 | EMA = +1.2025 | std(g_L) = 1.1051 | grad = 0.1963
step   5080 | loss = -1.2417 | g_L = +1.2417 | EMA = +1.1869 | std(g_L) = 1.1394 | grad = 0.1477
step   5100 | loss = -1.2071 | g_L = +1.2071 | EMA = +1.1929 | std(g_L) = 1.1015 | grad = 0.1157
step   5120 | loss = -1.2723 | g_L = +1.2723 | EMA = +1.1956 | std(g_L) = 1.0690 | grad = 0.1459
step   5140 | loss = -1.1916 | g_L = +1.1916 | EMA = +1.1957 | std(g_L) = 1.0928 | grad = 0.1055
step   5160 | loss = -1.1919 | g_L = +1.1919 | EMA = +1.1894 | std(g_L) = 1.0996 | grad = 0.1304
step   5180 | loss = -1.1706 | g_L = +1.1706 | EMA = +1.1826 | std(g_L) = 1.0909 | grad = 0.1558
step   5200 | loss = -1.2305 | g_L = +1.2305 | EMA = +1.2009 | std(g_L) = 1.0799 | grad = 0.1217
step   5220 | loss = -1.2646 | g_L = +1.2646 | EMA = +1.1948 | std(g_L) = 1.1068 | grad = 0.1753
step   5240 | loss = -1.2069 | g_L = +1.2069 | EMA = +1.2010 | std(g_L) = 1.1368 | grad = 0.2219
step   5260 | loss = -1.3208 | g_L = +1.3208 | EMA = +1.2112 | std(g_L) = 1.1366 | grad = 0.2299
step   5280 | loss = -1.2375 | g_L = +1.2375 | EMA = +1.2144 | std(g_L) = 1.1410 | grad = 0.2228
step   5300 | loss = -1.1310 | g_L = +1.1310 | EMA = +1.2016 | std(g_L) = 1.0981 | grad = 0.1406
step   5320 | loss = -1.1801 | g_L = +1.1801 | EMA = +1.2050 | std(g_L) = 1.1058 | grad = 0.1641
step   5340 | loss = -1.1873 | g_L = +1.1873 | EMA = +1.2073 | std(g_L) = 1.0999 | grad = 0.1397
step   5360 | loss = -1.2526 | g_L = +1.2526 | EMA = +1.2036 | std(g_L) = 1.1670 | grad = 0.1830
step   5380 | loss = -1.2325 | g_L = +1.2325 | EMA = +1.2124 | std(g_L) = 1.1544 | grad = 0.1157
step   5400 | loss = -1.2413 | g_L = +1.2413 | EMA = +1.2153 | std(g_L) = 1.1474 | grad = 0.1665
step   5420 | loss = -1.2035 | g_L = +1.2035 | EMA = +1.2133 | std(g_L) = 1.1450 | grad = 0.1584
step   5440 | loss = -1.1724 | g_L = +1.1724 | EMA = +1.2107 | std(g_L) = 1.1536 | grad = 0.1543
step   5460 | loss = -1.2254 | g_L = +1.2254 | EMA = +1.2118 | std(g_L) = 1.0676 | grad = 0.0986
step   5480 | loss = -1.1877 | g_L = +1.1877 | EMA = +1.2255 | std(g_L) = 1.2076 | grad = 0.1937
step   5500 | loss = -1.1746 | g_L = +1.1746 | EMA = +1.2257 | std(g_L) = 1.1250 | grad = 0.1146
step   5520 | loss = -1.2452 | g_L = +1.2452 | EMA = +1.2268 | std(g_L) = 1.1395 | grad = 0.2367
step   5540 | loss = -1.2656 | g_L = +1.2656 | EMA = +1.2196 | std(g_L) = 1.1936 | grad = 0.2183
step   5560 | loss = -1.2046 | g_L = +1.2046 | EMA = +1.2100 | std(g_L) = 1.1477 | grad = 0.2377
step   5580 | loss = -1.2955 | g_L = +1.2955 | EMA = +1.2187 | std(g_L) = 1.1549 | grad = 0.1996
step   5600 | loss = -1.2393 | g_L = +1.2393 | EMA = +1.2162 | std(g_L) = 1.1738 | grad = 0.1495
step   5620 | loss = -1.1822 | g_L = +1.1822 | EMA = +1.2220 | std(g_L) = 1.1246 | grad = 0.1480
step   5640 | loss = -1.2518 | g_L = +1.2518 | EMA = +1.2247 | std(g_L) = 1.0949 | grad = 0.1097
step   5660 | loss = -1.2574 | g_L = +1.2574 | EMA = +1.2402 | std(g_L) = 1.1173 | grad = 0.3147
step   5680 | loss = -1.2203 | g_L = +1.2203 | EMA = +1.2373 | std(g_L) = 1.1189 | grad = 0.2623
step   5700 | loss = -1.2240 | g_L = +1.2240 | EMA = +1.2477 | std(g_L) = 1.1205 | grad = 0.2513
step   5720 | loss = -1.2181 | g_L = +1.2181 | EMA = +1.2582 | std(g_L) = 1.1728 | grad = 0.1657
step   5740 | loss = -1.1879 | g_L = +1.1879 | EMA = +1.2534 | std(g_L) = 1.1077 | grad = 0.2597
step   5760 | loss = -1.3080 | g_L = +1.3080 | EMA = +1.2572 | std(g_L) = 1.2033 | grad = 0.2089
step   5780 | loss = -1.1284 | g_L = +1.1284 | EMA = +1.2571 | std(g_L) = 1.1384 | grad = 0.1890
step   5800 | loss = -1.2803 | g_L = +1.2803 | EMA = +1.2591 | std(g_L) = 1.2300 | grad = 0.2776
step   5820 | loss = -1.2449 | g_L = +1.2449 | EMA = +1.2486 | std(g_L) = 1.1828 | grad = 0.2054
step   5840 | loss = -1.2591 | g_L = +1.2591 | EMA = +1.2587 | std(g_L) = 1.1202 | grad = 0.2291
step   5860 | loss = -1.2936 | g_L = +1.2936 | EMA = +1.2654 | std(g_L) = 1.1557 | grad = 0.1949
step   5880 | loss = -1.2710 | g_L = +1.2710 | EMA = +1.2596 | std(g_L) = 1.1569 | grad = 0.2476
step   5900 | loss = -1.3351 | g_L = +1.3351 | EMA = +1.2735 | std(g_L) = 1.1544 | grad = 0.1859
step   5920 | loss = -1.1417 | g_L = +1.1417 | EMA = +1.2547 | std(g_L) = 1.1890 | grad = 0.2549
step   5940 | loss = -1.2354 | g_L = +1.2354 | EMA = +1.2611 | std(g_L) = 1.1564 | grad = 0.2596
step   5960 | loss = -1.2826 | g_L = +1.2826 | EMA = +1.2757 | std(g_L) = 1.0931 | grad = 0.2333
step   5980 | loss = -1.2101 | g_L = +1.2101 | EMA = +1.2727 | std(g_L) = 1.1826 | grad = 0.2109
step   6000 | loss = -1.1936 | g_L = +1.1936 | EMA = +1.2828 | std(g_L) = 1.1428 | grad = 0.3098
step   6020 | loss = -1.2515 | g_L = +1.2515 | EMA = +1.2807 | std(g_L) = 1.1355 | grad = 0.2231
step   6040 | loss = -1.2610 | g_L = +1.2610 | EMA = +1.2727 | std(g_L) = 1.1641 | grad = 0.1653
step   6060 | loss = -1.3259 | g_L = +1.3259 | EMA = +1.2785 | std(g_L) = 1.1550 | grad = 0.1534
step   6080 | loss = -1.2240 | g_L = +1.2240 | EMA = +1.2919 | std(g_L) = 1.1322 | grad = 0.1818
step   6100 | loss = -1.3369 | g_L = +1.3369 | EMA = +1.2853 | std(g_L) = 1.1411 | grad = 0.2224
step   6120 | loss = -1.3224 | g_L = +1.3224 | EMA = +1.2885 | std(g_L) = 1.1908 | grad = 0.3404
step   6140 | loss = -1.2346 | g_L = +1.2346 | EMA = +1.2726 | std(g_L) = 1.1220 | grad = 0.2667
step   6160 | loss = -1.1901 | g_L = +1.1901 | EMA = +1.2706 | std(g_L) = 1.1121 | grad = 0.1745
step   6180 | loss = -1.3392 | g_L = +1.3392 | EMA = +1.2842 | std(g_L) = 1.1500 | grad = 0.1208
step   6200 | loss = -1.2841 | g_L = +1.2841 | EMA = +1.2954 | std(g_L) = 1.2390 | grad = 0.1840
step   6220 | loss = -1.3245 | g_L = +1.3245 | EMA = +1.2891 | std(g_L) = 1.1586 | grad = 0.1085
step   6240 | loss = -1.3052 | g_L = +1.3052 | EMA = +1.2927 | std(g_L) = 1.1937 | grad = 0.1288
step   6260 | loss = -1.3344 | g_L = +1.3344 | EMA = +1.2917 | std(g_L) = 1.2034 | grad = 0.2638
step   6280 | loss = -1.4129 | g_L = +1.4129 | EMA = +1.2976 | std(g_L) = 1.2067 | grad = 0.3329
step   6300 | loss = -1.3123 | g_L = +1.3123 | EMA = +1.2955 | std(g_L) = 1.1771 | grad = 0.2941
step   6320 | loss = -1.2932 | g_L = +1.2932 | EMA = +1.2948 | std(g_L) = 1.1804 | grad = 0.1675
step   6340 | loss = -1.1858 | g_L = +1.1858 | EMA = +1.2841 | std(g_L) = 1.1748 | grad = 0.2720
step   6360 | loss = -1.2841 | g_L = +1.2841 | EMA = +1.2853 | std(g_L) = 1.1979 | grad = 0.3020
step   6380 | loss = -1.1834 | g_L = +1.1834 | EMA = +1.2984 | std(g_L) = 1.1667 | grad = 0.3361
step   6400 | loss = -1.2388 | g_L = +1.2388 | EMA = +1.2937 | std(g_L) = 1.1564 | grad = 0.2098
step   6420 | loss = -1.3254 | g_L = +1.3254 | EMA = +1.3019 | std(g_L) = 1.1497 | grad = 0.2574
step   6440 | loss = -1.2623 | g_L = +1.2623 | EMA = +1.2987 | std(g_L) = 1.2174 | grad = 0.3874
step   6460 | loss = -1.1574 | g_L = +1.1574 | EMA = +1.3019 | std(g_L) = 1.1352 | grad = 0.3565
step   6480 | loss = -1.1550 | g_L = +1.1550 | EMA = +1.2828 | std(g_L) = 1.1720 | grad = 0.1778
step   6500 | loss = -1.2849 | g_L = +1.2849 | EMA = +1.2828 | std(g_L) = 1.1619 | grad = 0.2718
step   6520 | loss = -1.3011 | g_L = +1.3011 | EMA = +1.3053 | std(g_L) = 1.1683 | grad = 0.5325
step   6540 | loss = -1.3057 | g_L = +1.3057 | EMA = +1.3097 | std(g_L) = 1.1543 | grad = 0.2794
