Device: cuda
N antennas : 8
Ns         : 127
step      1 | loss = -0.1452 | g_L = +0.1452 | EMA = +0.1452 | std(g_L) = 1.0253 | grad = 0.0223
step     20 | loss = -0.0994 | g_L = +0.0994 | EMA = +0.1068 | std(g_L) = 1.0431 | grad = 0.0434
step     40 | loss = -0.0543 | g_L = +0.0543 | EMA = +0.0933 | std(g_L) = 1.3703 | grad = 0.0657
step     60 | loss = -0.1995 | g_L = +0.1995 | EMA = +0.1293 | std(g_L) = 1.6430 | grad = 0.1698
step     80 | loss = -0.3333 | g_L = +0.3333 | EMA = +0.2008 | std(g_L) = 1.1559 | grad = 0.1898
step    100 | loss = -0.3528 | g_L = +0.3528 | EMA = +0.3027 | std(g_L) = 1.3639 | grad = 0.2463
step    120 | loss = -0.4997 | g_L = +0.4997 | EMA = +0.4065 | std(g_L) = 1.4683 | grad = 0.4066
step    140 | loss = -0.5609 | g_L = +0.5609 | EMA = +0.5278 | std(g_L) = 1.6183 | grad = 0.2961
step    160 | loss = -0.7910 | g_L = +0.7910 | EMA = +0.6571 | std(g_L) = 1.5987 | grad = 0.3153
step    180 | loss = -0.9165 | g_L = +0.9165 | EMA = +0.7883 | std(g_L) = 1.4506 | grad = 0.5627
step    200 | loss = -1.0928 | g_L = +1.0928 | EMA = +0.9578 | std(g_L) = 1.3947 | grad = 0.3359
step    220 | loss = -1.0541 | g_L = +1.0541 | EMA = +1.0286 | std(g_L) = 1.8251 | grad = 0.1978
step    240 | loss = -1.0781 | g_L = +1.0781 | EMA = +1.0931 | std(g_L) = 1.4507 | grad = 0.2257
step    260 | loss = -1.2002 | g_L = +1.2002 | EMA = +1.1252 | std(g_L) = 1.4085 | grad = 0.0530
step    280 | loss = -1.0669 | g_L = +1.0669 | EMA = +1.1443 | std(g_L) = 1.6759 | grad = 0.1006
step    300 | loss = -1.3076 | g_L = +1.3076 | EMA = +1.1806 | std(g_L) = 1.2839 | grad = 0.1513
step    320 | loss = -1.1029 | g_L = +1.1029 | EMA = +1.1899 | std(g_L) = 1.1786 | grad = 0.2171
step    340 | loss = -1.1919 | g_L = +1.1919 | EMA = +1.1963 | std(g_L) = 1.3291 | grad = 0.0842
step    360 | loss = -1.1362 | g_L = +1.1362 | EMA = +1.2096 | std(g_L) = 1.6407 | grad = 0.2349
step    380 | loss = -1.1688 | g_L = +1.1688 | EMA = +1.2212 | std(g_L) = 1.4426 | grad = 0.1399
step    400 | loss = -1.2097 | g_L = +1.2097 | EMA = +1.2283 | std(g_L) = 1.2594 | grad = 0.3482
step    420 | loss = -1.2391 | g_L = +1.2391 | EMA = +1.2286 | std(g_L) = 1.3080 | grad = 0.2216
step    440 | loss = -1.1129 | g_L = +1.1129 | EMA = +1.2283 | std(g_L) = 1.4742 | grad = 0.1563
step    460 | loss = -1.2645 | g_L = +1.2645 | EMA = +1.2395 | std(g_L) = 1.3173 | grad = 0.1809
step    480 | loss = -1.2987 | g_L = +1.2987 | EMA = +1.2430 | std(g_L) = 1.2100 | grad = 0.1333
step    500 | loss = -1.2004 | g_L = +1.2004 | EMA = +1.2440 | std(g_L) = 1.4225 | grad = 0.2561
step    520 | loss = -1.3409 | g_L = +1.3409 | EMA = +1.2433 | std(g_L) = 1.2392 | grad = 0.1912
step    540 | loss = -1.3011 | g_L = +1.3011 | EMA = +1.2629 | std(g_L) = 1.2502 | grad = 0.1017
step    560 | loss = -1.3731 | g_L = +1.3731 | EMA = +1.2659 | std(g_L) = 1.1640 | grad = 0.1221
step    580 | loss = -1.2552 | g_L = +1.2552 | EMA = +1.2700 | std(g_L) = 1.1986 | grad = 0.2272
step    600 | loss = -1.3018 | g_L = +1.3018 | EMA = +1.2639 | std(g_L) = 1.3872 | grad = 0.1136
step    620 | loss = -1.3092 | g_L = +1.3092 | EMA = +1.2671 | std(g_L) = 1.2315 | grad = 0.1643
step    640 | loss = -1.2223 | g_L = +1.2223 | EMA = +1.2672 | std(g_L) = 1.3582 | grad = 0.1994
step    660 | loss = -1.2335 | g_L = +1.2335 | EMA = +1.2694 | std(g_L) = 1.3899 | grad = 0.1732
step    680 | loss = -1.3360 | g_L = +1.3360 | EMA = +1.2901 | std(g_L) = 1.1861 | grad = 0.1881
step    700 | loss = -1.2901 | g_L = +1.2901 | EMA = +1.2841 | std(g_L) = 1.3081 | grad = 0.1655
step    720 | loss = -1.3311 | g_L = +1.3311 | EMA = +1.2851 | std(g_L) = 1.2243 | grad = 0.2559
step    740 | loss = -1.1837 | g_L = +1.1837 | EMA = +1.2837 | std(g_L) = 1.4884 | grad = 0.2032
step    760 | loss = -1.2989 | g_L = +1.2989 | EMA = +1.2888 | std(g_L) = 1.2894 | grad = 0.1374
step    780 | loss = -1.3942 | g_L = +1.3942 | EMA = +1.2927 | std(g_L) = 1.3097 | grad = 0.1753
step    800 | loss = -1.2605 | g_L = +1.2605 | EMA = +1.2799 | std(g_L) = 1.3349 | grad = 0.2137
step    820 | loss = -1.2615 | g_L = +1.2615 | EMA = +1.3026 | std(g_L) = 1.2150 | grad = 0.2462
step    840 | loss = -1.3565 | g_L = +1.3565 | EMA = +1.3038 | std(g_L) = 1.2474 | grad = 0.1601
step    860 | loss = -1.2704 | g_L = +1.2704 | EMA = +1.2874 | std(g_L) = 1.2871 | grad = 0.2080
step    880 | loss = -1.2373 | g_L = +1.2373 | EMA = +1.2834 | std(g_L) = 1.1987 | grad = 0.3033
step    900 | loss = -1.3270 | g_L = +1.3270 | EMA = +1.2792 | std(g_L) = 1.2712 | grad = 0.1309
step    920 | loss = -1.3751 | g_L = +1.3751 | EMA = +1.2934 | std(g_L) = 1.2165 | grad = 0.2420
step    940 | loss = -1.3343 | g_L = +1.3343 | EMA = +1.2873 | std(g_L) = 1.2373 | grad = 0.2832
step    960 | loss = -1.3377 | g_L = +1.3377 | EMA = +1.2936 | std(g_L) = 1.3187 | grad = 0.2937
step    980 | loss = -1.2646 | g_L = +1.2646 | EMA = +1.2968 | std(g_L) = 1.2018 | grad = 0.1665
step   1000 | loss = -1.3414 | g_L = +1.3414 | EMA = +1.2968 | std(g_L) = 1.2936 | grad = 0.1680
step   1020 | loss = -1.2287 | g_L = +1.2287 | EMA = +1.2902 | std(g_L) = 1.2396 | grad = 0.2286
step   1040 | loss = -1.2656 | g_L = +1.2656 | EMA = +1.2928 | std(g_L) = 1.2058 | grad = 0.2274
step   1060 | loss = -1.2635 | g_L = +1.2635 | EMA = +1.2915 | std(g_L) = 1.2075 | grad = 0.1111
step   1080 | loss = -1.3198 | g_L = +1.3198 | EMA = +1.3001 | std(g_L) = 1.2754 | grad = 0.1234
step   1100 | loss = -1.1432 | g_L = +1.1432 | EMA = +1.2817 | std(g_L) = 1.3731 | grad = 0.1225
step   1120 | loss = -1.3059 | g_L = +1.3059 | EMA = +1.2829 | std(g_L) = 1.4108 | grad = 0.1306
step   1140 | loss = -1.3834 | g_L = +1.3834 | EMA = +1.2891 | std(g_L) = 1.2186 | grad = 0.1337
step   1160 | loss = -1.3587 | g_L = +1.3587 | EMA = +1.2866 | std(g_L) = 1.2214 | grad = 0.2691
step   1180 | loss = -1.2475 | g_L = +1.2475 | EMA = +1.2984 | std(g_L) = 1.4773 | grad = 0.2461
step   1200 | loss = -1.3255 | g_L = +1.3255 | EMA = +1.3008 | std(g_L) = 1.1853 | grad = 0.2105
step   1220 | loss = -1.3513 | g_L = +1.3513 | EMA = +1.3174 | std(g_L) = 1.2741 | grad = 0.2438
step   1240 | loss = -1.2331 | g_L = +1.2331 | EMA = +1.3100 | std(g_L) = 1.2476 | grad = 0.3722
step   1260 | loss = -1.3158 | g_L = +1.3158 | EMA = +1.3090 | std(g_L) = 1.2395 | grad = 0.1471
step   1280 | loss = -1.3065 | g_L = +1.3065 | EMA = +1.2966 | std(g_L) = 1.3158 | grad = 0.3206
step   1300 | loss = -1.3059 | g_L = +1.3059 | EMA = +1.2949 | std(g_L) = 1.2039 | grad = 0.1738
step   1320 | loss = -1.3589 | g_L = +1.3589 | EMA = +1.3191 | std(g_L) = 1.3824 | grad = 0.2260
step   1340 | loss = -1.3938 | g_L = +1.3938 | EMA = +1.3042 | std(g_L) = 1.2250 | grad = 0.2937
step   1360 | loss = -1.2875 | g_L = +1.2875 | EMA = +1.3138 | std(g_L) = 1.2591 | grad = 0.2761
step   1380 | loss = -1.4116 | g_L = +1.4116 | EMA = +1.3184 | std(g_L) = 1.1522 | grad = 0.2178
step   1400 | loss = -1.2761 | g_L = +1.2761 | EMA = +1.3093 | std(g_L) = 1.2323 | grad = 0.2319
step   1420 | loss = -1.2685 | g_L = +1.2685 | EMA = +1.3146 | std(g_L) = 1.2724 | grad = 0.1333
step   1440 | loss = -1.3913 | g_L = +1.3913 | EMA = +1.3189 | std(g_L) = 1.2000 | grad = 0.1584
step   1460 | loss = -1.2601 | g_L = +1.2601 | EMA = +1.3118 | std(g_L) = 1.5086 | grad = 0.0999
step   1480 | loss = -1.3126 | g_L = +1.3126 | EMA = +1.3113 | std(g_L) = 1.3553 | grad = 0.0931
step   1500 | loss = -1.3617 | g_L = +1.3617 | EMA = +1.3144 | std(g_L) = 1.3283 | grad = 0.3304
step   1520 | loss = -1.2715 | g_L = +1.2715 | EMA = +1.3028 | std(g_L) = 1.1841 | grad = 0.0446
step   1540 | loss = -1.2250 | g_L = +1.2250 | EMA = +1.2987 | std(g_L) = 1.5079 | grad = 0.1826
step   1560 | loss = -1.3024 | g_L = +1.3024 | EMA = +1.3043 | std(g_L) = 1.5706 | grad = 0.1682
step   1580 | loss = -1.2834 | g_L = +1.2834 | EMA = +1.3162 | std(g_L) = 1.4199 | grad = 0.1089
step   1600 | loss = -1.2205 | g_L = +1.2205 | EMA = +1.3098 | std(g_L) = 1.4418 | grad = 0.3197
step   1620 | loss = -1.3111 | g_L = +1.3111 | EMA = +1.3151 | std(g_L) = 1.3918 | grad = 0.1145
step   1640 | loss = -1.3163 | g_L = +1.3163 | EMA = +1.3107 | std(g_L) = 1.3601 | grad = 0.1729
step   1660 | loss = -1.4131 | g_L = +1.4131 | EMA = +1.3167 | std(g_L) = 1.3333 | grad = 0.0668
step   1680 | loss = -1.3013 | g_L = +1.3013 | EMA = +1.3305 | std(g_L) = 1.2584 | grad = 0.2670
step   1700 | loss = -1.3538 | g_L = +1.3538 | EMA = +1.3251 | std(g_L) = 1.2528 | grad = 0.1462
step   1720 | loss = -1.2591 | g_L = +1.2591 | EMA = +1.3157 | std(g_L) = 1.3884 | grad = 0.1671
step   1740 | loss = -1.3656 | g_L = +1.3656 | EMA = +1.3121 | std(g_L) = 1.3028 | grad = 0.1330
step   1760 | loss = -1.2726 | g_L = +1.2726 | EMA = +1.3243 | std(g_L) = 1.3695 | grad = 0.1273
step   1780 | loss = -1.4081 | g_L = +1.4081 | EMA = +1.3292 | std(g_L) = 1.2176 | grad = 0.2532
step   1800 | loss = -1.4180 | g_L = +1.4180 | EMA = +1.3355 | std(g_L) = 1.2130 | grad = 0.2065
step   1820 | loss = -1.2697 | g_L = +1.2697 | EMA = +1.3254 | std(g_L) = 1.3966 | grad = 0.1677
step   1840 | loss = -1.3380 | g_L = +1.3380 | EMA = +1.3246 | std(g_L) = 1.2388 | grad = 0.1239
step   1860 | loss = -1.3988 | g_L = +1.3988 | EMA = +1.3221 | std(g_L) = 1.2676 | grad = 0.2415
step   1880 | loss = -1.3828 | g_L = +1.3828 | EMA = +1.3256 | std(g_L) = 1.2436 | grad = 0.2953
step   1900 | loss = -1.4011 | g_L = +1.4011 | EMA = +1.3339 | std(g_L) = 1.1383 | grad = 0.2363
step   1920 | loss = -1.3912 | g_L = +1.3912 | EMA = +1.3279 | std(g_L) = 1.4283 | grad = 0.2169
step   1940 | loss = -1.2986 | g_L = +1.2986 | EMA = +1.3228 | std(g_L) = 1.3499 | grad = 0.2282
step   1960 | loss = -1.4163 | g_L = +1.4163 | EMA = +1.3113 | std(g_L) = 1.2332 | grad = 0.2249
step   1980 | loss = -1.3577 | g_L = +1.3577 | EMA = +1.3129 | std(g_L) = 1.3367 | grad = 0.3054
step   2000 | loss = -1.4819 | g_L = +1.4819 | EMA = +1.3324 | std(g_L) = 1.2032 | grad = 0.2257
step   2020 | loss = -1.3604 | g_L = +1.3604 | EMA = +1.3357 | std(g_L) = 1.1939 | grad = 0.1808
step   2040 | loss = -1.4554 | g_L = +1.4554 | EMA = +1.3403 | std(g_L) = 1.2306 | grad = 0.1984
step   2060 | loss = -1.4232 | g_L = +1.4232 | EMA = +1.3450 | std(g_L) = 1.2575 | grad = 0.1434
step   2080 | loss = -1.3441 | g_L = +1.3441 | EMA = +1.3378 | std(g_L) = 1.2119 | grad = 0.2494
step   2100 | loss = -1.4132 | g_L = +1.4132 | EMA = +1.3342 | std(g_L) = 1.2585 | grad = 0.2604
step   2120 | loss = -1.3780 | g_L = +1.3780 | EMA = +1.3356 | std(g_L) = 1.2228 | grad = 0.1295
step   2140 | loss = -1.3360 | g_L = +1.3360 | EMA = +1.3396 | std(g_L) = 1.1729 | grad = 0.2001
step   2160 | loss = -1.3736 | g_L = +1.3736 | EMA = +1.3313 | std(g_L) = 1.2965 | grad = 0.1699
step   2180 | loss = -1.2986 | g_L = +1.2986 | EMA = +1.3393 | std(g_L) = 1.2603 | grad = 0.1135
step   2200 | loss = -1.3974 | g_L = +1.3974 | EMA = +1.3360 | std(g_L) = 1.2964 | grad = 0.0796
step   2220 | loss = -1.2673 | g_L = +1.2673 | EMA = +1.3202 | std(g_L) = 1.4256 | grad = 0.1968
step   2240 | loss = -1.3661 | g_L = +1.3661 | EMA = +1.3250 | std(g_L) = 1.1253 | grad = 0.1372
step   2260 | loss = -1.3645 | g_L = +1.3645 | EMA = +1.3545 | std(g_L) = 1.4115 | grad = 0.1771
step   2280 | loss = -1.2877 | g_L = +1.2877 | EMA = +1.3438 | std(g_L) = 1.3232 | grad = 0.2290
step   2300 | loss = -1.3765 | g_L = +1.3765 | EMA = +1.3538 | std(g_L) = 1.3112 | grad = 0.1112
step   2320 | loss = -1.2364 | g_L = +1.2364 | EMA = +1.3392 | std(g_L) = 1.3258 | grad = 0.2387
step   2340 | loss = -1.4064 | g_L = +1.4064 | EMA = +1.3430 | std(g_L) = 1.1437 | grad = 0.1512
step   2360 | loss = -1.3233 | g_L = +1.3233 | EMA = +1.3396 | std(g_L) = 1.2315 | grad = 0.2857
step   2380 | loss = -1.3156 | g_L = +1.3156 | EMA = +1.3363 | std(g_L) = 1.2274 | grad = 0.3423
step   2400 | loss = -1.3081 | g_L = +1.3081 | EMA = +1.3419 | std(g_L) = 1.4881 | grad = 0.2580
step   2420 | loss = -1.3094 | g_L = +1.3094 | EMA = +1.3443 | std(g_L) = 1.1617 | grad = 0.1097
step   2440 | loss = -1.2791 | g_L = +1.2791 | EMA = +1.3372 | std(g_L) = 1.3136 | grad = 0.1536
step   2460 | loss = -1.3783 | g_L = +1.3783 | EMA = +1.3369 | std(g_L) = 1.3036 | grad = 0.1337
step   2480 | loss = -1.3696 | g_L = +1.3696 | EMA = +1.3530 | std(g_L) = 1.2145 | grad = 0.2148
step   2500 | loss = -1.3120 | g_L = +1.3120 | EMA = +1.3472 | std(g_L) = 1.1753 | grad = 0.1158
step   2520 | loss = -1.2546 | g_L = +1.2546 | EMA = +1.3434 | std(g_L) = 1.2460 | grad = 0.1447
step   2540 | loss = -1.2629 | g_L = +1.2629 | EMA = +1.3374 | std(g_L) = 1.2393 | grad = 0.3006
step   2560 | loss = -1.3763 | g_L = +1.3763 | EMA = +1.3394 | std(g_L) = 1.1634 | grad = 0.1419
step   2580 | loss = -1.4035 | g_L = +1.4035 | EMA = +1.3426 | std(g_L) = 1.2328 | grad = 0.2730
step   2600 | loss = -1.4502 | g_L = +1.4502 | EMA = +1.3501 | std(g_L) = 1.2248 | grad = 0.1987
step   2620 | loss = -1.4025 | g_L = +1.4025 | EMA = +1.3461 | std(g_L) = 1.2796 | grad = 0.1415
step   2640 | loss = -1.2117 | g_L = +1.2117 | EMA = +1.3288 | std(g_L) = 1.1533 | grad = 0.0736
step   2660 | loss = -1.2852 | g_L = +1.2852 | EMA = +1.3226 | std(g_L) = 1.2899 | grad = 0.2064
step   2680 | loss = -1.2445 | g_L = +1.2445 | EMA = +1.3459 | std(g_L) = 1.3225 | grad = 0.1429
step   2700 | loss = -1.4223 | g_L = +1.4223 | EMA = +1.3424 | std(g_L) = 1.1872 | grad = 0.1802
step   2720 | loss = -1.2378 | g_L = +1.2378 | EMA = +1.3508 | std(g_L) = 1.2951 | grad = 0.1678
step   2740 | loss = -1.3209 | g_L = +1.3209 | EMA = +1.3472 | std(g_L) = 1.2774 | grad = 0.1874
step   2760 | loss = -1.2672 | g_L = +1.2672 | EMA = +1.3516 | std(g_L) = 1.2880 | grad = 0.2829
step   2780 | loss = -1.3243 | g_L = +1.3243 | EMA = +1.3475 | std(g_L) = 1.3635 | grad = 0.1285
step   2800 | loss = -1.2463 | g_L = +1.2463 | EMA = +1.3511 | std(g_L) = 1.5138 | grad = 0.1009
step   2820 | loss = -1.3813 | g_L = +1.3813 | EMA = +1.3417 | std(g_L) = 1.2076 | grad = 0.0732
step   2840 | loss = -1.2677 | g_L = +1.2677 | EMA = +1.3479 | std(g_L) = 1.3381 | grad = 0.1583
step   2860 | loss = -1.3870 | g_L = +1.3870 | EMA = +1.3428 | std(g_L) = 1.1829 | grad = 0.2152
step   2880 | loss = -1.2377 | g_L = +1.2377 | EMA = +1.3330 | std(g_L) = 1.4072 | grad = 0.2331
step   2900 | loss = -1.5003 | g_L = +1.5003 | EMA = +1.3561 | std(g_L) = 1.1499 | grad = 0.1729
step   2920 | loss = -1.2572 | g_L = +1.2572 | EMA = +1.3549 | std(g_L) = 1.2023 | grad = 0.1772
step   2940 | loss = -1.3332 | g_L = +1.3332 | EMA = +1.3444 | std(g_L) = 1.3329 | grad = 0.2688
step   2960 | loss = -1.2502 | g_L = +1.2502 | EMA = +1.3398 | std(g_L) = 1.3698 | grad = 0.1387
step   2980 | loss = -1.4031 | g_L = +1.4031 | EMA = +1.3544 | std(g_L) = 1.2228 | grad = 0.1520
step   3000 | loss = -1.3550 | g_L = +1.3550 | EMA = +1.3392 | std(g_L) = 1.2612 | grad = 0.4653
step   3020 | loss = -1.3047 | g_L = +1.3047 | EMA = +1.3580 | std(g_L) = 1.5199 | grad = 0.2651
step   3040 | loss = -1.3225 | g_L = +1.3225 | EMA = +1.3550 | std(g_L) = 1.3422 | grad = 0.1146
step   3060 | loss = -1.3582 | g_L = +1.3582 | EMA = +1.3475 | std(g_L) = 1.4480 | grad = 0.2345
step   3080 | loss = -1.3574 | g_L = +1.3574 | EMA = +1.3431 | std(g_L) = 1.3552 | grad = 0.1408
step   3100 | loss = -1.2756 | g_L = +1.2756 | EMA = +1.3483 | std(g_L) = 1.2951 | grad = 0.1189
step   3120 | loss = -1.2965 | g_L = +1.2965 | EMA = +1.3404 | std(g_L) = 1.5683 | grad = 0.0865
step   3140 | loss = -1.2719 | g_L = +1.2719 | EMA = +1.3411 | std(g_L) = 1.1938 | grad = 0.2307
step   3160 | loss = -1.3492 | g_L = +1.3492 | EMA = +1.3522 | std(g_L) = 1.2964 | grad = 0.4226
step   3180 | loss = -1.4323 | g_L = +1.4323 | EMA = +1.3603 | std(g_L) = 1.4248 | grad = 0.3280
step   3200 | loss = -1.3498 | g_L = +1.3498 | EMA = +1.3575 | std(g_L) = 1.2357 | grad = 0.0941
step   3220 | loss = -1.3658 | g_L = +1.3658 | EMA = +1.3441 | std(g_L) = 1.2397 | grad = 0.2087
step   3240 | loss = -1.3999 | g_L = +1.3999 | EMA = +1.3496 | std(g_L) = 1.2376 | grad = 0.0968
step   3260 | loss = -1.3839 | g_L = +1.3839 | EMA = +1.3495 | std(g_L) = 1.2364 | grad = 0.1524
step   3280 | loss = -1.3342 | g_L = +1.3342 | EMA = +1.3432 | std(g_L) = 1.1784 | grad = 0.1024
step   3300 | loss = -1.3641 | g_L = +1.3641 | EMA = +1.3491 | std(g_L) = 1.2561 | grad = 0.2128
step   3320 | loss = -1.2890 | g_L = +1.2890 | EMA = +1.3528 | std(g_L) = 1.3602 | grad = 0.1808
step   3340 | loss = -1.2613 | g_L = +1.2613 | EMA = +1.3445 | std(g_L) = 1.2716 | grad = 0.2575
step   3360 | loss = -1.3119 | g_L = +1.3119 | EMA = +1.3474 | std(g_L) = 1.3095 | grad = 0.1703
step   3380 | loss = -1.3890 | g_L = +1.3890 | EMA = +1.3495 | std(g_L) = 1.1934 | grad = 0.1960
step   3400 | loss = -1.3426 | g_L = +1.3426 | EMA = +1.3487 | std(g_L) = 1.1897 | grad = 0.1249
step   3420 | loss = -1.4010 | g_L = +1.4010 | EMA = +1.3488 | std(g_L) = 1.1410 | grad = 0.1294
step   3440 | loss = -1.2798 | g_L = +1.2798 | EMA = +1.3472 | std(g_L) = 1.2805 | grad = 0.1288
step   3460 | loss = -1.3928 | g_L = +1.3928 | EMA = +1.3505 | std(g_L) = 1.1948 | grad = 0.1826
step   3480 | loss = -1.3598 | g_L = +1.3598 | EMA = +1.3593 | std(g_L) = 1.2658 | grad = 0.2045
step   3500 | loss = -1.3328 | g_L = +1.3328 | EMA = +1.3614 | std(g_L) = 1.2790 | grad = 0.0957
step   3520 | loss = -1.4085 | g_L = +1.4085 | EMA = +1.3596 | std(g_L) = 1.2810 | grad = 0.2104
step   3540 | loss = -1.4021 | g_L = +1.4021 | EMA = +1.3499 | std(g_L) = 1.4728 | grad = 0.2290
step   3560 | loss = -1.3759 | g_L = +1.3759 | EMA = +1.3606 | std(g_L) = 1.2470 | grad = 0.2137
step   3580 | loss = -1.4312 | g_L = +1.4312 | EMA = +1.3526 | std(g_L) = 1.2348 | grad = 0.1253
step   3600 | loss = -1.3676 | g_L = +1.3676 | EMA = +1.3759 | std(g_L) = 1.1865 | grad = 0.2477
step   3620 | loss = -1.2889 | g_L = +1.2889 | EMA = +1.3468 | std(g_L) = 1.3068 | grad = 0.1038
step   3640 | loss = -1.4707 | g_L = +1.4707 | EMA = +1.3399 | std(g_L) = 1.2513 | grad = 0.1239
step   3660 | loss = -1.4211 | g_L = +1.4211 | EMA = +1.3461 | std(g_L) = 1.2301 | grad = 0.1763
step   3680 | loss = -1.3401 | g_L = +1.3401 | EMA = +1.3426 | std(g_L) = 1.2823 | grad = 0.2234
step   3700 | loss = -1.3567 | g_L = +1.3567 | EMA = +1.3587 | std(g_L) = 1.2484 | grad = 0.2005
step   3720 | loss = -1.3891 | g_L = +1.3891 | EMA = +1.3490 | std(g_L) = 1.2472 | grad = 0.2697
