
============================================================
Alpha = 0.25
T = 5
L = 128
Batch size = 128
Steps = 15000
Checkpoints = /home/egalarraga/beam_dad/model_checkpoints/mean_var_loss/checkpoints_nx8/models/alpha_0.25/T5_L128_B128
============================================================
step      1 | loss = -0.2804 | mean(g_L) = +0.4053 | EMA = +0.4053 | std(g_L) = 0.7066 | grad = 0.1422
step     20 | loss = -0.2432 | mean(g_L) = +0.3880 | EMA = +0.4029 | std(g_L) = 0.7612 | grad = 0.0846
step     40 | loss = -0.2532 | mean(g_L) = +0.4442 | EMA = +0.4075 | std(g_L) = 0.8740 | grad = 0.1644
step     60 | loss = -0.2896 | mean(g_L) = +0.4337 | EMA = +0.4385 | std(g_L) = 0.7593 | grad = 0.1092
step     80 | loss = -0.2849 | mean(g_L) = +0.4654 | EMA = +0.4744 | std(g_L) = 0.8496 | grad = 0.1588
step    100 | loss = -0.3449 | mean(g_L) = +0.5809 | EMA = +0.5457 | std(g_L) = 0.9715 | grad = 0.4352
step    120 | loss = -0.4390 | mean(g_L) = +0.7053 | EMA = +0.6724 | std(g_L) = 1.0322 | grad = 0.3843
step    140 | loss = -0.5381 | mean(g_L) = +0.8201 | EMA = +0.8228 | std(g_L) = 1.0621 | grad = 0.5394
step    160 | loss = -0.6409 | mean(g_L) = +0.8702 | EMA = +0.8693 | std(g_L) = 0.9577 | grad = 0.3188
step    180 | loss = -0.5465 | mean(g_L) = +0.8287 | EMA = +0.9046 | std(g_L) = 1.0623 | grad = 0.4861
step    200 | loss = -0.6850 | mean(g_L) = +0.9491 | EMA = +0.9376 | std(g_L) = 1.0276 | grad = 0.3601
step    220 | loss = -0.6330 | mean(g_L) = +0.8735 | EMA = +0.9570 | std(g_L) = 0.9807 | grad = 0.2166
step    240 | loss = -0.5284 | mean(g_L) = +0.8193 | EMA = +0.9508 | std(g_L) = 1.0787 | grad = 0.2475
step    260 | loss = -0.8543 | mean(g_L) = +1.0900 | EMA = +1.0010 | std(g_L) = 0.9710 | grad = 0.4328
step    280 | loss = -1.3392 | mean(g_L) = +1.5138 | EMA = +1.1687 | std(g_L) = 0.8357 | grad = 0.5524
step    300 | loss = -1.2434 | mean(g_L) = +1.4621 | EMA = +1.2754 | std(g_L) = 0.9354 | grad = 0.3132
step    320 | loss = -1.1481 | mean(g_L) = +1.3582 | EMA = +1.3415 | std(g_L) = 0.9166 | grad = 0.0929
step    340 | loss = -1.2494 | mean(g_L) = +1.4947 | EMA = +1.3821 | std(g_L) = 0.9904 | grad = 0.6264
step    360 | loss = -1.1293 | mean(g_L) = +1.3948 | EMA = +1.3783 | std(g_L) = 1.0306 | grad = 0.3976
step    380 | loss = -1.1909 | mean(g_L) = +1.4089 | EMA = +1.4191 | std(g_L) = 0.9338 | grad = 0.3723
step    400 | loss = -1.3085 | mean(g_L) = +1.5441 | EMA = +1.4322 | std(g_L) = 0.9707 | grad = 0.5080
step    420 | loss = -1.3573 | mean(g_L) = +1.6129 | EMA = +1.4490 | std(g_L) = 1.0112 | grad = 0.3845
step    440 | loss = -1.1356 | mean(g_L) = +1.4473 | EMA = +1.4705 | std(g_L) = 1.1166 | grad = 0.5032
step    460 | loss = -1.2973 | mean(g_L) = +1.5461 | EMA = +1.4582 | std(g_L) = 0.9975 | grad = 0.3328
step    480 | loss = -1.1495 | mean(g_L) = +1.4260 | EMA = +1.4638 | std(g_L) = 1.0517 | grad = 0.4696
step    500 | loss = -1.2854 | mean(g_L) = +1.5771 | EMA = +1.4961 | std(g_L) = 1.0802 | grad = 0.6592
step    520 | loss = -1.1971 | mean(g_L) = +1.4022 | EMA = +1.5212 | std(g_L) = 0.9058 | grad = 0.4390
step    540 | loss = -1.2898 | mean(g_L) = +1.4962 | EMA = +1.5260 | std(g_L) = 0.9086 | grad = 0.8600
step    560 | loss = -1.3153 | mean(g_L) = +1.5918 | EMA = +1.5254 | std(g_L) = 1.0517 | grad = 0.3824
step    580 | loss = -1.3220 | mean(g_L) = +1.5810 | EMA = +1.5341 | std(g_L) = 1.0179 | grad = 0.4759
step    600 | loss = -1.5277 | mean(g_L) = +1.7139 | EMA = +1.5499 | std(g_L) = 0.8630 | grad = 0.9103
step    620 | loss = -1.4633 | mean(g_L) = +1.6679 | EMA = +1.6086 | std(g_L) = 0.9045 | grad = 0.7401
step    640 | loss = -1.4294 | mean(g_L) = +1.6448 | EMA = +1.6353 | std(g_L) = 0.9280 | grad = 0.3579
step    660 | loss = -1.6432 | mean(g_L) = +1.8068 | EMA = +1.6499 | std(g_L) = 0.8089 | grad = 0.5141
step    680 | loss = -1.4187 | mean(g_L) = +1.6059 | EMA = +1.6708 | std(g_L) = 0.8653 | grad = 0.4304
step    700 | loss = -1.2770 | mean(g_L) = +1.5878 | EMA = +1.6623 | std(g_L) = 1.1149 | grad = 1.0911
step    720 | loss = -1.5184 | mean(g_L) = +1.6757 | EMA = +1.6839 | std(g_L) = 0.7933 | grad = 0.4214
step    740 | loss = -1.2631 | mean(g_L) = +1.5642 | EMA = +1.6952 | std(g_L) = 1.0974 | grad = 0.8178
step    760 | loss = -1.2047 | mean(g_L) = +1.5388 | EMA = +1.6916 | std(g_L) = 1.1561 | grad = 0.4574
step    780 | loss = -1.4088 | mean(g_L) = +1.6498 | EMA = +1.6999 | std(g_L) = 0.9819 | grad = 0.6238
step    800 | loss = -1.6998 | mean(g_L) = +1.9223 | EMA = +1.7071 | std(g_L) = 0.9435 | grad = 0.4914
step    820 | loss = -1.5711 | mean(g_L) = +1.8387 | EMA = +1.7284 | std(g_L) = 1.0347 | grad = 1.1885
step    840 | loss = -1.2970 | mean(g_L) = +1.6282 | EMA = +1.7119 | std(g_L) = 1.1512 | grad = 1.0914
step    860 | loss = -1.5178 | mean(g_L) = +1.7437 | EMA = +1.7199 | std(g_L) = 0.9505 | grad = 1.3440
step    880 | loss = -1.6094 | mean(g_L) = +1.8509 | EMA = +1.7218 | std(g_L) = 0.9829 | grad = 0.5878
step    900 | loss = -1.3522 | mean(g_L) = +1.6110 | EMA = +1.7170 | std(g_L) = 1.0173 | grad = 0.5906
step    920 | loss = -1.5784 | mean(g_L) = +1.8085 | EMA = +1.7665 | std(g_L) = 0.9594 | grad = 0.4572
step    940 | loss = -1.5176 | mean(g_L) = +1.8335 | EMA = +1.7597 | std(g_L) = 1.1242 | grad = 0.3032
step    960 | loss = -1.5917 | mean(g_L) = +1.8241 | EMA = +1.7452 | std(g_L) = 0.9642 | grad = 0.4697
step    980 | loss = -1.6513 | mean(g_L) = +1.8278 | EMA = +1.7520 | std(g_L) = 0.8401 | grad = 0.2768
step   1000 | loss = -1.4315 | mean(g_L) = +1.6990 | EMA = +1.7208 | std(g_L) = 1.0342 | grad = 0.6344
step   1020 | loss = -1.6838 | mean(g_L) = +1.8926 | EMA = +1.7653 | std(g_L) = 0.9140 | grad = 0.8694
step   1040 | loss = -1.4807 | mean(g_L) = +1.7214 | EMA = +1.7555 | std(g_L) = 0.9813 | grad = 0.6201
step   1060 | loss = -1.6396 | mean(g_L) = +1.8560 | EMA = +1.7583 | std(g_L) = 0.9302 | grad = 0.8569
step   1080 | loss = -1.3815 | mean(g_L) = +1.6722 | EMA = +1.7271 | std(g_L) = 1.0782 | grad = 0.6957
step   1100 | loss = -1.4813 | mean(g_L) = +1.7429 | EMA = +1.7397 | std(g_L) = 1.0229 | grad = 0.6479
step   1120 | loss = -1.4201 | mean(g_L) = +1.6424 | EMA = +1.7222 | std(g_L) = 0.9430 | grad = 0.6047
step   1140 | loss = -1.7675 | mean(g_L) = +1.9111 | EMA = +1.7787 | std(g_L) = 0.7581 | grad = 0.3807
step   1160 | loss = -1.4246 | mean(g_L) = +1.7394 | EMA = +1.7646 | std(g_L) = 1.1221 | grad = 0.8864
step   1180 | loss = -1.5867 | mean(g_L) = +1.8279 | EMA = +1.7672 | std(g_L) = 0.9823 | grad = 0.2370
step   1200 | loss = -1.4290 | mean(g_L) = +1.6774 | EMA = +1.7728 | std(g_L) = 0.9969 | grad = 0.5865
step   1220 | loss = -1.4289 | mean(g_L) = +1.6394 | EMA = +1.7786 | std(g_L) = 0.9177 | grad = 0.4733
step   1240 | loss = -1.6031 | mean(g_L) = +1.8327 | EMA = +1.8050 | std(g_L) = 0.9582 | grad = 0.8263
step   1260 | loss = -1.5226 | mean(g_L) = +1.8424 | EMA = +1.7778 | std(g_L) = 1.1311 | grad = 0.4888
step   1280 | loss = -1.4735 | mean(g_L) = +1.7329 | EMA = +1.7744 | std(g_L) = 1.0187 | grad = 1.1242
step   1300 | loss = -1.4154 | mean(g_L) = +1.7308 | EMA = +1.7903 | std(g_L) = 1.1232 | grad = 0.7769
step   1320 | loss = -1.4518 | mean(g_L) = +1.7655 | EMA = +1.7894 | std(g_L) = 1.1201 | grad = 0.9770
step   1340 | loss = -1.4757 | mean(g_L) = +1.7458 | EMA = +1.7711 | std(g_L) = 1.0395 | grad = 0.8988
step   1360 | loss = -1.5231 | mean(g_L) = +1.7383 | EMA = +1.7907 | std(g_L) = 0.9278 | grad = 0.5243
step   1380 | loss = -1.5669 | mean(g_L) = +1.8078 | EMA = +1.8087 | std(g_L) = 0.9817 | grad = 0.6523
step   1400 | loss = -1.4593 | mean(g_L) = +1.7696 | EMA = +1.7929 | std(g_L) = 1.1141 | grad = 0.7995
step   1420 | loss = -1.5591 | mean(g_L) = +1.7821 | EMA = +1.8215 | std(g_L) = 0.9445 | grad = 0.8213
step   1440 | loss = -1.4845 | mean(g_L) = +1.7976 | EMA = +1.8043 | std(g_L) = 1.1191 | grad = 1.0010
step   1460 | loss = -1.6615 | mean(g_L) = +1.8840 | EMA = +1.7879 | std(g_L) = 0.9433 | grad = 0.3984
step   1480 | loss = -1.5743 | mean(g_L) = +1.8146 | EMA = +1.8030 | std(g_L) = 0.9804 | grad = 1.0187
step   1500 | loss = -1.5735 | mean(g_L) = +1.8231 | EMA = +1.8230 | std(g_L) = 0.9992 | grad = 0.8114
step   1520 | loss = -1.5045 | mean(g_L) = +1.7535 | EMA = +1.8071 | std(g_L) = 0.9982 | grad = 0.4059
step   1540 | loss = -1.5646 | mean(g_L) = +1.8210 | EMA = +1.8041 | std(g_L) = 1.0127 | grad = 0.2496
step   1560 | loss = -1.3782 | mean(g_L) = +1.6269 | EMA = +1.7989 | std(g_L) = 0.9974 | grad = 0.5388
step   1580 | loss = -1.5010 | mean(g_L) = +1.6966 | EMA = +1.8188 | std(g_L) = 0.8846 | grad = 0.9808
step   1600 | loss = -1.5542 | mean(g_L) = +1.7575 | EMA = +1.8105 | std(g_L) = 0.9017 | grad = 0.6200
step   1620 | loss = -1.4046 | mean(g_L) = +1.6719 | EMA = +1.8161 | std(g_L) = 1.0341 | grad = 0.6856
step   1640 | loss = -1.7428 | mean(g_L) = +1.9751 | EMA = +1.8325 | std(g_L) = 0.9638 | grad = 0.8219
step   1660 | loss = -1.5680 | mean(g_L) = +1.8157 | EMA = +1.8551 | std(g_L) = 0.9953 | grad = 0.7721
step   1680 | loss = -1.6095 | mean(g_L) = +1.8342 | EMA = +1.8409 | std(g_L) = 0.9481 | grad = 0.3785
step   1700 | loss = -1.5720 | mean(g_L) = +1.8630 | EMA = +1.8443 | std(g_L) = 1.0790 | grad = 0.6301
step   1720 | loss = -1.6314 | mean(g_L) = +1.8592 | EMA = +1.8454 | std(g_L) = 0.9545 | grad = 0.5883
step   1740 | loss = -1.5946 | mean(g_L) = +1.8381 | EMA = +1.8542 | std(g_L) = 0.9869 | grad = 0.7903
step   1760 | loss = -1.4279 | mean(g_L) = +1.6663 | EMA = +1.8545 | std(g_L) = 0.9766 | grad = 0.8194
step   1780 | loss = -1.6592 | mean(g_L) = +1.9078 | EMA = +1.8483 | std(g_L) = 0.9973 | grad = 0.5697
step   1800 | loss = -1.5264 | mean(g_L) = +1.7497 | EMA = +1.8528 | std(g_L) = 0.9451 | grad = 0.9984
step   1820 | loss = -1.6410 | mean(g_L) = +1.8439 | EMA = +1.8629 | std(g_L) = 0.9008 | grad = 0.3470
step   1840 | loss = -1.6344 | mean(g_L) = +1.8796 | EMA = +1.8764 | std(g_L) = 0.9904 | grad = 0.8145
step   1860 | loss = -1.5857 | mean(g_L) = +1.8130 | EMA = +1.8824 | std(g_L) = 0.9536 | grad = 0.8432
step   1880 | loss = -1.5181 | mean(g_L) = +1.7932 | EMA = +1.8956 | std(g_L) = 1.0491 | grad = 1.8879
step   1900 | loss = -1.7826 | mean(g_L) = +1.9941 | EMA = +1.9153 | std(g_L) = 0.9197 | grad = 1.1363
step   1920 | loss = -1.8018 | mean(g_L) = +2.0145 | EMA = +1.9066 | std(g_L) = 0.9223 | grad = 0.7598
step   1940 | loss = -1.6574 | mean(g_L) = +1.8545 | EMA = +1.9088 | std(g_L) = 0.8879 | grad = 0.7231
step   1960 | loss = -1.6855 | mean(g_L) = +1.9120 | EMA = +1.9058 | std(g_L) = 0.9518 | grad = 0.4653
step   1980 | loss = -1.6874 | mean(g_L) = +1.9535 | EMA = +1.9320 | std(g_L) = 1.0318 | grad = 1.2782
step   2000 | loss = -1.5810 | mean(g_L) = +1.8112 | EMA = +1.9154 | std(g_L) = 0.9597 | grad = 0.3751
step   2020 | loss = -1.5899 | mean(g_L) = +1.8754 | EMA = +1.9296 | std(g_L) = 1.0686 | grad = 1.4426
step   2040 | loss = -1.7908 | mean(g_L) = +2.0332 | EMA = +1.9183 | std(g_L) = 0.9847 | grad = 0.8687
step   2060 | loss = -1.5003 | mean(g_L) = +1.7927 | EMA = +1.9404 | std(g_L) = 1.0815 | grad = 1.2365
step   2080 | loss = -1.8796 | mean(g_L) = +2.0742 | EMA = +1.9461 | std(g_L) = 0.8822 | grad = 0.6188
step   2100 | loss = -1.5750 | mean(g_L) = +1.8222 | EMA = +1.9290 | std(g_L) = 0.9943 | grad = 0.7895
step   2120 | loss = -1.8878 | mean(g_L) = +2.0767 | EMA = +1.9266 | std(g_L) = 0.8694 | grad = 0.4513
step   2140 | loss = -1.7347 | mean(g_L) = +1.9776 | EMA = +1.9395 | std(g_L) = 0.9857 | grad = 0.8010
step   2160 | loss = -1.6521 | mean(g_L) = +1.9265 | EMA = +1.9267 | std(g_L) = 1.0477 | grad = 0.6868
step   2180 | loss = -1.7894 | mean(g_L) = +1.9824 | EMA = +1.9431 | std(g_L) = 0.8787 | grad = 0.4620
step   2200 | loss = -1.5551 | mean(g_L) = +1.8490 | EMA = +1.9369 | std(g_L) = 1.0841 | grad = 0.7227
step   2220 | loss = -1.7813 | mean(g_L) = +2.0208 | EMA = +1.9496 | std(g_L) = 0.9786 | grad = 0.9740
step   2240 | loss = -1.4811 | mean(g_L) = +1.8314 | EMA = +1.9250 | std(g_L) = 1.1838 | grad = 1.3532
step   2260 | loss = -1.7572 | mean(g_L) = +1.9553 | EMA = +1.9153 | std(g_L) = 0.8901 | grad = 0.7970
step   2280 | loss = -1.6717 | mean(g_L) = +1.9394 | EMA = +1.9329 | std(g_L) = 1.0348 | grad = 0.6627
step   2300 | loss = -1.8317 | mean(g_L) = +2.0203 | EMA = +1.9384 | std(g_L) = 0.8687 | grad = 1.0187
step   2320 | loss = -1.9346 | mean(g_L) = +2.0846 | EMA = +1.9489 | std(g_L) = 0.7745 | grad = 0.3873
step   2340 | loss = -1.6383 | mean(g_L) = +1.8621 | EMA = +1.9521 | std(g_L) = 0.9462 | grad = 0.5202
step   2360 | loss = -1.7271 | mean(g_L) = +1.9447 | EMA = +1.9468 | std(g_L) = 0.9329 | grad = 0.9614
step   2380 | loss = -1.9198 | mean(g_L) = +2.1339 | EMA = +1.9537 | std(g_L) = 0.9253 | grad = 0.7731
step   2400 | loss = -1.7686 | mean(g_L) = +2.0223 | EMA = +1.9434 | std(g_L) = 1.0074 | grad = 0.5538
step   2420 | loss = -1.7111 | mean(g_L) = +1.9199 | EMA = +1.9253 | std(g_L) = 0.9137 | grad = 0.4116
step   2440 | loss = -1.8205 | mean(g_L) = +2.0191 | EMA = +1.9366 | std(g_L) = 0.8913 | grad = 1.1544
step   2460 | loss = -1.5039 | mean(g_L) = +1.7925 | EMA = +1.9470 | std(g_L) = 1.0746 | grad = 0.6382
step   2480 | loss = -1.5690 | mean(g_L) = +1.9050 | EMA = +1.9654 | std(g_L) = 1.1593 | grad = 0.5781
step   2500 | loss = -1.7176 | mean(g_L) = +1.9168 | EMA = +1.9548 | std(g_L) = 0.8928 | grad = 1.0452
step   2520 | loss = -1.5027 | mean(g_L) = +1.7903 | EMA = +1.9542 | std(g_L) = 1.0727 | grad = 0.5657
step   2540 | loss = -1.8380 | mean(g_L) = +2.0168 | EMA = +1.9299 | std(g_L) = 0.8457 | grad = 0.9622
step   2560 | loss = -1.6793 | mean(g_L) = +1.8905 | EMA = +1.9364 | std(g_L) = 0.9193 | grad = 0.6393
step   2580 | loss = -1.5652 | mean(g_L) = +1.8180 | EMA = +1.9444 | std(g_L) = 1.0056 | grad = 0.7379
step   2600 | loss = -1.7881 | mean(g_L) = +1.9863 | EMA = +1.9675 | std(g_L) = 0.8904 | grad = 0.4502
step   2620 | loss = -1.7431 | mean(g_L) = +1.9763 | EMA = +1.9534 | std(g_L) = 0.9660 | grad = 0.8614
step   2640 | loss = -1.8502 | mean(g_L) = +2.0541 | EMA = +1.9605 | std(g_L) = 0.9031 | grad = 1.1256
step   2660 | loss = -1.6852 | mean(g_L) = +1.9618 | EMA = +1.9302 | std(g_L) = 1.0520 | grad = 1.5979
step   2680 | loss = -1.6633 | mean(g_L) = +1.8782 | EMA = +1.9533 | std(g_L) = 0.9272 | grad = 0.7826
step   2700 | loss = -1.6127 | mean(g_L) = +1.8588 | EMA = +1.9599 | std(g_L) = 0.9920 | grad = 1.4368
step   2720 | loss = -1.6935 | mean(g_L) = +1.9293 | EMA = +1.9688 | std(g_L) = 0.9712 | grad = 0.8599
step   2740 | loss = -1.6771 | mean(g_L) = +1.9159 | EMA = +1.9757 | std(g_L) = 0.9775 | grad = 0.9439
step   2760 | loss = -1.8226 | mean(g_L) = +2.0418 | EMA = +1.9594 | std(g_L) = 0.9364 | grad = 0.9952
step   2780 | loss = -1.7153 | mean(g_L) = +1.9882 | EMA = +1.9713 | std(g_L) = 1.0448 | grad = 1.0730
step   2800 | loss = -1.6711 | mean(g_L) = +1.8777 | EMA = +1.9847 | std(g_L) = 0.9092 | grad = 0.3833
step   2820 | loss = -1.7707 | mean(g_L) = +1.9780 | EMA = +1.9694 | std(g_L) = 0.9107 | grad = 0.5089
step   2840 | loss = -1.8014 | mean(g_L) = +1.9996 | EMA = +1.9610 | std(g_L) = 0.8904 | grad = 1.2679
step   2860 | loss = -1.6739 | mean(g_L) = +1.9784 | EMA = +1.9728 | std(g_L) = 1.1036 | grad = 0.8261
step   2880 | loss = -1.8197 | mean(g_L) = +1.9847 | EMA = +1.9776 | std(g_L) = 0.8124 | grad = 1.3124
step   2900 | loss = -1.7794 | mean(g_L) = +2.0558 | EMA = +1.9808 | std(g_L) = 1.0516 | grad = 1.0477
step   2920 | loss = -1.7915 | mean(g_L) = +1.9897 | EMA = +1.9993 | std(g_L) = 0.8903 | grad = 0.8943
step   2940 | loss = -1.7616 | mean(g_L) = +1.9767 | EMA = +1.9812 | std(g_L) = 0.9274 | grad = 0.9618
step   2960 | loss = -1.9299 | mean(g_L) = +2.0853 | EMA = +1.9662 | std(g_L) = 0.7884 | grad = 0.3904
step   2980 | loss = -1.7479 | mean(g_L) = +1.9841 | EMA = +1.9610 | std(g_L) = 0.9721 | grad = 0.6022
step   3000 | loss = -1.7369 | mean(g_L) = +1.9573 | EMA = +1.9788 | std(g_L) = 0.9388 | grad = 1.0681
step   3020 | loss = -1.8754 | mean(g_L) = +2.1231 | EMA = +1.9917 | std(g_L) = 0.9954 | grad = 0.9836
step   3040 | loss = -1.7914 | mean(g_L) = +1.9888 | EMA = +2.0069 | std(g_L) = 0.8886 | grad = 0.6353
step   3060 | loss = -1.8430 | mean(g_L) = +2.0621 | EMA = +2.0131 | std(g_L) = 0.9363 | grad = 0.6213
step   3080 | loss = -1.8361 | mean(g_L) = +2.0582 | EMA = +2.0092 | std(g_L) = 0.9424 | grad = 0.7595
step   3100 | loss = -1.8031 | mean(g_L) = +1.9896 | EMA = +1.9795 | std(g_L) = 0.8637 | grad = 0.3034
step   3120 | loss = -1.6888 | mean(g_L) = +1.9550 | EMA = +2.0038 | std(g_L) = 1.0321 | grad = 1.1462
step   3140 | loss = -1.7870 | mean(g_L) = +1.9796 | EMA = +1.9911 | std(g_L) = 0.8776 | grad = 0.7787
step   3160 | loss = -1.9016 | mean(g_L) = +2.1100 | EMA = +1.9973 | std(g_L) = 0.9131 | grad = 0.6583
step   3180 | loss = -1.6512 | mean(g_L) = +1.8940 | EMA = +1.9875 | std(g_L) = 0.9856 | grad = 1.2698
step   3200 | loss = -1.6871 | mean(g_L) = +1.9027 | EMA = +1.9869 | std(g_L) = 0.9287 | grad = 1.0124
step   3220 | loss = -1.8348 | mean(g_L) = +2.0274 | EMA = +2.0167 | std(g_L) = 0.8776 | grad = 0.5257
step   3240 | loss = -1.4506 | mean(g_L) = +1.7607 | EMA = +1.9886 | std(g_L) = 1.1137 | grad = 0.9127
step   3260 | loss = -1.8417 | mean(g_L) = +2.0143 | EMA = +2.0094 | std(g_L) = 0.8308 | grad = 1.0730
step   3280 | loss = -1.8092 | mean(g_L) = +1.9898 | EMA = +2.0021 | std(g_L) = 0.8498 | grad = 0.6405
step   3300 | loss = -1.7658 | mean(g_L) = +1.9879 | EMA = +1.9926 | std(g_L) = 0.9424 | grad = 0.7003
step   3320 | loss = -1.9480 | mean(g_L) = +2.1192 | EMA = +1.9846 | std(g_L) = 0.8273 | grad = 0.6413
step   3340 | loss = -1.9079 | mean(g_L) = +2.1455 | EMA = +2.0014 | std(g_L) = 0.9750 | grad = 0.8004
step   3360 | loss = -1.5739 | mean(g_L) = +1.8734 | EMA = +2.0108 | std(g_L) = 1.0944 | grad = 0.7937
step   3380 | loss = -1.9387 | mean(g_L) = +2.0888 | EMA = +2.0125 | std(g_L) = 0.7748 | grad = 0.5340
step   3400 | loss = -1.6340 | mean(g_L) = +1.8820 | EMA = +2.0072 | std(g_L) = 0.9960 | grad = 1.4425
step   3420 | loss = -1.8795 | mean(g_L) = +2.1051 | EMA = +2.0135 | std(g_L) = 0.9499 | grad = 0.8215
step   3440 | loss = -1.8281 | mean(g_L) = +1.9975 | EMA = +1.9976 | std(g_L) = 0.8230 | grad = 1.1989
step   3460 | loss = -1.6183 | mean(g_L) = +1.8950 | EMA = +1.9929 | std(g_L) = 1.0521 | grad = 0.6767
step   3480 | loss = -1.8217 | mean(g_L) = +1.9982 | EMA = +2.0140 | std(g_L) = 0.8401 | grad = 0.7407
step   3500 | loss = -1.5907 | mean(g_L) = +1.8668 | EMA = +2.0079 | std(g_L) = 1.0510 | grad = 0.8932
step   3520 | loss = -1.6556 | mean(g_L) = +1.9262 | EMA = +1.9801 | std(g_L) = 1.0402 | grad = 0.7740
step   3540 | loss = -1.8731 | mean(g_L) = +2.0531 | EMA = +2.0016 | std(g_L) = 0.8484 | grad = 0.2435
step   3560 | loss = -1.6944 | mean(g_L) = +1.9038 | EMA = +2.0015 | std(g_L) = 0.9152 | grad = 0.8846
step   3580 | loss = -1.6235 | mean(g_L) = +1.8525 | EMA = +2.0000 | std(g_L) = 0.9570 | grad = 0.4603
step   3600 | loss = -1.8158 | mean(g_L) = +1.9960 | EMA = +1.9850 | std(g_L) = 0.8488 | grad = 0.4903
step   3620 | loss = -1.8011 | mean(g_L) = +1.9994 | EMA = +2.0013 | std(g_L) = 0.8905 | grad = 0.7086
step   3640 | loss = -1.6003 | mean(g_L) = +1.8647 | EMA = +1.9750 | std(g_L) = 1.0285 | grad = 0.2506
step   3660 | loss = -1.7621 | mean(g_L) = +2.0081 | EMA = +1.9931 | std(g_L) = 0.9919 | grad = 0.7813
step   3680 | loss = -1.7602 | mean(g_L) = +2.0063 | EMA = +1.9881 | std(g_L) = 0.9921 | grad = 0.6544
step   3700 | loss = -1.9234 | mean(g_L) = +2.0884 | EMA = +1.9910 | std(g_L) = 0.8125 | grad = 0.4496
step   3720 | loss = -1.7601 | mean(g_L) = +1.9525 | EMA = +1.9979 | std(g_L) = 0.8773 | grad = 1.0801
step   3740 | loss = -1.8380 | mean(g_L) = +2.0021 | EMA = +2.0011 | std(g_L) = 0.8100 | grad = 0.6287
step   3760 | loss = -1.7782 | mean(g_L) = +1.9638 | EMA = +1.9904 | std(g_L) = 0.8618 | grad = 0.6111
step   3780 | loss = -1.9674 | mean(g_L) = +2.1192 | EMA = +1.9925 | std(g_L) = 0.7794 | grad = 0.4582
step   3800 | loss = -1.8381 | mean(g_L) = +2.0506 | EMA = +2.0115 | std(g_L) = 0.9219 | grad = 0.7620
step   3820 | loss = -1.7439 | mean(g_L) = +1.9547 | EMA = +2.0053 | std(g_L) = 0.9182 | grad = 1.1484
step   3840 | loss = -1.5504 | mean(g_L) = +1.8990 | EMA = +1.9892 | std(g_L) = 1.1807 | grad = 1.0916
step   3860 | loss = -1.8547 | mean(g_L) = +2.0321 | EMA = +1.9925 | std(g_L) = 0.8425 | grad = 0.4161
step   3880 | loss = -1.7780 | mean(g_L) = +2.0118 | EMA = +1.9809 | std(g_L) = 0.9672 | grad = 0.7003
step   3900 | loss = -1.7473 | mean(g_L) = +1.9957 | EMA = +1.9668 | std(g_L) = 0.9968 | grad = 0.5393
step   3920 | loss = -1.7329 | mean(g_L) = +1.9700 | EMA = +1.9880 | std(g_L) = 0.9739 | grad = 0.7925
step   3940 | loss = -1.8309 | mean(g_L) = +2.0422 | EMA = +2.0093 | std(g_L) = 0.9193 | grad = 0.5354
step   3960 | loss = -1.7202 | mean(g_L) = +1.9232 | EMA = +2.0050 | std(g_L) = 0.9011 | grad = 0.8206
step   3980 | loss = -1.7316 | mean(g_L) = +1.9335 | EMA = +2.0021 | std(g_L) = 0.8985 | grad = 1.9779
step   4000 | loss = -1.8726 | mean(g_L) = +2.0729 | EMA = +2.0288 | std(g_L) = 0.8951 | grad = 0.8853
step   4020 | loss = -1.8261 | mean(g_L) = +2.0644 | EMA = +2.0149 | std(g_L) = 0.9762 | grad = 1.1601
step   4040 | loss = -1.8197 | mean(g_L) = +2.0386 | EMA = +2.0200 | std(g_L) = 0.9358 | grad = 1.7003
step   4060 | loss = -1.7133 | mean(g_L) = +1.9209 | EMA = +2.0157 | std(g_L) = 0.9113 | grad = 0.7122
step   4080 | loss = -1.8830 | mean(g_L) = +2.0456 | EMA = +2.0337 | std(g_L) = 0.8064 | grad = 0.5554
step   4100 | loss = -1.6724 | mean(g_L) = +1.9420 | EMA = +2.0158 | std(g_L) = 1.0384 | grad = 0.6220
step   4120 | loss = -1.8063 | mean(g_L) = +2.0166 | EMA = +1.9985 | std(g_L) = 0.9173 | grad = 0.3597
step   4140 | loss = -1.7060 | mean(g_L) = +1.9151 | EMA = +1.9983 | std(g_L) = 0.9145 | grad = 1.5118
step   4160 | loss = -1.7240 | mean(g_L) = +1.9661 | EMA = +1.9944 | std(g_L) = 0.9842 | grad = 0.9095
step   4180 | loss = -1.9150 | mean(g_L) = +2.0853 | EMA = +2.0206 | std(g_L) = 0.8252 | grad = 0.5941
step   4200 | loss = -1.7552 | mean(g_L) = +1.9784 | EMA = +2.0217 | std(g_L) = 0.9448 | grad = 0.9419
step   4220 | loss = -1.6308 | mean(g_L) = +1.9264 | EMA = +2.0238 | std(g_L) = 1.0874 | grad = 0.6929
step   4240 | loss = -1.7617 | mean(g_L) = +1.9598 | EMA = +2.0144 | std(g_L) = 0.8901 | grad = 0.7190
step   4260 | loss = -1.8248 | mean(g_L) = +2.0044 | EMA = +2.0174 | std(g_L) = 0.8475 | grad = 0.3756
step   4280 | loss = -1.7711 | mean(g_L) = +1.9984 | EMA = +2.0043 | std(g_L) = 0.9534 | grad = 0.7186
step   4300 | loss = -1.7053 | mean(g_L) = +1.9509 | EMA = +1.9860 | std(g_L) = 0.9910 | grad = 1.2366
step   4320 | loss = -1.7985 | mean(g_L) = +2.0032 | EMA = +2.0170 | std(g_L) = 0.9049 | grad = 1.0113
step   4340 | loss = -1.9009 | mean(g_L) = +2.0619 | EMA = +2.0173 | std(g_L) = 0.8025 | grad = 0.6817
step   4360 | loss = -1.4868 | mean(g_L) = +1.8083 | EMA = +1.9946 | std(g_L) = 1.1339 | grad = 1.7696
step   4380 | loss = -1.7747 | mean(g_L) = +2.0121 | EMA = +1.9812 | std(g_L) = 0.9744 | grad = 0.9434
step   4400 | loss = -1.6428 | mean(g_L) = +1.9435 | EMA = +2.0059 | std(g_L) = 1.0966 | grad = 0.6130
step   4420 | loss = -1.7137 | mean(g_L) = +1.9609 | EMA = +1.9945 | std(g_L) = 0.9943 | grad = 0.5284
step   4440 | loss = -1.6533 | mean(g_L) = +1.8857 | EMA = +1.9848 | std(g_L) = 0.9642 | grad = 1.4417
step   4460 | loss = -1.8710 | mean(g_L) = +2.0396 | EMA = +2.0029 | std(g_L) = 0.8213 | grad = 0.7006
step   4480 | loss = -1.6753 | mean(g_L) = +1.9361 | EMA = +2.0148 | std(g_L) = 1.0214 | grad = 0.5333
step   4500 | loss = -1.8610 | mean(g_L) = +2.0342 | EMA = +2.0227 | std(g_L) = 0.8324 | grad = 0.8864
step   4520 | loss = -1.7147 | mean(g_L) = +1.9543 | EMA = +2.0131 | std(g_L) = 0.9789 | grad = 0.5213
step   4540 | loss = -1.7812 | mean(g_L) = +2.0166 | EMA = +2.0078 | std(g_L) = 0.9705 | grad = 1.0188
step   4560 | loss = -1.6254 | mean(g_L) = +1.8666 | EMA = +1.9953 | std(g_L) = 0.9823 | grad = 0.6738
step   4580 | loss = -2.0232 | mean(g_L) = +2.1711 | EMA = +2.0196 | std(g_L) = 0.7692 | grad = 0.9853
step   4600 | loss = -1.7890 | mean(g_L) = +1.9962 | EMA = +1.9963 | std(g_L) = 0.9103 | grad = 0.7151
step   4620 | loss = -1.7973 | mean(g_L) = +2.0325 | EMA = +1.9875 | std(g_L) = 0.9699 | grad = 1.8293
step   4640 | loss = -1.8227 | mean(g_L) = +2.0220 | EMA = +2.0230 | std(g_L) = 0.8929 | grad = 0.7750
step   4660 | loss = -1.6444 | mean(g_L) = +1.8725 | EMA = +2.0099 | std(g_L) = 0.9552 | grad = 1.1311
step   4680 | loss = -1.8612 | mean(g_L) = +2.0460 | EMA = +2.0073 | std(g_L) = 0.8597 | grad = 0.7390
step   4700 | loss = -1.8574 | mean(g_L) = +2.0861 | EMA = +2.0137 | std(g_L) = 0.9565 | grad = 0.3397
step   4720 | loss = -1.7118 | mean(g_L) = +1.9738 | EMA = +2.0006 | std(g_L) = 1.0237 | grad = 0.5437
step   4740 | loss = -1.7535 | mean(g_L) = +1.9689 | EMA = +1.9996 | std(g_L) = 0.9282 | grad = 1.0111
step   4760 | loss = -1.7236 | mean(g_L) = +1.9280 | EMA = +1.9855 | std(g_L) = 0.9041 | grad = 0.7519
step   4780 | loss = -1.7699 | mean(g_L) = +1.9494 | EMA = +2.0073 | std(g_L) = 0.8473 | grad = 0.6492
step   4800 | loss = -2.0502 | mean(g_L) = +2.2119 | EMA = +2.0515 | std(g_L) = 0.8042 | grad = 0.5693
step   4820 | loss = -1.7903 | mean(g_L) = +1.9882 | EMA = +2.0174 | std(g_L) = 0.8896 | grad = 0.9115
step   4840 | loss = -1.8873 | mean(g_L) = +2.0770 | EMA = +2.0384 | std(g_L) = 0.8710 | grad = 1.4041
step   4860 | loss = -1.9179 | mean(g_L) = +2.1546 | EMA = +2.0205 | std(g_L) = 0.9731 | grad = 0.6156
step   4880 | loss = -1.7513 | mean(g_L) = +1.9831 | EMA = +2.0087 | std(g_L) = 0.9630 | grad = 0.3901
step   4900 | loss = -1.7984 | mean(g_L) = +2.0144 | EMA = +2.0206 | std(g_L) = 0.9295 | grad = 1.0543
step   4920 | loss = -1.9209 | mean(g_L) = +2.1166 | EMA = +2.0112 | std(g_L) = 0.8849 | grad = 0.4494
step   4940 | loss = -1.5945 | mean(g_L) = +1.8974 | EMA = +2.0129 | std(g_L) = 1.1008 | grad = 0.8012
step   4960 | loss = -1.8700 | mean(g_L) = +2.0680 | EMA = +1.9892 | std(g_L) = 0.8901 | grad = 0.7788
step   4980 | loss = -1.6928 | mean(g_L) = +1.9465 | EMA = +1.9962 | std(g_L) = 1.0073 | grad = 0.6925
step   5000 | loss = -1.6493 | mean(g_L) = +1.8772 | EMA = +1.9887 | std(g_L) = 0.9549 | grad = 1.0941
step   5020 | loss = -1.9289 | mean(g_L) = +2.1010 | EMA = +1.9876 | std(g_L) = 0.8296 | grad = 0.9014
step   5040 | loss = -1.7612 | mean(g_L) = +2.0009 | EMA = +1.9885 | std(g_L) = 0.9792 | grad = 0.5258
step   5060 | loss = -1.7666 | mean(g_L) = +2.0364 | EMA = +2.0210 | std(g_L) = 1.0388 | grad = 1.0564
step   5080 | loss = -1.7376 | mean(g_L) = +1.9582 | EMA = +2.0128 | std(g_L) = 0.9392 | grad = 0.5461
step   5100 | loss = -1.7902 | mean(g_L) = +2.0193 | EMA = +2.0161 | std(g_L) = 0.9574 | grad = 0.7631
step   5120 | loss = -1.8138 | mean(g_L) = +2.0212 | EMA = +2.0206 | std(g_L) = 0.9107 | grad = 0.9860
step   5140 | loss = -1.8735 | mean(g_L) = +2.1016 | EMA = +2.0092 | std(g_L) = 0.9552 | grad = 0.8197
step   5160 | loss = -1.9196 | mean(g_L) = +2.1109 | EMA = +2.0300 | std(g_L) = 0.8747 | grad = 1.0860
step   5180 | loss = -1.9544 | mean(g_L) = +2.1070 | EMA = +2.0132 | std(g_L) = 0.7814 | grad = 0.2555
step   5200 | loss = -1.7656 | mean(g_L) = +1.9517 | EMA = +2.0129 | std(g_L) = 0.8628 | grad = 1.0645
step   5220 | loss = -1.7456 | mean(g_L) = +1.9977 | EMA = +1.9966 | std(g_L) = 1.0042 | grad = 0.5901
step   5240 | loss = -1.7376 | mean(g_L) = +2.0132 | EMA = +2.0058 | std(g_L) = 1.0499 | grad = 0.4995
step   5260 | loss = -1.6471 | mean(g_L) = +1.9086 | EMA = +1.9957 | std(g_L) = 1.0227 | grad = 0.6492
step   5280 | loss = -1.7089 | mean(g_L) = +1.9334 | EMA = +1.9919 | std(g_L) = 0.9478 | grad = 0.7881
step   5300 | loss = -1.7965 | mean(g_L) = +1.9657 | EMA = +2.0213 | std(g_L) = 0.8227 | grad = 0.4929
step   5320 | loss = -1.8699 | mean(g_L) = +2.0838 | EMA = +2.0136 | std(g_L) = 0.9249 | grad = 1.5305
step   5340 | loss = -1.7692 | mean(g_L) = +2.0029 | EMA = +2.0154 | std(g_L) = 0.9669 | grad = 1.5064
step   5360 | loss = -1.8631 | mean(g_L) = +2.0843 | EMA = +2.0249 | std(g_L) = 0.9407 | grad = 1.1445
step   5380 | loss = -1.6195 | mean(g_L) = +1.8718 | EMA = +2.0075 | std(g_L) = 1.0044 | grad = 1.3504
step   5400 | loss = -1.8482 | mean(g_L) = +2.0545 | EMA = +2.0093 | std(g_L) = 0.9086 | grad = 0.7852
step   5420 | loss = -1.7125 | mean(g_L) = +1.9756 | EMA = +2.0150 | std(g_L) = 1.0258 | grad = 0.7539
step   5440 | loss = -1.7108 | mean(g_L) = +1.9195 | EMA = +2.0162 | std(g_L) = 0.9137 | grad = 1.1534
step   5460 | loss = -1.6482 | mean(g_L) = +1.9336 | EMA = +2.0352 | std(g_L) = 1.0684 | grad = 0.8545
step   5480 | loss = -1.7480 | mean(g_L) = +1.9962 | EMA = +2.0364 | std(g_L) = 0.9963 | grad = 0.7295
step   5500 | loss = -1.5754 | mean(g_L) = +1.8392 | EMA = +2.0010 | std(g_L) = 1.0271 | grad = 0.8942
step   5520 | loss = -1.8590 | mean(g_L) = +2.0418 | EMA = +2.0016 | std(g_L) = 0.8551 | grad = 0.3426
step   5540 | loss = -1.5664 | mean(g_L) = +1.8831 | EMA = +1.9834 | std(g_L) = 1.1255 | grad = 1.2090
step   5560 | loss = -1.8713 | mean(g_L) = +2.0623 | EMA = +2.0115 | std(g_L) = 0.8740 | grad = 0.6054
step   5580 | loss = -1.8715 | mean(g_L) = +2.0879 | EMA = +2.0107 | std(g_L) = 0.9305 | grad = 1.0445
step   5600 | loss = -1.7409 | mean(g_L) = +1.9524 | EMA = +2.0160 | std(g_L) = 0.9199 | grad = 1.6829
step   5620 | loss = -1.6855 | mean(g_L) = +1.9495 | EMA = +1.9997 | std(g_L) = 1.0276 | grad = 0.6221
step   5640 | loss = -1.8260 | mean(g_L) = +2.0358 | EMA = +2.0191 | std(g_L) = 0.9160 | grad = 0.4151
step   5660 | loss = -1.8560 | mean(g_L) = +2.0333 | EMA = +2.0267 | std(g_L) = 0.8422 | grad = 0.5973
step   5680 | loss = -1.7407 | mean(g_L) = +1.9529 | EMA = +2.0082 | std(g_L) = 0.9213 | grad = 0.6987
step   5700 | loss = -2.0093 | mean(g_L) = +2.1859 | EMA = +2.0121 | std(g_L) = 0.8405 | grad = 0.5182
step   5720 | loss = -1.7809 | mean(g_L) = +1.9530 | EMA = +2.0082 | std(g_L) = 0.8295 | grad = 0.6344
step   5740 | loss = -1.8591 | mean(g_L) = +2.0531 | EMA = +2.0296 | std(g_L) = 0.8810 | grad = 0.4569
step   5760 | loss = -1.9552 | mean(g_L) = +2.1507 | EMA = +2.0350 | std(g_L) = 0.8843 | grad = 0.6339
step   5780 | loss = -1.5999 | mean(g_L) = +1.8851 | EMA = +2.0043 | std(g_L) = 1.0681 | grad = 0.8720
step   5800 | loss = -1.8729 | mean(g_L) = +2.1049 | EMA = +2.0230 | std(g_L) = 0.9633 | grad = 0.5416
step   5820 | loss = -1.6514 | mean(g_L) = +1.9152 | EMA = +2.0042 | std(g_L) = 1.0272 | grad = 1.1762
step   5840 | loss = -1.7506 | mean(g_L) = +1.9890 | EMA = +2.0395 | std(g_L) = 0.9765 | grad = 0.6689
step   5860 | loss = -1.8000 | mean(g_L) = +1.9820 | EMA = +2.0197 | std(g_L) = 0.8532 | grad = 0.9311
step   5880 | loss = -1.7654 | mean(g_L) = +1.9831 | EMA = +2.0252 | std(g_L) = 0.9331 | grad = 0.3756
step   5900 | loss = -1.7825 | mean(g_L) = +1.9692 | EMA = +1.9956 | std(g_L) = 0.8642 | grad = 1.0067
step   5920 | loss = -2.0702 | mean(g_L) = +2.2326 | EMA = +2.0249 | std(g_L) = 0.8060 | grad = 0.7405
step   5940 | loss = -2.0301 | mean(g_L) = +2.2051 | EMA = +2.0385 | std(g_L) = 0.8368 | grad = 0.6816
step   5960 | loss = -1.6905 | mean(g_L) = +1.8931 | EMA = +2.0405 | std(g_L) = 0.9001 | grad = 1.0418
step   5980 | loss = -1.8172 | mean(g_L) = +2.0715 | EMA = +2.0100 | std(g_L) = 1.0087 | grad = 1.1704
step   6000 | loss = -1.8101 | mean(g_L) = +2.0460 | EMA = +2.0141 | std(g_L) = 0.9714 | grad = 0.3263
step   6020 | loss = -1.8914 | mean(g_L) = +2.1018 | EMA = +2.0099 | std(g_L) = 0.9172 | grad = 0.7061
step   6040 | loss = -1.8557 | mean(g_L) = +2.1042 | EMA = +2.0214 | std(g_L) = 0.9972 | grad = 0.8677
step   6060 | loss = -1.9019 | mean(g_L) = +2.0895 | EMA = +2.0175 | std(g_L) = 0.8664 | grad = 1.0373
step   6080 | loss = -1.7791 | mean(g_L) = +2.0299 | EMA = +2.0153 | std(g_L) = 1.0017 | grad = 0.6478
step   6100 | loss = -1.7496 | mean(g_L) = +1.9481 | EMA = +1.9907 | std(g_L) = 0.8910 | grad = 0.7495
step   6120 | loss = -1.7636 | mean(g_L) = +1.9666 | EMA = +2.0221 | std(g_L) = 0.9011 | grad = 0.7178
step   6140 | loss = -1.9357 | mean(g_L) = +2.1042 | EMA = +2.0210 | std(g_L) = 0.8210 | grad = 1.8587
step   6160 | loss = -1.6538 | mean(g_L) = +1.9004 | EMA = +2.0024 | std(g_L) = 0.9932 | grad = 1.1663
step   6180 | loss = -1.8149 | mean(g_L) = +2.0313 | EMA = +2.0072 | std(g_L) = 0.9305 | grad = 0.4682
step   6200 | loss = -1.9530 | mean(g_L) = +2.1293 | EMA = +2.0301 | std(g_L) = 0.8397 | grad = 0.8310
step   6220 | loss = -1.8294 | mean(g_L) = +2.0569 | EMA = +2.0341 | std(g_L) = 0.9539 | grad = 1.0798
step   6240 | loss = -1.6518 | mean(g_L) = +1.9221 | EMA = +2.0042 | std(g_L) = 1.0399 | grad = 1.2146
step   6260 | loss = -1.8793 | mean(g_L) = +2.0440 | EMA = +2.0290 | std(g_L) = 0.8116 | grad = 0.9485
step   6280 | loss = -1.7760 | mean(g_L) = +2.0109 | EMA = +2.0053 | std(g_L) = 0.9693 | grad = 0.9916
step   6300 | loss = -1.7742 | mean(g_L) = +1.9850 | EMA = +2.0202 | std(g_L) = 0.9182 | grad = 0.9623
step   6320 | loss = -1.8598 | mean(g_L) = +2.0734 | EMA = +2.0217 | std(g_L) = 0.9243 | grad = 0.3917
step   6340 | loss = -1.6851 | mean(g_L) = +1.9530 | EMA = +2.0270 | std(g_L) = 1.0352 | grad = 0.7647
step   6360 | loss = -1.7285 | mean(g_L) = +1.9712 | EMA = +2.0220 | std(g_L) = 0.9852 | grad = 0.7043
step   6380 | loss = -1.8710 | mean(g_L) = +2.0620 | EMA = +2.0350 | std(g_L) = 0.8741 | grad = 0.5653
step   6400 | loss = -1.9036 | mean(g_L) = +2.1003 | EMA = +2.0445 | std(g_L) = 0.8869 | grad = 0.6515
step   6420 | loss = -1.7730 | mean(g_L) = +1.9832 | EMA = +2.0356 | std(g_L) = 0.9169 | grad = 0.6186
step   6440 | loss = -1.8771 | mean(g_L) = +2.0685 | EMA = +2.0320 | std(g_L) = 0.8751 | grad = 0.6703
step   6460 | loss = -1.6396 | mean(g_L) = +1.8778 | EMA = +2.0216 | std(g_L) = 0.9762 | grad = 1.3217
step   6480 | loss = -1.7077 | mean(g_L) = +1.9476 | EMA = +2.0158 | std(g_L) = 0.9795 | grad = 0.7027
step   6500 | loss = -1.8840 | mean(g_L) = +2.0705 | EMA = +2.0055 | std(g_L) = 0.8636 | grad = 0.8240
step   6520 | loss = -1.6731 | mean(g_L) = +1.9462 | EMA = +2.0137 | std(g_L) = 1.0452 | grad = 0.8146
step   6540 | loss = -1.8342 | mean(g_L) = +2.0390 | EMA = +2.0303 | std(g_L) = 0.9050 | grad = 1.0479
step   6560 | loss = -1.6151 | mean(g_L) = +1.9349 | EMA = +2.0210 | std(g_L) = 1.1311 | grad = 0.7660
step   6580 | loss = -1.9899 | mean(g_L) = +2.1417 | EMA = +2.0352 | std(g_L) = 0.7792 | grad = 0.5945
step   6600 | loss = -1.9103 | mean(g_L) = +2.1429 | EMA = +2.0248 | std(g_L) = 0.9646 | grad = 0.4026
step   6620 | loss = -1.8951 | mean(g_L) = +2.1115 | EMA = +2.0287 | std(g_L) = 0.9304 | grad = 1.1495
step   6640 | loss = -1.8375 | mean(g_L) = +1.9908 | EMA = +2.0315 | std(g_L) = 0.7831 | grad = 0.7508
step   6660 | loss = -1.7284 | mean(g_L) = +1.9560 | EMA = +2.0048 | std(g_L) = 0.9542 | grad = 0.8070
step   6680 | loss = -1.8857 | mean(g_L) = +2.0441 | EMA = +2.0250 | std(g_L) = 0.7959 | grad = 0.9146
step   6700 | loss = -1.7049 | mean(g_L) = +1.9540 | EMA = +2.0170 | std(g_L) = 0.9981 | grad = 0.5643
step   6720 | loss = -1.8388 | mean(g_L) = +2.0327 | EMA = +2.0107 | std(g_L) = 0.8806 | grad = 0.4811
step   6740 | loss = -1.8662 | mean(g_L) = +2.0594 | EMA = +2.0067 | std(g_L) = 0.8792 | grad = 0.7381
step   6760 | loss = -1.8725 | mean(g_L) = +2.0875 | EMA = +2.0322 | std(g_L) = 0.9275 | grad = 0.7450
step   6780 | loss = -1.7454 | mean(g_L) = +1.9835 | EMA = +2.0365 | std(g_L) = 0.9761 | grad = 1.7688
step   6800 | loss = -1.7689 | mean(g_L) = +1.9948 | EMA = +2.0166 | std(g_L) = 0.9507 | grad = 0.5290
step   6820 | loss = -1.9301 | mean(g_L) = +2.1260 | EMA = +2.0228 | std(g_L) = 0.8852 | grad = 1.0474
step   6840 | loss = -1.9872 | mean(g_L) = +2.1821 | EMA = +2.0335 | std(g_L) = 0.8831 | grad = 0.7234
step   6860 | loss = -2.0085 | mean(g_L) = +2.1836 | EMA = +2.0259 | std(g_L) = 0.8367 | grad = 0.5887
step   6880 | loss = -1.9030 | mean(g_L) = +2.0610 | EMA = +2.0198 | std(g_L) = 0.7950 | grad = 0.8518
step   6900 | loss = -1.9323 | mean(g_L) = +2.1229 | EMA = +2.0397 | std(g_L) = 0.8730 | grad = 0.6492
step   6920 | loss = -1.6868 | mean(g_L) = +1.9447 | EMA = +2.0123 | std(g_L) = 1.0158 | grad = 0.2712
step   6940 | loss = -1.7588 | mean(g_L) = +1.9672 | EMA = +2.0372 | std(g_L) = 0.9130 | grad = 0.5577
step   6960 | loss = -1.6725 | mean(g_L) = +1.9126 | EMA = +2.0218 | std(g_L) = 0.9800 | grad = 0.8056
step   6980 | loss = -1.8398 | mean(g_L) = +2.0280 | EMA = +2.0191 | std(g_L) = 0.8676 | grad = 0.9376
step   7000 | loss = -1.8643 | mean(g_L) = +2.0348 | EMA = +2.0244 | std(g_L) = 0.8259 | grad = 0.3740
step   7020 | loss = -1.6979 | mean(g_L) = +1.9237 | EMA = +2.0137 | std(g_L) = 0.9504 | grad = 0.6969
step   7040 | loss = -1.8029 | mean(g_L) = +2.0426 | EMA = +2.0254 | std(g_L) = 0.9790 | grad = 1.6883
step   7060 | loss = -1.8172 | mean(g_L) = +2.0508 | EMA = +2.0281 | std(g_L) = 0.9667 | grad = 0.9994
step   7080 | loss = -1.9043 | mean(g_L) = +2.0607 | EMA = +2.0470 | std(g_L) = 0.7909 | grad = 0.2940
step   7100 | loss = -1.6339 | mean(g_L) = +2.0153 | EMA = +2.0419 | std(g_L) = 1.2353 | grad = 0.5530
step   7120 | loss = -1.7305 | mean(g_L) = +2.0044 | EMA = +2.0191 | std(g_L) = 1.0467 | grad = 0.9409
step   7140 | loss = -1.8714 | mean(g_L) = +2.0846 | EMA = +2.0219 | std(g_L) = 0.9235 | grad = 1.3189
step   7160 | loss = -1.7822 | mean(g_L) = +1.9933 | EMA = +2.0390 | std(g_L) = 0.9189 | grad = 0.9760
step   7180 | loss = -1.8068 | mean(g_L) = +2.0165 | EMA = +2.0230 | std(g_L) = 0.9157 | grad = 0.4432
step   7200 | loss = -1.8388 | mean(g_L) = +2.0461 | EMA = +2.0200 | std(g_L) = 0.9108 | grad = 0.8651
step   7220 | loss = -1.8498 | mean(g_L) = +2.0566 | EMA = +2.0161 | std(g_L) = 0.9095 | grad = 1.0066
step   7240 | loss = -1.9151 | mean(g_L) = +2.1337 | EMA = +2.0298 | std(g_L) = 0.9352 | grad = 1.1563
step   7260 | loss = -1.8221 | mean(g_L) = +2.0223 | EMA = +2.0256 | std(g_L) = 0.8949 | grad = 0.3605
step   7280 | loss = -1.9205 | mean(g_L) = +2.0903 | EMA = +2.0624 | std(g_L) = 0.8241 | grad = 1.0437
step   7300 | loss = -1.8483 | mean(g_L) = +2.0514 | EMA = +2.0307 | std(g_L) = 0.9014 | grad = 1.4291
step   7320 | loss = -2.0040 | mean(g_L) = +2.1824 | EMA = +2.0429 | std(g_L) = 0.8447 | grad = 0.7643
step   7340 | loss = -1.8224 | mean(g_L) = +2.0148 | EMA = +2.0483 | std(g_L) = 0.8771 | grad = 0.9290
step   7360 | loss = -1.9437 | mean(g_L) = +2.1303 | EMA = +2.0485 | std(g_L) = 0.8640 | grad = 0.6217
step   7380 | loss = -1.8192 | mean(g_L) = +2.0209 | EMA = +2.0475 | std(g_L) = 0.8981 | grad = 0.7405
step   7400 | loss = -1.8513 | mean(g_L) = +2.0538 | EMA = +2.0346 | std(g_L) = 0.9000 | grad = 0.8533
step   7420 | loss = -1.8178 | mean(g_L) = +2.0179 | EMA = +2.0382 | std(g_L) = 0.8946 | grad = 1.0034
step   7440 | loss = -1.8286 | mean(g_L) = +2.0536 | EMA = +2.0469 | std(g_L) = 0.9488 | grad = 0.9705
step   7460 | loss = -1.9502 | mean(g_L) = +2.1141 | EMA = +2.0472 | std(g_L) = 0.8098 | grad = 0.8916
step   7480 | loss = -1.7287 | mean(g_L) = +1.9573 | EMA = +2.0149 | std(g_L) = 0.9562 | grad = 1.3527
step   7500 | loss = -1.7200 | mean(g_L) = +2.0099 | EMA = +2.0223 | std(g_L) = 1.0768 | grad = 0.7014
step   7520 | loss = -1.8728 | mean(g_L) = +2.0722 | EMA = +2.0289 | std(g_L) = 0.8932 | grad = 0.8715
step   7540 | loss = -1.7475 | mean(g_L) = +2.0070 | EMA = +2.0140 | std(g_L) = 1.0189 | grad = 0.8425
step   7560 | loss = -1.8502 | mean(g_L) = +2.0581 | EMA = +2.0226 | std(g_L) = 0.9119 | grad = 1.2714
step   7580 | loss = -1.8377 | mean(g_L) = +2.0277 | EMA = +2.0234 | std(g_L) = 0.8717 | grad = 0.8554
step   7600 | loss = -1.6600 | mean(g_L) = +1.9195 | EMA = +2.0244 | std(g_L) = 1.0188 | grad = 0.6759
step   7620 | loss = -1.7868 | mean(g_L) = +1.9812 | EMA = +2.0066 | std(g_L) = 0.8817 | grad = 1.5743
step   7640 | loss = -1.9028 | mean(g_L) = +2.0619 | EMA = +2.0406 | std(g_L) = 0.7979 | grad = 0.9410
step   7660 | loss = -1.7481 | mean(g_L) = +1.9451 | EMA = +2.0389 | std(g_L) = 0.8878 | grad = 1.0333
step   7680 | loss = -1.8466 | mean(g_L) = +2.0644 | EMA = +2.0280 | std(g_L) = 0.9334 | grad = 0.2793
step   7700 | loss = -1.8165 | mean(g_L) = +2.0233 | EMA = +2.0107 | std(g_L) = 0.9095 | grad = 0.9058
step   7720 | loss = -1.9951 | mean(g_L) = +2.1423 | EMA = +2.0311 | std(g_L) = 0.7673 | grad = 0.7737
step   7740 | loss = -1.8589 | mean(g_L) = +2.0371 | EMA = +2.0438 | std(g_L) = 0.8444 | grad = 0.6187
step   7760 | loss = -1.9795 | mean(g_L) = +2.1674 | EMA = +2.0440 | std(g_L) = 0.8670 | grad = 1.4146
step   7780 | loss = -1.8229 | mean(g_L) = +2.0208 | EMA = +2.0357 | std(g_L) = 0.8898 | grad = 0.8258
step   7800 | loss = -2.0702 | mean(g_L) = +2.2371 | EMA = +2.0402 | std(g_L) = 0.8172 | grad = 0.7022
step   7820 | loss = -1.6254 | mean(g_L) = +1.8365 | EMA = +2.0343 | std(g_L) = 0.9190 | grad = 1.1453
step   7840 | loss = -1.7426 | mean(g_L) = +1.9849 | EMA = +2.0269 | std(g_L) = 0.9845 | grad = 0.8135
step   7860 | loss = -1.8761 | mean(g_L) = +2.0568 | EMA = +2.0133 | std(g_L) = 0.8500 | grad = 0.7316
step   7880 | loss = -1.7882 | mean(g_L) = +2.0626 | EMA = +2.0178 | std(g_L) = 1.0477 | grad = 0.9946
step   7900 | loss = -1.9140 | mean(g_L) = +2.1009 | EMA = +2.0365 | std(g_L) = 0.8646 | grad = 0.6663
step   7920 | loss = -1.8163 | mean(g_L) = +2.0329 | EMA = +2.0331 | std(g_L) = 0.9308 | grad = 0.5334
step   7940 | loss = -1.8093 | mean(g_L) = +2.0193 | EMA = +2.0217 | std(g_L) = 0.9165 | grad = 1.0202
step   7960 | loss = -1.7521 | mean(g_L) = +1.9904 | EMA = +2.0445 | std(g_L) = 0.9763 | grad = 0.9801
step   7980 | loss = -1.7838 | mean(g_L) = +1.9903 | EMA = +2.0403 | std(g_L) = 0.9088 | grad = 1.2892
step   8000 | loss = -1.9303 | mean(g_L) = +2.0875 | EMA = +2.0352 | std(g_L) = 0.7930 | grad = 0.7755
step   8020 | loss = -1.9420 | mean(g_L) = +2.1140 | EMA = +2.0118 | std(g_L) = 0.8296 | grad = 0.6041
step   8040 | loss = -1.7101 | mean(g_L) = +1.9797 | EMA = +2.0119 | std(g_L) = 1.0385 | grad = 1.0933
step   8060 | loss = -1.9323 | mean(g_L) = +2.0915 | EMA = +2.0464 | std(g_L) = 0.7980 | grad = 0.5372
step   8080 | loss = -1.7220 | mean(g_L) = +1.9442 | EMA = +2.0342 | std(g_L) = 0.9427 | grad = 0.8053
step   8100 | loss = -1.7238 | mean(g_L) = +1.9602 | EMA = +2.0429 | std(g_L) = 0.9724 | grad = 0.8233
step   8120 | loss = -1.7765 | mean(g_L) = +1.9826 | EMA = +2.0240 | std(g_L) = 0.9079 | grad = 0.8679
step   8140 | loss = -1.8237 | mean(g_L) = +2.0682 | EMA = +2.0589 | std(g_L) = 0.9890 | grad = 0.3578
step   8160 | loss = -1.6818 | mean(g_L) = +1.9478 | EMA = +2.0379 | std(g_L) = 1.0316 | grad = 0.8819
step   8180 | loss = -1.8995 | mean(g_L) = +2.1308 | EMA = +2.0382 | std(g_L) = 0.9618 | grad = 1.2617
step   8200 | loss = -1.7520 | mean(g_L) = +1.9548 | EMA = +2.0197 | std(g_L) = 0.9007 | grad = 1.2970
step   8220 | loss = -1.9020 | mean(g_L) = +2.0691 | EMA = +2.0388 | std(g_L) = 0.8175 | grad = 0.9292
step   8240 | loss = -1.9903 | mean(g_L) = +2.1595 | EMA = +2.0423 | std(g_L) = 0.8227 | grad = 0.7076
step   8260 | loss = -1.7565 | mean(g_L) = +1.9983 | EMA = +2.0402 | std(g_L) = 0.9835 | grad = 0.7210
step   8280 | loss = -1.9626 | mean(g_L) = +2.1373 | EMA = +2.0450 | std(g_L) = 0.8359 | grad = 1.1636
step   8300 | loss = -1.9149 | mean(g_L) = +2.0788 | EMA = +2.0416 | std(g_L) = 0.8096 | grad = 0.7654
step   8320 | loss = -1.8422 | mean(g_L) = +2.0465 | EMA = +2.0529 | std(g_L) = 0.9039 | grad = 1.4551
step   8340 | loss = -1.7848 | mean(g_L) = +1.9928 | EMA = +2.0291 | std(g_L) = 0.9122 | grad = 1.1038
step   8360 | loss = -1.7664 | mean(g_L) = +1.9303 | EMA = +2.0312 | std(g_L) = 0.8099 | grad = 0.9632
step   8380 | loss = -1.8488 | mean(g_L) = +2.0503 | EMA = +2.0469 | std(g_L) = 0.8976 | grad = 0.8724
step   8400 | loss = -1.6741 | mean(g_L) = +1.9164 | EMA = +2.0235 | std(g_L) = 0.9844 | grad = 0.8322
step   8420 | loss = -1.6269 | mean(g_L) = +1.8825 | EMA = +2.0379 | std(g_L) = 1.0111 | grad = 0.6496
step   8440 | loss = -1.7300 | mean(g_L) = +1.9657 | EMA = +2.0185 | std(g_L) = 0.9709 | grad = 0.7186
step   8460 | loss = -2.0307 | mean(g_L) = +2.1872 | EMA = +2.0318 | std(g_L) = 0.7912 | grad = 0.6631
step   8480 | loss = -1.9738 | mean(g_L) = +2.1402 | EMA = +2.0203 | std(g_L) = 0.8160 | grad = 0.8130
step   8500 | loss = -1.8963 | mean(g_L) = +2.0521 | EMA = +2.0388 | std(g_L) = 0.7896 | grad = 1.5486
step   8520 | loss = -1.8267 | mean(g_L) = +2.0295 | EMA = +2.0332 | std(g_L) = 0.9007 | grad = 1.0821
step   8540 | loss = -1.8627 | mean(g_L) = +2.0709 | EMA = +2.0440 | std(g_L) = 0.9127 | grad = 1.4061
step   8560 | loss = -1.9233 | mean(g_L) = +2.1032 | EMA = +2.0319 | std(g_L) = 0.8482 | grad = 0.7702
step   8580 | loss = -1.7115 | mean(g_L) = +1.9735 | EMA = +2.0301 | std(g_L) = 1.0238 | grad = 0.7715
step   8600 | loss = -1.6663 | mean(g_L) = +1.9051 | EMA = +2.0344 | std(g_L) = 0.9774 | grad = 0.4478
step   8620 | loss = -1.7433 | mean(g_L) = +1.9813 | EMA = +2.0234 | std(g_L) = 0.9758 | grad = 0.6743
step   8640 | loss = -1.7988 | mean(g_L) = +2.0490 | EMA = +2.0308 | std(g_L) = 1.0004 | grad = 0.7904
step   8660 | loss = -1.9776 | mean(g_L) = +2.1918 | EMA = +2.0348 | std(g_L) = 0.9256 | grad = 0.7868
step   8680 | loss = -1.8357 | mean(g_L) = +2.0653 | EMA = +2.0413 | std(g_L) = 0.9584 | grad = 1.0346
step   8700 | loss = -1.8044 | mean(g_L) = +2.0205 | EMA = +2.0181 | std(g_L) = 0.9298 | grad = 0.7180
step   8720 | loss = -1.8801 | mean(g_L) = +2.0673 | EMA = +2.0407 | std(g_L) = 0.8654 | grad = 1.0187
step   8740 | loss = -1.8086 | mean(g_L) = +1.9851 | EMA = +2.0304 | std(g_L) = 0.8402 | grad = 1.1998
step   8760 | loss = -1.7376 | mean(g_L) = +1.9919 | EMA = +2.0319 | std(g_L) = 1.0086 | grad = 0.3635
step   8780 | loss = -1.8906 | mean(g_L) = +2.0802 | EMA = +2.0235 | std(g_L) = 0.8707 | grad = 0.7946
step   8800 | loss = -1.7249 | mean(g_L) = +1.9393 | EMA = +2.0414 | std(g_L) = 0.9260 | grad = 0.9050
step   8820 | loss = -1.8341 | mean(g_L) = +2.0716 | EMA = +2.0352 | std(g_L) = 0.9747 | grad = 0.6022
step   8840 | loss = -1.9951 | mean(g_L) = +2.1649 | EMA = +2.0382 | std(g_L) = 0.8243 | grad = 0.5234
step   8860 | loss = -1.8113 | mean(g_L) = +2.0443 | EMA = +2.0518 | std(g_L) = 0.9655 | grad = 1.6973
step   8880 | loss = -1.7902 | mean(g_L) = +1.9693 | EMA = +2.0228 | std(g_L) = 0.8465 | grad = 1.0028
step   8900 | loss = -1.8394 | mean(g_L) = +2.0311 | EMA = +2.0210 | std(g_L) = 0.8756 | grad = 0.7235
step   8920 | loss = -1.8034 | mean(g_L) = +2.0078 | EMA = +2.0076 | std(g_L) = 0.9042 | grad = 0.6586
step   8940 | loss = -1.8693 | mean(g_L) = +2.0469 | EMA = +2.0283 | std(g_L) = 0.8428 | grad = 0.6039
step   8960 | loss = -1.7943 | mean(g_L) = +1.9758 | EMA = +2.0371 | std(g_L) = 0.8522 | grad = 0.4467
step   8980 | loss = -1.7918 | mean(g_L) = +2.0401 | EMA = +2.0464 | std(g_L) = 0.9965 | grad = 0.4966
step   9000 | loss = -1.7059 | mean(g_L) = +1.9759 | EMA = +2.0388 | std(g_L) = 1.0392 | grad = 0.9596
step   9020 | loss = -1.7174 | mean(g_L) = +2.0013 | EMA = +2.0428 | std(g_L) = 1.0655 | grad = 0.7202
step   9040 | loss = -1.7712 | mean(g_L) = +1.9900 | EMA = +2.0478 | std(g_L) = 0.9354 | grad = 0.5661
step   9060 | loss = -1.7699 | mean(g_L) = +1.9567 | EMA = +2.0476 | std(g_L) = 0.8644 | grad = 0.6189
step   9080 | loss = -1.8679 | mean(g_L) = +2.1215 | EMA = +2.0397 | std(g_L) = 1.0072 | grad = 1.1322
step   9100 | loss = -1.7709 | mean(g_L) = +2.0047 | EMA = +2.0353 | std(g_L) = 0.9671 | grad = 0.5454
step   9120 | loss = -1.8321 | mean(g_L) = +2.0073 | EMA = +2.0402 | std(g_L) = 0.8372 | grad = 0.9406
step   9140 | loss = -1.8531 | mean(g_L) = +2.0403 | EMA = +2.0480 | std(g_L) = 0.8653 | grad = 1.0966
step   9160 | loss = -1.9903 | mean(g_L) = +2.1344 | EMA = +2.0498 | std(g_L) = 0.7592 | grad = 0.9724
step   9180 | loss = -1.9887 | mean(g_L) = +2.1826 | EMA = +2.0482 | std(g_L) = 0.8807 | grad = 1.0172
step   9200 | loss = -1.9531 | mean(g_L) = +2.1163 | EMA = +2.0600 | std(g_L) = 0.8079 | grad = 1.0332
step   9220 | loss = -1.7793 | mean(g_L) = +2.0054 | EMA = +2.0515 | std(g_L) = 0.9509 | grad = 0.9828
step   9240 | loss = -1.9089 | mean(g_L) = +2.1331 | EMA = +2.0595 | std(g_L) = 0.9470 | grad = 0.5417
step   9260 | loss = -1.9187 | mean(g_L) = +2.1001 | EMA = +2.0416 | std(g_L) = 0.8519 | grad = 0.4156
step   9280 | loss = -1.8091 | mean(g_L) = +1.9987 | EMA = +2.0397 | std(g_L) = 0.8709 | grad = 0.6822
step   9300 | loss = -1.7700 | mean(g_L) = +1.9835 | EMA = +2.0375 | std(g_L) = 0.9241 | grad = 1.1206
step   9320 | loss = -1.6530 | mean(g_L) = +1.9482 | EMA = +2.0506 | std(g_L) = 1.0867 | grad = 0.6967
step   9340 | loss = -1.8738 | mean(g_L) = +2.0917 | EMA = +2.0482 | std(g_L) = 0.9337 | grad = 0.3805
step   9360 | loss = -1.7387 | mean(g_L) = +1.9333 | EMA = +2.0414 | std(g_L) = 0.8824 | grad = 1.6298
step   9380 | loss = -1.9702 | mean(g_L) = +2.1524 | EMA = +2.0663 | std(g_L) = 0.8536 | grad = 0.5259
step   9400 | loss = -1.7050 | mean(g_L) = +1.9314 | EMA = +2.0394 | std(g_L) = 0.9517 | grad = 1.1891
step   9420 | loss = -1.6793 | mean(g_L) = +1.9035 | EMA = +2.0294 | std(g_L) = 0.9469 | grad = 0.5475
step   9440 | loss = -1.8199 | mean(g_L) = +2.0185 | EMA = +2.0429 | std(g_L) = 0.8913 | grad = 0.5912
step   9460 | loss = -1.7123 | mean(g_L) = +2.0050 | EMA = +2.0371 | std(g_L) = 1.0819 | grad = 0.4873
step   9480 | loss = -1.8885 | mean(g_L) = +2.0967 | EMA = +2.0543 | std(g_L) = 0.9125 | grad = 1.0671
step   9500 | loss = -1.9249 | mean(g_L) = +2.0897 | EMA = +2.0580 | std(g_L) = 0.8120 | grad = 0.4176
step   9520 | loss = -1.8000 | mean(g_L) = +2.0140 | EMA = +2.0710 | std(g_L) = 0.9253 | grad = 0.7469
step   9540 | loss = -1.8242 | mean(g_L) = +2.0636 | EMA = +2.0663 | std(g_L) = 0.9785 | grad = 1.3783
step   9560 | loss = -1.7400 | mean(g_L) = +1.9399 | EMA = +2.0481 | std(g_L) = 0.8942 | grad = 1.5034
step   9580 | loss = -1.7986 | mean(g_L) = +2.0351 | EMA = +2.0484 | std(g_L) = 0.9728 | grad = 0.6666
step   9600 | loss = -1.8212 | mean(g_L) = +1.9835 | EMA = +2.0503 | std(g_L) = 0.8056 | grad = 0.5154
step   9620 | loss = -1.8771 | mean(g_L) = +2.0449 | EMA = +2.0475 | std(g_L) = 0.8192 | grad = 0.7387
step   9640 | loss = -1.6351 | mean(g_L) = +1.8845 | EMA = +2.0386 | std(g_L) = 0.9988 | grad = 0.6430
step   9660 | loss = -1.8544 | mean(g_L) = +2.0443 | EMA = +2.0467 | std(g_L) = 0.8716 | grad = 0.6085
step   9680 | loss = -1.6322 | mean(g_L) = +1.9383 | EMA = +2.0272 | std(g_L) = 1.1065 | grad = 0.5303
step   9700 | loss = -1.8523 | mean(g_L) = +2.0021 | EMA = +2.0389 | std(g_L) = 0.7741 | grad = 0.8505
step   9720 | loss = -1.6857 | mean(g_L) = +1.9061 | EMA = +2.0216 | std(g_L) = 0.9389 | grad = 1.2303
step   9740 | loss = -1.6295 | mean(g_L) = +1.8535 | EMA = +2.0221 | std(g_L) = 0.9464 | grad = 0.6723
step   9760 | loss = -1.7672 | mean(g_L) = +1.9835 | EMA = +2.0461 | std(g_L) = 0.9303 | grad = 1.7980
step   9780 | loss = -1.7996 | mean(g_L) = +1.9752 | EMA = +2.0549 | std(g_L) = 0.8382 | grad = 0.4988
step   9800 | loss = -1.7881 | mean(g_L) = +2.0132 | EMA = +2.0465 | std(g_L) = 0.9488 | grad = 0.5864
step   9820 | loss = -1.6172 | mean(g_L) = +1.8927 | EMA = +2.0251 | std(g_L) = 1.0499 | grad = 0.6448
step   9840 | loss = -1.8812 | mean(g_L) = +2.0822 | EMA = +2.0285 | std(g_L) = 0.8966 | grad = 0.3013
step   9860 | loss = -1.8952 | mean(g_L) = +2.0777 | EMA = +2.0332 | std(g_L) = 0.8542 | grad = 1.2438
step   9880 | loss = -1.8963 | mean(g_L) = +2.1173 | EMA = +2.0246 | std(g_L) = 0.9402 | grad = 1.6459
step   9900 | loss = -1.7800 | mean(g_L) = +1.9758 | EMA = +2.0504 | std(g_L) = 0.8851 | grad = 2.2582
step   9920 | loss = -1.8175 | mean(g_L) = +2.0508 | EMA = +2.0521 | std(g_L) = 0.9660 | grad = 0.9917
step   9940 | loss = -1.8513 | mean(g_L) = +2.0331 | EMA = +2.0542 | std(g_L) = 0.8528 | grad = 0.6248
step   9960 | loss = -1.6494 | mean(g_L) = +1.9124 | EMA = +2.0490 | std(g_L) = 1.0257 | grad = 0.5994
step   9980 | loss = -1.6739 | mean(g_L) = +1.9514 | EMA = +2.0434 | std(g_L) = 1.0535 | grad = 0.6074
step  10000 | loss = -1.7965 | mean(g_L) = +1.9785 | EMA = +2.0280 | std(g_L) = 0.8533 | grad = 0.7527
step  10020 | loss = -1.8756 | mean(g_L) = +2.0829 | EMA = +2.0422 | std(g_L) = 0.9106 | grad = 1.0294
step  10040 | loss = -1.7070 | mean(g_L) = +1.9575 | EMA = +2.0530 | std(g_L) = 1.0011 | grad = 0.9332
step  10060 | loss = -1.9184 | mean(g_L) = +2.0577 | EMA = +2.0478 | std(g_L) = 0.7464 | grad = 0.4600
step  10080 | loss = -1.8079 | mean(g_L) = +2.0233 | EMA = +2.0655 | std(g_L) = 0.9281 | grad = 1.4546
step  10100 | loss = -1.8046 | mean(g_L) = +2.0407 | EMA = +2.0385 | std(g_L) = 0.9718 | grad = 1.6840
step  10120 | loss = -1.9297 | mean(g_L) = +2.1098 | EMA = +2.0601 | std(g_L) = 0.8486 | grad = 1.0107
step  10140 | loss = -2.0949 | mean(g_L) = +2.2432 | EMA = +2.0649 | std(g_L) = 0.7700 | grad = 0.8257
step  10160 | loss = -1.8571 | mean(g_L) = +2.0578 | EMA = +2.0564 | std(g_L) = 0.8962 | grad = 1.5479
step  10180 | loss = -1.8392 | mean(g_L) = +2.0434 | EMA = +2.0235 | std(g_L) = 0.9036 | grad = 1.0824
step  10200 | loss = -1.8749 | mean(g_L) = +2.0653 | EMA = +2.0397 | std(g_L) = 0.8726 | grad = 0.7066
step  10220 | loss = -1.8305 | mean(g_L) = +2.0285 | EMA = +2.0391 | std(g_L) = 0.8900 | grad = 0.6663
step  10240 | loss = -1.7641 | mean(g_L) = +2.0419 | EMA = +2.0423 | std(g_L) = 1.0541 | grad = 0.5750
step  10260 | loss = -1.7026 | mean(g_L) = +1.9682 | EMA = +2.0336 | std(g_L) = 1.0307 | grad = 0.7641
step  10280 | loss = -1.8961 | mean(g_L) = +2.0815 | EMA = +2.0599 | std(g_L) = 0.8610 | grad = 0.4690
step  10300 | loss = -2.0844 | mean(g_L) = +2.2201 | EMA = +2.0491 | std(g_L) = 0.7367 | grad = 0.5093
step  10320 | loss = -2.1513 | mean(g_L) = +2.2877 | EMA = +2.0750 | std(g_L) = 0.7385 | grad = 0.8410
step  10340 | loss = -1.8876 | mean(g_L) = +2.1004 | EMA = +2.0666 | std(g_L) = 0.9227 | grad = 0.8987
step  10360 | loss = -1.8066 | mean(g_L) = +1.9683 | EMA = +2.0532 | std(g_L) = 0.8044 | grad = 0.6973
step  10380 | loss = -1.8965 | mean(g_L) = +2.1108 | EMA = +2.0660 | std(g_L) = 0.9260 | grad = 1.2694
step  10400 | loss = -1.9344 | mean(g_L) = +2.0848 | EMA = +2.0548 | std(g_L) = 0.7758 | grad = 0.7611
step  10420 | loss = -1.8008 | mean(g_L) = +1.9830 | EMA = +2.0506 | std(g_L) = 0.8537 | grad = 1.5068
step  10440 | loss = -1.8494 | mean(g_L) = +2.0404 | EMA = +2.0731 | std(g_L) = 0.8739 | grad = 0.6696
step  10460 | loss = -1.6561 | mean(g_L) = +2.0207 | EMA = +2.0774 | std(g_L) = 1.2077 | grad = 0.7821
step  10480 | loss = -1.7307 | mean(g_L) = +2.0467 | EMA = +2.0485 | std(g_L) = 1.1242 | grad = 0.9293
step  10500 | loss = -1.7527 | mean(g_L) = +2.0286 | EMA = +2.0452 | std(g_L) = 1.0505 | grad = 1.1886
step  10520 | loss = -2.0468 | mean(g_L) = +2.1705 | EMA = +2.0746 | std(g_L) = 0.7033 | grad = 0.6860
step  10540 | loss = -1.7895 | mean(g_L) = +2.0209 | EMA = +2.0612 | std(g_L) = 0.9620 | grad = 1.3547
step  10560 | loss = -1.7047 | mean(g_L) = +1.9809 | EMA = +2.0389 | std(g_L) = 1.0511 | grad = 0.5502
step  10580 | loss = -1.8112 | mean(g_L) = +2.0210 | EMA = +2.0355 | std(g_L) = 0.9160 | grad = 1.2539
step  10600 | loss = -1.6300 | mean(g_L) = +1.9511 | EMA = +2.0332 | std(g_L) = 1.1333 | grad = 0.4379
step  10620 | loss = -2.0085 | mean(g_L) = +2.1945 | EMA = +2.0457 | std(g_L) = 0.8624 | grad = 1.0259
step  10640 | loss = -1.9516 | mean(g_L) = +2.1188 | EMA = +2.0530 | std(g_L) = 0.8180 | grad = 1.0128
step  10660 | loss = -1.9659 | mean(g_L) = +2.1450 | EMA = +2.0481 | std(g_L) = 0.8462 | grad = 1.0802
step  10680 | loss = -1.7223 | mean(g_L) = +1.9735 | EMA = +2.0389 | std(g_L) = 1.0023 | grad = 1.4527
step  10700 | loss = -1.7938 | mean(g_L) = +2.0018 | EMA = +2.0434 | std(g_L) = 0.9121 | grad = 1.7855
step  10720 | loss = -2.0358 | mean(g_L) = +2.1515 | EMA = +2.0675 | std(g_L) = 0.6802 | grad = 0.5052
step  10740 | loss = -1.9235 | mean(g_L) = +2.1052 | EMA = +2.0744 | std(g_L) = 0.8526 | grad = 1.2067
step  10760 | loss = -1.8414 | mean(g_L) = +2.0532 | EMA = +2.0689 | std(g_L) = 0.9206 | grad = 0.4125
step  10780 | loss = -1.9019 | mean(g_L) = +2.1159 | EMA = +2.0595 | std(g_L) = 0.9253 | grad = 0.5826
step  10800 | loss = -1.6891 | mean(g_L) = +1.9428 | EMA = +2.0497 | std(g_L) = 1.0074 | grad = 0.8935
step  10820 | loss = -1.8522 | mean(g_L) = +2.0524 | EMA = +2.0477 | std(g_L) = 0.8949 | grad = 1.2935
step  10840 | loss = -1.8545 | mean(g_L) = +2.1178 | EMA = +2.0599 | std(g_L) = 1.0264 | grad = 0.8817
step  10860 | loss = -1.7831 | mean(g_L) = +1.9875 | EMA = +2.0682 | std(g_L) = 0.9042 | grad = 0.4380
step  10880 | loss = -1.7339 | mean(g_L) = +2.0078 | EMA = +2.0443 | std(g_L) = 1.0467 | grad = 1.3369
step  10900 | loss = -1.7971 | mean(g_L) = +2.0128 | EMA = +2.0461 | std(g_L) = 0.9289 | grad = 0.6188
step  10920 | loss = -1.9784 | mean(g_L) = +2.1500 | EMA = +2.0507 | std(g_L) = 0.8285 | grad = 0.8097
step  10940 | loss = -1.7768 | mean(g_L) = +2.0053 | EMA = +2.0387 | std(g_L) = 0.9560 | grad = 0.5055
step  10960 | loss = -1.6346 | mean(g_L) = +2.0057 | EMA = +2.0395 | std(g_L) = 1.2185 | grad = 1.2399
step  10980 | loss = -1.7334 | mean(g_L) = +1.9486 | EMA = +2.0416 | std(g_L) = 0.9279 | grad = 1.2326
step  11000 | loss = -1.8647 | mean(g_L) = +2.0763 | EMA = +2.0603 | std(g_L) = 0.9200 | grad = 0.4514
step  11020 | loss = -1.7130 | mean(g_L) = +1.9959 | EMA = +2.0367 | std(g_L) = 1.0639 | grad = 1.8858
step  11040 | loss = -1.9938 | mean(g_L) = +2.1703 | EMA = +2.0669 | std(g_L) = 0.8402 | grad = 0.7550
step  11060 | loss = -1.8438 | mean(g_L) = +2.0496 | EMA = +2.0705 | std(g_L) = 0.9074 | grad = 0.8508
step  11080 | loss = -1.6968 | mean(g_L) = +1.9116 | EMA = +2.0532 | std(g_L) = 0.9269 | grad = 0.9318
step  11100 | loss = -1.9199 | mean(g_L) = +2.1180 | EMA = +2.0629 | std(g_L) = 0.8902 | grad = 0.7600
step  11120 | loss = -1.9018 | mean(g_L) = +2.0908 | EMA = +2.0704 | std(g_L) = 0.8694 | grad = 0.8891
step  11140 | loss = -2.0298 | mean(g_L) = +2.2038 | EMA = +2.0611 | std(g_L) = 0.8342 | grad = 1.0454
step  11160 | loss = -1.9907 | mean(g_L) = +2.1395 | EMA = +2.0557 | std(g_L) = 0.7714 | grad = 1.0873
step  11180 | loss = -1.9432 | mean(g_L) = +2.1530 | EMA = +2.0387 | std(g_L) = 0.9162 | grad = 0.5585
step  11200 | loss = -1.6290 | mean(g_L) = +1.9315 | EMA = +2.0459 | std(g_L) = 1.1000 | grad = 0.3736
step  11220 | loss = -1.9517 | mean(g_L) = +2.1396 | EMA = +2.0584 | std(g_L) = 0.8668 | grad = 1.4846
step  11240 | loss = -1.7663 | mean(g_L) = +1.9696 | EMA = +2.0512 | std(g_L) = 0.9017 | grad = 0.5825
step  11260 | loss = -1.9175 | mean(g_L) = +2.1044 | EMA = +2.0448 | std(g_L) = 0.8645 | grad = 1.5038
step  11280 | loss = -1.8903 | mean(g_L) = +2.0886 | EMA = +2.0612 | std(g_L) = 0.8907 | grad = 1.3816
step  11300 | loss = -1.6976 | mean(g_L) = +1.9428 | EMA = +2.0515 | std(g_L) = 0.9904 | grad = 1.2893
step  11320 | loss = -1.7681 | mean(g_L) = +2.0295 | EMA = +2.0700 | std(g_L) = 1.0226 | grad = 1.3818
step  11340 | loss = -1.9889 | mean(g_L) = +2.1856 | EMA = +2.0750 | std(g_L) = 0.8871 | grad = 0.8630
step  11360 | loss = -2.0046 | mean(g_L) = +2.1586 | EMA = +2.0793 | std(g_L) = 0.7848 | grad = 0.8561
step  11380 | loss = -1.9024 | mean(g_L) = +2.1022 | EMA = +2.0452 | std(g_L) = 0.8940 | grad = 0.5921
step  11400 | loss = -1.9442 | mean(g_L) = +2.1504 | EMA = +2.0621 | std(g_L) = 0.9080 | grad = 1.1164
step  11420 | loss = -1.9658 | mean(g_L) = +2.1477 | EMA = +2.0617 | std(g_L) = 0.8530 | grad = 0.2030
step  11440 | loss = -2.0419 | mean(g_L) = +2.2062 | EMA = +2.0592 | std(g_L) = 0.8106 | grad = 1.1225
step  11460 | loss = -1.8963 | mean(g_L) = +2.0793 | EMA = +2.0691 | std(g_L) = 0.8557 | grad = 0.6577
step  11480 | loss = -1.8523 | mean(g_L) = +2.0400 | EMA = +2.0765 | std(g_L) = 0.8666 | grad = 0.2770
step  11500 | loss = -1.8620 | mean(g_L) = +2.0446 | EMA = +2.0604 | std(g_L) = 0.8545 | grad = 0.7851
step  11520 | loss = -1.9226 | mean(g_L) = +2.0922 | EMA = +2.0439 | std(g_L) = 0.8236 | grad = 0.9528
step  11540 | loss = -1.7352 | mean(g_L) = +1.9739 | EMA = +2.0467 | std(g_L) = 0.9773 | grad = 0.8496
step  11560 | loss = -1.9399 | mean(g_L) = +2.1216 | EMA = +2.0708 | std(g_L) = 0.8526 | grad = 0.7624
step  11580 | loss = -1.7015 | mean(g_L) = +1.9246 | EMA = +2.0510 | std(g_L) = 0.9447 | grad = 1.4638
step  11600 | loss = -2.0233 | mean(g_L) = +2.2055 | EMA = +2.0795 | std(g_L) = 0.8535 | grad = 0.4701
step  11620 | loss = -1.8456 | mean(g_L) = +2.0520 | EMA = +2.0701 | std(g_L) = 0.9087 | grad = 1.0178
step  11640 | loss = -1.7755 | mean(g_L) = +2.0531 | EMA = +2.0803 | std(g_L) = 1.0538 | grad = 1.2863
step  11660 | loss = -1.8971 | mean(g_L) = +2.1172 | EMA = +2.0826 | std(g_L) = 0.9383 | grad = 0.5965
step  11680 | loss = -1.8120 | mean(g_L) = +2.0703 | EMA = +2.0992 | std(g_L) = 1.0164 | grad = 0.8253
step  11700 | loss = -1.6161 | mean(g_L) = +1.9237 | EMA = +2.0662 | std(g_L) = 1.1091 | grad = 1.8183
step  11720 | loss = -1.8276 | mean(g_L) = +2.0483 | EMA = +2.0542 | std(g_L) = 0.9394 | grad = 0.9777
step  11740 | loss = -1.7644 | mean(g_L) = +1.9597 | EMA = +2.0497 | std(g_L) = 0.8837 | grad = 0.6002
step  11760 | loss = -1.9702 | mean(g_L) = +2.1531 | EMA = +2.0634 | std(g_L) = 0.8553 | grad = 0.8862
step  11780 | loss = -1.7657 | mean(g_L) = +1.9889 | EMA = +2.0801 | std(g_L) = 0.9447 | grad = 0.5580
step  11800 | loss = -1.9451 | mean(g_L) = +2.1257 | EMA = +2.0793 | std(g_L) = 0.8500 | grad = 1.4970
step  11820 | loss = -1.6570 | mean(g_L) = +1.9047 | EMA = +2.0652 | std(g_L) = 0.9953 | grad = 0.7953
step  11840 | loss = -1.8118 | mean(g_L) = +2.0120 | EMA = +2.0597 | std(g_L) = 0.8949 | grad = 1.1858
step  11860 | loss = -2.0041 | mean(g_L) = +2.1710 | EMA = +2.0777 | std(g_L) = 0.8171 | grad = 0.7720
step  11880 | loss = -1.9611 | mean(g_L) = +2.1879 | EMA = +2.0804 | std(g_L) = 0.9525 | grad = 0.6511
step  11900 | loss = -1.8341 | mean(g_L) = +2.0438 | EMA = +2.0779 | std(g_L) = 0.9157 | grad = 0.8172
step  11920 | loss = -1.7024 | mean(g_L) = +1.9754 | EMA = +2.0610 | std(g_L) = 1.0450 | grad = 1.5894
step  11940 | loss = -1.9713 | mean(g_L) = +2.1478 | EMA = +2.0591 | std(g_L) = 0.8402 | grad = 2.1269
step  11960 | loss = -1.7115 | mean(g_L) = +1.9432 | EMA = +2.0570 | std(g_L) = 0.9627 | grad = 0.8166
step  11980 | loss = -1.9449 | mean(g_L) = +2.0910 | EMA = +2.0601 | std(g_L) = 0.7643 | grad = 0.7828
step  12000 | loss = -1.7809 | mean(g_L) = +2.0424 | EMA = +2.0871 | std(g_L) = 1.0228 | grad = 2.2088
step  12020 | loss = -1.8829 | mean(g_L) = +2.1114 | EMA = +2.0713 | std(g_L) = 0.9561 | grad = 0.6231
step  12040 | loss = -1.8073 | mean(g_L) = +2.0092 | EMA = +2.0669 | std(g_L) = 0.8986 | grad = 2.1968
step  12060 | loss = -1.8594 | mean(g_L) = +2.0905 | EMA = +2.0466 | std(g_L) = 0.9614 | grad = 1.8364
step  12080 | loss = -1.8473 | mean(g_L) = +2.0663 | EMA = +2.0620 | std(g_L) = 0.9360 | grad = 0.3806
step  12100 | loss = -1.8275 | mean(g_L) = +2.0362 | EMA = +2.0853 | std(g_L) = 0.9136 | grad = 0.8965
step  12120 | loss = -1.7452 | mean(g_L) = +2.0061 | EMA = +2.0770 | std(g_L) = 1.0215 | grad = 0.3516
step  12140 | loss = -1.8741 | mean(g_L) = +2.0488 | EMA = +2.0781 | std(g_L) = 0.8360 | grad = 0.4173
step  12160 | loss = -1.9232 | mean(g_L) = +2.1138 | EMA = +2.0843 | std(g_L) = 0.8733 | grad = 0.3384
step  12180 | loss = -2.0126 | mean(g_L) = +2.1663 | EMA = +2.0800 | std(g_L) = 0.7841 | grad = 0.5711
step  12200 | loss = -1.8134 | mean(g_L) = +1.9915 | EMA = +2.1111 | std(g_L) = 0.8440 | grad = 1.1477
step  12220 | loss = -1.7291 | mean(g_L) = +1.9652 | EMA = +2.0745 | std(g_L) = 0.9718 | grad = 0.5841
step  12240 | loss = -1.8223 | mean(g_L) = +2.0413 | EMA = +2.0641 | std(g_L) = 0.9360 | grad = 0.5288
step  12260 | loss = -2.0111 | mean(g_L) = +2.1746 | EMA = +2.0789 | std(g_L) = 0.8088 | grad = 1.0876
step  12280 | loss = -1.8543 | mean(g_L) = +2.0264 | EMA = +2.0670 | std(g_L) = 0.8296 | grad = 0.9581
step  12300 | loss = -1.8163 | mean(g_L) = +2.0136 | EMA = +2.0587 | std(g_L) = 0.8884 | grad = 1.6017
step  12320 | loss = -1.9252 | mean(g_L) = +2.1250 | EMA = +2.0904 | std(g_L) = 0.8939 | grad = 0.2862
step  12340 | loss = -1.7197 | mean(g_L) = +1.9509 | EMA = +2.0528 | std(g_L) = 0.9618 | grad = 0.5156
step  12360 | loss = -1.7485 | mean(g_L) = +2.0086 | EMA = +2.0953 | std(g_L) = 1.0200 | grad = 1.0915
step  12380 | loss = -1.6172 | mean(g_L) = +1.9309 | EMA = +2.0934 | std(g_L) = 1.1201 | grad = 1.1326
step  12400 | loss = -2.0315 | mean(g_L) = +2.2089 | EMA = +2.1028 | std(g_L) = 0.8424 | grad = 0.9692
step  12420 | loss = -1.8420 | mean(g_L) = +2.0701 | EMA = +2.0748 | std(g_L) = 0.9552 | grad = 1.1751
step  12440 | loss = -2.0535 | mean(g_L) = +2.2023 | EMA = +2.0646 | std(g_L) = 0.7715 | grad = 0.9183
step  12460 | loss = -1.7976 | mean(g_L) = +2.0918 | EMA = +2.0702 | std(g_L) = 1.0848 | grad = 1.5180
step  12480 | loss = -1.7556 | mean(g_L) = +1.9981 | EMA = +2.0622 | std(g_L) = 0.9849 | grad = 1.6866
step  12500 | loss = -2.0243 | mean(g_L) = +2.1570 | EMA = +2.0760 | std(g_L) = 0.7284 | grad = 1.0276
step  12520 | loss = -1.7961 | mean(g_L) = +1.9846 | EMA = +2.0636 | std(g_L) = 0.8681 | grad = 1.0497
step  12540 | loss = -2.0020 | mean(g_L) = +2.1810 | EMA = +2.0745 | std(g_L) = 0.8462 | grad = 1.0244
step  12560 | loss = -2.0313 | mean(g_L) = +2.2033 | EMA = +2.0858 | std(g_L) = 0.8296 | grad = 0.7398
step  12580 | loss = -1.8534 | mean(g_L) = +2.0271 | EMA = +2.0672 | std(g_L) = 0.8335 | grad = 0.8588
step  12600 | loss = -1.6275 | mean(g_L) = +1.8905 | EMA = +2.0711 | std(g_L) = 1.0257 | grad = 1.5546
step  12620 | loss = -1.9151 | mean(g_L) = +2.1557 | EMA = +2.0795 | std(g_L) = 0.9812 | grad = 1.5579
step  12640 | loss = -1.8596 | mean(g_L) = +2.0733 | EMA = +2.0748 | std(g_L) = 0.9246 | grad = 1.3707
step  12660 | loss = -1.8605 | mean(g_L) = +2.1189 | EMA = +2.0847 | std(g_L) = 1.0165 | grad = 1.2410
step  12680 | loss = -1.7092 | mean(g_L) = +1.9582 | EMA = +2.0714 | std(g_L) = 0.9979 | grad = 1.2382
step  12700 | loss = -1.7509 | mean(g_L) = +1.9917 | EMA = +2.0660 | std(g_L) = 0.9815 | grad = 0.3576
step  12720 | loss = -1.8053 | mean(g_L) = +2.0224 | EMA = +2.0710 | std(g_L) = 0.9320 | grad = 0.7008
step  12740 | loss = -1.7728 | mean(g_L) = +1.9816 | EMA = +2.0725 | std(g_L) = 0.9138 | grad = 2.3137
step  12760 | loss = -2.0125 | mean(g_L) = +2.1511 | EMA = +2.0910 | std(g_L) = 0.7445 | grad = 1.6172
step  12780 | loss = -1.9311 | mean(g_L) = +2.1069 | EMA = +2.0845 | std(g_L) = 0.8386 | grad = 1.4937
step  12800 | loss = -1.9990 | mean(g_L) = +2.1728 | EMA = +2.0926 | std(g_L) = 0.8338 | grad = 2.4850
step  12820 | loss = -2.0650 | mean(g_L) = +2.2448 | EMA = +2.1029 | std(g_L) = 0.8481 | grad = 2.2354
step  12840 | loss = -1.9405 | mean(g_L) = +2.1334 | EMA = +2.0939 | std(g_L) = 0.8785 | grad = 2.2385
step  12860 | loss = -1.8851 | mean(g_L) = +2.0491 | EMA = +2.0842 | std(g_L) = 0.8099 | grad = 1.1883
step  12880 | loss = -2.0582 | mean(g_L) = +2.2283 | EMA = +2.0781 | std(g_L) = 0.8249 | grad = 0.5354
step  12900 | loss = -1.7955 | mean(g_L) = +1.9909 | EMA = +2.0885 | std(g_L) = 0.8841 | grad = 0.9186
step  12920 | loss = -1.8565 | mean(g_L) = +2.0242 | EMA = +2.0791 | std(g_L) = 0.8191 | grad = 0.9289
step  12940 | loss = -1.7813 | mean(g_L) = +2.0715 | EMA = +2.0700 | std(g_L) = 1.0773 | grad = 0.5682
step  12960 | loss = -1.9689 | mean(g_L) = +2.1184 | EMA = +2.0779 | std(g_L) = 0.7732 | grad = 0.8764
step  12980 | loss = -1.6366 | mean(g_L) = +1.9254 | EMA = +2.0787 | std(g_L) = 1.0747 | grad = 0.8510
step  13000 | loss = -1.8405 | mean(g_L) = +2.0100 | EMA = +2.0792 | std(g_L) = 0.8235 | grad = 1.0491
step  13020 | loss = -1.8181 | mean(g_L) = +2.0603 | EMA = +2.0783 | std(g_L) = 0.9843 | grad = 2.0315
step  13040 | loss = -1.8343 | mean(g_L) = +2.0077 | EMA = +2.0806 | std(g_L) = 0.8329 | grad = 0.8045
step  13060 | loss = -1.9634 | mean(g_L) = +2.1327 | EMA = +2.1057 | std(g_L) = 0.8230 | grad = 0.8027
step  13080 | loss = -1.9302 | mean(g_L) = +2.1223 | EMA = +2.1040 | std(g_L) = 0.8766 | grad = 0.8362
step  13100 | loss = -1.8652 | mean(g_L) = +2.0584 | EMA = +2.0697 | std(g_L) = 0.8792 | grad = 0.5325
step  13120 | loss = -1.9255 | mean(g_L) = +2.0947 | EMA = +2.0796 | std(g_L) = 0.8227 | grad = 0.5983
step  13140 | loss = -1.8957 | mean(g_L) = +2.0780 | EMA = +2.0862 | std(g_L) = 0.8539 | grad = 0.9270
step  13160 | loss = -1.9418 | mean(g_L) = +2.0891 | EMA = +2.0938 | std(g_L) = 0.7676 | grad = 1.0976
step  13180 | loss = -1.9244 | mean(g_L) = +2.1055 | EMA = +2.0993 | std(g_L) = 0.8511 | grad = 2.0877
step  13200 | loss = -1.7560 | mean(g_L) = +2.0249 | EMA = +2.0930 | std(g_L) = 1.0370 | grad = 2.4686
step  13220 | loss = -2.0462 | mean(g_L) = +2.2027 | EMA = +2.0751 | std(g_L) = 0.7913 | grad = 0.9166
step  13240 | loss = -1.8199 | mean(g_L) = +2.0030 | EMA = +2.0745 | std(g_L) = 0.8557 | grad = 1.1285
step  13260 | loss = -1.8711 | mean(g_L) = +2.0502 | EMA = +2.1003 | std(g_L) = 0.8466 | grad = 0.7148
step  13280 | loss = -1.9093 | mean(g_L) = +2.0825 | EMA = +2.0958 | std(g_L) = 0.8325 | grad = 0.7076
step  13300 | loss = -1.8958 | mean(g_L) = +2.0739 | EMA = +2.0972 | std(g_L) = 0.8441 | grad = 0.8232
step  13320 | loss = -1.8876 | mean(g_L) = +2.0666 | EMA = +2.1136 | std(g_L) = 0.8461 | grad = 0.4930
step  13340 | loss = -1.9349 | mean(g_L) = +2.1200 | EMA = +2.0845 | std(g_L) = 0.8605 | grad = 0.8935
step  13360 | loss = -1.6681 | mean(g_L) = +1.9405 | EMA = +2.0645 | std(g_L) = 1.0439 | grad = 0.4548
step  13380 | loss = -2.0138 | mean(g_L) = +2.2160 | EMA = +2.0863 | std(g_L) = 0.8993 | grad = 1.2403
step  13400 | loss = -1.9998 | mean(g_L) = +2.1340 | EMA = +2.0891 | std(g_L) = 0.7325 | grad = 0.5599
step  13420 | loss = -1.9587 | mean(g_L) = +2.1709 | EMA = +2.0788 | std(g_L) = 0.9214 | grad = 1.3243
step  13440 | loss = -1.9831 | mean(g_L) = +2.1720 | EMA = +2.0939 | std(g_L) = 0.8692 | grad = 1.8472
step  13460 | loss = -1.8515 | mean(g_L) = +2.0372 | EMA = +2.0928 | std(g_L) = 0.8619 | grad = 1.2031
step  13480 | loss = -1.8259 | mean(g_L) = +2.0638 | EMA = +2.0884 | std(g_L) = 0.9755 | grad = 1.0782
step  13500 | loss = -1.9107 | mean(g_L) = +2.0961 | EMA = +2.0931 | std(g_L) = 0.8611 | grad = 2.1464
step  13520 | loss = -2.0591 | mean(g_L) = +2.1972 | EMA = +2.1021 | std(g_L) = 0.7431 | grad = 1.6950
step  13540 | loss = -1.9582 | mean(g_L) = +2.0982 | EMA = +2.0696 | std(g_L) = 0.7482 | grad = 1.9358
step  13560 | loss = -1.7982 | mean(g_L) = +1.9992 | EMA = +2.0913 | std(g_L) = 0.8967 | grad = 0.6189
step  13580 | loss = -1.9509 | mean(g_L) = +2.1105 | EMA = +2.0982 | std(g_L) = 0.7989 | grad = 0.7545
step  13600 | loss = -1.8896 | mean(g_L) = +2.1288 | EMA = +2.0863 | std(g_L) = 0.9783 | grad = 1.0907
step  13620 | loss = -1.7423 | mean(g_L) = +1.9551 | EMA = +2.0549 | std(g_L) = 0.9226 | grad = 0.5597
step  13640 | loss = -2.0738 | mean(g_L) = +2.2307 | EMA = +2.0814 | std(g_L) = 0.7923 | grad = 0.7508
step  13660 | loss = -1.7534 | mean(g_L) = +2.0672 | EMA = +2.1003 | std(g_L) = 1.1204 | grad = 0.6126
step  13680 | loss = -1.7966 | mean(g_L) = +2.0340 | EMA = +2.0864 | std(g_L) = 0.9744 | grad = 1.2511
step  13700 | loss = -1.8912 | mean(g_L) = +2.0457 | EMA = +2.0822 | std(g_L) = 0.7863 | grad = 0.9503
step  13720 | loss = -1.8245 | mean(g_L) = +2.0612 | EMA = +2.0768 | std(g_L) = 0.9731 | grad = 0.5035
step  13740 | loss = -1.9012 | mean(g_L) = +2.1071 | EMA = +2.0760 | std(g_L) = 0.9076 | grad = 1.0170
step  13760 | loss = -1.8640 | mean(g_L) = +2.0640 | EMA = +2.0833 | std(g_L) = 0.8943 | grad = 0.8299
step  13780 | loss = -2.0102 | mean(g_L) = +2.2052 | EMA = +2.0733 | std(g_L) = 0.8832 | grad = 0.5578
step  13800 | loss = -1.8393 | mean(g_L) = +2.0526 | EMA = +2.0856 | std(g_L) = 0.9236 | grad = 1.5479
step  13820 | loss = -1.9003 | mean(g_L) = +2.0810 | EMA = +2.0978 | std(g_L) = 0.8501 | grad = 1.2379
step  13840 | loss = -1.6572 | mean(g_L) = +1.9527 | EMA = +2.0900 | std(g_L) = 1.0873 | grad = 1.6520
step  13860 | loss = -1.8290 | mean(g_L) = +2.0469 | EMA = +2.1000 | std(g_L) = 0.9338 | grad = 1.0239
step  13880 | loss = -1.8228 | mean(g_L) = +2.0679 | EMA = +2.1013 | std(g_L) = 0.9902 | grad = 0.7885
step  13900 | loss = -1.8205 | mean(g_L) = +2.0208 | EMA = +2.0837 | std(g_L) = 0.8952 | grad = 0.9985
step  13920 | loss = -2.0454 | mean(g_L) = +2.1743 | EMA = +2.0937 | std(g_L) = 0.7179 | grad = 0.6075
step  13940 | loss = -1.8681 | mean(g_L) = +2.0660 | EMA = +2.0920 | std(g_L) = 0.8897 | grad = 1.5420
step  13960 | loss = -1.8317 | mean(g_L) = +2.0513 | EMA = +2.1091 | std(g_L) = 0.9373 | grad = 1.7471
step  13980 | loss = -1.8735 | mean(g_L) = +2.0808 | EMA = +2.0950 | std(g_L) = 0.9107 | grad = 2.0054
step  14000 | loss = -1.9029 | mean(g_L) = +2.1133 | EMA = +2.0735 | std(g_L) = 0.9173 | grad = 0.7605
step  14020 | loss = -1.8654 | mean(g_L) = +2.0827 | EMA = +2.0925 | std(g_L) = 0.9322 | grad = 0.9426
step  14040 | loss = -1.7835 | mean(g_L) = +2.0340 | EMA = +2.0940 | std(g_L) = 1.0010 | grad = 1.0281
step  14060 | loss = -1.9167 | mean(g_L) = +2.0923 | EMA = +2.0850 | std(g_L) = 0.8380 | grad = 1.1502
step  14080 | loss = -1.9357 | mean(g_L) = +2.1217 | EMA = +2.0972 | std(g_L) = 0.8625 | grad = 1.2854
step  14100 | loss = -2.1290 | mean(g_L) = +2.3055 | EMA = +2.0975 | std(g_L) = 0.8401 | grad = 0.3890
step  14120 | loss = -1.9889 | mean(g_L) = +2.1768 | EMA = +2.1063 | std(g_L) = 0.8669 | grad = 2.0201
step  14140 | loss = -1.9537 | mean(g_L) = +2.1258 | EMA = +2.0801 | std(g_L) = 0.8297 | grad = 0.7052
step  14160 | loss = -1.8385 | mean(g_L) = +2.0241 | EMA = +2.0733 | std(g_L) = 0.8617 | grad = 0.3967
step  14180 | loss = -1.6803 | mean(g_L) = +1.9710 | EMA = +2.0749 | std(g_L) = 1.0783 | grad = 0.9705
step  14200 | loss = -2.0173 | mean(g_L) = +2.2086 | EMA = +2.1079 | std(g_L) = 0.8747 | grad = 0.6603
step  14220 | loss = -1.8843 | mean(g_L) = +2.0949 | EMA = +2.0957 | std(g_L) = 0.9177 | grad = 1.1569
step  14240 | loss = -1.5589 | mean(g_L) = +1.8941 | EMA = +2.0725 | std(g_L) = 1.1578 | grad = 1.0651
step  14260 | loss = -1.9126 | mean(g_L) = +2.1494 | EMA = +2.1080 | std(g_L) = 0.9734 | grad = 1.1938
step  14280 | loss = -1.8692 | mean(g_L) = +2.0716 | EMA = +2.1213 | std(g_L) = 0.8998 | grad = 0.9352
step  14300 | loss = -2.0059 | mean(g_L) = +2.2153 | EMA = +2.1204 | std(g_L) = 0.9151 | grad = 2.2091
step  14320 | loss = -1.7194 | mean(g_L) = +1.9575 | EMA = +2.1139 | std(g_L) = 0.9759 | grad = 1.5406
step  14340 | loss = -1.8407 | mean(g_L) = +2.0400 | EMA = +2.0961 | std(g_L) = 0.8928 | grad = 1.1561
step  14360 | loss = -1.7865 | mean(g_L) = +2.0331 | EMA = +2.0828 | std(g_L) = 0.9932 | grad = 2.5787
step  14380 | loss = -2.0630 | mean(g_L) = +2.2225 | EMA = +2.0844 | std(g_L) = 0.7989 | grad = 1.4468
step  14400 | loss = -2.2421 | mean(g_L) = +2.3874 | EMA = +2.1187 | std(g_L) = 0.7623 | grad = 0.6175
step  14420 | loss = -1.9686 | mean(g_L) = +2.1704 | EMA = +2.1062 | std(g_L) = 0.8983 | grad = 0.7324
step  14440 | loss = -1.8354 | mean(g_L) = +1.9950 | EMA = +2.0835 | std(g_L) = 0.7991 | grad = 0.8184
step  14460 | loss = -2.0308 | mean(g_L) = +2.2024 | EMA = +2.1031 | std(g_L) = 0.8285 | grad = 1.6497
step  14480 | loss = -1.8470 | mean(g_L) = +1.9952 | EMA = +2.1001 | std(g_L) = 0.7698 | grad = 1.3056
step  14500 | loss = -1.9840 | mean(g_L) = +2.1209 | EMA = +2.1025 | std(g_L) = 0.7398 | grad = 0.7054
step  14520 | loss = -1.9056 | mean(g_L) = +2.1264 | EMA = +2.1100 | std(g_L) = 0.9399 | grad = 2.7636
step  14540 | loss = -1.8991 | mean(g_L) = +2.0734 | EMA = +2.0966 | std(g_L) = 0.8350 | grad = 0.7039
step  14560 | loss = -1.9455 | mean(g_L) = +2.1254 | EMA = +2.1260 | std(g_L) = 0.8483 | grad = 0.7867
step  14580 | loss = -1.9077 | mean(g_L) = +2.1389 | EMA = +2.1053 | std(g_L) = 0.9617 | grad = 1.2048
step  14600 | loss = -1.8778 | mean(g_L) = +2.0896 | EMA = +2.0981 | std(g_L) = 0.9204 | grad = 1.2555
step  14620 | loss = -2.0413 | mean(g_L) = +2.1897 | EMA = +2.0954 | std(g_L) = 0.7704 | grad = 0.9734
step  14640 | loss = -1.8546 | mean(g_L) = +2.0847 | EMA = +2.0943 | std(g_L) = 0.9594 | grad = 1.3425
step  14660 | loss = -2.0188 | mean(g_L) = +2.1923 | EMA = +2.1072 | std(g_L) = 0.8331 | grad = 1.0521
step  14680 | loss = -2.0362 | mean(g_L) = +2.2367 | EMA = +2.1072 | std(g_L) = 0.8956 | grad = 0.4353
step  14700 | loss = -1.7358 | mean(g_L) = +1.9727 | EMA = +2.1081 | std(g_L) = 0.9733 | grad = 1.0211
step  14720 | loss = -1.9780 | mean(g_L) = +2.1556 | EMA = +2.1216 | std(g_L) = 0.8429 | grad = 1.9218
step  14740 | loss = -1.9566 | mean(g_L) = +2.1326 | EMA = +2.1038 | std(g_L) = 0.8391 | grad = 0.7659
step  14760 | loss = -1.7594 | mean(g_L) = +2.0217 | EMA = +2.0994 | std(g_L) = 1.0244 | grad = 2.8395
step  14780 | loss = -2.0246 | mean(g_L) = +2.2039 | EMA = +2.1377 | std(g_L) = 0.8468 | grad = 0.6885
step  14800 | loss = -2.0336 | mean(g_L) = +2.2259 | EMA = +2.1364 | std(g_L) = 0.8770 | grad = 1.0446
step  14820 | loss = -2.0640 | mean(g_L) = +2.2224 | EMA = +2.1181 | std(g_L) = 0.7961 | grad = 1.2413
step  14840 | loss = -1.7652 | mean(g_L) = +2.0409 | EMA = +2.0998 | std(g_L) = 1.0501 | grad = 2.7630
step  14860 | loss = -2.0050 | mean(g_L) = +2.1987 | EMA = +2.0919 | std(g_L) = 0.8804 | grad = 0.7377
step  14880 | loss = -1.8413 | mean(g_L) = +2.0662 | EMA = +2.1048 | std(g_L) = 0.9485 | grad = 1.4291
step  14900 | loss = -1.8661 | mean(g_L) = +2.0601 | EMA = +2.0923 | std(g_L) = 0.8810 | grad = 1.7999
step  14920 | loss = -2.0877 | mean(g_L) = +2.2364 | EMA = +2.0921 | std(g_L) = 0.7712 | grad = 0.5353
step  14940 | loss = -1.9580 | mean(g_L) = +2.1607 | EMA = +2.0991 | std(g_L) = 0.9005 | grad = 0.7954
step  14960 | loss = -1.7685 | mean(g_L) = +2.0231 | EMA = +2.0918 | std(g_L) = 1.0091 | grad = 1.3842
step  14980 | loss = -1.8299 | mean(g_L) = +2.0690 | EMA = +2.1020 | std(g_L) = 0.9780 | grad = 0.5866
step  15000 | loss = -2.0885 | mean(g_L) = +2.2153 | EMA = +2.1289 | std(g_L) = 0.7122 | grad = 0.7116
T=5 finished.
