
============================================================
Alpha = 0.6
T = 5
L = 128
Batch size = 128
Steps = 15000
Checkpoints = /home/egalarraga/beam_dad/model_checkpoints/mean_var_loss/checkpoints_nx8/models/alpha_0.6/T5_L128_B128
============================================================
step      1 | loss = -0.1057 | mean(g_L) = +0.4053 | EMA = +0.4053 | std(g_L) = 0.7066 | grad = 0.1812
step     20 | loss = -0.0518 | mean(g_L) = +0.3749 | EMA = +0.3977 | std(g_L) = 0.7337 | grad = 0.1733
step     40 | loss = -0.0151 | mean(g_L) = +0.3987 | EMA = +0.3886 | std(g_L) = 0.7995 | grad = 0.1524
step     60 | loss = -0.1062 | mean(g_L) = +0.3661 | EMA = +0.3939 | std(g_L) = 0.6582 | grad = 0.1346
step     80 | loss = -0.0884 | mean(g_L) = +0.3812 | EMA = +0.3963 | std(g_L) = 0.6986 | grad = 0.1562
step    100 | loss = -0.0352 | mean(g_L) = +0.4176 | EMA = +0.4103 | std(g_L) = 0.7984 | grad = 0.2093
step    120 | loss = -0.0938 | mean(g_L) = +0.4581 | EMA = +0.4338 | std(g_L) = 0.7791 | grad = 0.2483
step    140 | loss = +0.0473 | mean(g_L) = +0.4248 | EMA = +0.4799 | std(g_L) = 0.8870 | grad = 0.3010
step    160 | loss = -0.2029 | mean(g_L) = +0.5528 | EMA = +0.5001 | std(g_L) = 0.7637 | grad = 0.2049
step    180 | loss = -0.0657 | mean(g_L) = +0.5511 | EMA = +0.5382 | std(g_L) = 0.8995 | grad = 0.7042
step    200 | loss = -0.2726 | mean(g_L) = +0.7298 | EMA = +0.5793 | std(g_L) = 0.8729 | grad = 0.6634
step    220 | loss = -0.3469 | mean(g_L) = +0.6680 | EMA = +0.6373 | std(g_L) = 0.7316 | grad = 0.6302
step    240 | loss = -0.4066 | mean(g_L) = +0.7617 | EMA = +0.6992 | std(g_L) = 0.7693 | grad = 0.8748
step    260 | loss = -0.3608 | mean(g_L) = +0.8119 | EMA = +0.7685 | std(g_L) = 0.8671 | grad = 1.1477
step    280 | loss = -0.4350 | mean(g_L) = +0.8430 | EMA = +0.8091 | std(g_L) = 0.8246 | grad = 0.6956
step    300 | loss = -0.3375 | mean(g_L) = +0.9250 | EMA = +0.8441 | std(g_L) = 0.9895 | grad = 0.6344
step    320 | loss = -0.4136 | mean(g_L) = +0.8639 | EMA = +0.8597 | std(g_L) = 0.8663 | grad = 0.7794
step    340 | loss = -0.5784 | mean(g_L) = +1.0527 | EMA = +0.9209 | std(g_L) = 0.8891 | grad = 0.8224
step    360 | loss = -0.4310 | mean(g_L) = +1.0281 | EMA = +1.0219 | std(g_L) = 0.9976 | grad = 0.9916
step    380 | loss = -0.8591 | mean(g_L) = +1.3578 | EMA = +1.1593 | std(g_L) = 0.9117 | grad = 0.7122
step    400 | loss = -1.0919 | mean(g_L) = +1.4753 | EMA = +1.2550 | std(g_L) = 0.7994 | grad = 0.8435
step    420 | loss = -0.9837 | mean(g_L) = +1.4776 | EMA = +1.2832 | std(g_L) = 0.9073 | grad = 1.1109
step    440 | loss = -0.8106 | mean(g_L) = +1.4060 | EMA = +1.3359 | std(g_L) = 0.9962 | grad = 0.6927
step    460 | loss = -0.8454 | mean(g_L) = +1.4170 | EMA = +1.3760 | std(g_L) = 0.9760 | grad = 0.8691
step    480 | loss = -0.7865 | mean(g_L) = +1.4332 | EMA = +1.3932 | std(g_L) = 1.0381 | grad = 1.3870
step    500 | loss = -0.9742 | mean(g_L) = +1.5382 | EMA = +1.4162 | std(g_L) = 0.9695 | grad = 0.3996
step    520 | loss = -0.3788 | mean(g_L) = +1.3568 | EMA = +1.4764 | std(g_L) = 1.2767 | grad = 1.8053
step    540 | loss = -0.9436 | mean(g_L) = +1.4968 | EMA = +1.5024 | std(g_L) = 0.9602 | grad = 1.1940
step    560 | loss = -1.0414 | mean(g_L) = +1.5132 | EMA = +1.5303 | std(g_L) = 0.8868 | grad = 0.8872
step    580 | loss = -1.0216 | mean(g_L) = +1.5075 | EMA = +1.5733 | std(g_L) = 0.8999 | grad = 1.4429
step    600 | loss = -1.1177 | mean(g_L) = +1.6413 | EMA = +1.5959 | std(g_L) = 0.9342 | grad = 0.5704
step    620 | loss = -1.3084 | mean(g_L) = +1.6776 | EMA = +1.6237 | std(g_L) = 0.7844 | grad = 1.2187
step    640 | loss = -1.0990 | mean(g_L) = +1.6629 | EMA = +1.6321 | std(g_L) = 0.9694 | grad = 0.4496
step    660 | loss = -1.4436 | mean(g_L) = +1.8425 | EMA = +1.6633 | std(g_L) = 0.8153 | grad = 0.6434
step    680 | loss = -1.2902 | mean(g_L) = +1.7855 | EMA = +1.6960 | std(g_L) = 0.9086 | grad = 1.0946
step    700 | loss = -1.3030 | mean(g_L) = +1.7680 | EMA = +1.7310 | std(g_L) = 0.8803 | grad = 0.8090
step    720 | loss = -1.0948 | mean(g_L) = +1.6039 | EMA = +1.7469 | std(g_L) = 0.9211 | grad = 0.8422
step    740 | loss = -1.0824 | mean(g_L) = +1.7782 | EMA = +1.7771 | std(g_L) = 1.0769 | grad = 2.2336
step    760 | loss = -1.1620 | mean(g_L) = +1.7104 | EMA = +1.8110 | std(g_L) = 0.9561 | grad = 1.1371
step    780 | loss = -1.3600 | mean(g_L) = +1.8907 | EMA = +1.8637 | std(g_L) = 0.9405 | grad = 1.4068
step    800 | loss = -1.2981 | mean(g_L) = +1.8379 | EMA = +1.9016 | std(g_L) = 0.9486 | grad = 1.7687
step    820 | loss = -1.3531 | mean(g_L) = +1.8785 | EMA = +1.9157 | std(g_L) = 0.9357 | grad = 0.7957
step    840 | loss = -1.3834 | mean(g_L) = +1.9431 | EMA = +1.9270 | std(g_L) = 0.9659 | grad = 1.4409
step    860 | loss = -1.2808 | mean(g_L) = +1.7924 | EMA = +1.9240 | std(g_L) = 0.9234 | grad = 1.4330
step    880 | loss = -1.5865 | mean(g_L) = +1.9739 | EMA = +1.9387 | std(g_L) = 0.8036 | grad = 0.9523
step    900 | loss = -1.4510 | mean(g_L) = +1.9447 | EMA = +1.9555 | std(g_L) = 0.9071 | grad = 1.3601
step    920 | loss = -1.3394 | mean(g_L) = +1.9529 | EMA = +1.9552 | std(g_L) = 1.0112 | grad = 1.4029
step    940 | loss = -1.5094 | mean(g_L) = +2.0208 | EMA = +1.9486 | std(g_L) = 0.9232 | grad = 0.9745
step    960 | loss = -1.7592 | mean(g_L) = +2.2358 | EMA = +1.9547 | std(g_L) = 0.8913 | grad = 1.4723
step    980 | loss = -1.4883 | mean(g_L) = +1.8964 | EMA = +1.9442 | std(g_L) = 0.8248 | grad = 0.6616
step   1000 | loss = -1.2815 | mean(g_L) = +1.9401 | EMA = +1.9146 | std(g_L) = 1.0477 | grad = 1.1379
step   1020 | loss = -1.4099 | mean(g_L) = +1.9191 | EMA = +1.9400 | std(g_L) = 0.9212 | grad = 1.6394
step   1040 | loss = -1.5257 | mean(g_L) = +1.9833 | EMA = +1.9749 | std(g_L) = 0.8733 | grad = 1.6601
step   1060 | loss = -1.5041 | mean(g_L) = +1.9631 | EMA = +1.9730 | std(g_L) = 0.8746 | grad = 0.9021
step   1080 | loss = -1.4884 | mean(g_L) = +1.9325 | EMA = +1.9429 | std(g_L) = 0.8603 | grad = 1.1229
step   1100 | loss = -1.6490 | mean(g_L) = +2.0467 | EMA = +1.9361 | std(g_L) = 0.8142 | grad = 0.6836
step   1120 | loss = -1.1775 | mean(g_L) = +1.7823 | EMA = +1.9309 | std(g_L) = 1.0040 | grad = 0.6269
step   1140 | loss = -1.5600 | mean(g_L) = +2.0269 | EMA = +1.9753 | std(g_L) = 0.8821 | grad = 1.3889
step   1160 | loss = -1.4971 | mean(g_L) = +2.0225 | EMA = +1.9658 | std(g_L) = 0.9357 | grad = 0.8942
step   1180 | loss = -1.3045 | mean(g_L) = +1.8732 | EMA = +1.9721 | std(g_L) = 0.9736 | grad = 1.0896
step   1200 | loss = -1.4579 | mean(g_L) = +1.9147 | EMA = +1.9716 | std(g_L) = 0.8726 | grad = 1.2456
step   1220 | loss = -1.4653 | mean(g_L) = +1.8709 | EMA = +1.9636 | std(g_L) = 0.8222 | grad = 0.8984
step   1240 | loss = -1.5455 | mean(g_L) = +2.0021 | EMA = +1.9667 | std(g_L) = 0.8724 | grad = 0.9393
step   1260 | loss = -1.7320 | mean(g_L) = +2.1005 | EMA = +1.9776 | std(g_L) = 0.7837 | grad = 0.4448
step   1280 | loss = -1.4344 | mean(g_L) = +1.9378 | EMA = +1.9831 | std(g_L) = 0.9160 | grad = 1.6151
step   1300 | loss = -1.5537 | mean(g_L) = +1.9686 | EMA = +1.9635 | std(g_L) = 0.8315 | grad = 1.5746
step   1320 | loss = -1.5854 | mean(g_L) = +2.0304 | EMA = +1.9618 | std(g_L) = 0.8612 | grad = 1.3121
step   1340 | loss = -1.5888 | mean(g_L) = +1.9943 | EMA = +1.9626 | std(g_L) = 0.8221 | grad = 1.3965
step   1360 | loss = -1.3965 | mean(g_L) = +1.9443 | EMA = +1.9580 | std(g_L) = 0.9556 | grad = 0.9416
step   1380 | loss = -1.5522 | mean(g_L) = +1.9362 | EMA = +1.9687 | std(g_L) = 0.8000 | grad = 1.4829
step   1400 | loss = -1.4522 | mean(g_L) = +1.9484 | EMA = +1.9699 | std(g_L) = 0.9094 | grad = 1.2638
step   1420 | loss = -1.4473 | mean(g_L) = +1.9357 | EMA = +1.9981 | std(g_L) = 0.9022 | grad = 1.3662
step   1440 | loss = -1.4953 | mean(g_L) = +2.0027 | EMA = +1.9786 | std(g_L) = 0.9196 | grad = 0.5421
step   1460 | loss = -1.5674 | mean(g_L) = +1.8773 | EMA = +1.9790 | std(g_L) = 0.7187 | grad = 1.7683
step   1480 | loss = -1.2343 | mean(g_L) = +1.8912 | EMA = +1.9901 | std(g_L) = 1.0463 | grad = 2.2037
step   1500 | loss = -1.5192 | mean(g_L) = +1.9526 | EMA = +1.9795 | std(g_L) = 0.8499 | grad = 1.0386
step   1520 | loss = -1.5884 | mean(g_L) = +1.9731 | EMA = +1.9771 | std(g_L) = 0.8008 | grad = 1.1631
step   1540 | loss = -1.3595 | mean(g_L) = +1.9667 | EMA = +1.9814 | std(g_L) = 1.0060 | grad = 1.9345
step   1560 | loss = -1.4702 | mean(g_L) = +1.9824 | EMA = +1.9686 | std(g_L) = 0.9240 | grad = 1.2296
step   1580 | loss = -1.5516 | mean(g_L) = +1.9168 | EMA = +1.9718 | std(g_L) = 0.7802 | grad = 1.1270
step   1600 | loss = -1.3682 | mean(g_L) = +1.8891 | EMA = +1.9918 | std(g_L) = 0.9318 | grad = 1.0397
step   1620 | loss = -1.0916 | mean(g_L) = +1.8297 | EMA = +1.9923 | std(g_L) = 1.1092 | grad = 1.4535
step   1640 | loss = -1.5679 | mean(g_L) = +2.0988 | EMA = +1.9834 | std(g_L) = 0.9407 | grad = 0.8366
step   1660 | loss = -1.5354 | mean(g_L) = +2.0238 | EMA = +1.9886 | std(g_L) = 0.9022 | grad = 2.8437
step   1680 | loss = -1.7521 | mean(g_L) = +2.2024 | EMA = +2.0246 | std(g_L) = 0.8664 | grad = 1.5160
step   1700 | loss = -1.4541 | mean(g_L) = +1.9884 | EMA = +1.9793 | std(g_L) = 0.9437 | grad = 3.1686
step   1720 | loss = -1.4791 | mean(g_L) = +1.9549 | EMA = +1.9894 | std(g_L) = 0.8905 | grad = 2.1906
step   1740 | loss = -1.5515 | mean(g_L) = +1.9694 | EMA = +1.9935 | std(g_L) = 0.8346 | grad = 1.2814
step   1760 | loss = -1.5318 | mean(g_L) = +1.9190 | EMA = +1.9915 | std(g_L) = 0.8033 | grad = 0.3837
step   1780 | loss = -1.5518 | mean(g_L) = +1.9818 | EMA = +1.9898 | std(g_L) = 0.8466 | grad = 2.0888
step   1800 | loss = -1.5174 | mean(g_L) = +1.9564 | EMA = +1.9848 | std(g_L) = 0.8554 | grad = 1.4932
step   1820 | loss = -1.6032 | mean(g_L) = +2.0067 | EMA = +1.9815 | std(g_L) = 0.8200 | grad = 1.3086
step   1840 | loss = -1.5232 | mean(g_L) = +1.9841 | EMA = +1.9961 | std(g_L) = 0.8764 | grad = 1.9832
step   1860 | loss = -1.3962 | mean(g_L) = +1.8813 | EMA = +2.0016 | std(g_L) = 0.8992 | grad = 1.5733
step   1880 | loss = -1.4291 | mean(g_L) = +1.9347 | EMA = +1.9924 | std(g_L) = 0.9180 | grad = 0.7604
step   1900 | loss = -1.4677 | mean(g_L) = +1.9709 | EMA = +1.9897 | std(g_L) = 0.9158 | grad = 1.0232
step   1920 | loss = -1.5022 | mean(g_L) = +1.9673 | EMA = +1.9928 | std(g_L) = 0.8804 | grad = 1.7367
step   1940 | loss = -1.8579 | mean(g_L) = +2.1125 | EMA = +2.0015 | std(g_L) = 0.6514 | grad = 0.7023
step   1960 | loss = -1.5640 | mean(g_L) = +2.0781 | EMA = +1.9905 | std(g_L) = 0.9256 | grad = 1.5585
step   1980 | loss = -1.3253 | mean(g_L) = +1.9520 | EMA = +1.9884 | std(g_L) = 1.0220 | grad = 1.7532
step   2000 | loss = -1.6522 | mean(g_L) = +2.0126 | EMA = +1.9986 | std(g_L) = 0.7750 | grad = 0.8617
step   2020 | loss = -1.3792 | mean(g_L) = +1.8980 | EMA = +1.9955 | std(g_L) = 0.9299 | grad = 2.7777
step   2040 | loss = -1.5797 | mean(g_L) = +1.9493 | EMA = +1.9790 | std(g_L) = 0.7849 | grad = 0.8910
step   2060 | loss = -1.4145 | mean(g_L) = +1.8988 | EMA = +1.9949 | std(g_L) = 0.8984 | grad = 1.6518
step   2080 | loss = -1.4000 | mean(g_L) = +1.9448 | EMA = +2.0020 | std(g_L) = 0.9529 | grad = 1.1946
step   2100 | loss = -1.4757 | mean(g_L) = +1.9184 | EMA = +1.9887 | std(g_L) = 0.8590 | grad = 1.6345
step   2120 | loss = -1.7572 | mean(g_L) = +2.0817 | EMA = +1.9846 | std(g_L) = 0.7355 | grad = 1.4104
step   2140 | loss = -1.8381 | mean(g_L) = +2.1344 | EMA = +1.9888 | std(g_L) = 0.7027 | grad = 1.8555
step   2160 | loss = -1.3581 | mean(g_L) = +1.9851 | EMA = +1.9923 | std(g_L) = 1.0222 | grad = 1.4211
step   2180 | loss = -1.6694 | mean(g_L) = +2.0322 | EMA = +2.0094 | std(g_L) = 0.7776 | grad = 1.7069
step   2200 | loss = -1.3929 | mean(g_L) = +1.9232 | EMA = +2.0002 | std(g_L) = 0.9401 | grad = 2.6745
step   2220 | loss = -1.4051 | mean(g_L) = +1.9061 | EMA = +1.9739 | std(g_L) = 0.9138 | grad = 1.1892
step   2240 | loss = -1.5692 | mean(g_L) = +2.0813 | EMA = +1.9781 | std(g_L) = 0.9239 | grad = 2.1325
step   2260 | loss = -1.7204 | mean(g_L) = +2.0765 | EMA = +1.9960 | std(g_L) = 0.7704 | grad = 0.6364
step   2280 | loss = -1.5230 | mean(g_L) = +2.0174 | EMA = +1.9972 | std(g_L) = 0.9077 | grad = 1.7078
step   2300 | loss = -1.5977 | mean(g_L) = +1.9973 | EMA = +2.0064 | std(g_L) = 0.8161 | grad = 0.6419
step   2320 | loss = -1.7362 | mean(g_L) = +2.1477 | EMA = +1.9970 | std(g_L) = 0.8281 | grad = 0.7449
step   2340 | loss = -1.4445 | mean(g_L) = +1.9118 | EMA = +2.0212 | std(g_L) = 0.8825 | grad = 1.0370
step   2360 | loss = -1.5773 | mean(g_L) = +2.0713 | EMA = +2.0095 | std(g_L) = 0.9074 | grad = 1.8025
step   2380 | loss = -1.7688 | mean(g_L) = +2.1806 | EMA = +2.0020 | std(g_L) = 0.8285 | grad = 1.8637
step   2400 | loss = -1.5506 | mean(g_L) = +2.0482 | EMA = +2.0084 | std(g_L) = 0.9107 | grad = 0.8369
step   2420 | loss = -1.5071 | mean(g_L) = +1.9718 | EMA = +1.9881 | std(g_L) = 0.8800 | grad = 1.8959
step   2440 | loss = -1.4900 | mean(g_L) = +1.9881 | EMA = +1.9813 | std(g_L) = 0.9111 | grad = 1.1126
step   2460 | loss = -1.7212 | mean(g_L) = +2.1085 | EMA = +2.0009 | std(g_L) = 0.8034 | grad = 1.3600
step   2480 | loss = -1.5763 | mean(g_L) = +1.9931 | EMA = +2.0043 | std(g_L) = 0.8334 | grad = 0.6880
step   2500 | loss = -1.5230 | mean(g_L) = +2.0086 | EMA = +1.9888 | std(g_L) = 0.8997 | grad = 0.4903
step   2520 | loss = -1.8017 | mean(g_L) = +2.0730 | EMA = +1.9924 | std(g_L) = 0.6724 | grad = 0.7757
step   2540 | loss = -1.6532 | mean(g_L) = +2.1082 | EMA = +2.0068 | std(g_L) = 0.8708 | grad = 0.5930
step   2560 | loss = -1.5476 | mean(g_L) = +1.9528 | EMA = +1.9990 | std(g_L) = 0.8218 | grad = 0.8284
step   2580 | loss = -1.4653 | mean(g_L) = +1.9486 | EMA = +1.9840 | std(g_L) = 0.8975 | grad = 3.0569
step   2600 | loss = -1.3724 | mean(g_L) = +1.8411 | EMA = +2.0084 | std(g_L) = 0.8838 | grad = 0.8052
step   2620 | loss = -1.3606 | mean(g_L) = +1.9099 | EMA = +1.9985 | std(g_L) = 0.9568 | grad = 1.1254
step   2640 | loss = -1.3096 | mean(g_L) = +1.9084 | EMA = +1.9895 | std(g_L) = 0.9990 | grad = 1.0028
step   2660 | loss = -1.3437 | mean(g_L) = +1.8685 | EMA = +1.9784 | std(g_L) = 0.9352 | grad = 0.9664
step   2680 | loss = -1.4932 | mean(g_L) = +1.9446 | EMA = +1.9693 | std(g_L) = 0.8674 | grad = 0.5584
step   2700 | loss = -1.6564 | mean(g_L) = +1.9955 | EMA = +1.9948 | std(g_L) = 0.7518 | grad = 0.9827
step   2720 | loss = -1.4765 | mean(g_L) = +2.0634 | EMA = +2.0107 | std(g_L) = 0.9890 | grad = 1.3114
step   2740 | loss = -1.4572 | mean(g_L) = +2.0293 | EMA = +1.9932 | std(g_L) = 0.9765 | grad = 3.4606
step   2760 | loss = -1.6307 | mean(g_L) = +2.1004 | EMA = +1.9987 | std(g_L) = 0.8848 | grad = 0.7435
step   2780 | loss = -1.3475 | mean(g_L) = +1.9579 | EMA = +2.0118 | std(g_L) = 1.0087 | grad = 3.1755
step   2800 | loss = -1.4093 | mean(g_L) = +1.9741 | EMA = +2.0143 | std(g_L) = 0.9702 | grad = 1.4871
step   2820 | loss = -1.4989 | mean(g_L) = +1.9567 | EMA = +2.0098 | std(g_L) = 0.8735 | grad = 1.0821
step   2840 | loss = -1.2655 | mean(g_L) = +1.9327 | EMA = +1.9935 | std(g_L) = 1.0545 | grad = 1.5514
step   2860 | loss = -1.4853 | mean(g_L) = +2.0264 | EMA = +2.0021 | std(g_L) = 0.9497 | grad = 1.4634
step   2880 | loss = -1.7858 | mean(g_L) = +2.0834 | EMA = +2.0126 | std(g_L) = 0.7042 | grad = 1.1733
step   2900 | loss = -1.3500 | mean(g_L) = +1.9919 | EMA = +2.0062 | std(g_L) = 1.0343 | grad = 2.1527
step   2920 | loss = -1.3304 | mean(g_L) = +1.8915 | EMA = +2.0206 | std(g_L) = 0.9671 | grad = 2.2443
step   2940 | loss = -1.5524 | mean(g_L) = +2.0569 | EMA = +2.0205 | std(g_L) = 0.9170 | grad = 0.6951
step   2960 | loss = -1.7852 | mean(g_L) = +2.0919 | EMA = +2.0096 | std(g_L) = 0.7149 | grad = 1.7131
step   2980 | loss = -1.6796 | mean(g_L) = +2.0715 | EMA = +2.0213 | std(g_L) = 0.8082 | grad = 1.0646
step   3000 | loss = -1.6081 | mean(g_L) = +2.0518 | EMA = +2.0301 | std(g_L) = 0.8599 | grad = 1.2543
step   3020 | loss = -1.6674 | mean(g_L) = +2.0803 | EMA = +2.0296 | std(g_L) = 0.8296 | grad = 1.4078
step   3040 | loss = -1.6699 | mean(g_L) = +2.0081 | EMA = +2.0128 | std(g_L) = 0.7508 | grad = 0.9353
step   3060 | loss = -1.4428 | mean(g_L) = +2.1062 | EMA = +2.0311 | std(g_L) = 1.0515 | grad = 0.9270
step   3080 | loss = -1.4123 | mean(g_L) = +1.9889 | EMA = +2.0157 | std(g_L) = 0.9803 | grad = 2.7651
step   3100 | loss = -1.6328 | mean(g_L) = +2.0528 | EMA = +2.0149 | std(g_L) = 0.8367 | grad = 1.7734
step   3120 | loss = -1.6827 | mean(g_L) = +2.0801 | EMA = +2.0153 | std(g_L) = 0.8138 | grad = 2.2834
step   3140 | loss = -1.5560 | mean(g_L) = +1.8793 | EMA = +1.9888 | std(g_L) = 0.7341 | grad = 1.1112
step   3160 | loss = -1.6212 | mean(g_L) = +2.0702 | EMA = +2.0107 | std(g_L) = 0.8651 | grad = 1.2800
step   3180 | loss = -1.7258 | mean(g_L) = +2.1043 | EMA = +1.9986 | std(g_L) = 0.7943 | grad = 1.3541
step   3200 | loss = -1.0660 | mean(g_L) = +1.8303 | EMA = +1.9729 | std(g_L) = 1.1286 | grad = 0.4438
step   3220 | loss = -1.6529 | mean(g_L) = +2.0690 | EMA = +2.0005 | std(g_L) = 0.8328 | grad = 1.2125
step   3240 | loss = -1.7166 | mean(g_L) = +2.1285 | EMA = +2.0112 | std(g_L) = 0.8285 | grad = 1.6744
step   3260 | loss = -1.6207 | mean(g_L) = +2.0453 | EMA = +2.0136 | std(g_L) = 0.8413 | grad = 0.8467
step   3280 | loss = -1.6206 | mean(g_L) = +2.0290 | EMA = +2.0040 | std(g_L) = 0.8250 | grad = 0.8832
step   3300 | loss = -0.9922 | mean(g_L) = +1.9505 | EMA = +1.9966 | std(g_L) = 1.2638 | grad = 2.8107
step   3320 | loss = -1.5957 | mean(g_L) = +1.9254 | EMA = +1.9793 | std(g_L) = 0.7413 | grad = 2.0698
step   3340 | loss = -1.6536 | mean(g_L) = +2.0376 | EMA = +2.0023 | std(g_L) = 0.8000 | grad = 0.9288
step   3360 | loss = -1.3876 | mean(g_L) = +1.8208 | EMA = +2.0037 | std(g_L) = 0.8497 | grad = 0.6971
step   3380 | loss = -1.6891 | mean(g_L) = +2.0220 | EMA = +2.0197 | std(g_L) = 0.7449 | grad = 1.1646
step   3400 | loss = -1.2996 | mean(g_L) = +1.9960 | EMA = +2.0123 | std(g_L) = 1.0773 | grad = 1.6842
step   3420 | loss = -1.6948 | mean(g_L) = +2.0121 | EMA = +2.0085 | std(g_L) = 0.7272 | grad = 1.5476
step   3440 | loss = -1.7031 | mean(g_L) = +2.0592 | EMA = +2.0049 | std(g_L) = 0.7704 | grad = 1.2244
step   3460 | loss = -1.1214 | mean(g_L) = +1.7973 | EMA = +1.9843 | std(g_L) = 1.0614 | grad = 2.8641
step   3480 | loss = -1.6824 | mean(g_L) = +2.0721 | EMA = +2.0024 | std(g_L) = 0.8058 | grad = 0.7044
step   3500 | loss = -1.4676 | mean(g_L) = +1.9409 | EMA = +2.0178 | std(g_L) = 0.8882 | grad = 1.4594
step   3520 | loss = -1.6832 | mean(g_L) = +2.0579 | EMA = +2.0222 | std(g_L) = 0.7903 | grad = 1.4294
step   3540 | loss = -1.5525 | mean(g_L) = +2.0191 | EMA = +2.0060 | std(g_L) = 0.8819 | grad = 1.8914
step   3560 | loss = -1.5115 | mean(g_L) = +1.9297 | EMA = +2.0159 | std(g_L) = 0.8349 | grad = 0.5131
step   3580 | loss = -1.5628 | mean(g_L) = +2.0658 | EMA = +2.0177 | std(g_L) = 0.9156 | grad = 1.8111
step   3600 | loss = -1.5618 | mean(g_L) = +1.9510 | EMA = +1.9942 | std(g_L) = 0.8054 | grad = 1.3308
step   3620 | loss = -1.5039 | mean(g_L) = +2.0406 | EMA = +1.9984 | std(g_L) = 0.9458 | grad = 1.5414
step   3640 | loss = -1.6435 | mean(g_L) = +1.9953 | EMA = +1.9868 | std(g_L) = 0.7657 | grad = 1.2437
step   3660 | loss = -1.3760 | mean(g_L) = +1.9464 | EMA = +1.9888 | std(g_L) = 0.9751 | grad = 1.5647
step   3680 | loss = -1.6150 | mean(g_L) = +2.0667 | EMA = +2.0220 | std(g_L) = 0.8676 | grad = 0.4100
step   3700 | loss = -1.7285 | mean(g_L) = +2.0599 | EMA = +2.0190 | std(g_L) = 0.7432 | grad = 0.8125
step   3720 | loss = -1.6671 | mean(g_L) = +1.9907 | EMA = +2.0262 | std(g_L) = 0.7344 | grad = 1.5594
step   3740 | loss = -1.6759 | mean(g_L) = +2.0228 | EMA = +2.0216 | std(g_L) = 0.7604 | grad = 0.8992
step   3760 | loss = -1.6952 | mean(g_L) = +2.0476 | EMA = +2.0026 | std(g_L) = 0.7664 | grad = 1.0312
step   3780 | loss = -1.6524 | mean(g_L) = +2.0332 | EMA = +2.0004 | std(g_L) = 0.7966 | grad = 1.2837
step   3800 | loss = -1.7392 | mean(g_L) = +2.1035 | EMA = +2.0073 | std(g_L) = 0.7793 | grad = 1.0133
step   3820 | loss = -1.6790 | mean(g_L) = +2.0203 | EMA = +1.9924 | std(g_L) = 0.7542 | grad = 1.7368
step   3840 | loss = -1.4493 | mean(g_L) = +1.9495 | EMA = +1.9927 | std(g_L) = 0.9130 | grad = 1.8139
step   3860 | loss = -1.5838 | mean(g_L) = +1.9984 | EMA = +2.0049 | std(g_L) = 0.8313 | grad = 1.0402
step   3880 | loss = -1.6602 | mean(g_L) = +2.0554 | EMA = +2.0340 | std(g_L) = 0.8116 | grad = 0.8162
step   3900 | loss = -1.4670 | mean(g_L) = +1.9793 | EMA = +2.0217 | std(g_L) = 0.9240 | grad = 1.3966
step   3920 | loss = -1.5783 | mean(g_L) = +1.9930 | EMA = +2.0369 | std(g_L) = 0.8313 | grad = 0.7419
step   3940 | loss = -1.4450 | mean(g_L) = +1.8776 | EMA = +2.0108 | std(g_L) = 0.8492 | grad = 1.7569
step   3960 | loss = -1.8035 | mean(g_L) = +2.1155 | EMA = +2.0183 | std(g_L) = 0.7211 | grad = 0.9692
step   3980 | loss = -1.6619 | mean(g_L) = +2.0074 | EMA = +2.0277 | std(g_L) = 0.7589 | grad = 0.7793
step   4000 | loss = -1.5431 | mean(g_L) = +1.9844 | EMA = +2.0289 | std(g_L) = 0.8577 | grad = 1.7828
step   4020 | loss = -1.3493 | mean(g_L) = +1.8848 | EMA = +1.9947 | std(g_L) = 0.9446 | grad = 0.8871
step   4040 | loss = -1.6166 | mean(g_L) = +2.0074 | EMA = +2.0002 | std(g_L) = 0.8071 | grad = 1.7350
step   4060 | loss = -1.6082 | mean(g_L) = +2.0218 | EMA = +2.0202 | std(g_L) = 0.8302 | grad = 1.6155
step   4080 | loss = -1.6834 | mean(g_L) = +2.0924 | EMA = +2.0084 | std(g_L) = 0.8256 | grad = 1.6784
step   4100 | loss = -1.2463 | mean(g_L) = +1.8094 | EMA = +2.0006 | std(g_L) = 0.9688 | grad = 2.3611
step   4120 | loss = -1.5790 | mean(g_L) = +1.9634 | EMA = +1.9973 | std(g_L) = 0.8003 | grad = 0.8344
step   4140 | loss = -1.5017 | mean(g_L) = +1.9318 | EMA = +1.9890 | std(g_L) = 0.8467 | grad = 1.3461
step   4160 | loss = -1.4565 | mean(g_L) = +1.9265 | EMA = +2.0031 | std(g_L) = 0.8850 | grad = 1.0389
step   4180 | loss = -1.6580 | mean(g_L) = +2.0070 | EMA = +1.9863 | std(g_L) = 0.7627 | grad = 1.3336
step   4200 | loss = -1.5051 | mean(g_L) = +1.9062 | EMA = +2.0048 | std(g_L) = 0.8175 | grad = 0.6225
step   4220 | loss = -1.5819 | mean(g_L) = +2.0517 | EMA = +2.0031 | std(g_L) = 0.8849 | grad = 1.1834
step   4240 | loss = -1.7332 | mean(g_L) = +2.0895 | EMA = +2.0289 | std(g_L) = 0.7706 | grad = 0.9088
step   4260 | loss = -1.6187 | mean(g_L) = +2.0482 | EMA = +2.0145 | std(g_L) = 0.8461 | grad = 0.9727
step   4280 | loss = -1.6471 | mean(g_L) = +1.9978 | EMA = +2.0020 | std(g_L) = 0.7646 | grad = 1.3727
step   4300 | loss = -1.7119 | mean(g_L) = +2.0962 | EMA = +2.0115 | std(g_L) = 0.8003 | grad = 1.9605
step   4320 | loss = -1.6228 | mean(g_L) = +1.9460 | EMA = +1.9948 | std(g_L) = 0.7340 | grad = 0.7457
step   4340 | loss = -1.5035 | mean(g_L) = +1.9859 | EMA = +2.0037 | std(g_L) = 0.8966 | grad = 0.5046
step   4360 | loss = -1.6631 | mean(g_L) = +2.0994 | EMA = +2.0035 | std(g_L) = 0.8528 | grad = 1.3593
step   4380 | loss = -1.6389 | mean(g_L) = +2.0748 | EMA = +2.0007 | std(g_L) = 0.8523 | grad = 1.2434
step   4400 | loss = -1.3763 | mean(g_L) = +1.9342 | EMA = +2.0166 | std(g_L) = 0.9643 | grad = 1.6541
step   4420 | loss = -1.5214 | mean(g_L) = +1.8708 | EMA = +2.0000 | std(g_L) = 0.7631 | grad = 1.1018
step   4440 | loss = -1.6385 | mean(g_L) = +2.0267 | EMA = +1.9874 | std(g_L) = 0.8044 | grad = 0.6857
step   4460 | loss = -1.6483 | mean(g_L) = +2.0125 | EMA = +1.9744 | std(g_L) = 0.7791 | grad = 1.0970
step   4480 | loss = -1.4428 | mean(g_L) = +1.9223 | EMA = +1.9992 | std(g_L) = 0.8939 | grad = 0.9337
step   4500 | loss = -1.6915 | mean(g_L) = +2.1112 | EMA = +1.9975 | std(g_L) = 0.8364 | grad = 2.2451
step   4520 | loss = -1.4841 | mean(g_L) = +1.9562 | EMA = +2.0033 | std(g_L) = 0.8871 | grad = 1.0950
step   4540 | loss = -1.6595 | mean(g_L) = +2.0257 | EMA = +2.0100 | std(g_L) = 0.7813 | grad = 0.8620
step   4560 | loss = -1.4352 | mean(g_L) = +1.9353 | EMA = +2.0124 | std(g_L) = 0.9130 | grad = 0.7117
step   4580 | loss = -1.5142 | mean(g_L) = +1.9579 | EMA = +2.0232 | std(g_L) = 0.8600 | grad = 0.7467
step   4600 | loss = -1.3981 | mean(g_L) = +1.9796 | EMA = +2.0158 | std(g_L) = 0.9844 | grad = 0.5261
step   4620 | loss = -1.5519 | mean(g_L) = +1.9420 | EMA = +1.9954 | std(g_L) = 0.8063 | grad = 1.1531
step   4640 | loss = -1.6449 | mean(g_L) = +2.0852 | EMA = +2.0056 | std(g_L) = 0.8567 | grad = 1.8012
step   4660 | loss = -1.6885 | mean(g_L) = +2.0118 | EMA = +2.0003 | std(g_L) = 0.7340 | grad = 0.7191
step   4680 | loss = -1.7070 | mean(g_L) = +2.0824 | EMA = +2.0110 | std(g_L) = 0.7910 | grad = 1.2974
step   4700 | loss = -1.6891 | mean(g_L) = +2.1262 | EMA = +2.0207 | std(g_L) = 0.8535 | grad = 2.2963
step   4720 | loss = -1.6845 | mean(g_L) = +2.0270 | EMA = +2.0204 | std(g_L) = 0.7555 | grad = 0.8236
step   4740 | loss = -1.6648 | mean(g_L) = +2.0640 | EMA = +2.0107 | std(g_L) = 0.8156 | grad = 1.1002
step   4760 | loss = -1.6686 | mean(g_L) = +2.0667 | EMA = +2.0133 | std(g_L) = 0.8145 | grad = 1.9580
step   4780 | loss = -1.5799 | mean(g_L) = +1.9979 | EMA = +2.0148 | std(g_L) = 0.8346 | grad = 1.0762
step   4800 | loss = -1.7395 | mean(g_L) = +2.0799 | EMA = +2.0066 | std(g_L) = 0.7532 | grad = 0.8503
step   4820 | loss = -1.2449 | mean(g_L) = +1.8819 | EMA = +2.0043 | std(g_L) = 1.0304 | grad = 1.2230
step   4840 | loss = -1.5316 | mean(g_L) = +1.9691 | EMA = +1.9918 | std(g_L) = 0.8538 | grad = 0.5468
step   4860 | loss = -1.5740 | mean(g_L) = +2.0533 | EMA = +2.0153 | std(g_L) = 0.8938 | grad = 1.6995
step   4880 | loss = -1.5912 | mean(g_L) = +1.9829 | EMA = +2.0164 | std(g_L) = 0.8080 | grad = 1.5236
step   4900 | loss = -1.5014 | mean(g_L) = +2.0125 | EMA = +2.0053 | std(g_L) = 0.9230 | grad = 0.8575
step   4920 | loss = -1.5981 | mean(g_L) = +1.9671 | EMA = +1.9914 | std(g_L) = 0.7841 | grad = 0.7438
step   4940 | loss = -1.4815 | mean(g_L) = +1.9182 | EMA = +2.0166 | std(g_L) = 0.8531 | grad = 1.5502
step   4960 | loss = -1.4538 | mean(g_L) = +1.9372 | EMA = +2.0096 | std(g_L) = 0.8976 | grad = 1.9407
step   4980 | loss = -1.4388 | mean(g_L) = +2.0317 | EMA = +2.0293 | std(g_L) = 0.9940 | grad = 1.6112
step   5000 | loss = -1.4377 | mean(g_L) = +1.9599 | EMA = +2.0129 | std(g_L) = 0.9329 | grad = 1.0507
step   5020 | loss = -1.5356 | mean(g_L) = +2.0749 | EMA = +2.0205 | std(g_L) = 0.9481 | grad = 0.9993
step   5040 | loss = -1.6268 | mean(g_L) = +2.0103 | EMA = +2.0317 | std(g_L) = 0.7994 | grad = 0.6565
step   5060 | loss = -1.5855 | mean(g_L) = +2.0767 | EMA = +2.0440 | std(g_L) = 0.9048 | grad = 1.6461
step   5080 | loss = -1.4486 | mean(g_L) = +1.8419 | EMA = +1.9955 | std(g_L) = 0.8097 | grad = 1.3499
step   5100 | loss = -1.6030 | mean(g_L) = +2.0093 | EMA = +2.0104 | std(g_L) = 0.8228 | grad = 1.1162
step   5120 | loss = -1.3938 | mean(g_L) = +1.9169 | EMA = +2.0000 | std(g_L) = 0.9337 | grad = 1.1364
step   5140 | loss = -1.7460 | mean(g_L) = +2.1341 | EMA = +2.0002 | std(g_L) = 0.8043 | grad = 2.0887
step   5160 | loss = -1.6879 | mean(g_L) = +2.0076 | EMA = +2.0116 | std(g_L) = 0.7300 | grad = 1.5013
step   5180 | loss = -1.6297 | mean(g_L) = +1.9671 | EMA = +2.0103 | std(g_L) = 0.7498 | grad = 0.7311
step   5200 | loss = -1.6328 | mean(g_L) = +2.0442 | EMA = +2.0382 | std(g_L) = 0.8280 | grad = 1.2835
step   5220 | loss = -1.4832 | mean(g_L) = +2.0224 | EMA = +2.0234 | std(g_L) = 0.9480 | grad = 1.3601
step   5240 | loss = -1.6367 | mean(g_L) = +2.0247 | EMA = +2.0105 | std(g_L) = 0.8041 | grad = 1.6170
step   5260 | loss = -1.5122 | mean(g_L) = +2.0714 | EMA = +1.9922 | std(g_L) = 0.9654 | grad = 2.3756
step   5280 | loss = -1.6718 | mean(g_L) = +2.0447 | EMA = +2.0125 | std(g_L) = 0.7883 | grad = 1.5657
step   5300 | loss = -1.6776 | mean(g_L) = +2.0400 | EMA = +2.0269 | std(g_L) = 0.7772 | grad = 0.8535
step   5320 | loss = -1.7986 | mean(g_L) = +2.1611 | EMA = +2.0243 | std(g_L) = 0.7773 | grad = 1.4673
step   5340 | loss = -1.7563 | mean(g_L) = +2.1283 | EMA = +2.0279 | std(g_L) = 0.7874 | grad = 0.8799
step   5360 | loss = -1.4665 | mean(g_L) = +1.9899 | EMA = +2.0071 | std(g_L) = 0.9340 | grad = 1.5377
step   5380 | loss = -1.8231 | mean(g_L) = +2.1136 | EMA = +2.0146 | std(g_L) = 0.6958 | grad = 0.5853
step   5400 | loss = -1.5373 | mean(g_L) = +2.0034 | EMA = +2.0263 | std(g_L) = 0.8814 | grad = 0.2892
step   5420 | loss = -1.3982 | mean(g_L) = +1.9852 | EMA = +2.0078 | std(g_L) = 0.9891 | grad = 1.9207
step   5440 | loss = -1.6046 | mean(g_L) = +2.0011 | EMA = +2.0028 | std(g_L) = 0.8129 | grad = 2.0287
step   5460 | loss = -1.6480 | mean(g_L) = +2.0392 | EMA = +2.0189 | std(g_L) = 0.8075 | grad = 1.0880
step   5480 | loss = -1.6926 | mean(g_L) = +2.0486 | EMA = +2.0154 | std(g_L) = 0.7703 | grad = 1.2633
step   5500 | loss = -1.4600 | mean(g_L) = +1.9445 | EMA = +2.0151 | std(g_L) = 0.8985 | grad = 1.6517
step   5520 | loss = -1.6749 | mean(g_L) = +2.0206 | EMA = +2.0231 | std(g_L) = 0.7591 | grad = 1.4255
step   5540 | loss = -1.3447 | mean(g_L) = +1.9290 | EMA = +2.0177 | std(g_L) = 0.9868 | grad = 1.4329
step   5560 | loss = -1.4373 | mean(g_L) = +2.0020 | EMA = +2.0231 | std(g_L) = 0.9701 | grad = 1.1728
step   5580 | loss = -1.5386 | mean(g_L) = +1.9926 | EMA = +2.0346 | std(g_L) = 0.8699 | grad = 0.5979
step   5600 | loss = -1.4142 | mean(g_L) = +1.9213 | EMA = +2.0175 | std(g_L) = 0.9194 | grad = 2.7244
step   5620 | loss = -1.4725 | mean(g_L) = +2.0315 | EMA = +1.9974 | std(g_L) = 0.9652 | grad = 1.2895
step   5640 | loss = -1.7187 | mean(g_L) = +2.1685 | EMA = +2.0140 | std(g_L) = 0.8659 | grad = 1.4039
step   5660 | loss = -1.5928 | mean(g_L) = +2.0146 | EMA = +2.0249 | std(g_L) = 0.8384 | grad = 1.1573
step   5680 | loss = -1.6799 | mean(g_L) = +1.9990 | EMA = +2.0144 | std(g_L) = 0.7292 | grad = 1.6926
step   5700 | loss = -1.5619 | mean(g_L) = +1.9596 | EMA = +2.0137 | std(g_L) = 0.8141 | grad = 1.3782
step   5720 | loss = -1.8259 | mean(g_L) = +2.1428 | EMA = +2.0276 | std(g_L) = 0.7267 | grad = 0.8063
step   5740 | loss = -1.7489 | mean(g_L) = +2.0886 | EMA = +2.0307 | std(g_L) = 0.7524 | grad = 0.5873
step   5760 | loss = -1.3772 | mean(g_L) = +1.8773 | EMA = +2.0123 | std(g_L) = 0.9130 | grad = 0.8728
step   5780 | loss = -1.5364 | mean(g_L) = +1.9690 | EMA = +2.0149 | std(g_L) = 0.8491 | grad = 1.5273
step   5800 | loss = -1.6435 | mean(g_L) = +2.0214 | EMA = +2.0007 | std(g_L) = 0.7936 | grad = 0.7779
step   5820 | loss = -1.6960 | mean(g_L) = +2.0341 | EMA = +1.9998 | std(g_L) = 0.7507 | grad = 1.9153
step   5840 | loss = -1.6691 | mean(g_L) = +2.0966 | EMA = +1.9999 | std(g_L) = 0.8441 | grad = 2.4288
step   5860 | loss = -1.6151 | mean(g_L) = +1.9879 | EMA = +1.9845 | std(g_L) = 0.7882 | grad = 0.9596
step   5880 | loss = -1.6799 | mean(g_L) = +2.0418 | EMA = +2.0063 | std(g_L) = 0.7766 | grad = 0.9378
step   5900 | loss = -1.5961 | mean(g_L) = +1.9608 | EMA = +2.0185 | std(g_L) = 0.7797 | grad = 1.9861
step   5920 | loss = -1.7338 | mean(g_L) = +2.0923 | EMA = +2.0278 | std(g_L) = 0.7729 | grad = 1.3493
step   5940 | loss = -1.5896 | mean(g_L) = +2.0239 | EMA = +2.0510 | std(g_L) = 0.8508 | grad = 1.6060
step   5960 | loss = -1.9009 | mean(g_L) = +2.2287 | EMA = +2.0413 | std(g_L) = 0.7391 | grad = 0.7653
step   5980 | loss = -1.4900 | mean(g_L) = +2.0205 | EMA = +2.0287 | std(g_L) = 0.9403 | grad = 1.8090
step   6000 | loss = -1.5785 | mean(g_L) = +1.9254 | EMA = +2.0122 | std(g_L) = 0.7603 | grad = 1.1009
step   6020 | loss = -1.6245 | mean(g_L) = +2.0116 | EMA = +2.0097 | std(g_L) = 0.8033 | grad = 1.3705
step   6040 | loss = -1.6028 | mean(g_L) = +2.0315 | EMA = +1.9882 | std(g_L) = 0.8453 | grad = 0.6974
step   6060 | loss = -1.5539 | mean(g_L) = +1.9841 | EMA = +1.9997 | std(g_L) = 0.8468 | grad = 1.0262
step   6080 | loss = -1.5919 | mean(g_L) = +1.9405 | EMA = +2.0053 | std(g_L) = 0.7622 | grad = 1.4846
step   6100 | loss = -1.3761 | mean(g_L) = +1.8514 | EMA = +1.9979 | std(g_L) = 0.8901 | grad = 1.0948
step   6120 | loss = -1.5423 | mean(g_L) = +1.9685 | EMA = +1.9922 | std(g_L) = 0.8428 | grad = 1.1699
step   6140 | loss = -1.8673 | mean(g_L) = +2.1585 | EMA = +2.0368 | std(g_L) = 0.6967 | grad = 0.8284
step   6160 | loss = -1.7584 | mean(g_L) = +2.0353 | EMA = +2.0139 | std(g_L) = 0.6794 | grad = 0.6033
step   6180 | loss = -1.5041 | mean(g_L) = +2.0675 | EMA = +2.0223 | std(g_L) = 0.9691 | grad = 1.2093
step   6200 | loss = -1.7764 | mean(g_L) = +2.1504 | EMA = +2.0403 | std(g_L) = 0.7894 | grad = 1.5087
step   6220 | loss = -1.5250 | mean(g_L) = +2.1296 | EMA = +2.0359 | std(g_L) = 1.0038 | grad = 1.6450
step   6240 | loss = -1.6372 | mean(g_L) = +2.0189 | EMA = +2.0037 | std(g_L) = 0.7975 | grad = 0.6765
step   6260 | loss = -1.3469 | mean(g_L) = +1.8665 | EMA = +1.9961 | std(g_L) = 0.9305 | grad = 1.7418
step   6280 | loss = -1.3918 | mean(g_L) = +1.9101 | EMA = +1.9763 | std(g_L) = 0.9294 | grad = 1.1389
step   6300 | loss = -1.7926 | mean(g_L) = +2.0990 | EMA = +1.9980 | std(g_L) = 0.7146 | grad = 1.0141
step   6320 | loss = -1.7967 | mean(g_L) = +2.1059 | EMA = +2.0235 | std(g_L) = 0.7178 | grad = 1.1337
step   6340 | loss = -1.4767 | mean(g_L) = +1.9031 | EMA = +1.9885 | std(g_L) = 0.8429 | grad = 1.9407
step   6360 | loss = -1.1825 | mean(g_L) = +1.7551 | EMA = +1.9865 | std(g_L) = 0.9769 | grad = 1.9443
step   6380 | loss = -1.7988 | mean(g_L) = +2.1631 | EMA = +2.0098 | std(g_L) = 0.7792 | grad = 1.9340
step   6400 | loss = -1.6820 | mean(g_L) = +1.9780 | EMA = +2.0042 | std(g_L) = 0.7023 | grad = 0.8215
step   6420 | loss = -1.4959 | mean(g_L) = +1.9194 | EMA = +1.9884 | std(g_L) = 0.8401 | grad = 0.9272
step   6440 | loss = -1.4238 | mean(g_L) = +1.9739 | EMA = +1.9909 | std(g_L) = 0.9575 | grad = 1.2218
step   6460 | loss = -1.8163 | mean(g_L) = +2.1418 | EMA = +2.0032 | std(g_L) = 0.7366 | grad = 1.0169
step   6480 | loss = -1.4308 | mean(g_L) = +1.9530 | EMA = +2.0209 | std(g_L) = 0.9329 | grad = 1.4385
step   6500 | loss = -1.7328 | mean(g_L) = +2.1412 | EMA = +2.0128 | std(g_L) = 0.8250 | grad = 1.1075
step   6520 | loss = -1.7406 | mean(g_L) = +2.0556 | EMA = +2.0189 | std(g_L) = 0.7246 | grad = 2.3446
step   6540 | loss = -1.7340 | mean(g_L) = +2.0442 | EMA = +2.0004 | std(g_L) = 0.7190 | grad = 1.3447
step   6560 | loss = -1.8632 | mean(g_L) = +2.1400 | EMA = +1.9991 | std(g_L) = 0.6792 | grad = 1.2490
step   6580 | loss = -1.7425 | mean(g_L) = +2.0641 | EMA = +1.9958 | std(g_L) = 0.7321 | grad = 0.6888
step   6600 | loss = -1.6293 | mean(g_L) = +2.0668 | EMA = +2.0187 | std(g_L) = 0.8539 | grad = 0.8154
step   6620 | loss = -1.8928 | mean(g_L) = +2.1571 | EMA = +2.0209 | std(g_L) = 0.6637 | grad = 1.4939
step   6640 | loss = -1.7751 | mean(g_L) = +2.1574 | EMA = +2.0419 | std(g_L) = 0.7982 | grad = 0.8755
step   6660 | loss = -1.5587 | mean(g_L) = +1.9989 | EMA = +2.0272 | std(g_L) = 0.8565 | grad = 2.0078
step   6680 | loss = -1.4352 | mean(g_L) = +2.0090 | EMA = +2.0167 | std(g_L) = 0.9780 | grad = 0.6016
step   6700 | loss = -1.6148 | mean(g_L) = +2.0730 | EMA = +2.0307 | std(g_L) = 0.8739 | grad = 0.9321
step   6720 | loss = -1.7712 | mean(g_L) = +2.0906 | EMA = +2.0289 | std(g_L) = 0.7296 | grad = 0.9363
step   6740 | loss = -1.6498 | mean(g_L) = +2.0563 | EMA = +2.0318 | std(g_L) = 0.8231 | grad = 1.1571
step   6760 | loss = -1.5884 | mean(g_L) = +1.9744 | EMA = +2.0044 | std(g_L) = 0.8021 | grad = 0.7812
step   6780 | loss = -1.5454 | mean(g_L) = +1.9106 | EMA = +2.0317 | std(g_L) = 0.7802 | grad = 1.7242
step   6800 | loss = -1.6154 | mean(g_L) = +2.1008 | EMA = +2.0381 | std(g_L) = 0.8995 | grad = 2.1826
step   6820 | loss = -1.5731 | mean(g_L) = +1.9956 | EMA = +2.0227 | std(g_L) = 0.8392 | grad = 0.8766
step   6840 | loss = -1.7368 | mean(g_L) = +2.1164 | EMA = +2.0217 | std(g_L) = 0.7954 | grad = 0.4280
step   6860 | loss = -1.7161 | mean(g_L) = +2.0824 | EMA = +2.0269 | std(g_L) = 0.7813 | grad = 1.3049
step   6880 | loss = -1.4903 | mean(g_L) = +1.9325 | EMA = +2.0123 | std(g_L) = 0.8585 | grad = 0.4270
step   6900 | loss = -1.6674 | mean(g_L) = +2.0238 | EMA = +2.0055 | std(g_L) = 0.7707 | grad = 1.2090
step   6920 | loss = -1.4532 | mean(g_L) = +1.9269 | EMA = +2.0093 | std(g_L) = 0.8885 | grad = 1.6600
step   6940 | loss = -1.3840 | mean(g_L) = +1.8999 | EMA = +2.0082 | std(g_L) = 0.9273 | grad = 1.2180
step   6960 | loss = -1.6189 | mean(g_L) = +2.0003 | EMA = +2.0027 | std(g_L) = 0.7973 | grad = 1.1673
step   6980 | loss = -1.8487 | mean(g_L) = +2.1805 | EMA = +2.0099 | std(g_L) = 0.7437 | grad = 1.0162
step   7000 | loss = -1.5686 | mean(g_L) = +1.9900 | EMA = +1.9719 | std(g_L) = 0.8380 | grad = 0.9856
step   7020 | loss = -1.4789 | mean(g_L) = +2.0076 | EMA = +1.9914 | std(g_L) = 0.9387 | grad = 1.4298
step   7040 | loss = -1.4874 | mean(g_L) = +1.9463 | EMA = +2.0011 | std(g_L) = 0.8745 | grad = 1.6678
step   7060 | loss = -1.3410 | mean(g_L) = +1.9053 | EMA = +1.9886 | std(g_L) = 0.9698 | grad = 1.9567
step   7080 | loss = -1.8286 | mean(g_L) = +2.1181 | EMA = +1.9958 | std(g_L) = 0.6946 | grad = 0.7418
step   7100 | loss = -1.6310 | mean(g_L) = +2.1324 | EMA = +2.0108 | std(g_L) = 0.9142 | grad = 0.7531
step   7120 | loss = -1.1348 | mean(g_L) = +1.8894 | EMA = +2.0038 | std(g_L) = 1.1215 | grad = 2.9873
step   7140 | loss = -1.5340 | mean(g_L) = +2.0786 | EMA = +2.0234 | std(g_L) = 0.9527 | grad = 1.3853
step   7160 | loss = -1.7259 | mean(g_L) = +2.0529 | EMA = +2.0381 | std(g_L) = 0.7383 | grad = 1.8581
step   7180 | loss = -1.5562 | mean(g_L) = +1.9671 | EMA = +2.0174 | std(g_L) = 0.8276 | grad = 0.9960
step   7200 | loss = -1.5642 | mean(g_L) = +2.0003 | EMA = +2.0068 | std(g_L) = 0.8525 | grad = 1.7368
step   7220 | loss = -1.4542 | mean(g_L) = +1.9144 | EMA = +2.0054 | std(g_L) = 0.8758 | grad = 0.8032
step   7240 | loss = -1.5820 | mean(g_L) = +1.9916 | EMA = +2.0031 | std(g_L) = 0.8263 | grad = 0.8677
step   7260 | loss = -1.5857 | mean(g_L) = +1.9724 | EMA = +2.0047 | std(g_L) = 0.8028 | grad = 1.8169
step   7280 | loss = -1.5717 | mean(g_L) = +1.9928 | EMA = +2.0302 | std(g_L) = 0.8378 | grad = 0.8280
step   7300 | loss = -1.5604 | mean(g_L) = +2.0134 | EMA = +2.0163 | std(g_L) = 0.8689 | grad = 0.5899
step   7320 | loss = -1.5756 | mean(g_L) = +2.0039 | EMA = +2.0218 | std(g_L) = 0.8449 | grad = 0.7396
step   7340 | loss = -1.6147 | mean(g_L) = +2.0072 | EMA = +2.0228 | std(g_L) = 0.8088 | grad = 0.6259
step   7360 | loss = -1.7524 | mean(g_L) = +2.0994 | EMA = +2.0232 | std(g_L) = 0.7606 | grad = 0.7964
step   7380 | loss = -1.5710 | mean(g_L) = +2.0477 | EMA = +2.0076 | std(g_L) = 0.8913 | grad = 1.3399
step   7400 | loss = -1.5821 | mean(g_L) = +2.0222 | EMA = +2.0150 | std(g_L) = 0.8564 | grad = 0.4686
step   7420 | loss = -1.2672 | mean(g_L) = +1.9864 | EMA = +2.0113 | std(g_L) = 1.0948 | grad = 1.2559
step   7440 | loss = -1.6754 | mean(g_L) = +2.0027 | EMA = +2.0214 | std(g_L) = 0.7386 | grad = 1.7724
step   7460 | loss = -1.5654 | mean(g_L) = +2.0579 | EMA = +2.0158 | std(g_L) = 0.9060 | grad = 1.2293
step   7480 | loss = -1.4415 | mean(g_L) = +1.9971 | EMA = +2.0123 | std(g_L) = 0.9623 | grad = 0.7806
step   7500 | loss = -1.7182 | mean(g_L) = +2.1451 | EMA = +2.0235 | std(g_L) = 0.8435 | grad = 0.5191
step   7520 | loss = -1.5513 | mean(g_L) = +2.0592 | EMA = +2.0042 | std(g_L) = 0.9200 | grad = 0.3414
step   7540 | loss = -1.7589 | mean(g_L) = +2.1012 | EMA = +2.0171 | std(g_L) = 0.7553 | grad = 1.0993
step   7560 | loss = -1.5662 | mean(g_L) = +1.9962 | EMA = +2.0490 | std(g_L) = 0.8466 | grad = 1.1246
step   7580 | loss = -1.4260 | mean(g_L) = +1.9733 | EMA = +2.0328 | std(g_L) = 0.9552 | grad = 0.9881
step   7600 | loss = -1.4349 | mean(g_L) = +2.0149 | EMA = +2.0336 | std(g_L) = 0.9832 | grad = 1.6611
step   7620 | loss = -1.5858 | mean(g_L) = +2.0220 | EMA = +1.9848 | std(g_L) = 0.8527 | grad = 1.1265
step   7640 | loss = -1.4685 | mean(g_L) = +1.9963 | EMA = +2.0156 | std(g_L) = 0.9379 | grad = 0.8197
step   7660 | loss = -1.7549 | mean(g_L) = +2.0962 | EMA = +2.0368 | std(g_L) = 0.7542 | grad = 1.1919
step   7680 | loss = -1.4399 | mean(g_L) = +1.9952 | EMA = +2.0437 | std(g_L) = 0.9620 | grad = 2.0819
step   7700 | loss = -1.7050 | mean(g_L) = +2.0098 | EMA = +2.0217 | std(g_L) = 0.7128 | grad = 1.4077
step   7720 | loss = -1.7542 | mean(g_L) = +2.1098 | EMA = +2.0387 | std(g_L) = 0.7699 | grad = 1.6728
step   7740 | loss = -1.5705 | mean(g_L) = +1.8876 | EMA = +2.0294 | std(g_L) = 0.7270 | grad = 1.4382
step   7760 | loss = -1.6492 | mean(g_L) = +2.0382 | EMA = +2.0103 | std(g_L) = 0.8052 | grad = 1.4965
step   7780 | loss = -1.7496 | mean(g_L) = +2.1527 | EMA = +2.0168 | std(g_L) = 0.8196 | grad = 1.0596
step   7800 | loss = -1.6958 | mean(g_L) = +2.1780 | EMA = +2.0437 | std(g_L) = 0.8965 | grad = 1.0532
step   7820 | loss = -1.3712 | mean(g_L) = +1.8613 | EMA = +2.0267 | std(g_L) = 0.9038 | grad = 1.0227
step   7840 | loss = -1.3088 | mean(g_L) = +1.8501 | EMA = +2.0271 | std(g_L) = 0.9498 | grad = 1.6156
step   7860 | loss = -1.4033 | mean(g_L) = +1.9528 | EMA = +2.0203 | std(g_L) = 0.9570 | grad = 1.4704
step   7880 | loss = -1.5755 | mean(g_L) = +2.0523 | EMA = +2.0393 | std(g_L) = 0.8914 | grad = 1.6078
step   7900 | loss = -1.6286 | mean(g_L) = +2.0641 | EMA = +2.0295 | std(g_L) = 0.8520 | grad = 0.7121
step   7920 | loss = -1.5263 | mean(g_L) = +1.9729 | EMA = +2.0207 | std(g_L) = 0.8628 | grad = 1.7095
step   7940 | loss = -1.6216 | mean(g_L) = +2.0623 | EMA = +2.0147 | std(g_L) = 0.8570 | grad = 1.2207
step   7960 | loss = -1.6130 | mean(g_L) = +2.0487 | EMA = +2.0211 | std(g_L) = 0.8522 | grad = 1.0346
step   7980 | loss = -1.6574 | mean(g_L) = +2.0188 | EMA = +2.0443 | std(g_L) = 0.7761 | grad = 1.6708
step   8000 | loss = -1.6675 | mean(g_L) = +1.9938 | EMA = +2.0373 | std(g_L) = 0.7376 | grad = 1.2608
step   8020 | loss = -1.5935 | mean(g_L) = +1.9999 | EMA = +2.0281 | std(g_L) = 0.8230 | grad = 0.8110
step   8040 | loss = -1.4499 | mean(g_L) = +1.9962 | EMA = +2.0360 | std(g_L) = 0.9542 | grad = 1.2111
step   8060 | loss = -1.6067 | mean(g_L) = +2.0290 | EMA = +2.0323 | std(g_L) = 0.8389 | grad = 0.7301
step   8080 | loss = -1.7878 | mean(g_L) = +2.1202 | EMA = +2.0421 | std(g_L) = 0.7442 | grad = 2.7394
step   8100 | loss = -1.6722 | mean(g_L) = +2.0219 | EMA = +2.0422 | std(g_L) = 0.7634 | grad = 0.8871
step   8120 | loss = -1.6130 | mean(g_L) = +2.0843 | EMA = +2.0466 | std(g_L) = 0.8863 | grad = 0.9244
step   8140 | loss = -1.4907 | mean(g_L) = +1.9961 | EMA = +2.0500 | std(g_L) = 0.9178 | grad = 1.9534
step   8160 | loss = -1.6023 | mean(g_L) = +2.1241 | EMA = +2.0527 | std(g_L) = 0.9325 | grad = 1.7996
step   8180 | loss = -1.5441 | mean(g_L) = +1.9744 | EMA = +2.0606 | std(g_L) = 0.8468 | grad = 2.2792
step   8200 | loss = -1.6990 | mean(g_L) = +2.0875 | EMA = +2.0493 | std(g_L) = 0.8048 | grad = 0.6899
step   8220 | loss = -1.3233 | mean(g_L) = +1.8904 | EMA = +2.0311 | std(g_L) = 0.9722 | grad = 1.8218
step   8240 | loss = -1.7787 | mean(g_L) = +2.1011 | EMA = +2.0014 | std(g_L) = 0.7330 | grad = 0.8226
step   8260 | loss = -1.4150 | mean(g_L) = +2.0106 | EMA = +1.9883 | std(g_L) = 0.9963 | grad = 1.3409
step   8280 | loss = -1.2185 | mean(g_L) = +1.8741 | EMA = +2.0095 | std(g_L) = 1.0453 | grad = 1.9260
step   8300 | loss = -1.7676 | mean(g_L) = +2.1122 | EMA = +2.0394 | std(g_L) = 0.7578 | grad = 1.3290
step   8320 | loss = -1.6699 | mean(g_L) = +2.0469 | EMA = +2.0433 | std(g_L) = 0.7926 | grad = 0.4084
step   8340 | loss = -1.7249 | mean(g_L) = +2.0427 | EMA = +2.0296 | std(g_L) = 0.7278 | grad = 0.9557
step   8360 | loss = -1.8382 | mean(g_L) = +2.1228 | EMA = +2.0370 | std(g_L) = 0.6888 | grad = 0.6781
step   8380 | loss = -1.4617 | mean(g_L) = +1.9605 | EMA = +2.0188 | std(g_L) = 0.9117 | grad = 2.0994
step   8400 | loss = -1.5432 | mean(g_L) = +1.9758 | EMA = +2.0241 | std(g_L) = 0.8491 | grad = 1.2405
step   8420 | loss = -1.2773 | mean(g_L) = +1.8206 | EMA = +2.0022 | std(g_L) = 0.9516 | grad = 0.8065
step   8440 | loss = -1.7073 | mean(g_L) = +2.1060 | EMA = +2.0386 | std(g_L) = 0.8152 | grad = 2.4702
step   8460 | loss = -1.8767 | mean(g_L) = +2.1887 | EMA = +2.0423 | std(g_L) = 0.7210 | grad = 0.5166
step   8480 | loss = -1.8693 | mean(g_L) = +2.1731 | EMA = +2.0556 | std(g_L) = 0.7116 | grad = 1.2079
step   8500 | loss = -1.4744 | mean(g_L) = +1.9625 | EMA = +2.0467 | std(g_L) = 0.9019 | grad = 2.7894
step   8520 | loss = -1.5267 | mean(g_L) = +2.0254 | EMA = +2.0339 | std(g_L) = 0.9117 | grad = 1.2971
step   8540 | loss = -1.4856 | mean(g_L) = +2.0252 | EMA = +2.0250 | std(g_L) = 0.9484 | grad = 0.9196
step   8560 | loss = -1.5022 | mean(g_L) = +1.9979 | EMA = +2.0257 | std(g_L) = 0.9089 | grad = 1.7916
step   8580 | loss = -1.3184 | mean(g_L) = +1.9924 | EMA = +2.0304 | std(g_L) = 1.0598 | grad = 1.2257
step   8600 | loss = -1.6908 | mean(g_L) = +2.0223 | EMA = +2.0503 | std(g_L) = 0.7433 | grad = 0.6921
step   8620 | loss = -0.9996 | mean(g_L) = +1.8167 | EMA = +2.0621 | std(g_L) = 1.1670 | grad = 3.1039
step   8640 | loss = -1.5848 | mean(g_L) = +2.0486 | EMA = +2.0288 | std(g_L) = 0.8791 | grad = 1.5772
step   8660 | loss = -1.6332 | mean(g_L) = +1.9879 | EMA = +2.0178 | std(g_L) = 0.7689 | grad = 0.8059
step   8680 | loss = -1.5163 | mean(g_L) = +2.0288 | EMA = +2.0176 | std(g_L) = 0.9242 | grad = 1.2856
step   8700 | loss = -1.6425 | mean(g_L) = +2.0306 | EMA = +2.0230 | std(g_L) = 0.8042 | grad = 1.3092
step   8720 | loss = -1.7367 | mean(g_L) = +2.1596 | EMA = +2.0363 | std(g_L) = 0.8395 | grad = 0.7730
step   8740 | loss = -1.5146 | mean(g_L) = +2.0541 | EMA = +2.0252 | std(g_L) = 0.9482 | grad = 1.0660
step   8760 | loss = -1.5183 | mean(g_L) = +2.0295 | EMA = +2.0359 | std(g_L) = 0.9231 | grad = 1.2084
step   8780 | loss = -1.6316 | mean(g_L) = +2.0375 | EMA = +2.0374 | std(g_L) = 0.8225 | grad = 1.2401
step   8800 | loss = -1.4875 | mean(g_L) = +2.0198 | EMA = +2.0426 | std(g_L) = 0.9420 | grad = 1.2216
step   8820 | loss = -1.6068 | mean(g_L) = +2.0230 | EMA = +2.0293 | std(g_L) = 0.8328 | grad = 0.9668
step   8840 | loss = -1.4050 | mean(g_L) = +1.9592 | EMA = +2.0206 | std(g_L) = 0.9611 | grad = 1.2320
step   8860 | loss = -1.4333 | mean(g_L) = +1.9496 | EMA = +2.0221 | std(g_L) = 0.9276 | grad = 2.2562
step   8880 | loss = -1.5960 | mean(g_L) = +2.0330 | EMA = +2.0173 | std(g_L) = 0.8535 | grad = 2.0280
step   8900 | loss = -1.7345 | mean(g_L) = +2.0991 | EMA = +2.0418 | std(g_L) = 0.7795 | grad = 0.9780
step   8920 | loss = -1.6201 | mean(g_L) = +2.0253 | EMA = +2.0337 | std(g_L) = 0.8218 | grad = 1.0814
step   8940 | loss = -1.3020 | mean(g_L) = +1.9061 | EMA = +2.0384 | std(g_L) = 1.0034 | grad = 2.3786
step   8960 | loss = -1.4848 | mean(g_L) = +2.0057 | EMA = +2.0421 | std(g_L) = 0.9318 | grad = 0.7635
step   8980 | loss = -1.6512 | mean(g_L) = +2.1361 | EMA = +2.0451 | std(g_L) = 0.8990 | grad = 2.0664
step   9000 | loss = -1.7198 | mean(g_L) = +2.1552 | EMA = +2.0634 | std(g_L) = 0.8518 | grad = 0.9647
step   9020 | loss = -1.6745 | mean(g_L) = +2.0377 | EMA = +2.0287 | std(g_L) = 0.7781 | grad = 1.0564
step   9040 | loss = -1.6330 | mean(g_L) = +2.0066 | EMA = +2.0468 | std(g_L) = 0.7891 | grad = 1.5977
step   9060 | loss = -1.8969 | mean(g_L) = +2.1428 | EMA = +2.0520 | std(g_L) = 0.6402 | grad = 0.8288
step   9080 | loss = -1.5926 | mean(g_L) = +2.0226 | EMA = +2.0232 | std(g_L) = 0.8466 | grad = 0.5550
step   9100 | loss = -1.5192 | mean(g_L) = +2.0210 | EMA = +2.0423 | std(g_L) = 0.9145 | grad = 0.9710
step   9120 | loss = -1.7872 | mean(g_L) = +2.2062 | EMA = +2.0494 | std(g_L) = 0.8356 | grad = 1.8399
step   9140 | loss = -1.5818 | mean(g_L) = +2.0462 | EMA = +2.0428 | std(g_L) = 0.8797 | grad = 1.7899
step   9160 | loss = -1.4615 | mean(g_L) = +1.9299 | EMA = +2.0385 | std(g_L) = 0.8835 | grad = 1.6499
step   9180 | loss = -1.6464 | mean(g_L) = +1.9997 | EMA = +2.0316 | std(g_L) = 0.7674 | grad = 0.9270
step   9200 | loss = -1.4681 | mean(g_L) = +1.9833 | EMA = +2.0375 | std(g_L) = 0.9267 | grad = 1.5636
step   9220 | loss = -1.4936 | mean(g_L) = +1.9923 | EMA = +2.0306 | std(g_L) = 0.9116 | grad = 1.1445
step   9240 | loss = -1.6807 | mean(g_L) = +2.0803 | EMA = +2.0319 | std(g_L) = 0.8161 | grad = 1.4009
step   9260 | loss = -1.7267 | mean(g_L) = +2.0725 | EMA = +2.0227 | std(g_L) = 0.7592 | grad = 1.0656
step   9280 | loss = -1.5679 | mean(g_L) = +2.0161 | EMA = +2.0358 | std(g_L) = 0.8642 | grad = 0.8526
step   9300 | loss = -1.5048 | mean(g_L) = +2.0545 | EMA = +2.0584 | std(g_L) = 0.9572 | grad = 0.8125
step   9320 | loss = -1.4459 | mean(g_L) = +1.9527 | EMA = +2.0425 | std(g_L) = 0.9191 | grad = 0.7198
step   9340 | loss = -1.4856 | mean(g_L) = +2.0377 | EMA = +2.0566 | std(g_L) = 0.9593 | grad = 1.8077
step   9360 | loss = -1.5221 | mean(g_L) = +1.9500 | EMA = +2.0447 | std(g_L) = 0.8444 | grad = 1.3345
step   9380 | loss = -1.6789 | mean(g_L) = +2.0846 | EMA = +2.0572 | std(g_L) = 0.8223 | grad = 0.6919
step   9400 | loss = -1.6575 | mean(g_L) = +2.0747 | EMA = +2.0413 | std(g_L) = 0.8339 | grad = 1.4348
step   9420 | loss = -1.3694 | mean(g_L) = +1.9010 | EMA = +2.0229 | std(g_L) = 0.9413 | grad = 1.3034
step   9440 | loss = -1.5729 | mean(g_L) = +1.9887 | EMA = +2.0303 | std(g_L) = 0.8325 | grad = 0.8039
step   9460 | loss = -1.5952 | mean(g_L) = +2.0250 | EMA = +2.0190 | std(g_L) = 0.8463 | grad = 1.5298
step   9480 | loss = -1.5513 | mean(g_L) = +2.0779 | EMA = +2.0258 | std(g_L) = 0.9369 | grad = 2.2452
step   9500 | loss = -1.8135 | mean(g_L) = +2.1612 | EMA = +2.0626 | std(g_L) = 0.7612 | grad = 0.9692
step   9520 | loss = -1.6993 | mean(g_L) = +2.0513 | EMA = +2.0773 | std(g_L) = 0.7659 | grad = 1.3472
step   9540 | loss = -1.7394 | mean(g_L) = +2.1595 | EMA = +2.0711 | std(g_L) = 0.8368 | grad = 0.5267
step   9560 | loss = -1.5247 | mean(g_L) = +2.0242 | EMA = +2.0416 | std(g_L) = 0.9125 | grad = 1.1386
step   9580 | loss = -1.8448 | mean(g_L) = +2.1376 | EMA = +2.0350 | std(g_L) = 0.6986 | grad = 0.7601
step   9600 | loss = -1.6829 | mean(g_L) = +2.0943 | EMA = +2.0390 | std(g_L) = 0.8280 | grad = 0.9872
step   9620 | loss = -1.8877 | mean(g_L) = +2.1458 | EMA = +2.0395 | std(g_L) = 0.6560 | grad = 1.1401
step   9640 | loss = -1.3225 | mean(g_L) = +1.9296 | EMA = +2.0209 | std(g_L) = 1.0058 | grad = 1.9615
step   9660 | loss = -1.8089 | mean(g_L) = +2.2004 | EMA = +2.0490 | std(g_L) = 0.8078 | grad = 0.8583
step   9680 | loss = -1.5555 | mean(g_L) = +2.0577 | EMA = +2.0473 | std(g_L) = 0.9148 | grad = 2.3839
step   9700 | loss = -1.5321 | mean(g_L) = +2.0206 | EMA = +2.0410 | std(g_L) = 0.9023 | grad = 1.1918
step   9720 | loss = -1.4855 | mean(g_L) = +1.9665 | EMA = +2.0267 | std(g_L) = 0.8953 | grad = 1.2551
step   9740 | loss = -1.6158 | mean(g_L) = +1.9796 | EMA = +2.0384 | std(g_L) = 0.7787 | grad = 2.0440
step   9760 | loss = -1.6645 | mean(g_L) = +2.0985 | EMA = +2.0399 | std(g_L) = 0.8504 | grad = 1.2022
step   9780 | loss = -1.7171 | mean(g_L) = +2.1620 | EMA = +2.0330 | std(g_L) = 0.8611 | grad = 0.7547
step   9800 | loss = -1.4460 | mean(g_L) = +1.9911 | EMA = +2.0257 | std(g_L) = 0.9532 | grad = 1.6545
step   9820 | loss = -1.6816 | mean(g_L) = +2.0726 | EMA = +2.0360 | std(g_L) = 0.8072 | grad = 1.7669
step   9840 | loss = -1.6394 | mean(g_L) = +2.0652 | EMA = +2.0099 | std(g_L) = 0.8425 | grad = 1.0387
step   9860 | loss = -1.7013 | mean(g_L) = +2.0547 | EMA = +2.0178 | std(g_L) = 0.7674 | grad = 0.8700
step   9880 | loss = -1.4806 | mean(g_L) = +1.9700 | EMA = +2.0336 | std(g_L) = 0.9032 | grad = 1.7286
step   9900 | loss = -1.4553 | mean(g_L) = +1.9263 | EMA = +2.0563 | std(g_L) = 0.8860 | grad = 1.2726
step   9920 | loss = -1.7322 | mean(g_L) = +2.0848 | EMA = +2.0642 | std(g_L) = 0.7666 | grad = 1.3457
step   9940 | loss = -1.7496 | mean(g_L) = +2.1175 | EMA = +2.0607 | std(g_L) = 0.7830 | grad = 2.2828
step   9960 | loss = -1.4298 | mean(g_L) = +2.0555 | EMA = +2.0609 | std(g_L) = 1.0212 | grad = 1.4846
step   9980 | loss = -1.8346 | mean(g_L) = +2.1607 | EMA = +2.0807 | std(g_L) = 0.7372 | grad = 1.1106
step  10000 | loss = -1.2029 | mean(g_L) = +1.8623 | EMA = +2.0406 | std(g_L) = 1.0483 | grad = 1.1111
step  10020 | loss = -1.4771 | mean(g_L) = +1.9337 | EMA = +2.0329 | std(g_L) = 0.8724 | grad = 0.6698
step  10040 | loss = -1.7954 | mean(g_L) = +2.0637 | EMA = +2.0328 | std(g_L) = 0.6688 | grad = 1.0971
step  10060 | loss = -1.3364 | mean(g_L) = +1.9311 | EMA = +2.0433 | std(g_L) = 0.9956 | grad = 1.8290
step  10080 | loss = -1.5869 | mean(g_L) = +2.0231 | EMA = +2.0504 | std(g_L) = 0.8526 | grad = 1.1079
step  10100 | loss = -1.6006 | mean(g_L) = +2.0559 | EMA = +2.0282 | std(g_L) = 0.8711 | grad = 1.9332
step  10120 | loss = -1.6407 | mean(g_L) = +2.0732 | EMA = +2.0647 | std(g_L) = 0.8490 | grad = 1.0359
step  10140 | loss = -1.6125 | mean(g_L) = +2.1200 | EMA = +2.0510 | std(g_L) = 0.9197 | grad = 1.1859
step  10160 | loss = -1.6350 | mean(g_L) = +2.0852 | EMA = +2.0566 | std(g_L) = 0.8663 | grad = 1.1924
step  10180 | loss = -1.5679 | mean(g_L) = +2.0046 | EMA = +2.0293 | std(g_L) = 0.8532 | grad = 1.0319
step  10200 | loss = -1.5798 | mean(g_L) = +2.0202 | EMA = +2.0455 | std(g_L) = 0.8568 | grad = 1.1614
step  10220 | loss = -1.9052 | mean(g_L) = +2.1951 | EMA = +2.0513 | std(g_L) = 0.6951 | grad = 0.6224
step  10240 | loss = -1.5083 | mean(g_L) = +2.0017 | EMA = +2.0301 | std(g_L) = 0.9068 | grad = 1.7424
step  10260 | loss = -1.4883 | mean(g_L) = +1.9785 | EMA = +2.0302 | std(g_L) = 0.9038 | grad = 0.9910
step  10280 | loss = -1.5976 | mean(g_L) = +2.0040 | EMA = +2.0363 | std(g_L) = 0.8231 | grad = 1.0937
step  10300 | loss = -1.4930 | mean(g_L) = +1.9948 | EMA = +2.0291 | std(g_L) = 0.9144 | grad = 1.3385
step  10320 | loss = -1.5951 | mean(g_L) = +2.1632 | EMA = +2.0563 | std(g_L) = 0.9730 | grad = 1.8624
step  10340 | loss = -1.9168 | mean(g_L) = +2.2421 | EMA = +2.0769 | std(g_L) = 0.7363 | grad = 1.9713
step  10360 | loss = -1.6662 | mean(g_L) = +2.0613 | EMA = +2.0490 | std(g_L) = 0.8115 | grad = 1.6581
step  10380 | loss = -1.5840 | mean(g_L) = +2.0226 | EMA = +2.0421 | std(g_L) = 0.8550 | grad = 1.8183
step  10400 | loss = -1.7571 | mean(g_L) = +2.0805 | EMA = +2.0565 | std(g_L) = 0.7341 | grad = 0.5247
step  10420 | loss = -1.6981 | mean(g_L) = +2.1090 | EMA = +2.0491 | std(g_L) = 0.8275 | grad = 1.5663
step  10440 | loss = -1.6457 | mean(g_L) = +2.1094 | EMA = +2.0332 | std(g_L) = 0.8791 | grad = 2.3006
step  10460 | loss = -1.4749 | mean(g_L) = +1.9710 | EMA = +2.0434 | std(g_L) = 0.9094 | grad = 0.9719
step  10480 | loss = -1.1291 | mean(g_L) = +1.9136 | EMA = +2.0551 | std(g_L) = 1.1435 | grad = 1.8145
step  10500 | loss = -1.6724 | mean(g_L) = +2.1042 | EMA = +2.0668 | std(g_L) = 0.8483 | grad = 1.4162
step  10520 | loss = -1.8050 | mean(g_L) = +2.1229 | EMA = +2.0543 | std(g_L) = 0.7279 | grad = 0.5860
step  10540 | loss = -1.6164 | mean(g_L) = +2.0810 | EMA = +2.0716 | std(g_L) = 0.8800 | grad = 1.8834
step  10560 | loss = -1.7176 | mean(g_L) = +2.0637 | EMA = +2.0169 | std(g_L) = 0.7596 | grad = 1.2657
step  10580 | loss = -1.8110 | mean(g_L) = +2.1325 | EMA = +2.0270 | std(g_L) = 0.7320 | grad = 0.5544
step  10600 | loss = -1.5726 | mean(g_L) = +2.0428 | EMA = +2.0416 | std(g_L) = 0.8853 | grad = 1.5252
step  10620 | loss = -1.8368 | mean(g_L) = +2.1633 | EMA = +2.0480 | std(g_L) = 0.7378 | grad = 1.1204
step  10640 | loss = -1.6826 | mean(g_L) = +2.0680 | EMA = +2.0625 | std(g_L) = 0.8015 | grad = 2.4858
step  10660 | loss = -1.7606 | mean(g_L) = +2.1407 | EMA = +2.0602 | std(g_L) = 0.7959 | grad = 0.9193
step  10680 | loss = -1.7023 | mean(g_L) = +2.1058 | EMA = +2.0338 | std(g_L) = 0.8201 | grad = 1.6524
step  10700 | loss = -1.5347 | mean(g_L) = +2.0252 | EMA = +2.0464 | std(g_L) = 0.9042 | grad = 1.7073
step  10720 | loss = -1.6970 | mean(g_L) = +2.0481 | EMA = +2.0629 | std(g_L) = 0.7650 | grad = 2.0242
step  10740 | loss = -1.6150 | mean(g_L) = +2.0238 | EMA = +2.0767 | std(g_L) = 0.8255 | grad = 1.7897
step  10760 | loss = -1.5741 | mean(g_L) = +2.0566 | EMA = +2.0673 | std(g_L) = 0.8967 | grad = 2.5906
step  10780 | loss = -1.5129 | mean(g_L) = +2.0833 | EMA = +2.0594 | std(g_L) = 0.9750 | grad = 1.5076
step  10800 | loss = -1.7877 | mean(g_L) = +2.1116 | EMA = +2.0546 | std(g_L) = 0.7347 | grad = 1.0315
step  10820 | loss = -1.9045 | mean(g_L) = +2.2099 | EMA = +2.0752 | std(g_L) = 0.7134 | grad = 0.8901
step  10840 | loss = -1.8092 | mean(g_L) = +2.1383 | EMA = +2.0755 | std(g_L) = 0.7406 | grad = 0.8209
step  10860 | loss = -1.7403 | mean(g_L) = +2.0915 | EMA = +2.0794 | std(g_L) = 0.7651 | grad = 0.8700
step  10880 | loss = -1.6645 | mean(g_L) = +2.1020 | EMA = +2.0762 | std(g_L) = 0.8539 | grad = 0.9916
step  10900 | loss = -1.4631 | mean(g_L) = +1.9933 | EMA = +2.0756 | std(g_L) = 0.9401 | grad = 2.4170
step  10920 | loss = -1.5612 | mean(g_L) = +2.0081 | EMA = +2.0815 | std(g_L) = 0.8631 | grad = 1.3087
step  10940 | loss = -1.3202 | mean(g_L) = +1.9609 | EMA = +2.0768 | std(g_L) = 1.0334 | grad = 2.7213
step  10960 | loss = -1.4625 | mean(g_L) = +2.0221 | EMA = +2.0552 | std(g_L) = 0.9657 | grad = 1.8001
step  10980 | loss = -1.3225 | mean(g_L) = +2.0156 | EMA = +2.0321 | std(g_L) = 1.0748 | grad = 1.7457
step  11000 | loss = -1.5427 | mean(g_L) = +2.0102 | EMA = +2.0222 | std(g_L) = 0.8827 | grad = 1.0233
step  11020 | loss = -1.6273 | mean(g_L) = +2.0835 | EMA = +2.0450 | std(g_L) = 0.8720 | grad = 0.9402
step  11040 | loss = -1.8756 | mean(g_L) = +2.1815 | EMA = +2.0681 | std(g_L) = 0.7140 | grad = 1.5374
step  11060 | loss = -1.6824 | mean(g_L) = +2.0381 | EMA = +2.0560 | std(g_L) = 0.7700 | grad = 1.3606
step  11080 | loss = -1.3972 | mean(g_L) = +1.9994 | EMA = +2.0640 | std(g_L) = 1.0018 | grad = 1.7356
step  11100 | loss = -1.7236 | mean(g_L) = +2.1232 | EMA = +2.0542 | std(g_L) = 0.8162 | grad = 1.6702
step  11120 | loss = -1.8597 | mean(g_L) = +2.1880 | EMA = +2.0568 | std(g_L) = 0.7397 | grad = 1.0151
step  11140 | loss = -1.7999 | mean(g_L) = +2.1595 | EMA = +2.0525 | std(g_L) = 0.7742 | grad = 1.5090
step  11160 | loss = -1.6210 | mean(g_L) = +2.0773 | EMA = +2.0503 | std(g_L) = 0.8720 | grad = 2.2936
step  11180 | loss = -1.8907 | mean(g_L) = +2.2168 | EMA = +2.0416 | std(g_L) = 0.7373 | grad = 1.5985
step  11200 | loss = -1.6718 | mean(g_L) = +2.0540 | EMA = +2.0280 | std(g_L) = 0.7981 | grad = 1.9152
step  11220 | loss = -1.7407 | mean(g_L) = +2.1270 | EMA = +2.0418 | std(g_L) = 0.8024 | grad = 2.4745
step  11240 | loss = -1.4295 | mean(g_L) = +1.9273 | EMA = +2.0433 | std(g_L) = 0.9109 | grad = 0.5196
step  11260 | loss = -1.4795 | mean(g_L) = +2.0691 | EMA = +2.0381 | std(g_L) = 0.9912 | grad = 0.9330
step  11280 | loss = -1.5684 | mean(g_L) = +1.9955 | EMA = +2.0413 | std(g_L) = 0.8437 | grad = 1.0983
step  11300 | loss = -1.6973 | mean(g_L) = +2.1519 | EMA = +2.0497 | std(g_L) = 0.8704 | grad = 1.0575
step  11320 | loss = -1.7362 | mean(g_L) = +2.0665 | EMA = +2.0505 | std(g_L) = 0.7420 | grad = 1.4319
step  11340 | loss = -1.6385 | mean(g_L) = +2.0505 | EMA = +2.0424 | std(g_L) = 0.8286 | grad = 1.5389
step  11360 | loss = -1.7103 | mean(g_L) = +2.1802 | EMA = +2.0838 | std(g_L) = 0.8850 | grad = 1.1180
step  11380 | loss = -1.5303 | mean(g_L) = +2.0577 | EMA = +2.0572 | std(g_L) = 0.9375 | grad = 1.4680
step  11400 | loss = -1.5410 | mean(g_L) = +2.0451 | EMA = +2.0703 | std(g_L) = 0.9166 | grad = 1.3230
step  11420 | loss = -1.6306 | mean(g_L) = +1.9955 | EMA = +2.0763 | std(g_L) = 0.7799 | grad = 0.5038
step  11440 | loss = -1.5489 | mean(g_L) = +2.0043 | EMA = +2.0568 | std(g_L) = 0.8713 | grad = 1.2235
step  11460 | loss = -1.7895 | mean(g_L) = +2.0676 | EMA = +2.0634 | std(g_L) = 0.6808 | grad = 1.1818
step  11480 | loss = -1.5080 | mean(g_L) = +1.9723 | EMA = +2.0352 | std(g_L) = 0.8797 | grad = 2.0180
step  11500 | loss = -1.9751 | mean(g_L) = +2.2019 | EMA = +2.0443 | std(g_L) = 0.6148 | grad = 0.8739
step  11520 | loss = -1.7738 | mean(g_L) = +2.2270 | EMA = +2.0753 | std(g_L) = 0.8691 | grad = 1.6651
step  11540 | loss = -1.4416 | mean(g_L) = +2.0189 | EMA = +2.0696 | std(g_L) = 0.9809 | grad = 2.2454
step  11560 | loss = -1.5225 | mean(g_L) = +1.9934 | EMA = +2.0462 | std(g_L) = 0.8860 | grad = 1.6287
step  11580 | loss = -1.8134 | mean(g_L) = +2.1022 | EMA = +2.0481 | std(g_L) = 0.6938 | grad = 0.6148
step  11600 | loss = -1.5852 | mean(g_L) = +2.0637 | EMA = +2.0658 | std(g_L) = 0.8931 | grad = 1.2596
step  11620 | loss = -1.8143 | mean(g_L) = +2.1553 | EMA = +2.0654 | std(g_L) = 0.7539 | grad = 0.8306
step  11640 | loss = -1.6336 | mean(g_L) = +2.0852 | EMA = +2.0670 | std(g_L) = 0.8675 | grad = 0.8399
step  11660 | loss = -1.6917 | mean(g_L) = +2.1040 | EMA = +2.0743 | std(g_L) = 0.8290 | grad = 0.4397
step  11680 | loss = -1.4211 | mean(g_L) = +1.9156 | EMA = +2.0643 | std(g_L) = 0.9078 | grad = 0.5893
step  11700 | loss = -1.5153 | mean(g_L) = +2.1166 | EMA = +2.0715 | std(g_L) = 1.0011 | grad = 1.4468
step  11720 | loss = -1.0785 | mean(g_L) = +1.9414 | EMA = +2.0446 | std(g_L) = 1.1993 | grad = 3.4149
step  11740 | loss = -1.6762 | mean(g_L) = +2.0024 | EMA = +2.0716 | std(g_L) = 0.7373 | grad = 0.5908
step  11760 | loss = -1.6945 | mean(g_L) = +2.1670 | EMA = +2.0630 | std(g_L) = 0.8874 | grad = 0.7459
step  11780 | loss = -1.5332 | mean(g_L) = +2.0358 | EMA = +2.0425 | std(g_L) = 0.9152 | grad = 2.1211
step  11800 | loss = -1.3091 | mean(g_L) = +1.9700 | EMA = +2.0461 | std(g_L) = 1.0495 | grad = 3.1849
step  11820 | loss = -1.5265 | mean(g_L) = +2.0862 | EMA = +2.0615 | std(g_L) = 0.9659 | grad = 1.4121
step  11840 | loss = -1.6238 | mean(g_L) = +2.0251 | EMA = +2.0542 | std(g_L) = 0.8178 | grad = 1.3642
step  11860 | loss = -1.6021 | mean(g_L) = +2.0395 | EMA = +2.0639 | std(g_L) = 0.8538 | grad = 1.3045
step  11880 | loss = -1.5134 | mean(g_L) = +2.0328 | EMA = +2.0519 | std(g_L) = 0.9304 | grad = 1.1517
step  11900 | loss = -1.5108 | mean(g_L) = +2.0367 | EMA = +2.0716 | std(g_L) = 0.9362 | grad = 0.8466
step  11920 | loss = -1.6835 | mean(g_L) = +2.0528 | EMA = +2.0720 | std(g_L) = 0.7846 | grad = 1.1203
step  11940 | loss = -1.7150 | mean(g_L) = +2.1171 | EMA = +2.0603 | std(g_L) = 0.8187 | grad = 1.3453
step  11960 | loss = -1.3848 | mean(g_L) = +1.9796 | EMA = +2.0582 | std(g_L) = 0.9957 | grad = 1.0259
step  11980 | loss = -1.7759 | mean(g_L) = +2.0831 | EMA = +2.0748 | std(g_L) = 0.7156 | grad = 0.6653
step  12000 | loss = -1.7007 | mean(g_L) = +2.0908 | EMA = +2.0742 | std(g_L) = 0.8064 | grad = 1.5082
step  12020 | loss = -1.6596 | mean(g_L) = +2.0546 | EMA = +2.0700 | std(g_L) = 0.8114 | grad = 1.5260
step  12040 | loss = -1.6805 | mean(g_L) = +2.1023 | EMA = +2.0694 | std(g_L) = 0.8385 | grad = 2.0679
step  12060 | loss = -1.4211 | mean(g_L) = +2.0480 | EMA = +2.0512 | std(g_L) = 1.0222 | grad = 1.2277
step  12080 | loss = -1.7234 | mean(g_L) = +2.1195 | EMA = +2.0846 | std(g_L) = 0.8126 | grad = 0.6899
step  12100 | loss = -1.6769 | mean(g_L) = +2.1241 | EMA = +2.0787 | std(g_L) = 0.8633 | grad = 1.2038
step  12120 | loss = -1.1718 | mean(g_L) = +1.7838 | EMA = +2.0552 | std(g_L) = 1.0099 | grad = 2.2817
step  12140 | loss = -1.5503 | mean(g_L) = +1.9229 | EMA = +2.0628 | std(g_L) = 0.7880 | grad = 1.1057
step  12160 | loss = -1.6501 | mean(g_L) = +2.0445 | EMA = +2.0812 | std(g_L) = 0.8107 | grad = 1.1355
step  12180 | loss = -1.8267 | mean(g_L) = +2.1795 | EMA = +2.0568 | std(g_L) = 0.7669 | grad = 0.4301
step  12200 | loss = -1.3946 | mean(g_L) = +1.9195 | EMA = +2.0536 | std(g_L) = 0.9354 | grad = 1.3026
step  12220 | loss = -1.6974 | mean(g_L) = +2.0285 | EMA = +2.0689 | std(g_L) = 0.7429 | grad = 0.3920
step  12240 | loss = -1.4503 | mean(g_L) = +1.9851 | EMA = +2.0581 | std(g_L) = 0.9441 | grad = 0.9600
step  12260 | loss = -1.5763 | mean(g_L) = +2.0320 | EMA = +2.0598 | std(g_L) = 0.8715 | grad = 1.0669
step  12280 | loss = -1.8152 | mean(g_L) = +2.1311 | EMA = +2.0596 | std(g_L) = 0.7256 | grad = 1.7565
step  12300 | loss = -1.6557 | mean(g_L) = +2.0743 | EMA = +2.0571 | std(g_L) = 0.8353 | grad = 0.9243
step  12320 | loss = -1.6096 | mean(g_L) = +2.0215 | EMA = +2.0482 | std(g_L) = 0.8286 | grad = 1.0466
step  12340 | loss = -1.8213 | mean(g_L) = +2.1908 | EMA = +2.0480 | std(g_L) = 0.7847 | grad = 0.6613
step  12360 | loss = -1.7168 | mean(g_L) = +2.0099 | EMA = +2.0642 | std(g_L) = 0.6989 | grad = 2.3102
step  12380 | loss = -1.4133 | mean(g_L) = +1.9914 | EMA = +2.0781 | std(g_L) = 0.9816 | grad = 0.7500
step  12400 | loss = -1.8193 | mean(g_L) = +2.1353 | EMA = +2.0750 | std(g_L) = 0.7257 | grad = 1.2454
step  12420 | loss = -1.6600 | mean(g_L) = +2.0702 | EMA = +2.0693 | std(g_L) = 0.8268 | grad = 1.5277
step  12440 | loss = -1.5603 | mean(g_L) = +2.0540 | EMA = +2.1007 | std(g_L) = 0.9071 | grad = 2.3310
step  12460 | loss = -1.6676 | mean(g_L) = +2.0385 | EMA = +2.0688 | std(g_L) = 0.7862 | grad = 0.6029
step  12480 | loss = -1.5141 | mean(g_L) = +2.0288 | EMA = +2.0645 | std(g_L) = 0.9262 | grad = 1.2310
step  12500 | loss = -1.8472 | mean(g_L) = +2.2168 | EMA = +2.0687 | std(g_L) = 0.7848 | grad = 1.7801
step  12520 | loss = -1.6432 | mean(g_L) = +2.0410 | EMA = +2.0684 | std(g_L) = 0.8142 | grad = 0.5446
step  12540 | loss = -1.6965 | mean(g_L) = +2.1118 | EMA = +2.0608 | std(g_L) = 0.8319 | grad = 1.2613
step  12560 | loss = -1.7416 | mean(g_L) = +2.1056 | EMA = +2.0829 | std(g_L) = 0.7789 | grad = 0.3073
step  12580 | loss = -1.3298 | mean(g_L) = +1.9910 | EMA = +2.0725 | std(g_L) = 1.0498 | grad = 0.9669
step  12600 | loss = -1.4329 | mean(g_L) = +1.9346 | EMA = +2.0620 | std(g_L) = 0.9144 | grad = 0.6356
step  12620 | loss = -1.5406 | mean(g_L) = +2.0113 | EMA = +2.0713 | std(g_L) = 0.8857 | grad = 1.2049
step  12640 | loss = -1.4267 | mean(g_L) = +2.0232 | EMA = +2.0547 | std(g_L) = 0.9971 | grad = 2.5124
step  12660 | loss = -1.7892 | mean(g_L) = +2.1406 | EMA = +2.0488 | std(g_L) = 0.7653 | grad = 1.2175
step  12680 | loss = -1.5014 | mean(g_L) = +2.0595 | EMA = +2.0609 | std(g_L) = 0.9645 | grad = 2.5768
step  12700 | loss = -1.5796 | mean(g_L) = +2.0756 | EMA = +2.0642 | std(g_L) = 0.9091 | grad = 2.2790
step  12720 | loss = -1.7083 | mean(g_L) = +2.0407 | EMA = +2.0457 | std(g_L) = 0.7443 | grad = 1.4193
step  12740 | loss = -1.4567 | mean(g_L) = +2.0079 | EMA = +2.0448 | std(g_L) = 0.9585 | grad = 1.0558
step  12760 | loss = -1.5050 | mean(g_L) = +2.0769 | EMA = +2.0718 | std(g_L) = 0.9763 | grad = 1.4385
step  12780 | loss = -1.5736 | mean(g_L) = +2.0138 | EMA = +2.0542 | std(g_L) = 0.8565 | grad = 2.1396
step  12800 | loss = -1.8917 | mean(g_L) = +2.2213 | EMA = +2.0594 | std(g_L) = 0.7412 | grad = 1.1025
step  12820 | loss = -1.3260 | mean(g_L) = +1.9550 | EMA = +2.0629 | std(g_L) = 1.0240 | grad = 1.4368
step  12840 | loss = -1.7018 | mean(g_L) = +2.1279 | EMA = +2.0719 | std(g_L) = 0.8427 | grad = 2.0793
step  12860 | loss = -1.5841 | mean(g_L) = +1.9972 | EMA = +2.0503 | std(g_L) = 0.8297 | grad = 1.7348
step  12880 | loss = -1.7416 | mean(g_L) = +2.1695 | EMA = +2.0894 | std(g_L) = 0.8445 | grad = 0.7204
step  12900 | loss = -1.8121 | mean(g_L) = +2.1595 | EMA = +2.0955 | std(g_L) = 0.7609 | grad = 1.3734
step  12920 | loss = -1.5141 | mean(g_L) = +2.0552 | EMA = +2.0641 | std(g_L) = 0.9496 | grad = 1.7349
step  12940 | loss = -1.5215 | mean(g_L) = +2.0521 | EMA = +2.0696 | std(g_L) = 0.9404 | grad = 2.3738
step  12960 | loss = -1.8720 | mean(g_L) = +2.1238 | EMA = +2.0577 | std(g_L) = 0.6478 | grad = 1.0278
step  12980 | loss = -1.6484 | mean(g_L) = +2.0182 | EMA = +2.0557 | std(g_L) = 0.7851 | grad = 1.7196
step  13000 | loss = -1.5335 | mean(g_L) = +2.0563 | EMA = +2.0729 | std(g_L) = 0.9334 | grad = 2.1615
step  13020 | loss = -1.3466 | mean(g_L) = +1.8982 | EMA = +2.0516 | std(g_L) = 0.9588 | grad = 1.1638
step  13040 | loss = -1.4756 | mean(g_L) = +1.9568 | EMA = +2.0437 | std(g_L) = 0.8955 | grad = 1.8017
step  13060 | loss = -1.6734 | mean(g_L) = +2.0173 | EMA = +2.0588 | std(g_L) = 0.7570 | grad = 0.3924
step  13080 | loss = -1.6496 | mean(g_L) = +2.1504 | EMA = +2.0911 | std(g_L) = 0.9136 | grad = 1.3668
step  13100 | loss = -1.4017 | mean(g_L) = +2.0266 | EMA = +2.0728 | std(g_L) = 1.0205 | grad = 1.3072
step  13120 | loss = -1.6190 | mean(g_L) = +2.0536 | EMA = +2.0756 | std(g_L) = 0.8511 | grad = 1.6381
step  13140 | loss = -1.7712 | mean(g_L) = +2.1240 | EMA = +2.0813 | std(g_L) = 0.7668 | grad = 0.8085
step  13160 | loss = -1.5519 | mean(g_L) = +1.9895 | EMA = +2.0565 | std(g_L) = 0.8540 | grad = 1.2186
step  13180 | loss = -1.4836 | mean(g_L) = +1.9567 | EMA = +2.0480 | std(g_L) = 0.8880 | grad = 1.7664
step  13200 | loss = -1.2161 | mean(g_L) = +1.9695 | EMA = +2.0293 | std(g_L) = 1.1206 | grad = 2.0184
step  13220 | loss = -1.5314 | mean(g_L) = +2.0731 | EMA = +2.0496 | std(g_L) = 0.9502 | grad = 0.9668
step  13240 | loss = -1.6365 | mean(g_L) = +2.0280 | EMA = +2.0568 | std(g_L) = 0.8078 | grad = 1.8016
step  13260 | loss = -1.6079 | mean(g_L) = +2.0586 | EMA = +2.0675 | std(g_L) = 0.8667 | grad = 1.7846
step  13280 | loss = -1.9101 | mean(g_L) = +2.2010 | EMA = +2.0699 | std(g_L) = 0.6962 | grad = 0.7500
step  13300 | loss = -1.7417 | mean(g_L) = +2.1374 | EMA = +2.0657 | std(g_L) = 0.8121 | grad = 1.6892
step  13320 | loss = -1.3700 | mean(g_L) = +1.9075 | EMA = +2.0667 | std(g_L) = 0.9465 | grad = 2.0402
step  13340 | loss = -1.6068 | mean(g_L) = +2.0383 | EMA = +2.0663 | std(g_L) = 0.8481 | grad = 0.5787
step  13360 | loss = -1.6711 | mean(g_L) = +2.0732 | EMA = +2.0599 | std(g_L) = 0.8185 | grad = 1.8302
step  13380 | loss = -1.7110 | mean(g_L) = +2.1539 | EMA = +2.0683 | std(g_L) = 0.8591 | grad = 0.9119
step  13400 | loss = -1.7740 | mean(g_L) = +2.0932 | EMA = +2.0656 | std(g_L) = 0.7293 | grad = 0.7729
step  13420 | loss = -1.7066 | mean(g_L) = +2.0914 | EMA = +2.0708 | std(g_L) = 0.8008 | grad = 0.8206
step  13440 | loss = -1.8893 | mean(g_L) = +2.2271 | EMA = +2.0813 | std(g_L) = 0.7504 | grad = 0.8557
step  13460 | loss = -1.9013 | mean(g_L) = +2.1646 | EMA = +2.0789 | std(g_L) = 0.6624 | grad = 0.7570
step  13480 | loss = -1.8527 | mean(g_L) = +2.1709 | EMA = +2.0684 | std(g_L) = 0.7282 | grad = 1.4587
step  13500 | loss = -1.2310 | mean(g_L) = +1.9527 | EMA = +2.0516 | std(g_L) = 1.0967 | grad = 0.9197
step  13520 | loss = -1.8068 | mean(g_L) = +2.2464 | EMA = +2.0542 | std(g_L) = 0.8560 | grad = 0.5989
step  13540 | loss = -1.6955 | mean(g_L) = +2.0786 | EMA = +2.0332 | std(g_L) = 0.7991 | grad = 1.1650
step  13560 | loss = -1.5084 | mean(g_L) = +1.9919 | EMA = +2.0528 | std(g_L) = 0.8977 | grad = 1.4470
step  13580 | loss = -1.3243 | mean(g_L) = +1.8940 | EMA = +2.0473 | std(g_L) = 0.9744 | grad = 1.6072
step  13600 | loss = -1.4688 | mean(g_L) = +2.0028 | EMA = +2.0597 | std(g_L) = 0.9434 | grad = 1.6900
step  13620 | loss = -1.5186 | mean(g_L) = +2.0412 | EMA = +2.0554 | std(g_L) = 0.9332 | grad = 1.0462
step  13640 | loss = -1.6007 | mean(g_L) = +2.0718 | EMA = +2.0595 | std(g_L) = 0.8862 | grad = 1.5202
step  13660 | loss = -1.7020 | mean(g_L) = +2.1501 | EMA = +2.0549 | std(g_L) = 0.8642 | grad = 1.0501
step  13680 | loss = -1.7345 | mean(g_L) = +2.1555 | EMA = +2.0628 | std(g_L) = 0.8377 | grad = 0.5611
step  13700 | loss = -1.5355 | mean(g_L) = +1.9903 | EMA = +2.0788 | std(g_L) = 0.8706 | grad = 0.8700
step  13720 | loss = -1.5161 | mean(g_L) = +2.0129 | EMA = +2.0611 | std(g_L) = 0.9100 | grad = 2.4128
step  13740 | loss = -1.5539 | mean(g_L) = +2.0797 | EMA = +2.0577 | std(g_L) = 0.9361 | grad = 0.6979
step  13760 | loss = -1.7938 | mean(g_L) = +2.1589 | EMA = +2.0547 | std(g_L) = 0.7801 | grad = 1.2395
step  13780 | loss = -1.8169 | mean(g_L) = +2.1547 | EMA = +2.0662 | std(g_L) = 0.7503 | grad = 1.2696
step  13800 | loss = -1.3228 | mean(g_L) = +1.9970 | EMA = +2.0650 | std(g_L) = 1.0600 | grad = 3.3540
step  13820 | loss = -1.6558 | mean(g_L) = +2.0421 | EMA = +2.0611 | std(g_L) = 0.8024 | grad = 2.4565
step  13840 | loss = -1.6396 | mean(g_L) = +2.0378 | EMA = +2.0746 | std(g_L) = 0.8147 | grad = 0.9947
step  13860 | loss = -1.8326 | mean(g_L) = +2.2506 | EMA = +2.0735 | std(g_L) = 0.8347 | grad = 1.7715
step  13880 | loss = -1.6197 | mean(g_L) = +2.1204 | EMA = +2.0747 | std(g_L) = 0.9135 | grad = 3.4179
step  13900 | loss = -1.3646 | mean(g_L) = +1.9766 | EMA = +2.0563 | std(g_L) = 1.0100 | grad = 1.7466
step  13920 | loss = -1.6677 | mean(g_L) = +2.1415 | EMA = +2.0668 | std(g_L) = 0.8887 | grad = 2.0538
step  13940 | loss = -1.4720 | mean(g_L) = +2.0610 | EMA = +2.0637 | std(g_L) = 0.9908 | grad = 1.0985
step  13960 | loss = -1.5286 | mean(g_L) = +2.0829 | EMA = +2.0586 | std(g_L) = 0.9612 | grad = 1.4649
step  13980 | loss = -1.7507 | mean(g_L) = +2.1309 | EMA = +2.0767 | std(g_L) = 0.7960 | grad = 0.9287
step  14000 | loss = -1.3003 | mean(g_L) = +2.0133 | EMA = +2.0663 | std(g_L) = 1.0902 | grad = 1.1157
step  14020 | loss = -1.6087 | mean(g_L) = +2.1099 | EMA = +2.0906 | std(g_L) = 0.9139 | grad = 1.8774
step  14040 | loss = -1.7040 | mean(g_L) = +2.1250 | EMA = +2.0762 | std(g_L) = 0.8377 | grad = 1.3055
step  14060 | loss = -1.7415 | mean(g_L) = +2.0160 | EMA = +2.0609 | std(g_L) = 0.6763 | grad = 1.4292
step  14080 | loss = -1.6143 | mean(g_L) = +2.0499 | EMA = +2.0596 | std(g_L) = 0.8521 | grad = 0.7218
step  14100 | loss = -1.6754 | mean(g_L) = +2.1394 | EMA = +2.0703 | std(g_L) = 0.8795 | grad = 1.4766
step  14120 | loss = -1.5404 | mean(g_L) = +2.0152 | EMA = +2.0628 | std(g_L) = 0.8895 | grad = 1.6804
step  14140 | loss = -1.8436 | mean(g_L) = +2.1642 | EMA = +2.0588 | std(g_L) = 0.7311 | grad = 0.6397
step  14160 | loss = -1.7807 | mean(g_L) = +2.1385 | EMA = +2.0715 | std(g_L) = 0.7721 | grad = 0.9275
step  14180 | loss = -1.3596 | mean(g_L) = +1.9314 | EMA = +2.0539 | std(g_L) = 0.9762 | grad = 2.6377
step  14200 | loss = -1.4747 | mean(g_L) = +2.0118 | EMA = +2.0508 | std(g_L) = 0.9461 | grad = 0.8978
step  14220 | loss = -1.4286 | mean(g_L) = +1.9431 | EMA = +2.0366 | std(g_L) = 0.9260 | grad = 2.1069
step  14240 | loss = -1.5120 | mean(g_L) = +1.9613 | EMA = +2.0357 | std(g_L) = 0.8654 | grad = 1.1994
step  14260 | loss = -1.5550 | mean(g_L) = +2.0407 | EMA = +2.0799 | std(g_L) = 0.8997 | grad = 1.3720
step  14280 | loss = -1.8577 | mean(g_L) = +2.1721 | EMA = +2.0840 | std(g_L) = 0.7238 | grad = 1.4344
step  14300 | loss = -1.7216 | mean(g_L) = +2.0957 | EMA = +2.0812 | std(g_L) = 0.7896 | grad = 0.6955
step  14320 | loss = -1.4033 | mean(g_L) = +1.9836 | EMA = +2.0683 | std(g_L) = 0.9835 | grad = 2.3914
step  14340 | loss = -1.5474 | mean(g_L) = +2.0563 | EMA = +2.0774 | std(g_L) = 0.9209 | grad = 2.1139
step  14360 | loss = -1.5070 | mean(g_L) = +2.0270 | EMA = +2.0732 | std(g_L) = 0.9309 | grad = 1.7357
step  14380 | loss = -1.8319 | mean(g_L) = +2.1836 | EMA = +2.0504 | std(g_L) = 0.7656 | grad = 0.7464
step  14400 | loss = -1.7442 | mean(g_L) = +2.0502 | EMA = +2.0690 | std(g_L) = 0.7142 | grad = 1.0860
step  14420 | loss = -1.7224 | mean(g_L) = +2.0371 | EMA = +2.0677 | std(g_L) = 0.7242 | grad = 1.3289
step  14440 | loss = -1.4129 | mean(g_L) = +1.9786 | EMA = +2.0710 | std(g_L) = 0.9710 | grad = 2.3414
step  14460 | loss = -1.7056 | mean(g_L) = +2.0770 | EMA = +2.0709 | std(g_L) = 0.7867 | grad = 0.7913
step  14480 | loss = -1.6708 | mean(g_L) = +2.0713 | EMA = +2.0775 | std(g_L) = 0.8170 | grad = 0.8397
step  14500 | loss = -1.8656 | mean(g_L) = +2.2053 | EMA = +2.0853 | std(g_L) = 0.7524 | grad = 1.1933
step  14520 | loss = -1.7469 | mean(g_L) = +2.1612 | EMA = +2.0794 | std(g_L) = 0.8309 | grad = 1.1387
step  14540 | loss = -1.6650 | mean(g_L) = +2.0730 | EMA = +2.0788 | std(g_L) = 0.8246 | grad = 1.1917
step  14560 | loss = -1.6249 | mean(g_L) = +2.1248 | EMA = +2.0566 | std(g_L) = 0.9128 | grad = 0.8102
step  14580 | loss = -1.5652 | mean(g_L) = +2.0445 | EMA = +2.0611 | std(g_L) = 0.8938 | grad = 1.2142
step  14600 | loss = -1.5111 | mean(g_L) = +1.9620 | EMA = +2.0792 | std(g_L) = 0.8668 | grad = 0.9696
step  14620 | loss = -1.6874 | mean(g_L) = +2.1047 | EMA = +2.0857 | std(g_L) = 0.8339 | grad = 1.3022
step  14640 | loss = -1.7646 | mean(g_L) = +2.1368 | EMA = +2.0758 | std(g_L) = 0.7876 | grad = 1.5257
step  14660 | loss = -1.5554 | mean(g_L) = +2.0801 | EMA = +2.0763 | std(g_L) = 0.9351 | grad = 0.7361
step  14680 | loss = -1.6266 | mean(g_L) = +2.0992 | EMA = +2.0696 | std(g_L) = 0.8875 | grad = 0.9356
step  14700 | loss = -1.3191 | mean(g_L) = +1.8327 | EMA = +2.0588 | std(g_L) = 0.9252 | grad = 3.2451
step  14720 | loss = -1.6084 | mean(g_L) = +2.0782 | EMA = +2.0806 | std(g_L) = 0.8848 | grad = 2.6578
step  14740 | loss = -1.7685 | mean(g_L) = +2.1161 | EMA = +2.0793 | std(g_L) = 0.7611 | grad = 0.6142
step  14760 | loss = -1.7489 | mean(g_L) = +2.1115 | EMA = +2.0632 | std(g_L) = 0.7773 | grad = 0.8330
step  14780 | loss = -1.7898 | mean(g_L) = +2.1607 | EMA = +2.0515 | std(g_L) = 0.7863 | grad = 1.4122
step  14800 | loss = -1.7244 | mean(g_L) = +2.1517 | EMA = +2.0671 | std(g_L) = 0.8438 | grad = 1.4794
step  14820 | loss = -1.8508 | mean(g_L) = +2.2188 | EMA = +2.0673 | std(g_L) = 0.7832 | grad = 0.8734
step  14840 | loss = -1.6115 | mean(g_L) = +2.1677 | EMA = +2.0842 | std(g_L) = 0.9628 | grad = 0.9470
step  14860 | loss = -1.7672 | mean(g_L) = +2.1405 | EMA = +2.0661 | std(g_L) = 0.7888 | grad = 0.7928
step  14880 | loss = -1.5359 | mean(g_L) = +1.9544 | EMA = +2.0692 | std(g_L) = 0.8352 | grad = 1.5038
step  14900 | loss = -1.5684 | mean(g_L) = +2.0650 | EMA = +2.0748 | std(g_L) = 0.9098 | grad = 2.0398
step  14920 | loss = -1.6882 | mean(g_L) = +2.2269 | EMA = +2.0967 | std(g_L) = 0.9475 | grad = 2.2520
step  14940 | loss = -1.7952 | mean(g_L) = +2.1470 | EMA = +2.0860 | std(g_L) = 0.7657 | grad = 0.7477
step  14960 | loss = -1.7458 | mean(g_L) = +2.1709 | EMA = +2.0798 | std(g_L) = 0.8417 | grad = 0.9811
step  14980 | loss = -1.3262 | mean(g_L) = +1.9794 | EMA = +2.0549 | std(g_L) = 1.0434 | grad = 0.9044
step  15000 | loss = -1.7876 | mean(g_L) = +2.1364 | EMA = +2.0814 | std(g_L) = 0.7624 | grad = 1.3101
T=5 finished.
