
============================================================
T = 3
L = 128
Batch size = 128
Steps = 15000
Checkpoints = model_checkpoints/fixed_sigma_sweep/T3_L128_B128
============================================================
step      1 | loss = -0.3171 | g_L = +0.3171 | EMA = +0.3171 | std(g_L) = 0.7181 | grad = 0.0689
step     20 | loss = -0.2622 | g_L = +0.2622 | EMA = +0.3096 | std(g_L) = 0.7217 | grad = 0.0447
step     40 | loss = -0.2480 | g_L = +0.2480 | EMA = +0.2943 | std(g_L) = 0.7223 | grad = 0.0588
step     60 | loss = -0.4281 | g_L = +0.4281 | EMA = +0.3153 | std(g_L) = 0.8103 | grad = 0.0771
step     80 | loss = -0.3629 | g_L = +0.3629 | EMA = +0.3364 | std(g_L) = 0.7564 | grad = 0.1079
step    100 | loss = -0.3173 | g_L = +0.3173 | EMA = +0.3505 | std(g_L) = 0.7485 | grad = 0.0872
step    120 | loss = -0.2466 | g_L = +0.2466 | EMA = +0.3550 | std(g_L) = 0.6905 | grad = 0.0805
step    140 | loss = -0.3444 | g_L = +0.3444 | EMA = +0.3923 | std(g_L) = 0.7087 | grad = 0.1072
step    160 | loss = -0.5454 | g_L = +0.5454 | EMA = +0.4340 | std(g_L) = 0.9910 | grad = 0.1635
step    180 | loss = -0.8068 | g_L = +0.8068 | EMA = +0.5155 | std(g_L) = 1.1374 | grad = 0.1817
step    200 | loss = -0.6425 | g_L = +0.6425 | EMA = +0.5590 | std(g_L) = 1.0505 | grad = 0.0897
step    220 | loss = -0.8137 | g_L = +0.8137 | EMA = +0.6027 | std(g_L) = 1.1889 | grad = 0.2161
step    240 | loss = -0.7327 | g_L = +0.7327 | EMA = +0.6595 | std(g_L) = 1.0407 | grad = 0.4216
step    260 | loss = -0.6339 | g_L = +0.6339 | EMA = +0.6821 | std(g_L) = 0.9738 | grad = 0.3745
step    280 | loss = -0.9843 | g_L = +0.9843 | EMA = +0.7872 | std(g_L) = 1.1231 | grad = 0.3114
step    300 | loss = -1.0516 | g_L = +1.0516 | EMA = +0.8899 | std(g_L) = 1.0894 | grad = 0.2526
step    320 | loss = -0.9830 | g_L = +0.9830 | EMA = +0.9660 | std(g_L) = 1.0548 | grad = 0.3120
step    340 | loss = -1.0240 | g_L = +1.0240 | EMA = +0.9748 | std(g_L) = 1.0720 | grad = 0.2497
step    360 | loss = -0.9103 | g_L = +0.9103 | EMA = +1.0078 | std(g_L) = 1.0426 | grad = 0.2534
step    380 | loss = -0.8915 | g_L = +0.8915 | EMA = +0.9889 | std(g_L) = 1.0475 | grad = 0.5084
step    400 | loss = -1.0479 | g_L = +1.0479 | EMA = +0.9980 | std(g_L) = 1.3428 | grad = 0.2577
step    420 | loss = -0.8229 | g_L = +0.8229 | EMA = +1.0319 | std(g_L) = 1.0928 | grad = 0.4376
step    440 | loss = -1.0339 | g_L = +1.0339 | EMA = +1.0315 | std(g_L) = 1.1393 | grad = 0.3119
step    460 | loss = -0.8719 | g_L = +0.8719 | EMA = +1.0043 | std(g_L) = 0.9824 | grad = 0.4376
step    480 | loss = -1.1512 | g_L = +1.1512 | EMA = +1.0372 | std(g_L) = 1.2289 | grad = 0.4648
step    500 | loss = -0.7680 | g_L = +0.7680 | EMA = +1.0093 | std(g_L) = 1.0621 | grad = 0.2854
step    520 | loss = -0.9570 | g_L = +0.9570 | EMA = +1.0109 | std(g_L) = 1.1333 | grad = 0.1274
step    540 | loss = -1.1495 | g_L = +1.1495 | EMA = +1.0260 | std(g_L) = 1.1610 | grad = 0.3888
step    560 | loss = -1.2206 | g_L = +1.2206 | EMA = +1.0480 | std(g_L) = 1.1629 | grad = 0.3008
step    580 | loss = -0.9769 | g_L = +0.9769 | EMA = +1.0386 | std(g_L) = 1.0651 | grad = 0.3876
step    600 | loss = -1.0157 | g_L = +1.0157 | EMA = +1.0136 | std(g_L) = 1.1803 | grad = 0.3082
step    620 | loss = -0.9784 | g_L = +0.9784 | EMA = +1.0161 | std(g_L) = 1.3089 | grad = 0.1727
step    640 | loss = -0.8758 | g_L = +0.8758 | EMA = +1.0091 | std(g_L) = 1.2297 | grad = 0.3187
step    660 | loss = -1.0273 | g_L = +1.0273 | EMA = +1.0277 | std(g_L) = 1.1189 | grad = 0.1856
step    680 | loss = -1.0941 | g_L = +1.0941 | EMA = +1.0267 | std(g_L) = 1.1386 | grad = 0.2875
step    700 | loss = -1.1423 | g_L = +1.1423 | EMA = +1.0337 | std(g_L) = 1.2689 | grad = 0.3406
step    720 | loss = -1.0478 | g_L = +1.0478 | EMA = +1.0489 | std(g_L) = 1.0253 | grad = 0.1257
step    740 | loss = -1.0136 | g_L = +1.0136 | EMA = +1.0315 | std(g_L) = 1.0903 | grad = 0.3628
step    760 | loss = -1.1981 | g_L = +1.1981 | EMA = +1.0301 | std(g_L) = 1.2613 | grad = 0.2360
step    780 | loss = -1.1798 | g_L = +1.1798 | EMA = +1.0205 | std(g_L) = 1.2305 | grad = 0.1859
step    800 | loss = -1.1018 | g_L = +1.1018 | EMA = +1.0365 | std(g_L) = 1.1254 | grad = 0.1447
step    820 | loss = -1.1466 | g_L = +1.1466 | EMA = +1.0341 | std(g_L) = 1.1799 | grad = 0.3517
step    840 | loss = -1.0204 | g_L = +1.0204 | EMA = +1.0106 | std(g_L) = 1.2572 | grad = 0.4107
step    860 | loss = -1.0208 | g_L = +1.0208 | EMA = +1.0156 | std(g_L) = 1.2015 | grad = 0.1014
step    880 | loss = -1.1919 | g_L = +1.1919 | EMA = +1.0444 | std(g_L) = 1.2483 | grad = 0.4117
step    900 | loss = -0.9499 | g_L = +0.9499 | EMA = +1.0271 | std(g_L) = 1.1496 | grad = 0.2330
step    920 | loss = -0.7993 | g_L = +0.7993 | EMA = +1.0186 | std(g_L) = 1.0848 | grad = 0.2262
step    940 | loss = -1.0295 | g_L = +1.0295 | EMA = +1.0221 | std(g_L) = 1.1181 | grad = 0.1219
step    960 | loss = -1.0023 | g_L = +1.0023 | EMA = +1.0315 | std(g_L) = 1.1830 | grad = 0.1664
step    980 | loss = -0.7762 | g_L = +0.7762 | EMA = +1.0317 | std(g_L) = 1.0038 | grad = 0.2750
step   1000 | loss = -1.0114 | g_L = +1.0114 | EMA = +1.0343 | std(g_L) = 1.1059 | grad = 0.3302
step   1020 | loss = -0.8213 | g_L = +0.8213 | EMA = +1.0272 | std(g_L) = 0.9326 | grad = 0.2726
step   1040 | loss = -0.9082 | g_L = +0.9082 | EMA = +1.0189 | std(g_L) = 1.0338 | grad = 0.2065
step   1060 | loss = -0.7981 | g_L = +0.7981 | EMA = +0.9959 | std(g_L) = 1.2140 | grad = 0.4980
step   1080 | loss = -1.1553 | g_L = +1.1553 | EMA = +1.0461 | std(g_L) = 1.1458 | grad = 0.2121
step   1100 | loss = -0.9498 | g_L = +0.9498 | EMA = +1.0271 | std(g_L) = 1.1608 | grad = 0.1205
step   1120 | loss = -1.0472 | g_L = +1.0472 | EMA = +1.0469 | std(g_L) = 1.1841 | grad = 0.2368
step   1140 | loss = -1.0603 | g_L = +1.0603 | EMA = +1.0227 | std(g_L) = 1.0826 | grad = 0.2486
step   1160 | loss = -1.0709 | g_L = +1.0709 | EMA = +1.0306 | std(g_L) = 1.2313 | grad = 0.4665
step   1180 | loss = -1.1933 | g_L = +1.1933 | EMA = +1.0606 | std(g_L) = 1.1560 | grad = 0.1499
step   1200 | loss = -1.1409 | g_L = +1.1409 | EMA = +1.0432 | std(g_L) = 1.1469 | grad = 0.4586
step   1220 | loss = -1.1516 | g_L = +1.1516 | EMA = +1.0571 | std(g_L) = 1.1804 | grad = 0.1846
step   1240 | loss = -0.9684 | g_L = +0.9684 | EMA = +1.0259 | std(g_L) = 1.1036 | grad = 0.3835
step   1260 | loss = -0.9525 | g_L = +0.9525 | EMA = +1.0232 | std(g_L) = 1.1189 | grad = 0.2418
step   1280 | loss = -1.0447 | g_L = +1.0447 | EMA = +1.0144 | std(g_L) = 1.1603 | grad = 0.4503
step   1300 | loss = -1.0921 | g_L = +1.0921 | EMA = +1.0502 | std(g_L) = 1.1724 | grad = 0.5122
step   1320 | loss = -1.1428 | g_L = +1.1428 | EMA = +1.0610 | std(g_L) = 1.1097 | grad = 0.3048
step   1340 | loss = -0.9607 | g_L = +0.9607 | EMA = +1.0574 | std(g_L) = 1.0687 | grad = 0.1963
step   1360 | loss = -0.9272 | g_L = +0.9272 | EMA = +1.0596 | std(g_L) = 0.9312 | grad = 0.1750
step   1380 | loss = -0.9589 | g_L = +0.9589 | EMA = +1.0196 | std(g_L) = 1.1478 | grad = 0.3144
step   1400 | loss = -1.0448 | g_L = +1.0448 | EMA = +1.0368 | std(g_L) = 0.9843 | grad = 0.3190
step   1420 | loss = -1.0272 | g_L = +1.0272 | EMA = +1.0373 | std(g_L) = 1.1995 | grad = 0.2797
step   1440 | loss = -0.9682 | g_L = +0.9682 | EMA = +1.0252 | std(g_L) = 1.1492 | grad = 0.2644
step   1460 | loss = -1.1358 | g_L = +1.1358 | EMA = +1.0319 | std(g_L) = 1.1746 | grad = 0.1753
step   1480 | loss = -1.0270 | g_L = +1.0270 | EMA = +1.0397 | std(g_L) = 1.1237 | grad = 0.2296
step   1500 | loss = -1.1533 | g_L = +1.1533 | EMA = +1.0355 | std(g_L) = 1.1229 | grad = 0.2101
step   1520 | loss = -0.9648 | g_L = +0.9648 | EMA = +1.0405 | std(g_L) = 1.2466 | grad = 0.2492
step   1540 | loss = -1.0151 | g_L = +1.0151 | EMA = +1.0274 | std(g_L) = 1.1435 | grad = 0.3720
step   1560 | loss = -1.0360 | g_L = +1.0360 | EMA = +1.0384 | std(g_L) = 1.1894 | grad = 0.5087
step   1580 | loss = -0.7480 | g_L = +0.7480 | EMA = +1.0335 | std(g_L) = 0.9859 | grad = 0.6531
step   1600 | loss = -1.1487 | g_L = +1.1487 | EMA = +1.0457 | std(g_L) = 1.1406 | grad = 0.2980
step   1620 | loss = -1.0431 | g_L = +1.0431 | EMA = +1.0645 | std(g_L) = 1.2369 | grad = 0.3632
step   1640 | loss = -1.0606 | g_L = +1.0606 | EMA = +1.0483 | std(g_L) = 1.1021 | grad = 0.7662
step   1660 | loss = -1.0404 | g_L = +1.0404 | EMA = +1.0486 | std(g_L) = 1.0604 | grad = 0.3670
step   1680 | loss = -0.9626 | g_L = +0.9626 | EMA = +1.0628 | std(g_L) = 1.1859 | grad = 0.2615
step   1700 | loss = -1.1222 | g_L = +1.1222 | EMA = +1.0225 | std(g_L) = 1.1656 | grad = 0.1782
step   1720 | loss = -1.0194 | g_L = +1.0194 | EMA = +1.0372 | std(g_L) = 1.0423 | grad = 0.2117
step   1740 | loss = -1.0752 | g_L = +1.0752 | EMA = +1.0413 | std(g_L) = 1.0986 | grad = 0.5566
step   1760 | loss = -1.1336 | g_L = +1.1336 | EMA = +1.0301 | std(g_L) = 1.2244 | grad = 0.8873
step   1780 | loss = -1.1186 | g_L = +1.1186 | EMA = +1.0381 | std(g_L) = 1.1234 | grad = 0.4043
step   1800 | loss = -1.0203 | g_L = +1.0203 | EMA = +1.0253 | std(g_L) = 1.0849 | grad = 0.5377
step   1820 | loss = -0.9385 | g_L = +0.9385 | EMA = +1.0431 | std(g_L) = 1.1077 | grad = 0.3313
step   1840 | loss = -1.0000 | g_L = +1.0000 | EMA = +1.0291 | std(g_L) = 1.0652 | grad = 0.4291
step   1860 | loss = -1.0646 | g_L = +1.0646 | EMA = +1.0458 | std(g_L) = 1.2632 | grad = 0.1485
step   1880 | loss = -0.9926 | g_L = +0.9926 | EMA = +1.0620 | std(g_L) = 1.1295 | grad = 0.5645
step   1900 | loss = -1.2134 | g_L = +1.2134 | EMA = +1.0423 | std(g_L) = 1.0686 | grad = 0.2217
step   1920 | loss = -1.0011 | g_L = +1.0011 | EMA = +1.0571 | std(g_L) = 1.0890 | grad = 0.2447
step   1940 | loss = -0.9582 | g_L = +0.9582 | EMA = +1.0647 | std(g_L) = 1.1734 | grad = 0.3215
step   1960 | loss = -1.0881 | g_L = +1.0881 | EMA = +1.0549 | std(g_L) = 1.1846 | grad = 0.7439
step   1980 | loss = -1.1372 | g_L = +1.1372 | EMA = +1.0397 | std(g_L) = 1.1302 | grad = 0.7973
step   2000 | loss = -1.1401 | g_L = +1.1401 | EMA = +1.0522 | std(g_L) = 1.0741 | grad = 0.4170
step   2020 | loss = -0.9090 | g_L = +0.9090 | EMA = +1.0423 | std(g_L) = 1.1586 | grad = 0.2432
step   2040 | loss = -1.0451 | g_L = +1.0451 | EMA = +1.0388 | std(g_L) = 1.2672 | grad = 0.2940
step   2060 | loss = -1.2047 | g_L = +1.2047 | EMA = +1.0749 | std(g_L) = 1.1884 | grad = 0.6317
step   2080 | loss = -0.9616 | g_L = +0.9616 | EMA = +1.0650 | std(g_L) = 1.2626 | grad = 0.2541
step   2100 | loss = -1.0756 | g_L = +1.0756 | EMA = +1.0522 | std(g_L) = 1.0266 | grad = 0.5282
step   2120 | loss = -1.1543 | g_L = +1.1543 | EMA = +1.0664 | std(g_L) = 1.2062 | grad = 0.2689
step   2140 | loss = -1.0735 | g_L = +1.0735 | EMA = +1.0566 | std(g_L) = 1.1594 | grad = 0.4274
step   2160 | loss = -1.0399 | g_L = +1.0399 | EMA = +1.0482 | std(g_L) = 1.0821 | grad = 0.4541
step   2180 | loss = -1.1156 | g_L = +1.1156 | EMA = +1.0662 | std(g_L) = 1.1139 | grad = 0.3870
step   2200 | loss = -1.1865 | g_L = +1.1865 | EMA = +1.0823 | std(g_L) = 1.2147 | grad = 0.7240
step   2220 | loss = -0.8064 | g_L = +0.8064 | EMA = +1.0821 | std(g_L) = 1.1271 | grad = 0.3765
step   2240 | loss = -1.0377 | g_L = +1.0377 | EMA = +1.0923 | std(g_L) = 1.1314 | grad = 0.4063
step   2260 | loss = -1.0510 | g_L = +1.0510 | EMA = +1.0850 | std(g_L) = 1.1536 | grad = 0.4083
step   2280 | loss = -0.9338 | g_L = +0.9338 | EMA = +1.0591 | std(g_L) = 1.1401 | grad = 0.3100
step   2300 | loss = -0.9335 | g_L = +0.9335 | EMA = +1.0519 | std(g_L) = 1.0277 | grad = 0.4533
step   2320 | loss = -1.0328 | g_L = +1.0328 | EMA = +1.0606 | std(g_L) = 1.1263 | grad = 0.4218
step   2340 | loss = -0.9457 | g_L = +0.9457 | EMA = +1.0585 | std(g_L) = 1.0916 | grad = 0.3174
step   2360 | loss = -1.2105 | g_L = +1.2105 | EMA = +1.0547 | std(g_L) = 1.1920 | grad = 0.2174
step   2380 | loss = -0.9909 | g_L = +0.9909 | EMA = +1.0703 | std(g_L) = 1.0686 | grad = 0.7065
step   2400 | loss = -1.0990 | g_L = +1.0990 | EMA = +1.1010 | std(g_L) = 1.1215 | grad = 0.4121
step   2420 | loss = -0.8904 | g_L = +0.8904 | EMA = +1.0871 | std(g_L) = 1.0386 | grad = 0.0871
step   2440 | loss = -1.2331 | g_L = +1.2331 | EMA = +1.0829 | std(g_L) = 1.1661 | grad = 0.4332
step   2460 | loss = -0.9618 | g_L = +0.9618 | EMA = +1.0751 | std(g_L) = 1.1462 | grad = 0.5380
step   2480 | loss = -1.1110 | g_L = +1.1110 | EMA = +1.0778 | std(g_L) = 1.0905 | grad = 0.1528
step   2500 | loss = -1.2424 | g_L = +1.2424 | EMA = +1.1002 | std(g_L) = 1.1986 | grad = 0.4203
step   2520 | loss = -1.0992 | g_L = +1.0992 | EMA = +1.0942 | std(g_L) = 1.2599 | grad = 0.5159
step   2540 | loss = -1.2113 | g_L = +1.2113 | EMA = +1.0983 | std(g_L) = 1.1244 | grad = 0.4697
step   2560 | loss = -0.9654 | g_L = +0.9654 | EMA = +1.0479 | std(g_L) = 1.0531 | grad = 0.3267
step   2580 | loss = -0.9214 | g_L = +0.9214 | EMA = +1.0680 | std(g_L) = 0.9423 | grad = 0.2880
step   2600 | loss = -1.0816 | g_L = +1.0816 | EMA = +1.0650 | std(g_L) = 1.1692 | grad = 0.2883
step   2620 | loss = -1.0062 | g_L = +1.0062 | EMA = +1.0644 | std(g_L) = 1.0408 | grad = 0.2163
step   2640 | loss = -1.0486 | g_L = +1.0486 | EMA = +1.0864 | std(g_L) = 1.1080 | grad = 0.3501
step   2660 | loss = -1.2036 | g_L = +1.2036 | EMA = +1.0949 | std(g_L) = 1.2735 | grad = 0.3543
step   2680 | loss = -1.2180 | g_L = +1.2180 | EMA = +1.1050 | std(g_L) = 1.0621 | grad = 0.5477
step   2700 | loss = -1.0604 | g_L = +1.0604 | EMA = +1.1010 | std(g_L) = 1.0709 | grad = 0.5143
step   2720 | loss = -1.1082 | g_L = +1.1082 | EMA = +1.1012 | std(g_L) = 1.0611 | grad = 0.4043
step   2740 | loss = -1.1119 | g_L = +1.1119 | EMA = +1.1254 | std(g_L) = 1.1069 | grad = 0.2744
step   2760 | loss = -1.1819 | g_L = +1.1819 | EMA = +1.1055 | std(g_L) = 1.0888 | grad = 0.4735
step   2780 | loss = -0.9352 | g_L = +0.9352 | EMA = +1.0986 | std(g_L) = 1.0500 | grad = 0.6043
step   2800 | loss = -1.1762 | g_L = +1.1762 | EMA = +1.0926 | std(g_L) = 1.2689 | grad = 0.2236
step   2820 | loss = -1.1288 | g_L = +1.1288 | EMA = +1.1038 | std(g_L) = 1.2100 | grad = 0.6812
step   2840 | loss = -1.0765 | g_L = +1.0765 | EMA = +1.1122 | std(g_L) = 1.1111 | grad = 0.3943
step   2860 | loss = -1.0231 | g_L = +1.0231 | EMA = +1.1111 | std(g_L) = 1.0373 | grad = 0.5154
step   2880 | loss = -1.0757 | g_L = +1.0757 | EMA = +1.0642 | std(g_L) = 1.1607 | grad = 0.3327
step   2900 | loss = -1.1759 | g_L = +1.1759 | EMA = +1.0806 | std(g_L) = 1.1309 | grad = 0.4158
step   2920 | loss = -0.9663 | g_L = +0.9663 | EMA = +1.0631 | std(g_L) = 1.1970 | grad = 1.5463
step   2940 | loss = -1.3648 | g_L = +1.3648 | EMA = +1.0956 | std(g_L) = 1.1089 | grad = 0.8584
step   2960 | loss = -0.9091 | g_L = +0.9091 | EMA = +1.0815 | std(g_L) = 0.9352 | grad = 0.2369
step   2980 | loss = -1.1439 | g_L = +1.1439 | EMA = +1.0783 | std(g_L) = 1.0494 | grad = 0.6216
step   3000 | loss = -1.2216 | g_L = +1.2216 | EMA = +1.0941 | std(g_L) = 1.0779 | grad = 0.3850
step   3020 | loss = -0.9926 | g_L = +0.9926 | EMA = +1.1100 | std(g_L) = 1.0656 | grad = 0.7240
step   3040 | loss = -0.9973 | g_L = +0.9973 | EMA = +1.1176 | std(g_L) = 1.0910 | grad = 0.5251
step   3060 | loss = -1.1095 | g_L = +1.1095 | EMA = +1.1236 | std(g_L) = 1.1434 | grad = 0.4354
step   3080 | loss = -1.2143 | g_L = +1.2143 | EMA = +1.1139 | std(g_L) = 1.1780 | grad = 0.4361
step   3100 | loss = -1.1958 | g_L = +1.1958 | EMA = +1.1012 | std(g_L) = 1.1221 | grad = 0.3402
step   3120 | loss = -1.0157 | g_L = +1.0157 | EMA = +1.1065 | std(g_L) = 1.0408 | grad = 0.3190
step   3140 | loss = -1.2035 | g_L = +1.2035 | EMA = +1.1226 | std(g_L) = 1.2692 | grad = 0.6324
step   3160 | loss = -1.1366 | g_L = +1.1366 | EMA = +1.1288 | std(g_L) = 1.1134 | grad = 0.2730
step   3180 | loss = -1.1772 | g_L = +1.1772 | EMA = +1.1231 | std(g_L) = 1.0882 | grad = 0.6548
step   3200 | loss = -0.9064 | g_L = +0.9064 | EMA = +1.1118 | std(g_L) = 0.9807 | grad = 0.7273
step   3220 | loss = -1.1440 | g_L = +1.1440 | EMA = +1.1234 | std(g_L) = 1.2357 | grad = 0.3824
step   3240 | loss = -1.1254 | g_L = +1.1254 | EMA = +1.1207 | std(g_L) = 1.1626 | grad = 0.2666
step   3260 | loss = -1.2002 | g_L = +1.2002 | EMA = +1.1180 | std(g_L) = 1.0754 | grad = 0.4341
step   3280 | loss = -0.9622 | g_L = +0.9622 | EMA = +1.1069 | std(g_L) = 0.8829 | grad = 0.4722
step   3300 | loss = -1.0618 | g_L = +1.0618 | EMA = +1.0781 | std(g_L) = 1.0607 | grad = 0.3226
step   3320 | loss = -1.2462 | g_L = +1.2462 | EMA = +1.0965 | std(g_L) = 1.0907 | grad = 0.3058
step   3340 | loss = -1.2208 | g_L = +1.2208 | EMA = +1.1044 | std(g_L) = 1.1912 | grad = 0.6849
step   3360 | loss = -1.1156 | g_L = +1.1156 | EMA = +1.1197 | std(g_L) = 1.1566 | grad = 0.4384
step   3380 | loss = -1.2081 | g_L = +1.2081 | EMA = +1.1154 | std(g_L) = 1.1504 | grad = 0.5279
step   3400 | loss = -1.2170 | g_L = +1.2170 | EMA = +1.1321 | std(g_L) = 0.9925 | grad = 0.4121
step   3420 | loss = -1.0850 | g_L = +1.0850 | EMA = +1.1166 | std(g_L) = 1.0798 | grad = 0.4344
step   3440 | loss = -1.1621 | g_L = +1.1621 | EMA = +1.1141 | std(g_L) = 1.0731 | grad = 0.1951
step   3460 | loss = -1.1124 | g_L = +1.1124 | EMA = +1.1160 | std(g_L) = 1.0028 | grad = 0.4498
step   3480 | loss = -1.1890 | g_L = +1.1890 | EMA = +1.1141 | std(g_L) = 1.1647 | grad = 0.6468
step   3500 | loss = -1.1731 | g_L = +1.1731 | EMA = +1.1204 | std(g_L) = 1.1328 | grad = 0.3785
step   3520 | loss = -1.0094 | g_L = +1.0094 | EMA = +1.1223 | std(g_L) = 1.0445 | grad = 0.6940
step   3540 | loss = -1.1183 | g_L = +1.1183 | EMA = +1.0986 | std(g_L) = 1.2055 | grad = 0.3326
step   3560 | loss = -1.1836 | g_L = +1.1836 | EMA = +1.1294 | std(g_L) = 1.1039 | grad = 0.2451
step   3580 | loss = -1.1002 | g_L = +1.1002 | EMA = +1.1122 | std(g_L) = 1.0885 | grad = 0.2809
step   3600 | loss = -1.1445 | g_L = +1.1445 | EMA = +1.1310 | std(g_L) = 1.0942 | grad = 0.4689
step   3620 | loss = -1.0894 | g_L = +1.0894 | EMA = +1.1291 | std(g_L) = 0.9902 | grad = 0.3566
step   3640 | loss = -1.2769 | g_L = +1.2769 | EMA = +1.1336 | std(g_L) = 1.2023 | grad = 0.8231
step   3660 | loss = -1.0961 | g_L = +1.0961 | EMA = +1.1158 | std(g_L) = 1.0907 | grad = 0.6557
step   3680 | loss = -1.0701 | g_L = +1.0701 | EMA = +1.1069 | std(g_L) = 1.1272 | grad = 0.3272
step   3700 | loss = -1.1342 | g_L = +1.1342 | EMA = +1.0980 | std(g_L) = 1.0807 | grad = 0.5727
step   3720 | loss = -1.1607 | g_L = +1.1607 | EMA = +1.1043 | std(g_L) = 1.0514 | grad = 0.2825
step   3740 | loss = -1.0626 | g_L = +1.0626 | EMA = +1.1373 | std(g_L) = 0.9972 | grad = 0.3364
step   3760 | loss = -1.0903 | g_L = +1.0903 | EMA = +1.1214 | std(g_L) = 1.0960 | grad = 0.4052
step   3780 | loss = -1.1435 | g_L = +1.1435 | EMA = +1.1101 | std(g_L) = 1.0739 | grad = 0.5061
step   3800 | loss = -1.1761 | g_L = +1.1761 | EMA = +1.1214 | std(g_L) = 1.0356 | grad = 0.6176
step   3820 | loss = -1.1579 | g_L = +1.1579 | EMA = +1.1083 | std(g_L) = 1.0282 | grad = 0.2093
step   3840 | loss = -1.0992 | g_L = +1.0992 | EMA = +1.1269 | std(g_L) = 1.1434 | grad = 0.3171
step   3860 | loss = -1.2449 | g_L = +1.2449 | EMA = +1.1383 | std(g_L) = 1.1833 | grad = 0.5770
step   3880 | loss = -1.1499 | g_L = +1.1499 | EMA = +1.1050 | std(g_L) = 1.0208 | grad = 0.4664
step   3900 | loss = -1.0672 | g_L = +1.0672 | EMA = +1.1036 | std(g_L) = 1.0841 | grad = 0.5143
step   3920 | loss = -1.0415 | g_L = +1.0415 | EMA = +1.1402 | std(g_L) = 1.0481 | grad = 0.2154
step   3940 | loss = -1.0154 | g_L = +1.0154 | EMA = +1.1288 | std(g_L) = 1.1215 | grad = 0.3736
step   3960 | loss = -1.2673 | g_L = +1.2673 | EMA = +1.1133 | std(g_L) = 1.1143 | grad = 0.3679
step   3980 | loss = -1.1277 | g_L = +1.1277 | EMA = +1.1055 | std(g_L) = 1.0995 | grad = 0.2381
step   4000 | loss = -1.0874 | g_L = +1.0874 | EMA = +1.1230 | std(g_L) = 0.9714 | grad = 0.2663
step   4020 | loss = -1.2669 | g_L = +1.2669 | EMA = +1.1131 | std(g_L) = 1.1886 | grad = 0.6918
step   4040 | loss = -1.1134 | g_L = +1.1134 | EMA = +1.1182 | std(g_L) = 1.0797 | grad = 0.3242
step   4060 | loss = -1.0012 | g_L = +1.0012 | EMA = +1.1219 | std(g_L) = 1.0674 | grad = 0.4486
step   4080 | loss = -1.1318 | g_L = +1.1318 | EMA = +1.1107 | std(g_L) = 0.9651 | grad = 0.2880
step   4100 | loss = -1.2345 | g_L = +1.2345 | EMA = +1.0964 | std(g_L) = 1.0916 | grad = 0.4706
step   4120 | loss = -1.0601 | g_L = +1.0601 | EMA = +1.1207 | std(g_L) = 1.0580 | grad = 0.5014
step   4140 | loss = -1.1337 | g_L = +1.1337 | EMA = +1.1029 | std(g_L) = 1.1410 | grad = 0.8111
step   4160 | loss = -0.9890 | g_L = +0.9890 | EMA = +1.0922 | std(g_L) = 0.9311 | grad = 0.4773
step   4180 | loss = -1.0563 | g_L = +1.0563 | EMA = +1.1177 | std(g_L) = 1.1241 | grad = 0.2112
step   4200 | loss = -1.2010 | g_L = +1.2010 | EMA = +1.1382 | std(g_L) = 0.9962 | grad = 0.5865
step   4220 | loss = -1.1412 | g_L = +1.1412 | EMA = +1.1173 | std(g_L) = 1.1129 | grad = 0.4794
step   4240 | loss = -1.0708 | g_L = +1.0708 | EMA = +1.1125 | std(g_L) = 1.0358 | grad = 0.4383
step   4260 | loss = -1.0639 | g_L = +1.0639 | EMA = +1.1043 | std(g_L) = 1.0061 | grad = 0.2913
step   4280 | loss = -1.0456 | g_L = +1.0456 | EMA = +1.1113 | std(g_L) = 1.0373 | grad = 0.2314
step   4300 | loss = -1.0212 | g_L = +1.0212 | EMA = +1.1117 | std(g_L) = 1.0634 | grad = 0.5583
step   4320 | loss = -1.0564 | g_L = +1.0564 | EMA = +1.1174 | std(g_L) = 0.9497 | grad = 0.5624
step   4340 | loss = -1.1211 | g_L = +1.1211 | EMA = +1.1130 | std(g_L) = 1.0514 | grad = 0.5580
step   4360 | loss = -1.2869 | g_L = +1.2869 | EMA = +1.1571 | std(g_L) = 1.1189 | grad = 0.2721
step   4380 | loss = -1.1560 | g_L = +1.1560 | EMA = +1.1413 | std(g_L) = 1.1179 | grad = 0.4601
step   4400 | loss = -1.1418 | g_L = +1.1418 | EMA = +1.1100 | std(g_L) = 1.0325 | grad = 0.6460
step   4420 | loss = -1.1916 | g_L = +1.1916 | EMA = +1.1254 | std(g_L) = 1.0498 | grad = 0.1882
step   4440 | loss = -1.1038 | g_L = +1.1038 | EMA = +1.1194 | std(g_L) = 0.9947 | grad = 0.3195
step   4460 | loss = -1.1586 | g_L = +1.1586 | EMA = +1.1134 | std(g_L) = 1.0356 | grad = 0.1681
step   4480 | loss = -1.1776 | g_L = +1.1776 | EMA = +1.1215 | std(g_L) = 1.1100 | grad = 0.5719
step   4500 | loss = -1.1352 | g_L = +1.1352 | EMA = +1.1351 | std(g_L) = 1.0149 | grad = 0.4403
step   4520 | loss = -0.9719 | g_L = +0.9719 | EMA = +1.1042 | std(g_L) = 1.0401 | grad = 0.3029
step   4540 | loss = -1.0404 | g_L = +1.0404 | EMA = +1.1242 | std(g_L) = 0.9946 | grad = 0.5990
step   4560 | loss = -1.0925 | g_L = +1.0925 | EMA = +1.1303 | std(g_L) = 0.8649 | grad = 0.6067
step   4580 | loss = -1.1540 | g_L = +1.1540 | EMA = +1.1320 | std(g_L) = 0.9664 | grad = 0.6183
step   4600 | loss = -1.1021 | g_L = +1.1021 | EMA = +1.1242 | std(g_L) = 1.0522 | grad = 0.5366
step   4620 | loss = -1.1774 | g_L = +1.1774 | EMA = +1.1426 | std(g_L) = 1.0915 | grad = 0.2877
step   4640 | loss = -1.0404 | g_L = +1.0404 | EMA = +1.1416 | std(g_L) = 1.1578 | grad = 0.3120
step   4660 | loss = -0.9350 | g_L = +0.9350 | EMA = +1.1267 | std(g_L) = 1.0041 | grad = 0.7136
step   4680 | loss = -0.9450 | g_L = +0.9450 | EMA = +1.1337 | std(g_L) = 0.9070 | grad = 0.3873
step   4700 | loss = -1.1015 | g_L = +1.1015 | EMA = +1.1223 | std(g_L) = 1.0001 | grad = 0.3285
step   4720 | loss = -1.1086 | g_L = +1.1086 | EMA = +1.1364 | std(g_L) = 1.0004 | grad = 0.2413
step   4740 | loss = -1.0126 | g_L = +1.0126 | EMA = +1.1229 | std(g_L) = 0.9499 | grad = 0.4979
step   4760 | loss = -1.2340 | g_L = +1.2340 | EMA = +1.1359 | std(g_L) = 1.1365 | grad = 0.2119
step   4780 | loss = -0.9434 | g_L = +0.9434 | EMA = +1.1010 | std(g_L) = 1.1602 | grad = 0.1870
step   4800 | loss = -1.0926 | g_L = +1.0926 | EMA = +1.1180 | std(g_L) = 1.0167 | grad = 0.2584
step   4820 | loss = -1.0682 | g_L = +1.0682 | EMA = +1.1140 | std(g_L) = 0.9925 | grad = 0.7418
step   4840 | loss = -1.0058 | g_L = +1.0058 | EMA = +1.1236 | std(g_L) = 1.1024 | grad = 0.5373
step   4860 | loss = -1.1305 | g_L = +1.1305 | EMA = +1.1113 | std(g_L) = 1.0399 | grad = 0.2281
step   4880 | loss = -1.1161 | g_L = +1.1161 | EMA = +1.1195 | std(g_L) = 1.0110 | grad = 0.3953
step   4900 | loss = -1.0784 | g_L = +1.0784 | EMA = +1.1229 | std(g_L) = 0.9693 | grad = 0.2272
step   4920 | loss = -1.2676 | g_L = +1.2676 | EMA = +1.1526 | std(g_L) = 1.2132 | grad = 0.4089
step   4940 | loss = -1.3133 | g_L = +1.3133 | EMA = +1.1533 | std(g_L) = 1.1327 | grad = 0.6943
step   4960 | loss = -1.0371 | g_L = +1.0371 | EMA = +1.1453 | std(g_L) = 1.0364 | grad = 0.4180
step   4980 | loss = -1.2423 | g_L = +1.2423 | EMA = +1.1326 | std(g_L) = 1.0646 | grad = 0.2884
step   5000 | loss = -1.2167 | g_L = +1.2167 | EMA = +1.1447 | std(g_L) = 1.0714 | grad = 0.3173
step   5020 | loss = -1.0099 | g_L = +1.0099 | EMA = +1.1163 | std(g_L) = 0.9105 | grad = 0.2389
step   5040 | loss = -1.1957 | g_L = +1.1957 | EMA = +1.1407 | std(g_L) = 1.1519 | grad = 0.2113
step   5060 | loss = -1.1351 | g_L = +1.1351 | EMA = +1.1361 | std(g_L) = 0.9742 | grad = 0.3700
step   5080 | loss = -1.1504 | g_L = +1.1504 | EMA = +1.1346 | std(g_L) = 0.9992 | grad = 0.1816
step   5100 | loss = -1.0971 | g_L = +1.0971 | EMA = +1.1326 | std(g_L) = 1.0321 | grad = 0.1142
step   5120 | loss = -1.0747 | g_L = +1.0747 | EMA = +1.1228 | std(g_L) = 1.0098 | grad = 0.2828
step   5140 | loss = -1.0539 | g_L = +1.0539 | EMA = +1.1364 | std(g_L) = 0.9163 | grad = 0.2249
step   5160 | loss = -1.0394 | g_L = +1.0394 | EMA = +1.1316 | std(g_L) = 0.9921 | grad = 0.3667
step   5180 | loss = -1.0042 | g_L = +1.0042 | EMA = +1.1264 | std(g_L) = 0.9405 | grad = 0.3586
step   5200 | loss = -1.2828 | g_L = +1.2828 | EMA = +1.1453 | std(g_L) = 1.0160 | grad = 0.3768
step   5220 | loss = -1.0639 | g_L = +1.0639 | EMA = +1.1340 | std(g_L) = 1.0176 | grad = 0.5555
step   5240 | loss = -1.1153 | g_L = +1.1153 | EMA = +1.1378 | std(g_L) = 1.0045 | grad = 0.2661
step   5260 | loss = -1.1814 | g_L = +1.1814 | EMA = +1.1659 | std(g_L) = 0.9588 | grad = 0.6108
step   5280 | loss = -1.2727 | g_L = +1.2727 | EMA = +1.1376 | std(g_L) = 1.1967 | grad = 0.4072
step   5300 | loss = -1.0757 | g_L = +1.0757 | EMA = +1.1396 | std(g_L) = 1.1461 | grad = 0.2027
step   5320 | loss = -1.1490 | g_L = +1.1490 | EMA = +1.1306 | std(g_L) = 1.0747 | grad = 0.4333
step   5340 | loss = -1.1089 | g_L = +1.1089 | EMA = +1.1347 | std(g_L) = 0.9685 | grad = 0.3996
step   5360 | loss = -1.1764 | g_L = +1.1764 | EMA = +1.1265 | std(g_L) = 1.1274 | grad = 0.3949
step   5380 | loss = -1.2068 | g_L = +1.2068 | EMA = +1.1451 | std(g_L) = 1.1015 | grad = 0.4254
step   5400 | loss = -1.2938 | g_L = +1.2938 | EMA = +1.1695 | std(g_L) = 1.0699 | grad = 0.8206
step   5420 | loss = -1.0593 | g_L = +1.0593 | EMA = +1.1355 | std(g_L) = 1.1774 | grad = 0.3558
step   5440 | loss = -1.1125 | g_L = +1.1125 | EMA = +1.1389 | std(g_L) = 1.0904 | grad = 0.7152
step   5460 | loss = -1.1036 | g_L = +1.1036 | EMA = +1.1235 | std(g_L) = 0.9809 | grad = 0.4025
step   5480 | loss = -0.9988 | g_L = +0.9988 | EMA = +1.1321 | std(g_L) = 1.1113 | grad = 0.2856
step   5500 | loss = -1.2201 | g_L = +1.2201 | EMA = +1.1211 | std(g_L) = 1.0945 | grad = 0.2454
step   5520 | loss = -1.1015 | g_L = +1.1015 | EMA = +1.1139 | std(g_L) = 1.0352 | grad = 0.4388
step   5540 | loss = -1.1830 | g_L = +1.1830 | EMA = +1.1116 | std(g_L) = 1.0042 | grad = 0.2657
step   5560 | loss = -1.1452 | g_L = +1.1452 | EMA = +1.0854 | std(g_L) = 0.9384 | grad = 0.3630
step   5580 | loss = -1.2577 | g_L = +1.2577 | EMA = +1.0930 | std(g_L) = 1.1005 | grad = 0.2617
step   5600 | loss = -1.1167 | g_L = +1.1167 | EMA = +1.1034 | std(g_L) = 1.0606 | grad = 0.3246
step   5620 | loss = -0.9351 | g_L = +0.9351 | EMA = +1.1081 | std(g_L) = 0.8961 | grad = 0.6443
step   5640 | loss = -1.2049 | g_L = +1.2049 | EMA = +1.1238 | std(g_L) = 1.0739 | grad = 0.2898
step   5660 | loss = -1.0054 | g_L = +1.0054 | EMA = +1.1291 | std(g_L) = 0.9567 | grad = 0.3478
step   5680 | loss = -1.0609 | g_L = +1.0609 | EMA = +1.1301 | std(g_L) = 0.9482 | grad = 0.3388
step   5700 | loss = -1.0164 | g_L = +1.0164 | EMA = +1.1331 | std(g_L) = 0.9499 | grad = 0.4380
step   5720 | loss = -0.9917 | g_L = +0.9917 | EMA = +1.1482 | std(g_L) = 1.1467 | grad = 0.2622
step   5740 | loss = -1.0241 | g_L = +1.0241 | EMA = +1.1185 | std(g_L) = 0.9644 | grad = 0.3162
step   5760 | loss = -1.0822 | g_L = +1.0822 | EMA = +1.1127 | std(g_L) = 1.2250 | grad = 0.5642
step   5780 | loss = -1.0838 | g_L = +1.0838 | EMA = +1.1414 | std(g_L) = 1.0428 | grad = 0.3240
step   5800 | loss = -1.2318 | g_L = +1.2318 | EMA = +1.1392 | std(g_L) = 1.1500 | grad = 0.4328
step   5820 | loss = -1.1070 | g_L = +1.1070 | EMA = +1.1240 | std(g_L) = 1.0877 | grad = 0.2631
step   5840 | loss = -1.1350 | g_L = +1.1350 | EMA = +1.1187 | std(g_L) = 1.0784 | grad = 0.2278
step   5860 | loss = -1.0676 | g_L = +1.0676 | EMA = +1.1272 | std(g_L) = 1.0407 | grad = 0.3421
step   5880 | loss = -1.2570 | g_L = +1.2570 | EMA = +1.1199 | std(g_L) = 1.0437 | grad = 0.3186
step   5900 | loss = -1.1327 | g_L = +1.1327 | EMA = +1.1181 | std(g_L) = 1.1164 | grad = 0.5336
step   5920 | loss = -0.8556 | g_L = +0.8556 | EMA = +1.0907 | std(g_L) = 1.1314 | grad = 0.2633
step   5940 | loss = -1.0534 | g_L = +1.0534 | EMA = +1.0982 | std(g_L) = 1.0449 | grad = 0.5328
step   5960 | loss = -1.0498 | g_L = +1.0498 | EMA = +1.1186 | std(g_L) = 0.9317 | grad = 0.2937
step   5980 | loss = -1.1457 | g_L = +1.1457 | EMA = +1.1496 | std(g_L) = 1.1266 | grad = 0.3460
step   6000 | loss = -1.0438 | g_L = +1.0438 | EMA = +1.1531 | std(g_L) = 0.9934 | grad = 0.2366
step   6020 | loss = -1.1138 | g_L = +1.1138 | EMA = +1.1432 | std(g_L) = 1.0942 | grad = 0.3885
step   6040 | loss = -1.2244 | g_L = +1.2244 | EMA = +1.1250 | std(g_L) = 1.1081 | grad = 0.6216
step   6060 | loss = -1.1353 | g_L = +1.1353 | EMA = +1.1473 | std(g_L) = 0.9924 | grad = 0.6207
step   6080 | loss = -1.1016 | g_L = +1.1016 | EMA = +1.1573 | std(g_L) = 1.0388 | grad = 0.6138
step   6100 | loss = -1.0200 | g_L = +1.0200 | EMA = +1.1291 | std(g_L) = 1.0276 | grad = 0.5183
step   6120 | loss = -1.1179 | g_L = +1.1179 | EMA = +1.1346 | std(g_L) = 1.0963 | grad = 0.5027
step   6140 | loss = -1.1996 | g_L = +1.1996 | EMA = +1.1594 | std(g_L) = 0.9863 | grad = 0.3876
step   6160 | loss = -0.9829 | g_L = +0.9829 | EMA = +1.1226 | std(g_L) = 1.0148 | grad = 0.4283
step   6180 | loss = -1.2476 | g_L = +1.2476 | EMA = +1.1274 | std(g_L) = 1.0526 | grad = 0.3369
step   6200 | loss = -1.2154 | g_L = +1.2154 | EMA = +1.1341 | std(g_L) = 1.2438 | grad = 0.4445
step   6220 | loss = -1.1725 | g_L = +1.1725 | EMA = +1.1403 | std(g_L) = 1.0257 | grad = 0.4394
step   6240 | loss = -1.2537 | g_L = +1.2537 | EMA = +1.1423 | std(g_L) = 1.0181 | grad = 0.2926
step   6260 | loss = -1.2158 | g_L = +1.2158 | EMA = +1.1472 | std(g_L) = 1.0396 | grad = 0.4501
step   6280 | loss = -1.3063 | g_L = +1.3063 | EMA = +1.1392 | std(g_L) = 1.2597 | grad = 0.3383
step   6300 | loss = -1.0852 | g_L = +1.0852 | EMA = +1.1122 | std(g_L) = 0.9662 | grad = 0.3043
step   6320 | loss = -1.2912 | g_L = +1.2912 | EMA = +1.1458 | std(g_L) = 1.0251 | grad = 0.2843
step   6340 | loss = -1.0976 | g_L = +1.0976 | EMA = +1.1376 | std(g_L) = 1.0899 | grad = 0.3572
step   6360 | loss = -1.1321 | g_L = +1.1321 | EMA = +1.1212 | std(g_L) = 1.0716 | grad = 0.3380
step   6380 | loss = -1.0185 | g_L = +1.0185 | EMA = +1.1195 | std(g_L) = 0.9523 | grad = 0.3292
step   6400 | loss = -1.3536 | g_L = +1.3536 | EMA = +1.1266 | std(g_L) = 1.0691 | grad = 0.2701
step   6420 | loss = -1.2499 | g_L = +1.2499 | EMA = +1.1500 | std(g_L) = 1.0148 | grad = 0.2069
step   6440 | loss = -1.2476 | g_L = +1.2476 | EMA = +1.1412 | std(g_L) = 1.0893 | grad = 0.4592
step   6460 | loss = -1.1234 | g_L = +1.1234 | EMA = +1.1388 | std(g_L) = 1.0247 | grad = 0.5245
step   6480 | loss = -1.1112 | g_L = +1.1112 | EMA = +1.1191 | std(g_L) = 1.1771 | grad = 0.3858
step   6500 | loss = -1.0393 | g_L = +1.0393 | EMA = +1.1134 | std(g_L) = 1.0037 | grad = 0.2490
step   6520 | loss = -0.8731 | g_L = +0.8731 | EMA = +1.1059 | std(g_L) = 1.0332 | grad = 0.4923
step   6540 | loss = -1.0864 | g_L = +1.0864 | EMA = +1.1045 | std(g_L) = 1.0303 | grad = 0.4785
step   6560 | loss = -1.1876 | g_L = +1.1876 | EMA = +1.0990 | std(g_L) = 0.9966 | grad = 0.3570
step   6580 | loss = -1.2416 | g_L = +1.2416 | EMA = +1.1315 | std(g_L) = 1.0195 | grad = 0.3283
step   6600 | loss = -1.1555 | g_L = +1.1555 | EMA = +1.1445 | std(g_L) = 0.9681 | grad = 0.3188
step   6620 | loss = -1.2877 | g_L = +1.2877 | EMA = +1.1717 | std(g_L) = 1.0715 | grad = 0.2675
step   6640 | loss = -1.0270 | g_L = +1.0270 | EMA = +1.1615 | std(g_L) = 1.1789 | grad = 0.2652
step   6660 | loss = -0.9697 | g_L = +0.9697 | EMA = +1.1285 | std(g_L) = 0.9920 | grad = 0.5413
step   6680 | loss = -1.0852 | g_L = +1.0852 | EMA = +1.1118 | std(g_L) = 1.0473 | grad = 0.3340
step   6700 | loss = -1.2038 | g_L = +1.2038 | EMA = +1.1315 | std(g_L) = 1.2478 | grad = 0.4467
step   6720 | loss = -1.0922 | g_L = +1.0922 | EMA = +1.1318 | std(g_L) = 1.1099 | grad = 0.7636
step   6740 | loss = -1.0866 | g_L = +1.0866 | EMA = +1.1151 | std(g_L) = 1.0295 | grad = 0.3593
step   6760 | loss = -1.2042 | g_L = +1.2042 | EMA = +1.1316 | std(g_L) = 0.9206 | grad = 0.3872
step   6780 | loss = -1.0515 | g_L = +1.0515 | EMA = +1.1377 | std(g_L) = 0.9662 | grad = 0.2916
step   6800 | loss = -0.8650 | g_L = +0.8650 | EMA = +1.1327 | std(g_L) = 1.0886 | grad = 0.2510
step   6820 | loss = -1.1052 | g_L = +1.1052 | EMA = +1.1125 | std(g_L) = 0.9737 | grad = 0.3186
step   6840 | loss = -1.0457 | g_L = +1.0457 | EMA = +1.1396 | std(g_L) = 1.0788 | grad = 0.4106
step   6860 | loss = -1.2312 | g_L = +1.2312 | EMA = +1.1373 | std(g_L) = 0.9644 | grad = 0.2690
step   6880 | loss = -1.0819 | g_L = +1.0819 | EMA = +1.1250 | std(g_L) = 1.0607 | grad = 0.2505
step   6900 | loss = -1.2236 | g_L = +1.2236 | EMA = +1.1511 | std(g_L) = 1.0222 | grad = 0.4924
step   6920 | loss = -1.1503 | g_L = +1.1503 | EMA = +1.1705 | std(g_L) = 1.0830 | grad = 0.3548
step   6940 | loss = -1.1087 | g_L = +1.1087 | EMA = +1.1678 | std(g_L) = 0.9821 | grad = 0.4125
step   6960 | loss = -1.2197 | g_L = +1.2197 | EMA = +1.1461 | std(g_L) = 1.0879 | grad = 0.2675
step   6980 | loss = -1.1985 | g_L = +1.1985 | EMA = +1.1105 | std(g_L) = 1.0380 | grad = 0.5416
step   7000 | loss = -1.2740 | g_L = +1.2740 | EMA = +1.1481 | std(g_L) = 1.1161 | grad = 0.4230
step   7020 | loss = -1.0539 | g_L = +1.0539 | EMA = +1.1429 | std(g_L) = 1.0929 | grad = 0.3707
step   7040 | loss = -1.2244 | g_L = +1.2244 | EMA = +1.1457 | std(g_L) = 1.0992 | grad = 0.3802
step   7060 | loss = -0.9925 | g_L = +0.9925 | EMA = +1.1295 | std(g_L) = 1.1282 | grad = 0.3168
step   7080 | loss = -1.0104 | g_L = +1.0104 | EMA = +1.1390 | std(g_L) = 1.0224 | grad = 0.2382
step   7100 | loss = -1.1433 | g_L = +1.1433 | EMA = +1.1147 | std(g_L) = 1.1011 | grad = 0.3053
step   7120 | loss = -1.0446 | g_L = +1.0446 | EMA = +1.1056 | std(g_L) = 1.0430 | grad = 0.2656
step   7140 | loss = -1.2859 | g_L = +1.2859 | EMA = +1.1320 | std(g_L) = 1.0483 | grad = 0.3396
step   7160 | loss = -1.1406 | g_L = +1.1406 | EMA = +1.1364 | std(g_L) = 1.1217 | grad = 0.4093
step   7180 | loss = -1.1844 | g_L = +1.1844 | EMA = +1.1492 | std(g_L) = 1.1062 | grad = 0.5039
step   7200 | loss = -1.2447 | g_L = +1.2447 | EMA = +1.1533 | std(g_L) = 1.1086 | grad = 0.1925
step   7220 | loss = -1.1088 | g_L = +1.1088 | EMA = +1.1222 | std(g_L) = 1.0246 | grad = 0.3702
step   7240 | loss = -1.1578 | g_L = +1.1578 | EMA = +1.1398 | std(g_L) = 1.1100 | grad = 0.3400
step   7260 | loss = -0.9357 | g_L = +0.9357 | EMA = +1.1328 | std(g_L) = 1.0445 | grad = 0.3546
step   7280 | loss = -1.2072 | g_L = +1.2072 | EMA = +1.1504 | std(g_L) = 0.9453 | grad = 0.5584
step   7300 | loss = -1.1528 | g_L = +1.1528 | EMA = +1.1317 | std(g_L) = 1.1021 | grad = 0.4515
step   7320 | loss = -1.1248 | g_L = +1.1248 | EMA = +1.1512 | std(g_L) = 0.9107 | grad = 0.4798
step   7340 | loss = -1.1335 | g_L = +1.1335 | EMA = +1.1519 | std(g_L) = 1.0021 | grad = 0.3337
step   7360 | loss = -1.0724 | g_L = +1.0724 | EMA = +1.1426 | std(g_L) = 1.1614 | grad = 0.2875
step   7380 | loss = -1.1278 | g_L = +1.1278 | EMA = +1.1251 | std(g_L) = 0.9643 | grad = 0.4914
step   7400 | loss = -1.1933 | g_L = +1.1933 | EMA = +1.1406 | std(g_L) = 1.0399 | grad = 0.3253
step   7420 | loss = -1.1594 | g_L = +1.1594 | EMA = +1.1519 | std(g_L) = 1.0508 | grad = 0.2024
step   7440 | loss = -1.0991 | g_L = +1.0991 | EMA = +1.1630 | std(g_L) = 1.0682 | grad = 0.4427
step   7460 | loss = -0.9958 | g_L = +0.9958 | EMA = +1.1430 | std(g_L) = 1.0105 | grad = 0.5715
step   7480 | loss = -1.1974 | g_L = +1.1974 | EMA = +1.1545 | std(g_L) = 0.9396 | grad = 0.3649
step   7500 | loss = -1.1928 | g_L = +1.1928 | EMA = +1.1522 | std(g_L) = 1.0084 | grad = 0.5200
step   7520 | loss = -1.1476 | g_L = +1.1476 | EMA = +1.1382 | std(g_L) = 1.1245 | grad = 0.3274
step   7540 | loss = -1.1895 | g_L = +1.1895 | EMA = +1.1274 | std(g_L) = 0.9499 | grad = 0.2725
step   7560 | loss = -1.1090 | g_L = +1.1090 | EMA = +1.1253 | std(g_L) = 1.0553 | grad = 0.2616
step   7580 | loss = -1.1225 | g_L = +1.1225 | EMA = +1.1236 | std(g_L) = 0.9697 | grad = 0.3151
step   7600 | loss = -1.0194 | g_L = +1.0194 | EMA = +1.1150 | std(g_L) = 1.1133 | grad = 0.5997
step   7620 | loss = -1.0726 | g_L = +1.0726 | EMA = +1.1285 | std(g_L) = 0.9199 | grad = 0.1990
step   7640 | loss = -1.2424 | g_L = +1.2424 | EMA = +1.1273 | std(g_L) = 1.0420 | grad = 0.2720
step   7660 | loss = -1.1126 | g_L = +1.1126 | EMA = +1.1333 | std(g_L) = 1.0009 | grad = 0.5711
step   7680 | loss = -1.2387 | g_L = +1.2387 | EMA = +1.1270 | std(g_L) = 1.2140 | grad = 0.2754
step   7700 | loss = -1.0970 | g_L = +1.0970 | EMA = +1.1273 | std(g_L) = 1.1972 | grad = 0.3294
step   7720 | loss = -1.0633 | g_L = +1.0633 | EMA = +1.1101 | std(g_L) = 0.9283 | grad = 0.1744
step   7740 | loss = -1.1741 | g_L = +1.1741 | EMA = +1.1362 | std(g_L) = 1.1683 | grad = 0.2068
step   7760 | loss = -1.0978 | g_L = +1.0978 | EMA = +1.1206 | std(g_L) = 1.0360 | grad = 0.1684
step   7780 | loss = -1.1407 | g_L = +1.1407 | EMA = +1.1441 | std(g_L) = 1.0240 | grad = 0.3679
step   7800 | loss = -1.1616 | g_L = +1.1616 | EMA = +1.1335 | std(g_L) = 1.0318 | grad = 0.1830
step   7820 | loss = -1.2533 | g_L = +1.2533 | EMA = +1.1387 | std(g_L) = 0.9665 | grad = 0.3126
step   7840 | loss = -1.1892 | g_L = +1.1892 | EMA = +1.1404 | std(g_L) = 0.9386 | grad = 0.5333
step   7860 | loss = -1.3130 | g_L = +1.3130 | EMA = +1.1381 | std(g_L) = 1.0075 | grad = 0.3400
step   7880 | loss = -1.1339 | g_L = +1.1339 | EMA = +1.1639 | std(g_L) = 0.9912 | grad = 0.4240
step   7900 | loss = -1.2188 | g_L = +1.2188 | EMA = +1.1394 | std(g_L) = 1.1379 | grad = 0.4065
step   7920 | loss = -1.0755 | g_L = +1.0755 | EMA = +1.1291 | std(g_L) = 0.9326 | grad = 0.4360
step   7940 | loss = -1.0980 | g_L = +1.0980 | EMA = +1.1160 | std(g_L) = 1.1365 | grad = 0.3685
step   7960 | loss = -1.2347 | g_L = +1.2347 | EMA = +1.1587 | std(g_L) = 1.1038 | grad = 0.3097
step   7980 | loss = -1.2115 | g_L = +1.2115 | EMA = +1.1429 | std(g_L) = 0.9946 | grad = 0.5502
step   8000 | loss = -0.9890 | g_L = +0.9890 | EMA = +1.1223 | std(g_L) = 1.1008 | grad = 0.2024
step   8020 | loss = -1.1981 | g_L = +1.1981 | EMA = +1.1475 | std(g_L) = 1.0455 | grad = 0.1689
step   8040 | loss = -1.0418 | g_L = +1.0418 | EMA = +1.1162 | std(g_L) = 1.0635 | grad = 0.2894
step   8060 | loss = -1.2272 | g_L = +1.2272 | EMA = +1.1376 | std(g_L) = 1.0923 | grad = 0.1993
step   8080 | loss = -0.9691 | g_L = +0.9691 | EMA = +1.1132 | std(g_L) = 1.0188 | grad = 0.2500
step   8100 | loss = -1.1178 | g_L = +1.1178 | EMA = +1.1500 | std(g_L) = 0.8444 | grad = 0.4649
step   8120 | loss = -1.2814 | g_L = +1.2814 | EMA = +1.1550 | std(g_L) = 1.1429 | grad = 0.4056
step   8140 | loss = -1.0609 | g_L = +1.0609 | EMA = +1.1610 | std(g_L) = 1.0271 | grad = 0.2414
step   8160 | loss = -1.2034 | g_L = +1.2034 | EMA = +1.1646 | std(g_L) = 1.2058 | grad = 0.3264
step   8180 | loss = -1.1209 | g_L = +1.1209 | EMA = +1.1536 | std(g_L) = 0.9716 | grad = 0.3864
step   8200 | loss = -1.0783 | g_L = +1.0783 | EMA = +1.1208 | std(g_L) = 1.0022 | grad = 0.4497
step   8220 | loss = -1.1446 | g_L = +1.1446 | EMA = +1.1470 | std(g_L) = 1.0158 | grad = 0.4182
step   8240 | loss = -1.2933 | g_L = +1.2933 | EMA = +1.1557 | std(g_L) = 1.0914 | grad = 0.2571
step   8260 | loss = -1.1916 | g_L = +1.1916 | EMA = +1.1374 | std(g_L) = 1.0936 | grad = 0.3966
step   8280 | loss = -1.2118 | g_L = +1.2118 | EMA = +1.1430 | std(g_L) = 1.0869 | grad = 0.3805
step   8300 | loss = -0.9771 | g_L = +0.9771 | EMA = +1.1292 | std(g_L) = 1.0733 | grad = 0.3388
step   8320 | loss = -1.1193 | g_L = +1.1193 | EMA = +1.1198 | std(g_L) = 1.1143 | grad = 0.3031
step   8340 | loss = -1.1640 | g_L = +1.1640 | EMA = +1.1357 | std(g_L) = 1.0440 | grad = 0.4221
step   8360 | loss = -0.9929 | g_L = +0.9929 | EMA = +1.1367 | std(g_L) = 1.0031 | grad = 0.2155
step   8380 | loss = -1.1207 | g_L = +1.1207 | EMA = +1.1380 | std(g_L) = 0.9193 | grad = 0.3490
step   8400 | loss = -1.2338 | g_L = +1.2338 | EMA = +1.1389 | std(g_L) = 1.0457 | grad = 0.6878
step   8420 | loss = -1.1783 | g_L = +1.1783 | EMA = +1.1437 | std(g_L) = 1.1662 | grad = 0.3217
step   8440 | loss = -1.1650 | g_L = +1.1650 | EMA = +1.1523 | std(g_L) = 1.0354 | grad = 0.3103
step   8460 | loss = -1.0554 | g_L = +1.0554 | EMA = +1.1398 | std(g_L) = 1.0067 | grad = 0.5421
step   8480 | loss = -1.0247 | g_L = +1.0247 | EMA = +1.1288 | std(g_L) = 1.1810 | grad = 0.1877
step   8500 | loss = -1.0796 | g_L = +1.0796 | EMA = +1.1208 | std(g_L) = 0.8879 | grad = 0.6743
step   8520 | loss = -1.1732 | g_L = +1.1732 | EMA = +1.1315 | std(g_L) = 1.0209 | grad = 0.2108
step   8540 | loss = -1.1407 | g_L = +1.1407 | EMA = +1.1471 | std(g_L) = 1.0368 | grad = 0.2471
step   8560 | loss = -1.1943 | g_L = +1.1943 | EMA = +1.1603 | std(g_L) = 1.1757 | grad = 0.5704
step   8580 | loss = -1.1276 | g_L = +1.1276 | EMA = +1.1689 | std(g_L) = 1.0595 | grad = 0.1873
step   8600 | loss = -1.2450 | g_L = +1.2450 | EMA = +1.1763 | std(g_L) = 0.9793 | grad = 0.4041
step   8620 | loss = -1.1978 | g_L = +1.1978 | EMA = +1.1582 | std(g_L) = 1.0942 | grad = 0.1515
step   8640 | loss = -1.2345 | g_L = +1.2345 | EMA = +1.1463 | std(g_L) = 0.9692 | grad = 0.4917
step   8660 | loss = -0.9746 | g_L = +0.9746 | EMA = +1.1272 | std(g_L) = 0.9468 | grad = 0.5867
step   8680 | loss = -1.1876 | g_L = +1.1876 | EMA = +1.1357 | std(g_L) = 1.0548 | grad = 0.4015
step   8700 | loss = -1.1008 | g_L = +1.1008 | EMA = +1.1292 | std(g_L) = 1.1460 | grad = 0.6316
step   8720 | loss = -1.0632 | g_L = +1.0632 | EMA = +1.1583 | std(g_L) = 1.0650 | grad = 0.2230
step   8740 | loss = -1.1032 | g_L = +1.1032 | EMA = +1.1097 | std(g_L) = 0.9956 | grad = 0.4767
step   8760 | loss = -1.0108 | g_L = +1.0108 | EMA = +1.1380 | std(g_L) = 0.9806 | grad = 0.6388
step   8780 | loss = -0.9962 | g_L = +0.9962 | EMA = +1.1311 | std(g_L) = 0.9995 | grad = 0.3841
step   8800 | loss = -1.2793 | g_L = +1.2793 | EMA = +1.1658 | std(g_L) = 1.1761 | grad = 0.1086
step   8820 | loss = -1.1044 | g_L = +1.1044 | EMA = +1.1504 | std(g_L) = 1.1298 | grad = 0.2063
step   8840 | loss = -1.2952 | g_L = +1.2952 | EMA = +1.1711 | std(g_L) = 1.0099 | grad = 0.6586
step   8860 | loss = -1.1041 | g_L = +1.1041 | EMA = +1.1537 | std(g_L) = 0.9280 | grad = 0.1252
step   8880 | loss = -1.1297 | g_L = +1.1297 | EMA = +1.1446 | std(g_L) = 1.0130 | grad = 0.2830
step   8900 | loss = -1.2473 | g_L = +1.2473 | EMA = +1.1612 | std(g_L) = 1.0838 | grad = 0.5402
step   8920 | loss = -1.1009 | g_L = +1.1009 | EMA = +1.1700 | std(g_L) = 1.0883 | grad = 0.2495
step   8940 | loss = -0.9864 | g_L = +0.9864 | EMA = +1.1441 | std(g_L) = 1.1591 | grad = 0.4014
step   8960 | loss = -1.1943 | g_L = +1.1943 | EMA = +1.1567 | std(g_L) = 0.9832 | grad = 0.3168
step   8980 | loss = -1.1908 | g_L = +1.1908 | EMA = +1.1520 | std(g_L) = 1.0614 | grad = 0.2940
step   9000 | loss = -1.0849 | g_L = +1.0849 | EMA = +1.1397 | std(g_L) = 1.0266 | grad = 0.5185
step   9020 | loss = -1.0746 | g_L = +1.0746 | EMA = +1.1660 | std(g_L) = 0.9768 | grad = 0.2779
step   9040 | loss = -1.1212 | g_L = +1.1212 | EMA = +1.1328 | std(g_L) = 0.9568 | grad = 0.3945
step   9060 | loss = -0.9759 | g_L = +0.9759 | EMA = +1.1168 | std(g_L) = 1.0476 | grad = 0.5430
step   9080 | loss = -1.2210 | g_L = +1.2210 | EMA = +1.1455 | std(g_L) = 1.1443 | grad = 0.3030
step   9100 | loss = -1.1042 | g_L = +1.1042 | EMA = +1.1422 | std(g_L) = 1.0424 | grad = 0.2062
step   9120 | loss = -1.1072 | g_L = +1.1072 | EMA = +1.1444 | std(g_L) = 1.1052 | grad = 0.4854
step   9140 | loss = -1.1310 | g_L = +1.1310 | EMA = +1.1438 | std(g_L) = 1.1207 | grad = 0.3600
step   9160 | loss = -1.1032 | g_L = +1.1032 | EMA = +1.1500 | std(g_L) = 1.1302 | grad = 0.2777
step   9180 | loss = -1.0441 | g_L = +1.0441 | EMA = +1.1651 | std(g_L) = 1.0958 | grad = 0.5342
step   9200 | loss = -1.1681 | g_L = +1.1681 | EMA = +1.1612 | std(g_L) = 1.0463 | grad = 0.3576
step   9220 | loss = -1.2390 | g_L = +1.2390 | EMA = +1.1403 | std(g_L) = 1.0339 | grad = 0.5540
step   9240 | loss = -1.1119 | g_L = +1.1119 | EMA = +1.1711 | std(g_L) = 1.0927 | grad = 0.1383
step   9260 | loss = -0.8781 | g_L = +0.8781 | EMA = +1.1533 | std(g_L) = 1.2752 | grad = 0.5402
step   9280 | loss = -0.9646 | g_L = +0.9646 | EMA = +1.1606 | std(g_L) = 1.1630 | grad = 0.5559
step   9300 | loss = -1.2039 | g_L = +1.2039 | EMA = +1.1628 | std(g_L) = 1.0910 | grad = 0.1841
step   9320 | loss = -1.0157 | g_L = +1.0157 | EMA = +1.1551 | std(g_L) = 1.0628 | grad = 0.1889
step   9340 | loss = -1.2531 | g_L = +1.2531 | EMA = +1.1665 | std(g_L) = 1.0429 | grad = 0.4283
step   9360 | loss = -1.1244 | g_L = +1.1244 | EMA = +1.1285 | std(g_L) = 1.0336 | grad = 0.3439
step   9380 | loss = -1.2003 | g_L = +1.2003 | EMA = +1.1461 | std(g_L) = 1.0293 | grad = 0.4983
step   9400 | loss = -1.1241 | g_L = +1.1241 | EMA = +1.1369 | std(g_L) = 1.1055 | grad = 0.3559
step   9420 | loss = -1.2106 | g_L = +1.2106 | EMA = +1.1391 | std(g_L) = 1.0614 | grad = 0.5273
step   9440 | loss = -1.2504 | g_L = +1.2504 | EMA = +1.1657 | std(g_L) = 1.0569 | grad = 0.3142
step   9460 | loss = -1.3349 | g_L = +1.3349 | EMA = +1.1747 | std(g_L) = 1.0269 | grad = 0.1671
step   9480 | loss = -0.9992 | g_L = +0.9992 | EMA = +1.1354 | std(g_L) = 0.9648 | grad = 0.2791
step   9500 | loss = -1.1441 | g_L = +1.1441 | EMA = +1.1693 | std(g_L) = 1.0424 | grad = 0.4433
step   9520 | loss = -1.0951 | g_L = +1.0951 | EMA = +1.1649 | std(g_L) = 1.0528 | grad = 0.4110
step   9540 | loss = -1.1478 | g_L = +1.1478 | EMA = +1.1709 | std(g_L) = 1.1323 | grad = 0.2323
step   9560 | loss = -1.3050 | g_L = +1.3050 | EMA = +1.1991 | std(g_L) = 0.9816 | grad = 0.3283
step   9580 | loss = -0.9794 | g_L = +0.9794 | EMA = +1.1697 | std(g_L) = 1.0354 | grad = 0.4698
step   9600 | loss = -1.1444 | g_L = +1.1444 | EMA = +1.1670 | std(g_L) = 1.1114 | grad = 0.5303
step   9620 | loss = -1.1657 | g_L = +1.1657 | EMA = +1.1812 | std(g_L) = 1.0096 | grad = 0.5694
step   9640 | loss = -1.2184 | g_L = +1.2184 | EMA = +1.1877 | std(g_L) = 1.0981 | grad = 0.3640
step   9660 | loss = -1.1851 | g_L = +1.1851 | EMA = +1.1605 | std(g_L) = 1.1145 | grad = 0.4254
step   9680 | loss = -1.0994 | g_L = +1.0994 | EMA = +1.1707 | std(g_L) = 1.1323 | grad = 0.3310
step   9700 | loss = -1.2159 | g_L = +1.2159 | EMA = +1.1728 | std(g_L) = 1.0371 | grad = 0.6930
step   9720 | loss = -1.1381 | g_L = +1.1381 | EMA = +1.1787 | std(g_L) = 1.0411 | grad = 0.3223
step   9740 | loss = -1.0990 | g_L = +1.0990 | EMA = +1.1357 | std(g_L) = 1.0318 | grad = 0.2717
step   9760 | loss = -1.3687 | g_L = +1.3687 | EMA = +1.1701 | std(g_L) = 1.0873 | grad = 0.2897
step   9780 | loss = -1.0531 | g_L = +1.0531 | EMA = +1.1350 | std(g_L) = 1.0897 | grad = 0.5337
step   9800 | loss = -1.3099 | g_L = +1.3099 | EMA = +1.1696 | std(g_L) = 1.0542 | grad = 0.4432
step   9820 | loss = -1.2474 | g_L = +1.2474 | EMA = +1.1766 | std(g_L) = 1.0518 | grad = 0.3105
step   9840 | loss = -1.1756 | g_L = +1.1756 | EMA = +1.1657 | std(g_L) = 1.0678 | grad = 0.5170
step   9860 | loss = -0.9948 | g_L = +0.9948 | EMA = +1.1753 | std(g_L) = 1.0580 | grad = 0.5128
step   9880 | loss = -1.2821 | g_L = +1.2821 | EMA = +1.1678 | std(g_L) = 1.1712 | grad = 0.1139
step   9900 | loss = -0.9424 | g_L = +0.9424 | EMA = +1.1666 | std(g_L) = 0.9665 | grad = 0.2743
step   9920 | loss = -1.3026 | g_L = +1.3026 | EMA = +1.1591 | std(g_L) = 1.1280 | grad = 0.3842
step   9940 | loss = -1.1071 | g_L = +1.1071 | EMA = +1.1480 | std(g_L) = 1.1195 | grad = 0.4485
step   9960 | loss = -1.1253 | g_L = +1.1253 | EMA = +1.1654 | std(g_L) = 1.0850 | grad = 0.4931
step   9980 | loss = -1.0306 | g_L = +1.0306 | EMA = +1.1535 | std(g_L) = 1.0733 | grad = 0.3101
step  10000 | loss = -0.9644 | g_L = +0.9644 | EMA = +1.1443 | std(g_L) = 1.1301 | grad = 0.3007
step  10020 | loss = -1.2144 | g_L = +1.2144 | EMA = +1.1774 | std(g_L) = 1.0929 | grad = 0.7470
step  10040 | loss = -1.1979 | g_L = +1.1979 | EMA = +1.1800 | std(g_L) = 1.0301 | grad = 0.3273
step  10060 | loss = -1.3063 | g_L = +1.3063 | EMA = +1.1860 | std(g_L) = 1.1507 | grad = 0.3009
step  10080 | loss = -1.1457 | g_L = +1.1457 | EMA = +1.1804 | std(g_L) = 1.0331 | grad = 0.1422
step  10100 | loss = -1.0409 | g_L = +1.0409 | EMA = +1.1639 | std(g_L) = 1.1132 | grad = 0.7941
step  10120 | loss = -0.9009 | g_L = +0.9009 | EMA = +1.1465 | std(g_L) = 1.1435 | grad = 0.5440
step  10140 | loss = -1.1180 | g_L = +1.1180 | EMA = +1.1534 | std(g_L) = 1.0050 | grad = 0.2510
step  10160 | loss = -1.0701 | g_L = +1.0701 | EMA = +1.1715 | std(g_L) = 1.0601 | grad = 0.2336
step  10180 | loss = -1.1200 | g_L = +1.1200 | EMA = +1.1700 | std(g_L) = 0.9967 | grad = 0.2670
step  10200 | loss = -1.1952 | g_L = +1.1952 | EMA = +1.1846 | std(g_L) = 1.2305 | grad = 0.2093
step  10220 | loss = -1.1455 | g_L = +1.1455 | EMA = +1.1712 | std(g_L) = 0.9966 | grad = 0.2519
step  10240 | loss = -1.2150 | g_L = +1.2150 | EMA = +1.1485 | std(g_L) = 1.1145 | grad = 0.4718
step  10260 | loss = -1.2765 | g_L = +1.2765 | EMA = +1.1740 | std(g_L) = 1.0783 | grad = 0.3480
step  10280 | loss = -1.0877 | g_L = +1.0877 | EMA = +1.1645 | std(g_L) = 0.9896 | grad = 0.5949
step  10300 | loss = -1.1722 | g_L = +1.1722 | EMA = +1.1855 | std(g_L) = 1.1652 | grad = 0.5164
step  10320 | loss = -1.1158 | g_L = +1.1158 | EMA = +1.1754 | std(g_L) = 0.9713 | grad = 0.6542
step  10340 | loss = -1.1765 | g_L = +1.1765 | EMA = +1.1960 | std(g_L) = 1.3540 | grad = 0.2968
step  10360 | loss = -1.2300 | g_L = +1.2300 | EMA = +1.1867 | std(g_L) = 1.1528 | grad = 0.2759
step  10380 | loss = -1.1596 | g_L = +1.1596 | EMA = +1.1811 | std(g_L) = 1.0648 | grad = 0.1687
step  10400 | loss = -1.2469 | g_L = +1.2469 | EMA = +1.1899 | std(g_L) = 1.0437 | grad = 0.4612
step  10420 | loss = -1.1746 | g_L = +1.1746 | EMA = +1.1880 | std(g_L) = 1.1738 | grad = 0.1592
step  10440 | loss = -1.2572 | g_L = +1.2572 | EMA = +1.1819 | std(g_L) = 1.1157 | grad = 0.3202
step  10460 | loss = -1.0667 | g_L = +1.0667 | EMA = +1.1729 | std(g_L) = 1.1529 | grad = 0.6699
step  10480 | loss = -1.1062 | g_L = +1.1062 | EMA = +1.1642 | std(g_L) = 1.1504 | grad = 0.3528
step  10500 | loss = -1.1610 | g_L = +1.1610 | EMA = +1.1780 | std(g_L) = 1.2233 | grad = 0.7500
step  10520 | loss = -1.1835 | g_L = +1.1835 | EMA = +1.1925 | std(g_L) = 1.0051 | grad = 0.3669
step  10540 | loss = -1.3786 | g_L = +1.3786 | EMA = +1.2027 | std(g_L) = 1.1162 | grad = 0.3982
step  10560 | loss = -1.2126 | g_L = +1.2126 | EMA = +1.1818 | std(g_L) = 1.1305 | grad = 0.4823
step  10580 | loss = -1.1573 | g_L = +1.1573 | EMA = +1.1907 | std(g_L) = 1.1482 | grad = 0.3991
step  10600 | loss = -1.3528 | g_L = +1.3528 | EMA = +1.2029 | std(g_L) = 1.1122 | grad = 0.4858
step  10620 | loss = -1.0626 | g_L = +1.0626 | EMA = +1.1773 | std(g_L) = 1.0556 | grad = 0.3314
step  10640 | loss = -1.1165 | g_L = +1.1165 | EMA = +1.1989 | std(g_L) = 1.1268 | grad = 0.6524
step  10660 | loss = -1.1652 | g_L = +1.1652 | EMA = +1.1991 | std(g_L) = 1.1100 | grad = 0.6175
step  10680 | loss = -1.1011 | g_L = +1.1011 | EMA = +1.2067 | std(g_L) = 1.1628 | grad = 0.2074
step  10700 | loss = -1.2285 | g_L = +1.2285 | EMA = +1.1884 | std(g_L) = 1.1341 | grad = 0.3118
step  10720 | loss = -1.0467 | g_L = +1.0467 | EMA = +1.1769 | std(g_L) = 1.3492 | grad = 0.1958
step  10740 | loss = -1.2500 | g_L = +1.2500 | EMA = +1.1842 | std(g_L) = 1.0252 | grad = 0.3864
step  10760 | loss = -1.0849 | g_L = +1.0849 | EMA = +1.1782 | std(g_L) = 1.0821 | grad = 0.3538
step  10780 | loss = -1.3709 | g_L = +1.3709 | EMA = +1.2285 | std(g_L) = 1.1154 | grad = 0.2978
step  10800 | loss = -1.1353 | g_L = +1.1353 | EMA = +1.2167 | std(g_L) = 1.1401 | grad = 0.3732
step  10820 | loss = -1.3321 | g_L = +1.3321 | EMA = +1.2150 | std(g_L) = 1.1490 | grad = 0.6001
step  10840 | loss = -1.3403 | g_L = +1.3403 | EMA = +1.2319 | std(g_L) = 1.1570 | grad = 0.2533
step  10860 | loss = -1.2810 | g_L = +1.2810 | EMA = +1.2052 | std(g_L) = 1.2556 | grad = 0.1720
step  10880 | loss = -1.0972 | g_L = +1.0972 | EMA = +1.1939 | std(g_L) = 1.0846 | grad = 0.3441
step  10900 | loss = -1.1925 | g_L = +1.1925 | EMA = +1.2034 | std(g_L) = 1.2077 | grad = 0.4960
step  10920 | loss = -1.1178 | g_L = +1.1178 | EMA = +1.2112 | std(g_L) = 1.1979 | grad = 0.3460
step  10940 | loss = -1.1038 | g_L = +1.1038 | EMA = +1.2077 | std(g_L) = 1.1139 | grad = 0.3049
step  10960 | loss = -1.2642 | g_L = +1.2642 | EMA = +1.2301 | std(g_L) = 1.1558 | grad = 0.3514
step  10980 | loss = -1.2022 | g_L = +1.2022 | EMA = +1.2009 | std(g_L) = 1.1372 | grad = 0.4394
step  11000 | loss = -1.1167 | g_L = +1.1167 | EMA = +1.2200 | std(g_L) = 0.9745 | grad = 0.3473
step  11020 | loss = -1.3096 | g_L = +1.3096 | EMA = +1.2003 | std(g_L) = 1.2066 | grad = 0.4512
step  11040 | loss = -1.1994 | g_L = +1.1994 | EMA = +1.1998 | std(g_L) = 1.1579 | grad = 0.3132
step  11060 | loss = -1.2785 | g_L = +1.2785 | EMA = +1.2028 | std(g_L) = 1.2201 | grad = 0.2301
step  11080 | loss = -1.1310 | g_L = +1.1310 | EMA = +1.1910 | std(g_L) = 1.0980 | grad = 0.5519
step  11100 | loss = -1.2563 | g_L = +1.2563 | EMA = +1.2047 | std(g_L) = 1.0451 | grad = 0.2788
step  11120 | loss = -1.0329 | g_L = +1.0329 | EMA = +1.2055 | std(g_L) = 0.9756 | grad = 0.5489
step  11140 | loss = -1.2956 | g_L = +1.2956 | EMA = +1.2152 | std(g_L) = 1.1334 | grad = 0.4355
step  11160 | loss = -1.2992 | g_L = +1.2992 | EMA = +1.2355 | std(g_L) = 1.0806 | grad = 0.1931
step  11180 | loss = -1.0665 | g_L = +1.0665 | EMA = +1.2111 | std(g_L) = 1.0850 | grad = 0.4962
step  11200 | loss = -1.1966 | g_L = +1.1966 | EMA = +1.2198 | std(g_L) = 1.0971 | grad = 0.1949
step  11220 | loss = -1.1823 | g_L = +1.1823 | EMA = +1.1949 | std(g_L) = 1.1346 | grad = 0.3306
step  11240 | loss = -1.2650 | g_L = +1.2650 | EMA = +1.2134 | std(g_L) = 1.1184 | grad = 0.1974
step  11260 | loss = -1.0616 | g_L = +1.0616 | EMA = +1.2066 | std(g_L) = 1.3291 | grad = 0.3551
step  11280 | loss = -1.3030 | g_L = +1.3030 | EMA = +1.2209 | std(g_L) = 1.1085 | grad = 0.2731
step  11300 | loss = -1.3048 | g_L = +1.3048 | EMA = +1.1998 | std(g_L) = 1.1012 | grad = 0.3217
step  11320 | loss = -1.2657 | g_L = +1.2657 | EMA = +1.2214 | std(g_L) = 1.1486 | grad = 0.5606
step  11340 | loss = -1.3493 | g_L = +1.3493 | EMA = +1.2417 | std(g_L) = 1.1024 | grad = 0.6025
step  11360 | loss = -1.2797 | g_L = +1.2797 | EMA = +1.2245 | std(g_L) = 1.1795 | grad = 0.3042
step  11380 | loss = -1.0993 | g_L = +1.0993 | EMA = +1.1944 | std(g_L) = 1.1449 | grad = 0.4122
step  11400 | loss = -1.3413 | g_L = +1.3413 | EMA = +1.2101 | std(g_L) = 1.1633 | grad = 0.3215
step  11420 | loss = -1.1558 | g_L = +1.1558 | EMA = +1.2272 | std(g_L) = 1.1394 | grad = 0.2942
step  11440 | loss = -1.2950 | g_L = +1.2950 | EMA = +1.2465 | std(g_L) = 1.1625 | grad = 0.4321
step  11460 | loss = -1.2606 | g_L = +1.2606 | EMA = +1.2092 | std(g_L) = 1.0232 | grad = 0.4681
step  11480 | loss = -1.1647 | g_L = +1.1647 | EMA = +1.2396 | std(g_L) = 1.1545 | grad = 0.3826
step  11500 | loss = -1.2724 | g_L = +1.2724 | EMA = +1.2196 | std(g_L) = 1.2123 | grad = 0.3200
step  11520 | loss = -1.0392 | g_L = +1.0392 | EMA = +1.2306 | std(g_L) = 0.9527 | grad = 0.6386
step  11540 | loss = -1.2065 | g_L = +1.2065 | EMA = +1.2048 | std(g_L) = 1.1294 | grad = 0.4512
step  11560 | loss = -1.1382 | g_L = +1.1382 | EMA = +1.1932 | std(g_L) = 1.2322 | grad = 0.2908
step  11580 | loss = -1.2729 | g_L = +1.2729 | EMA = +1.2012 | std(g_L) = 1.0226 | grad = 0.7195
step  11600 | loss = -1.2056 | g_L = +1.2056 | EMA = +1.2319 | std(g_L) = 1.1779 | grad = 0.3270
step  11620 | loss = -1.1999 | g_L = +1.1999 | EMA = +1.2264 | std(g_L) = 1.0890 | grad = 0.6876
step  11640 | loss = -1.3010 | g_L = +1.3010 | EMA = +1.2312 | std(g_L) = 1.2008 | grad = 0.5761
step  11660 | loss = -1.3492 | g_L = +1.3492 | EMA = +1.2167 | std(g_L) = 1.2111 | grad = 0.4022
step  11680 | loss = -1.3773 | g_L = +1.3773 | EMA = +1.2208 | std(g_L) = 1.1335 | grad = 0.4599
step  11700 | loss = -1.3506 | g_L = +1.3506 | EMA = +1.2198 | std(g_L) = 1.1041 | grad = 0.4945
step  11720 | loss = -1.1579 | g_L = +1.1579 | EMA = +1.2200 | std(g_L) = 1.0964 | grad = 0.5574
step  11740 | loss = -1.2980 | g_L = +1.2980 | EMA = +1.2034 | std(g_L) = 1.1850 | grad = 0.3071
step  11760 | loss = -1.1193 | g_L = +1.1193 | EMA = +1.2021 | std(g_L) = 1.1296 | grad = 0.5305
step  11780 | loss = -1.2353 | g_L = +1.2353 | EMA = +1.2296 | std(g_L) = 1.2957 | grad = 0.4257
step  11800 | loss = -1.1612 | g_L = +1.1612 | EMA = +1.2388 | std(g_L) = 1.1004 | grad = 0.5885
step  11820 | loss = -1.2428 | g_L = +1.2428 | EMA = +1.2350 | std(g_L) = 1.0262 | grad = 0.2654
step  11840 | loss = -1.1443 | g_L = +1.1443 | EMA = +1.2410 | std(g_L) = 1.0316 | grad = 0.4568
step  11860 | loss = -1.1606 | g_L = +1.1606 | EMA = +1.2383 | std(g_L) = 1.1964 | grad = 0.3213
step  11880 | loss = -1.1435 | g_L = +1.1435 | EMA = +1.2358 | std(g_L) = 1.1442 | grad = 0.4517
step  11900 | loss = -1.1739 | g_L = +1.1739 | EMA = +1.2458 | std(g_L) = 1.1457 | grad = 0.5037
step  11920 | loss = -1.3196 | g_L = +1.3196 | EMA = +1.2587 | std(g_L) = 1.0599 | grad = 0.4353
step  11940 | loss = -1.2630 | g_L = +1.2630 | EMA = +1.2566 | std(g_L) = 1.0912 | grad = 0.4523
step  11960 | loss = -1.2823 | g_L = +1.2823 | EMA = +1.2423 | std(g_L) = 1.1312 | grad = 0.4006
step  11980 | loss = -1.2477 | g_L = +1.2477 | EMA = +1.2578 | std(g_L) = 1.1165 | grad = 0.2459
step  12000 | loss = -1.0972 | g_L = +1.0972 | EMA = +1.2509 | std(g_L) = 1.1082 | grad = 0.7492
step  12020 | loss = -1.0569 | g_L = +1.0569 | EMA = +1.2264 | std(g_L) = 1.0683 | grad = 0.4036
step  12040 | loss = -1.2971 | g_L = +1.2971 | EMA = +1.2359 | std(g_L) = 1.1528 | grad = 0.3189
step  12060 | loss = -1.3544 | g_L = +1.3544 | EMA = +1.2352 | std(g_L) = 1.0762 | grad = 0.5580
step  12080 | loss = -1.1800 | g_L = +1.1800 | EMA = +1.2256 | std(g_L) = 1.0937 | grad = 0.5692
step  12100 | loss = -1.3776 | g_L = +1.3776 | EMA = +1.2101 | std(g_L) = 1.1511 | grad = 0.3208
step  12120 | loss = -1.3796 | g_L = +1.3796 | EMA = +1.2315 | std(g_L) = 1.1593 | grad = 0.4758
step  12140 | loss = -1.2848 | g_L = +1.2848 | EMA = +1.2360 | std(g_L) = 1.1740 | grad = 0.2697
step  12160 | loss = -1.1097 | g_L = +1.1097 | EMA = +1.2264 | std(g_L) = 1.0395 | grad = 0.4348
step  12180 | loss = -1.4009 | g_L = +1.4009 | EMA = +1.2465 | std(g_L) = 1.1185 | grad = 0.3623
step  12200 | loss = -1.2524 | g_L = +1.2524 | EMA = +1.2499 | std(g_L) = 1.0997 | grad = 0.4740
step  12220 | loss = -1.3378 | g_L = +1.3378 | EMA = +1.2864 | std(g_L) = 1.1548 | grad = 0.3647
step  12240 | loss = -1.1668 | g_L = +1.1668 | EMA = +1.2798 | std(g_L) = 1.2053 | grad = 0.3753
step  12260 | loss = -1.1185 | g_L = +1.1185 | EMA = +1.2663 | std(g_L) = 1.0994 | grad = 0.5979
step  12280 | loss = -1.1258 | g_L = +1.1258 | EMA = +1.2383 | std(g_L) = 1.0328 | grad = 0.4367
step  12300 | loss = -1.1402 | g_L = +1.1402 | EMA = +1.2355 | std(g_L) = 1.0520 | grad = 0.5922
step  12320 | loss = -1.2145 | g_L = +1.2145 | EMA = +1.2347 | std(g_L) = 1.1423 | grad = 0.2383
step  12340 | loss = -1.3173 | g_L = +1.3173 | EMA = +1.2702 | std(g_L) = 1.1458 | grad = 0.4970
step  12360 | loss = -1.3140 | g_L = +1.3140 | EMA = +1.2625 | std(g_L) = 1.2090 | grad = 0.5794
step  12380 | loss = -1.2682 | g_L = +1.2682 | EMA = +1.2516 | std(g_L) = 1.1608 | grad = 0.2788
step  12400 | loss = -1.2106 | g_L = +1.2106 | EMA = +1.2519 | std(g_L) = 1.0127 | grad = 0.1819
step  12420 | loss = -1.2186 | g_L = +1.2186 | EMA = +1.2477 | std(g_L) = 1.1811 | grad = 0.3959
step  12440 | loss = -1.1592 | g_L = +1.1592 | EMA = +1.2491 | std(g_L) = 1.0412 | grad = 0.4268
step  12460 | loss = -1.0549 | g_L = +1.0549 | EMA = +1.2486 | std(g_L) = 0.9563 | grad = 0.3201
step  12480 | loss = -1.1827 | g_L = +1.1827 | EMA = +1.2294 | std(g_L) = 1.2085 | grad = 0.7680
step  12500 | loss = -1.3185 | g_L = +1.3185 | EMA = +1.2486 | std(g_L) = 1.2246 | grad = 0.7067
step  12520 | loss = -1.4235 | g_L = +1.4235 | EMA = +1.2534 | std(g_L) = 1.1866 | grad = 0.8206
step  12540 | loss = -1.1831 | g_L = +1.1831 | EMA = +1.2297 | std(g_L) = 1.1191 | grad = 0.3982
step  12560 | loss = -1.2164 | g_L = +1.2164 | EMA = +1.2510 | std(g_L) = 1.1693 | grad = 0.4239
step  12580 | loss = -1.3203 | g_L = +1.3203 | EMA = +1.2502 | std(g_L) = 1.1856 | grad = 0.2244
step  12600 | loss = -1.2581 | g_L = +1.2581 | EMA = +1.2578 | std(g_L) = 1.1723 | grad = 0.4472
step  12620 | loss = -1.1920 | g_L = +1.1920 | EMA = +1.2448 | std(g_L) = 1.1552 | grad = 1.1277
step  12640 | loss = -1.1200 | g_L = +1.1200 | EMA = +1.2412 | std(g_L) = 1.1463 | grad = 0.5325
step  12660 | loss = -1.1353 | g_L = +1.1353 | EMA = +1.2244 | std(g_L) = 1.1171 | grad = 0.4664
step  12680 | loss = -1.2309 | g_L = +1.2309 | EMA = +1.2261 | std(g_L) = 1.2576 | grad = 0.4408
step  12700 | loss = -1.1581 | g_L = +1.1581 | EMA = +1.2352 | std(g_L) = 1.1291 | grad = 0.7405
step  12720 | loss = -1.1786 | g_L = +1.1786 | EMA = +1.2308 | std(g_L) = 1.1077 | grad = 0.3260
step  12740 | loss = -1.2702 | g_L = +1.2702 | EMA = +1.2516 | std(g_L) = 1.2096 | grad = 0.3848
step  12760 | loss = -1.1705 | g_L = +1.1705 | EMA = +1.2107 | std(g_L) = 1.1055 | grad = 0.4543
step  12780 | loss = -1.3802 | g_L = +1.3802 | EMA = +1.2340 | std(g_L) = 1.0622 | grad = 0.3788
step  12800 | loss = -1.2944 | g_L = +1.2944 | EMA = +1.2535 | std(g_L) = 1.0567 | grad = 0.3557
step  12820 | loss = -1.2822 | g_L = +1.2822 | EMA = +1.2803 | std(g_L) = 1.1681 | grad = 0.8803
step  12840 | loss = -1.1208 | g_L = +1.1208 | EMA = +1.2513 | std(g_L) = 1.1918 | grad = 0.2878
step  12860 | loss = -1.2080 | g_L = +1.2080 | EMA = +1.2575 | std(g_L) = 1.1148 | grad = 0.2432
step  12880 | loss = -1.2342 | g_L = +1.2342 | EMA = +1.2430 | std(g_L) = 1.1743 | grad = 0.3737
step  12900 | loss = -1.1513 | g_L = +1.1513 | EMA = +1.2644 | std(g_L) = 1.2099 | grad = 0.3655
step  12920 | loss = -1.3184 | g_L = +1.3184 | EMA = +1.2832 | std(g_L) = 1.2152 | grad = 0.2620
step  12940 | loss = -1.1597 | g_L = +1.1597 | EMA = +1.2741 | std(g_L) = 1.1856 | grad = 0.5483
step  12960 | loss = -1.3352 | g_L = +1.3352 | EMA = +1.2875 | std(g_L) = 1.1635 | grad = 0.7825
step  12980 | loss = -1.1776 | g_L = +1.1776 | EMA = +1.2688 | std(g_L) = 1.1902 | grad = 0.3393
step  13000 | loss = -1.3105 | g_L = +1.3105 | EMA = +1.2849 | std(g_L) = 1.1030 | grad = 0.3152
step  13020 | loss = -1.3934 | g_L = +1.3934 | EMA = +1.2717 | std(g_L) = 1.0950 | grad = 0.2340
step  13040 | loss = -1.5524 | g_L = +1.5524 | EMA = +1.2674 | std(g_L) = 1.1556 | grad = 0.1928
step  13060 | loss = -1.1675 | g_L = +1.1675 | EMA = +1.2718 | std(g_L) = 1.0859 | grad = 0.4475
step  13080 | loss = -1.2778 | g_L = +1.2778 | EMA = +1.2805 | std(g_L) = 1.2211 | grad = 0.8290
step  13100 | loss = -1.2841 | g_L = +1.2841 | EMA = +1.2591 | std(g_L) = 1.0907 | grad = 0.5544
step  13120 | loss = -1.2597 | g_L = +1.2597 | EMA = +1.2513 | std(g_L) = 1.0803 | grad = 0.3935
step  13140 | loss = -1.1662 | g_L = +1.1662 | EMA = +1.2389 | std(g_L) = 1.1835 | grad = 0.6874
step  13160 | loss = -1.4838 | g_L = +1.4838 | EMA = +1.2880 | std(g_L) = 1.1991 | grad = 1.0679
step  13180 | loss = -1.4196 | g_L = +1.4196 | EMA = +1.2703 | std(g_L) = 1.1526 | grad = 1.0331
step  13200 | loss = -1.3375 | g_L = +1.3375 | EMA = +1.2769 | std(g_L) = 1.2568 | grad = 0.6151
step  13220 | loss = -1.1944 | g_L = +1.1944 | EMA = +1.2438 | std(g_L) = 1.2281 | grad = 0.4160
step  13240 | loss = -1.2812 | g_L = +1.2812 | EMA = +1.2353 | std(g_L) = 1.1090 | grad = 0.6009
step  13260 | loss = -1.2565 | g_L = +1.2565 | EMA = +1.2536 | std(g_L) = 1.2261 | grad = 0.5606
step  13280 | loss = -1.1785 | g_L = +1.1785 | EMA = +1.2499 | std(g_L) = 1.1860 | grad = 0.4690
step  13300 | loss = -1.5102 | g_L = +1.5102 | EMA = +1.2706 | std(g_L) = 1.1395 | grad = 0.5906
step  13320 | loss = -1.3108 | g_L = +1.3108 | EMA = +1.2753 | std(g_L) = 1.2377 | grad = 0.4134
step  13340 | loss = -1.2680 | g_L = +1.2680 | EMA = +1.2757 | std(g_L) = 1.2302 | grad = 0.7233
step  13360 | loss = -1.3624 | g_L = +1.3624 | EMA = +1.2573 | std(g_L) = 1.1857 | grad = 0.3862
step  13380 | loss = -1.0443 | g_L = +1.0443 | EMA = +1.2524 | std(g_L) = 1.1337 | grad = 0.7432
step  13400 | loss = -1.2102 | g_L = +1.2102 | EMA = +1.2818 | std(g_L) = 1.2379 | grad = 0.7012
step  13420 | loss = -1.2990 | g_L = +1.2990 | EMA = +1.2920 | std(g_L) = 1.1811 | grad = 0.8540
step  13440 | loss = -1.1557 | g_L = +1.1557 | EMA = +1.2767 | std(g_L) = 1.1275 | grad = 0.5591
step  13460 | loss = -1.1925 | g_L = +1.1925 | EMA = +1.2856 | std(g_L) = 1.1158 | grad = 0.2929
step  13480 | loss = -1.2916 | g_L = +1.2916 | EMA = +1.2695 | std(g_L) = 1.2132 | grad = 0.5190
step  13500 | loss = -1.4816 | g_L = +1.4816 | EMA = +1.2594 | std(g_L) = 1.2412 | grad = 0.3595
step  13520 | loss = -1.0695 | g_L = +1.0695 | EMA = +1.2372 | std(g_L) = 1.2485 | grad = 0.8115
step  13540 | loss = -1.3638 | g_L = +1.3638 | EMA = +1.2797 | std(g_L) = 1.1689 | grad = 1.0235
step  13560 | loss = -1.3467 | g_L = +1.3467 | EMA = +1.2573 | std(g_L) = 1.2311 | grad = 0.4158
step  13580 | loss = -1.1117 | g_L = +1.1117 | EMA = +1.2719 | std(g_L) = 1.1245 | grad = 0.9484
step  13600 | loss = -1.2454 | g_L = +1.2454 | EMA = +1.2647 | std(g_L) = 1.1167 | grad = 0.4491
step  13620 | loss = -1.3321 | g_L = +1.3321 | EMA = +1.3056 | std(g_L) = 1.1492 | grad = 1.0851
step  13640 | loss = -1.1433 | g_L = +1.1433 | EMA = +1.2895 | std(g_L) = 1.1209 | grad = 1.0926
step  13660 | loss = -1.0957 | g_L = +1.0957 | EMA = +1.2825 | std(g_L) = 1.1390 | grad = 0.4419
step  13680 | loss = -1.2231 | g_L = +1.2231 | EMA = +1.2752 | std(g_L) = 1.0539 | grad = 0.4719
step  13700 | loss = -1.3006 | g_L = +1.3006 | EMA = +1.2691 | std(g_L) = 1.2614 | grad = 0.5464
step  13720 | loss = -1.1678 | g_L = +1.1678 | EMA = +1.2595 | std(g_L) = 1.1447 | grad = 0.3541
step  13740 | loss = -1.2326 | g_L = +1.2326 | EMA = +1.2808 | std(g_L) = 1.1859 | grad = 0.5105
step  13760 | loss = -1.2482 | g_L = +1.2482 | EMA = +1.2720 | std(g_L) = 1.0835 | grad = 0.4510
step  13780 | loss = -1.2391 | g_L = +1.2391 | EMA = +1.2708 | std(g_L) = 1.2292 | grad = 0.6352
step  13800 | loss = -1.2119 | g_L = +1.2119 | EMA = +1.2785 | std(g_L) = 1.1349 | grad = 0.6428
step  13820 | loss = -1.2869 | g_L = +1.2869 | EMA = +1.2663 | std(g_L) = 1.1367 | grad = 0.3128
step  13840 | loss = -1.3465 | g_L = +1.3465 | EMA = +1.2746 | std(g_L) = 1.3257 | grad = 0.8407
step  13860 | loss = -1.1859 | g_L = +1.1859 | EMA = +1.3012 | std(g_L) = 1.2504 | grad = 0.3466
step  13880 | loss = -1.4743 | g_L = +1.4743 | EMA = +1.2937 | std(g_L) = 1.1847 | grad = 0.2107
step  13900 | loss = -1.3638 | g_L = +1.3638 | EMA = +1.2775 | std(g_L) = 1.1103 | grad = 1.0034
step  13920 | loss = -1.2812 | g_L = +1.2812 | EMA = +1.2786 | std(g_L) = 1.1914 | grad = 0.5593
step  13940 | loss = -1.3198 | g_L = +1.3198 | EMA = +1.2749 | std(g_L) = 1.2022 | grad = 0.2443
step  13960 | loss = -1.1739 | g_L = +1.1739 | EMA = +1.2843 | std(g_L) = 1.0862 | grad = 0.4116
step  13980 | loss = -1.2149 | g_L = +1.2149 | EMA = +1.2838 | std(g_L) = 1.2722 | grad = 0.5072
step  14000 | loss = -1.1428 | g_L = +1.1428 | EMA = +1.2626 | std(g_L) = 1.0615 | grad = 0.3553
step  14020 | loss = -1.2762 | g_L = +1.2762 | EMA = +1.2751 | std(g_L) = 1.1533 | grad = 0.6060
step  14040 | loss = -1.1831 | g_L = +1.1831 | EMA = +1.2693 | std(g_L) = 0.9840 | grad = 1.5339
step  14060 | loss = -1.2279 | g_L = +1.2279 | EMA = +1.2909 | std(g_L) = 1.1821 | grad = 0.4639
step  14080 | loss = -1.2269 | g_L = +1.2269 | EMA = +1.2835 | std(g_L) = 1.1212 | grad = 0.7098
step  14100 | loss = -1.1339 | g_L = +1.1339 | EMA = +1.2707 | std(g_L) = 1.1314 | grad = 0.7851
step  14120 | loss = -1.2789 | g_L = +1.2789 | EMA = +1.2852 | std(g_L) = 1.1792 | grad = 0.4659
step  14140 | loss = -1.2914 | g_L = +1.2914 | EMA = +1.2814 | std(g_L) = 1.1849 | grad = 0.6457
step  14160 | loss = -1.3381 | g_L = +1.3381 | EMA = +1.2894 | std(g_L) = 1.1446 | grad = 0.3093
step  14180 | loss = -1.2768 | g_L = +1.2768 | EMA = +1.2913 | std(g_L) = 1.0715 | grad = 0.3453
step  14200 | loss = -1.1236 | g_L = +1.1236 | EMA = +1.2754 | std(g_L) = 1.2079 | grad = 0.4938
step  14220 | loss = -1.1126 | g_L = +1.1126 | EMA = +1.2729 | std(g_L) = 1.1578 | grad = 0.6564
step  14240 | loss = -1.1041 | g_L = +1.1041 | EMA = +1.2796 | std(g_L) = 1.0783 | grad = 0.5837
step  14260 | loss = -1.2389 | g_L = +1.2389 | EMA = +1.2759 | std(g_L) = 1.1403 | grad = 0.5950
step  14280 | loss = -1.3695 | g_L = +1.3695 | EMA = +1.2763 | std(g_L) = 1.2091 | grad = 0.6500
step  14300 | loss = -1.3280 | g_L = +1.3280 | EMA = +1.2806 | std(g_L) = 1.1674 | grad = 0.8854
step  14320 | loss = -1.4598 | g_L = +1.4598 | EMA = +1.2707 | std(g_L) = 1.1803 | grad = 0.6501
step  14340 | loss = -1.2587 | g_L = +1.2587 | EMA = +1.2943 | std(g_L) = 1.1204 | grad = 0.7357
step  14360 | loss = -1.3353 | g_L = +1.3353 | EMA = +1.2984 | std(g_L) = 1.0284 | grad = 0.9806
step  14380 | loss = -1.1647 | g_L = +1.1647 | EMA = +1.2921 | std(g_L) = 1.2043 | grad = 0.5639
step  14400 | loss = -1.3047 | g_L = +1.3047 | EMA = +1.2890 | std(g_L) = 1.2313 | grad = 0.5945
step  14420 | loss = -1.4452 | g_L = +1.4452 | EMA = +1.3212 | std(g_L) = 1.1774 | grad = 0.9778
step  14440 | loss = -1.3730 | g_L = +1.3730 | EMA = +1.2926 | std(g_L) = 1.1421 | grad = 0.6504
step  14460 | loss = -1.3089 | g_L = +1.3089 | EMA = +1.2765 | std(g_L) = 1.1906 | grad = 0.8849
step  14480 | loss = -1.4274 | g_L = +1.4274 | EMA = +1.2758 | std(g_L) = 1.1792 | grad = 0.7406
step  14500 | loss = -1.0506 | g_L = +1.0506 | EMA = +1.2585 | std(g_L) = 1.0852 | grad = 0.2978
step  14520 | loss = -1.2044 | g_L = +1.2044 | EMA = +1.2801 | std(g_L) = 1.1123 | grad = 0.9058
step  14540 | loss = -1.2393 | g_L = +1.2393 | EMA = +1.2808 | std(g_L) = 1.2379 | grad = 1.5605
step  14560 | loss = -1.3303 | g_L = +1.3303 | EMA = +1.2851 | std(g_L) = 1.1491 | grad = 0.5407
step  14580 | loss = -1.3634 | g_L = +1.3634 | EMA = +1.2829 | std(g_L) = 1.2020 | grad = 0.4412
step  14600 | loss = -1.3885 | g_L = +1.3885 | EMA = +1.2754 | std(g_L) = 1.0716 | grad = 0.2266
step  14620 | loss = -1.3962 | g_L = +1.3962 | EMA = +1.2594 | std(g_L) = 1.2156 | grad = 0.8000
step  14640 | loss = -1.5072 | g_L = +1.5072 | EMA = +1.2872 | std(g_L) = 1.1774 | grad = 0.4164
step  14660 | loss = -1.3504 | g_L = +1.3504 | EMA = +1.3217 | std(g_L) = 1.1555 | grad = 0.8017
step  14680 | loss = -1.2755 | g_L = +1.2755 | EMA = +1.3156 | std(g_L) = 1.1301 | grad = 0.3606
step  14700 | loss = -1.1333 | g_L = +1.1333 | EMA = +1.2980 | std(g_L) = 1.1788 | grad = 0.4412
step  14720 | loss = -1.2674 | g_L = +1.2674 | EMA = +1.3089 | std(g_L) = 1.2168 | grad = 0.4635
step  14740 | loss = -1.3706 | g_L = +1.3706 | EMA = +1.3396 | std(g_L) = 1.1913 | grad = 0.4330
step  14760 | loss = -1.3886 | g_L = +1.3886 | EMA = +1.3103 | std(g_L) = 1.1475 | grad = 0.8371
step  14780 | loss = -1.1694 | g_L = +1.1694 | EMA = +1.2828 | std(g_L) = 1.2088 | grad = 0.5133
step  14800 | loss = -1.3783 | g_L = +1.3783 | EMA = +1.2894 | std(g_L) = 1.1740 | grad = 0.8566
step  14820 | loss = -1.3259 | g_L = +1.3259 | EMA = +1.2697 | std(g_L) = 1.1925 | grad = 1.1752
step  14840 | loss = -1.2678 | g_L = +1.2678 | EMA = +1.2827 | std(g_L) = 1.0883 | grad = 0.5804
step  14860 | loss = -1.3428 | g_L = +1.3428 | EMA = +1.2783 | std(g_L) = 1.1833 | grad = 0.5209
step  14880 | loss = -1.2642 | g_L = +1.2642 | EMA = +1.2642 | std(g_L) = 1.0925 | grad = 0.5778
step  14900 | loss = -1.4095 | g_L = +1.4095 | EMA = +1.2925 | std(g_L) = 1.2275 | grad = 1.2929
step  14920 | loss = -1.3574 | g_L = +1.3574 | EMA = +1.3226 | std(g_L) = 1.2041 | grad = 0.3660
step  14940 | loss = -1.2758 | g_L = +1.2758 | EMA = +1.3088 | std(g_L) = 1.2070 | grad = 0.3612
step  14960 | loss = -1.1851 | g_L = +1.1851 | EMA = +1.2939 | std(g_L) = 1.4026 | grad = 0.2980
step  14980 | loss = -1.2152 | g_L = +1.2152 | EMA = +1.2785 | std(g_L) = 1.2356 | grad = 1.3447
step  15000 | loss = -1.3054 | g_L = +1.3054 | EMA = +1.2734 | std(g_L) = 1.1533 | grad = 0.5850
T=3 finished.
